

================================================================
== Vitis HLS Report for 'compute2in'
================================================================
* Date:           Mon Sep 14 03:39:05 2026

* Version:        2022.2 (Build 3670227 on Oct 13 2022)
* Project:        Compute_block2in
* Solution:       solution1 (Vivado IP Flow Target)
* Product family: zynquplus
* Target device:  xczu7ev-ffvc1156-2-e


================================================================
== Performance Estimates
================================================================
+ Timing: 
    * Summary: 
    +--------+----------+----------+------------+
    |  Clock |  Target  | Estimated| Uncertainty|
    +--------+----------+----------+------------+
    |ap_clk  |  10.00 ns|  2.240 ns|     2.70 ns|
    +--------+----------+----------+------------+

+ Latency: 
    * Summary: 
    +---------+---------+----------+----------+-----+-----+---------+
    |  Latency (cycles) |  Latency (absolute) |  Interval | Pipeline|
    |   min   |   max   |    min   |    max   | min | max |   Type  |
    +---------+---------+----------+----------+-----+-----+---------+
    |       65|      105|  0.650 us|  1.050 us|   66|  106|       no|
    +---------+---------+----------+----------+-----+-----+---------+

    + Detail: 
        * Instance: 
        N/A

        * Loop: 
        +-------------------+---------+---------+----------+-----------+-----------+------+----------+
        |                   |  Latency (cycles) | Iteration|  Initiation Interval  | Trip |          |
        |     Loop Name     |   min   |   max   |  Latency |  achieved |   target  | Count| Pipelined|
        +-------------------+---------+---------+----------+-----------+-----------+------+----------+
        |- VITIS_LOOP_63_1  |       64|      104|   16 ~ 26|          -|          -|     4|        no|
        +-------------------+---------+---------+----------+-----------+-----------+------+----------+

============================================================
+ Verbose Summary: Synthesis Manager
============================================================
InlineROM: 1
ExposeGlobal: 0
============================================================
+ Verbose Summary: CDFG Model
============================================================
IsTopModel: 1
ResetActiveHigh: 1
IsCombinational: 0
IsDatapathOnly: 0
HasWiredReturn: 1
HasMFsm: 0
HasVarLatency: 1
IsPipeline: 0
IsRtlPipelined: 0
IsInstanceOverlapped: 0
IsDontTouch: 0
HasImplIP: 0
IsGatedGlobalClock: 0


============================================================
+ Verbose Summary: Schedule
============================================================
* Number of FSM states : 6
* Pipeline : 0
* Dataflow Pipeline: 0

* FSM state transitions: 
1 --> 2 
2 --> 3 
3 --> 4 
4 --> 5 
5 --> 6 
6 --> 2 

* FSM state operations: 

State 1 <SV = 0> <Delay = 0.42>
ST_1 : Operation 7 [1/1] (0.00ns)   --->   "%i = alloca i32 1"   --->   Operation 7 'alloca' 'i' <Predicate = true> <Delay = 0.00>
ST_1 : Operation 8 [1/1] (0.00ns)   --->   "%REG_V = alloca i32 1"   --->   Operation 8 'alloca' 'REG_V' <Predicate = true> <Delay = 0.00>
ST_1 : Operation 9 [1/1] (0.00ns)   --->   "%REG_V_1 = alloca i32 1"   --->   Operation 9 'alloca' 'REG_V_1' <Predicate = true> <Delay = 0.00>
ST_1 : Operation 10 [1/1] (0.00ns)   --->   "%REG_V_2 = alloca i32 1"   --->   Operation 10 'alloca' 'REG_V_2' <Predicate = true> <Delay = 0.00>
ST_1 : Operation 11 [1/1] (0.00ns)   --->   "%REG_V_3 = alloca i32 1"   --->   Operation 11 'alloca' 'REG_V_3' <Predicate = true> <Delay = 0.00>
ST_1 : Operation 12 [1/1] (0.00ns)   --->   "%REG_V_4 = alloca i32 1"   --->   Operation 12 'alloca' 'REG_V_4' <Predicate = true> <Delay = 0.00>
ST_1 : Operation 13 [1/1] (0.00ns)   --->   "%REG_V_5 = alloca i32 1"   --->   Operation 13 'alloca' 'REG_V_5' <Predicate = true> <Delay = 0.00>
ST_1 : Operation 14 [1/1] (0.00ns)   --->   "%REG_V_6 = alloca i32 1"   --->   Operation 14 'alloca' 'REG_V_6' <Predicate = true> <Delay = 0.00>
ST_1 : Operation 15 [1/1] (0.00ns)   --->   "%REG_V_7 = alloca i32 1"   --->   Operation 15 'alloca' 'REG_V_7' <Predicate = true> <Delay = 0.00>
ST_1 : Operation 16 [1/1] (0.00ns)   --->   "%REG_V_8 = alloca i32 1"   --->   Operation 16 'alloca' 'REG_V_8' <Predicate = true> <Delay = 0.00>
ST_1 : Operation 17 [1/1] (0.00ns)   --->   "%REG_V_9 = alloca i32 1"   --->   Operation 17 'alloca' 'REG_V_9' <Predicate = true> <Delay = 0.00>
ST_1 : Operation 18 [1/1] (0.00ns)   --->   "%REG_V_10 = alloca i32 1"   --->   Operation 18 'alloca' 'REG_V_10' <Predicate = true> <Delay = 0.00>
ST_1 : Operation 19 [1/1] (0.00ns)   --->   "%REG_V_11 = alloca i32 1"   --->   Operation 19 'alloca' 'REG_V_11' <Predicate = true> <Delay = 0.00>
ST_1 : Operation 20 [1/1] (0.00ns)   --->   "%REG_V_12 = alloca i32 1"   --->   Operation 20 'alloca' 'REG_V_12' <Predicate = true> <Delay = 0.00>
ST_1 : Operation 21 [1/1] (0.00ns)   --->   "%REG_V_13 = alloca i32 1"   --->   Operation 21 'alloca' 'REG_V_13' <Predicate = true> <Delay = 0.00>
ST_1 : Operation 22 [1/1] (0.00ns)   --->   "%REG_V_14 = alloca i32 1"   --->   Operation 22 'alloca' 'REG_V_14' <Predicate = true> <Delay = 0.00>
ST_1 : Operation 23 [1/1] (0.00ns)   --->   "%REG_V_15 = alloca i32 1"   --->   Operation 23 'alloca' 'REG_V_15' <Predicate = true> <Delay = 0.00>
ST_1 : Operation 24 [1/1] (0.00ns)   --->   "%REG_V_16 = alloca i32 1"   --->   Operation 24 'alloca' 'REG_V_16' <Predicate = true> <Delay = 0.00>
ST_1 : Operation 25 [1/1] (0.00ns)   --->   "%REG_V_17 = alloca i32 1"   --->   Operation 25 'alloca' 'REG_V_17' <Predicate = true> <Delay = 0.00>
ST_1 : Operation 26 [1/1] (0.00ns)   --->   "%REG_V_18 = alloca i32 1"   --->   Operation 26 'alloca' 'REG_V_18' <Predicate = true> <Delay = 0.00>
ST_1 : Operation 27 [1/1] (0.00ns)   --->   "%REG_V_19 = alloca i32 1"   --->   Operation 27 'alloca' 'REG_V_19' <Predicate = true> <Delay = 0.00>
ST_1 : Operation 28 [1/1] (0.00ns)   --->   "%REG_V_20 = alloca i32 1"   --->   Operation 28 'alloca' 'REG_V_20' <Predicate = true> <Delay = 0.00>
ST_1 : Operation 29 [1/1] (0.00ns)   --->   "%REG_V_21 = alloca i32 1"   --->   Operation 29 'alloca' 'REG_V_21' <Predicate = true> <Delay = 0.00>
ST_1 : Operation 30 [1/1] (0.00ns)   --->   "%REG_V_22 = alloca i32 1"   --->   Operation 30 'alloca' 'REG_V_22' <Predicate = true> <Delay = 0.00>
ST_1 : Operation 31 [1/1] (0.00ns)   --->   "%REG_V_23 = alloca i32 1"   --->   Operation 31 'alloca' 'REG_V_23' <Predicate = true> <Delay = 0.00>
ST_1 : Operation 32 [1/1] (0.00ns)   --->   "%REG_V_24 = alloca i32 1"   --->   Operation 32 'alloca' 'REG_V_24' <Predicate = true> <Delay = 0.00>
ST_1 : Operation 33 [1/1] (0.00ns)   --->   "%REG_V_25 = alloca i32 1"   --->   Operation 33 'alloca' 'REG_V_25' <Predicate = true> <Delay = 0.00>
ST_1 : Operation 34 [1/1] (0.00ns)   --->   "%REG_V_26 = alloca i32 1"   --->   Operation 34 'alloca' 'REG_V_26' <Predicate = true> <Delay = 0.00>
ST_1 : Operation 35 [1/1] (0.00ns)   --->   "%REG_V_27 = alloca i32 1"   --->   Operation 35 'alloca' 'REG_V_27' <Predicate = true> <Delay = 0.00>
ST_1 : Operation 36 [1/1] (0.00ns)   --->   "%REG_V_28 = alloca i32 1"   --->   Operation 36 'alloca' 'REG_V_28' <Predicate = true> <Delay = 0.00>
ST_1 : Operation 37 [1/1] (0.00ns)   --->   "%REG_V_29 = alloca i32 1"   --->   Operation 37 'alloca' 'REG_V_29' <Predicate = true> <Delay = 0.00>
ST_1 : Operation 38 [1/1] (0.00ns)   --->   "%REG_V_30 = alloca i32 1"   --->   Operation 38 'alloca' 'REG_V_30' <Predicate = true> <Delay = 0.00>
ST_1 : Operation 39 [1/1] (0.00ns)   --->   "%REG_V_31 = alloca i32 1"   --->   Operation 39 'alloca' 'REG_V_31' <Predicate = true> <Delay = 0.00>
ST_1 : Operation 40 [1/1] (0.00ns)   --->   "%indvars_iv424 = alloca i32 1"   --->   Operation 40 'alloca' 'indvars_iv424' <Predicate = true> <Delay = 0.00>
ST_1 : Operation 41 [1/1] (0.00ns)   --->   "%phase_read = read i1 @_ssdm_op_Read.ap_auto.i1, i1 %phase"   --->   Operation 41 'read' 'phase_read' <Predicate = true> <Delay = 0.00>
ST_1 : Operation 42 [1/1] (0.00ns)   --->   "%self_sum_V_loc = alloca i64 1"   --->   Operation 42 'alloca' 'self_sum_V_loc' <Predicate = true> <Delay = 0.00>
ST_1 : Operation 43 [1/1] (0.00ns)   --->   "%REG_V_32_loc = alloca i64 1"   --->   Operation 43 'alloca' 'REG_V_32_loc' <Predicate = true> <Delay = 0.00>
ST_1 : Operation 44 [1/1] (0.00ns)   --->   "%REG_V_33_loc = alloca i64 1"   --->   Operation 44 'alloca' 'REG_V_33_loc' <Predicate = true> <Delay = 0.00>
ST_1 : Operation 45 [1/1] (0.00ns)   --->   "%REG_V_34_loc = alloca i64 1"   --->   Operation 45 'alloca' 'REG_V_34_loc' <Predicate = true> <Delay = 0.00>
ST_1 : Operation 46 [1/1] (0.00ns)   --->   "%REG_V_35_loc = alloca i64 1"   --->   Operation 46 'alloca' 'REG_V_35_loc' <Predicate = true> <Delay = 0.00>
ST_1 : Operation 47 [1/1] (0.00ns)   --->   "%REG_V_36_loc = alloca i64 1"   --->   Operation 47 'alloca' 'REG_V_36_loc' <Predicate = true> <Delay = 0.00>
ST_1 : Operation 48 [1/1] (0.00ns)   --->   "%REG_V_37_loc = alloca i64 1"   --->   Operation 48 'alloca' 'REG_V_37_loc' <Predicate = true> <Delay = 0.00>
ST_1 : Operation 49 [1/1] (0.00ns)   --->   "%REG_V_38_loc = alloca i64 1"   --->   Operation 49 'alloca' 'REG_V_38_loc' <Predicate = true> <Delay = 0.00>
ST_1 : Operation 50 [1/1] (0.00ns)   --->   "%REG_V_39_loc = alloca i64 1"   --->   Operation 50 'alloca' 'REG_V_39_loc' <Predicate = true> <Delay = 0.00>
ST_1 : Operation 51 [1/1] (0.00ns)   --->   "%REG_V_40_loc = alloca i64 1"   --->   Operation 51 'alloca' 'REG_V_40_loc' <Predicate = true> <Delay = 0.00>
ST_1 : Operation 52 [1/1] (0.00ns)   --->   "%REG_V_41_loc = alloca i64 1"   --->   Operation 52 'alloca' 'REG_V_41_loc' <Predicate = true> <Delay = 0.00>
ST_1 : Operation 53 [1/1] (0.00ns)   --->   "%REG_V_42_loc = alloca i64 1"   --->   Operation 53 'alloca' 'REG_V_42_loc' <Predicate = true> <Delay = 0.00>
ST_1 : Operation 54 [1/1] (0.00ns)   --->   "%REG_V_43_loc = alloca i64 1"   --->   Operation 54 'alloca' 'REG_V_43_loc' <Predicate = true> <Delay = 0.00>
ST_1 : Operation 55 [1/1] (0.00ns)   --->   "%REG_V_44_loc = alloca i64 1"   --->   Operation 55 'alloca' 'REG_V_44_loc' <Predicate = true> <Delay = 0.00>
ST_1 : Operation 56 [1/1] (0.00ns)   --->   "%REG_V_45_loc = alloca i64 1"   --->   Operation 56 'alloca' 'REG_V_45_loc' <Predicate = true> <Delay = 0.00>
ST_1 : Operation 57 [1/1] (0.00ns)   --->   "%REG_V_46_loc = alloca i64 1"   --->   Operation 57 'alloca' 'REG_V_46_loc' <Predicate = true> <Delay = 0.00>
ST_1 : Operation 58 [1/1] (0.00ns)   --->   "%REG_V_47_loc = alloca i64 1"   --->   Operation 58 'alloca' 'REG_V_47_loc' <Predicate = true> <Delay = 0.00>
ST_1 : Operation 59 [1/1] (0.00ns)   --->   "%REG_V_48_loc = alloca i64 1"   --->   Operation 59 'alloca' 'REG_V_48_loc' <Predicate = true> <Delay = 0.00>
ST_1 : Operation 60 [1/1] (0.00ns)   --->   "%REG_V_49_loc = alloca i64 1"   --->   Operation 60 'alloca' 'REG_V_49_loc' <Predicate = true> <Delay = 0.00>
ST_1 : Operation 61 [1/1] (0.00ns)   --->   "%REG_V_50_loc = alloca i64 1"   --->   Operation 61 'alloca' 'REG_V_50_loc' <Predicate = true> <Delay = 0.00>
ST_1 : Operation 62 [1/1] (0.00ns)   --->   "%REG_V_51_loc = alloca i64 1"   --->   Operation 62 'alloca' 'REG_V_51_loc' <Predicate = true> <Delay = 0.00>
ST_1 : Operation 63 [1/1] (0.00ns)   --->   "%REG_V_52_loc = alloca i64 1"   --->   Operation 63 'alloca' 'REG_V_52_loc' <Predicate = true> <Delay = 0.00>
ST_1 : Operation 64 [1/1] (0.00ns)   --->   "%REG_V_53_loc = alloca i64 1"   --->   Operation 64 'alloca' 'REG_V_53_loc' <Predicate = true> <Delay = 0.00>
ST_1 : Operation 65 [1/1] (0.00ns)   --->   "%REG_V_54_loc = alloca i64 1"   --->   Operation 65 'alloca' 'REG_V_54_loc' <Predicate = true> <Delay = 0.00>
ST_1 : Operation 66 [1/1] (0.00ns)   --->   "%REG_V_55_loc = alloca i64 1"   --->   Operation 66 'alloca' 'REG_V_55_loc' <Predicate = true> <Delay = 0.00>
ST_1 : Operation 67 [1/1] (0.00ns)   --->   "%REG_V_56_loc = alloca i64 1"   --->   Operation 67 'alloca' 'REG_V_56_loc' <Predicate = true> <Delay = 0.00>
ST_1 : Operation 68 [1/1] (0.00ns)   --->   "%REG_V_57_loc = alloca i64 1"   --->   Operation 68 'alloca' 'REG_V_57_loc' <Predicate = true> <Delay = 0.00>
ST_1 : Operation 69 [1/1] (0.00ns)   --->   "%REG_V_58_loc = alloca i64 1"   --->   Operation 69 'alloca' 'REG_V_58_loc' <Predicate = true> <Delay = 0.00>
ST_1 : Operation 70 [1/1] (0.00ns)   --->   "%REG_V_59_loc = alloca i64 1"   --->   Operation 70 'alloca' 'REG_V_59_loc' <Predicate = true> <Delay = 0.00>
ST_1 : Operation 71 [1/1] (0.00ns)   --->   "%REG_V_60_loc = alloca i64 1"   --->   Operation 71 'alloca' 'REG_V_60_loc' <Predicate = true> <Delay = 0.00>
ST_1 : Operation 72 [1/1] (0.00ns)   --->   "%REG_V_61_loc = alloca i64 1"   --->   Operation 72 'alloca' 'REG_V_61_loc' <Predicate = true> <Delay = 0.00>
ST_1 : Operation 73 [1/1] (0.00ns)   --->   "%REG_V_62_loc = alloca i64 1"   --->   Operation 73 'alloca' 'REG_V_62_loc' <Predicate = true> <Delay = 0.00>
ST_1 : Operation 74 [1/1] (0.00ns)   --->   "%REG_V_63_loc = alloca i64 1"   --->   Operation 74 'alloca' 'REG_V_63_loc' <Predicate = true> <Delay = 0.00>
ST_1 : Operation 75 [1/1] (0.00ns)   --->   "%spectopmodule_ln36 = spectopmodule void @_ssdm_op_SpecTopModule, void @empty_1" [Compute_block2in/Compute2in.cpp:36]   --->   Operation 75 'spectopmodule' 'spectopmodule_ln36' <Predicate = true> <Delay = 0.00>
ST_1 : Operation 76 [1/1] (0.00ns)   --->   "%specinterface_ln36 = specinterface void @_ssdm_op_SpecInterface, i32 0, void @empty_2, i32 0, i32 0, void @empty, i32 0, i32 0, void @empty, void @empty, void @empty, i32 0, i32 0, i32 0, i32 0, void @empty, void @empty, i32 4294967295, i32 0" [Compute_block2in/Compute2in.cpp:36]   --->   Operation 76 'specinterface' 'specinterface_ln36' <Predicate = true> <Delay = 0.00>
ST_1 : Operation 77 [1/1] (0.00ns)   --->   "%specinterface_ln0 = specinterface void @_ssdm_op_SpecInterface, i32 %buffer_a, void @empty_6, i32 0, i32 0, void @empty, i32 4294967295, i32 0, void @empty, void @empty, void @empty, i32 0, i32 0, i32 0, i32 0, void @empty, void @empty, i32 4294967295, i32 0"   --->   Operation 77 'specinterface' 'specinterface_ln0' <Predicate = true> <Delay = 0.00>
ST_1 : Operation 78 [1/1] (0.00ns)   --->   "%specbitsmap_ln0 = specbitsmap void @_ssdm_op_SpecBitsMap, i32 %buffer_a"   --->   Operation 78 'specbitsmap' 'specbitsmap_ln0' <Predicate = true> <Delay = 0.00>
ST_1 : Operation 79 [1/1] (0.00ns)   --->   "%specinterface_ln0 = specinterface void @_ssdm_op_SpecInterface, i32 %buffer_b, void @empty_6, i32 0, i32 0, void @empty, i32 4294967295, i32 0, void @empty, void @empty, void @empty, i32 0, i32 0, i32 0, i32 0, void @empty, void @empty, i32 4294967295, i32 0"   --->   Operation 79 'specinterface' 'specinterface_ln0' <Predicate = true> <Delay = 0.00>
ST_1 : Operation 80 [1/1] (0.00ns)   --->   "%specbitsmap_ln0 = specbitsmap void @_ssdm_op_SpecBitsMap, i32 %buffer_b"   --->   Operation 80 'specbitsmap' 'specbitsmap_ln0' <Predicate = true> <Delay = 0.00>
ST_1 : Operation 81 [1/1] (0.00ns)   --->   "%specinterface_ln0 = specinterface void @_ssdm_op_SpecInterface, i32 %buffer_2, void @empty_6, i32 0, i32 0, void @empty, i32 4294967295, i32 0, void @empty, void @empty, void @empty, i32 0, i32 0, i32 0, i32 0, void @empty, void @empty, i32 4294967295, i32 0"   --->   Operation 81 'specinterface' 'specinterface_ln0' <Predicate = true> <Delay = 0.00>
ST_1 : Operation 82 [1/1] (0.00ns)   --->   "%specbitsmap_ln0 = specbitsmap void @_ssdm_op_SpecBitsMap, i32 %buffer_2"   --->   Operation 82 'specbitsmap' 'specbitsmap_ln0' <Predicate = true> <Delay = 0.00>
ST_1 : Operation 83 [1/1] (0.00ns)   --->   "%specbitsmap_ln0 = specbitsmap void @_ssdm_op_SpecBitsMap, i1 %phase"   --->   Operation 83 'specbitsmap' 'specbitsmap_ln0' <Predicate = true> <Delay = 0.00>
ST_1 : Operation 84 [1/1] (0.00ns)   --->   "%specinterface_ln0 = specinterface void @_ssdm_op_SpecInterface, i1 %phase, void @empty_0, i32 0, i32 0, void @empty, i32 0, i32 0, void @empty, void @empty, void @empty, i32 0, i32 0, i32 0, i32 0, void @empty, void @empty, i32 4294967295, i32 0"   --->   Operation 84 'specinterface' 'specinterface_ln0' <Predicate = true> <Delay = 0.00>
ST_1 : Operation 85 [1/1] (0.00ns)   --->   "%dummy = alloca i64 1"   --->   Operation 85 'alloca' 'dummy' <Predicate = true> <Delay = 0.00>
ST_1 : Operation 86 [1/1] (0.42ns)   --->   "%store_ln56 = store i1 0, i1 %dummy" [Compute_block2in/Compute2in.cpp:56]   --->   Operation 86 'store' 'store_ln56' <Predicate = true> <Delay = 0.42>
ST_1 : Operation 87 [1/1] (0.00ns)   --->   "%dummy_1 = load i1 %dummy" [Compute_block2in/Compute2in.cpp:58]   --->   Operation 87 'load' 'dummy_1' <Predicate = true> <Delay = 0.00>
ST_1 : Operation 88 [1/1] (0.42ns)   --->   "%store_ln58 = store i1 %dummy_1, i1 %dummy" [Compute_block2in/Compute2in.cpp:58]   --->   Operation 88 'store' 'store_ln58' <Predicate = true> <Delay = 0.42>
ST_1 : Operation 89 [1/1] (0.42ns)   --->   "%store_ln63 = store i2 0, i2 %indvars_iv424" [Compute_block2in/Compute2in.cpp:63]   --->   Operation 89 'store' 'store_ln63' <Predicate = true> <Delay = 0.42>
ST_1 : Operation 90 [1/1] (0.42ns)   --->   "%store_ln63 = store i3 0, i3 %i" [Compute_block2in/Compute2in.cpp:63]   --->   Operation 90 'store' 'store_ln63' <Predicate = true> <Delay = 0.42>
ST_1 : Operation 91 [1/1] (0.00ns)   --->   "%br_ln63 = br void %VITIS_LOOP_66_2" [Compute_block2in/Compute2in.cpp:63]   --->   Operation 91 'br' 'br_ln63' <Predicate = true> <Delay = 0.00>

State 2 <SV = 1> <Delay = 1.93>
ST_2 : Operation 92 [1/1] (0.00ns)   --->   "%i_1 = load i3 %i"   --->   Operation 92 'load' 'i_1' <Predicate = true> <Delay = 0.00>
ST_2 : Operation 93 [1/1] (0.00ns)   --->   "%indvars_iv424_load = load i2 %indvars_iv424" [Compute_block2in/Compute2in.cpp:63]   --->   Operation 93 'load' 'indvars_iv424_load' <Predicate = true> <Delay = 0.00>
ST_2 : Operation 94 [1/1] (0.58ns)   --->   "%icmp_ln63 = icmp_eq  i3 %i_1, i3 4" [Compute_block2in/Compute2in.cpp:63]   --->   Operation 94 'icmp' 'icmp_ln63' <Predicate = true> <Delay = 0.58> <CoreInst = "Cmp">   --->   Core 9 'Cmp' <Latency = 0> <II = 1> <Delay = 0.58> <FuncUnit> <Opcode : 'icmp'> <InPorts = 2> <OutPorts = 1>
ST_2 : Operation 95 [1/1] (0.00ns)   --->   "%empty = speclooptripcount i32 @_ssdm_op_SpecLoopTripCount, i64 4, i64 4, i64 4"   --->   Operation 95 'speclooptripcount' 'empty' <Predicate = true> <Delay = 0.00>
ST_2 : Operation 96 [1/1] (0.54ns)   --->   "%add_ln63_1 = add i2 %indvars_iv424_load, i2 1" [Compute_block2in/Compute2in.cpp:63]   --->   Operation 96 'add' 'add_ln63_1' <Predicate = true> <Delay = 0.54> <CoreInst = "Adder">   --->   Core 1 'Adder' <Latency = 0> <II = 1> <Delay = 0.54> <FuncUnit> <Opcode : 'add' 'sub'> <InPorts = 2> <OutPorts = 1>
ST_2 : Operation 97 [1/1] (0.00ns)   --->   "%br_ln63 = br i1 %icmp_ln63, void %VITIS_LOOP_66_2.split, void %for.end155" [Compute_block2in/Compute2in.cpp:63]   --->   Operation 97 'br' 'br_ln63' <Predicate = true> <Delay = 0.00>
ST_2 : Operation 98 [1/1] (0.00ns)   --->   "%REG_V_load = load i16 %REG_V"   --->   Operation 98 'load' 'REG_V_load' <Predicate = (!icmp_ln63)> <Delay = 0.00>
ST_2 : Operation 99 [1/1] (0.00ns)   --->   "%REG_V_1_load = load i16 %REG_V_1"   --->   Operation 99 'load' 'REG_V_1_load' <Predicate = (!icmp_ln63)> <Delay = 0.00>
ST_2 : Operation 100 [1/1] (0.00ns)   --->   "%REG_V_2_load = load i16 %REG_V_2"   --->   Operation 100 'load' 'REG_V_2_load' <Predicate = (!icmp_ln63)> <Delay = 0.00>
ST_2 : Operation 101 [1/1] (0.00ns)   --->   "%REG_V_3_load = load i16 %REG_V_3"   --->   Operation 101 'load' 'REG_V_3_load' <Predicate = (!icmp_ln63)> <Delay = 0.00>
ST_2 : Operation 102 [1/1] (0.00ns)   --->   "%REG_V_4_load = load i16 %REG_V_4"   --->   Operation 102 'load' 'REG_V_4_load' <Predicate = (!icmp_ln63)> <Delay = 0.00>
ST_2 : Operation 103 [1/1] (0.00ns)   --->   "%REG_V_5_load = load i16 %REG_V_5"   --->   Operation 103 'load' 'REG_V_5_load' <Predicate = (!icmp_ln63)> <Delay = 0.00>
ST_2 : Operation 104 [1/1] (0.00ns)   --->   "%REG_V_6_load = load i16 %REG_V_6"   --->   Operation 104 'load' 'REG_V_6_load' <Predicate = (!icmp_ln63)> <Delay = 0.00>
ST_2 : Operation 105 [1/1] (0.00ns)   --->   "%REG_V_7_load = load i16 %REG_V_7"   --->   Operation 105 'load' 'REG_V_7_load' <Predicate = (!icmp_ln63)> <Delay = 0.00>
ST_2 : Operation 106 [1/1] (0.00ns)   --->   "%REG_V_8_load = load i16 %REG_V_8"   --->   Operation 106 'load' 'REG_V_8_load' <Predicate = (!icmp_ln63)> <Delay = 0.00>
ST_2 : Operation 107 [1/1] (0.00ns)   --->   "%REG_V_9_load = load i16 %REG_V_9"   --->   Operation 107 'load' 'REG_V_9_load' <Predicate = (!icmp_ln63)> <Delay = 0.00>
ST_2 : Operation 108 [1/1] (0.00ns)   --->   "%REG_V_10_load = load i16 %REG_V_10"   --->   Operation 108 'load' 'REG_V_10_load' <Predicate = (!icmp_ln63)> <Delay = 0.00>
ST_2 : Operation 109 [1/1] (0.00ns)   --->   "%REG_V_11_load = load i16 %REG_V_11"   --->   Operation 109 'load' 'REG_V_11_load' <Predicate = (!icmp_ln63)> <Delay = 0.00>
ST_2 : Operation 110 [1/1] (0.00ns)   --->   "%REG_V_12_load = load i16 %REG_V_12"   --->   Operation 110 'load' 'REG_V_12_load' <Predicate = (!icmp_ln63)> <Delay = 0.00>
ST_2 : Operation 111 [1/1] (0.00ns)   --->   "%REG_V_13_load = load i16 %REG_V_13"   --->   Operation 111 'load' 'REG_V_13_load' <Predicate = (!icmp_ln63)> <Delay = 0.00>
ST_2 : Operation 112 [1/1] (0.00ns)   --->   "%REG_V_14_load = load i16 %REG_V_14"   --->   Operation 112 'load' 'REG_V_14_load' <Predicate = (!icmp_ln63)> <Delay = 0.00>
ST_2 : Operation 113 [1/1] (0.00ns)   --->   "%REG_V_15_load = load i16 %REG_V_15"   --->   Operation 113 'load' 'REG_V_15_load' <Predicate = (!icmp_ln63)> <Delay = 0.00>
ST_2 : Operation 114 [1/1] (0.00ns)   --->   "%REG_V_16_load = load i16 %REG_V_16"   --->   Operation 114 'load' 'REG_V_16_load' <Predicate = (!icmp_ln63)> <Delay = 0.00>
ST_2 : Operation 115 [1/1] (0.00ns)   --->   "%REG_V_17_load = load i16 %REG_V_17"   --->   Operation 115 'load' 'REG_V_17_load' <Predicate = (!icmp_ln63)> <Delay = 0.00>
ST_2 : Operation 116 [1/1] (0.00ns)   --->   "%REG_V_18_load = load i16 %REG_V_18"   --->   Operation 116 'load' 'REG_V_18_load' <Predicate = (!icmp_ln63)> <Delay = 0.00>
ST_2 : Operation 117 [1/1] (0.00ns)   --->   "%REG_V_19_load = load i16 %REG_V_19"   --->   Operation 117 'load' 'REG_V_19_load' <Predicate = (!icmp_ln63)> <Delay = 0.00>
ST_2 : Operation 118 [1/1] (0.00ns)   --->   "%REG_V_20_load = load i16 %REG_V_20"   --->   Operation 118 'load' 'REG_V_20_load' <Predicate = (!icmp_ln63)> <Delay = 0.00>
ST_2 : Operation 119 [1/1] (0.00ns)   --->   "%REG_V_21_load = load i16 %REG_V_21"   --->   Operation 119 'load' 'REG_V_21_load' <Predicate = (!icmp_ln63)> <Delay = 0.00>
ST_2 : Operation 120 [1/1] (0.00ns)   --->   "%REG_V_22_load = load i16 %REG_V_22"   --->   Operation 120 'load' 'REG_V_22_load' <Predicate = (!icmp_ln63)> <Delay = 0.00>
ST_2 : Operation 121 [1/1] (0.00ns)   --->   "%REG_V_23_load = load i16 %REG_V_23"   --->   Operation 121 'load' 'REG_V_23_load' <Predicate = (!icmp_ln63)> <Delay = 0.00>
ST_2 : Operation 122 [1/1] (0.00ns)   --->   "%REG_V_24_load = load i16 %REG_V_24"   --->   Operation 122 'load' 'REG_V_24_load' <Predicate = (!icmp_ln63)> <Delay = 0.00>
ST_2 : Operation 123 [1/1] (0.00ns)   --->   "%REG_V_25_load = load i16 %REG_V_25"   --->   Operation 123 'load' 'REG_V_25_load' <Predicate = (!icmp_ln63)> <Delay = 0.00>
ST_2 : Operation 124 [1/1] (0.00ns)   --->   "%REG_V_26_load = load i16 %REG_V_26"   --->   Operation 124 'load' 'REG_V_26_load' <Predicate = (!icmp_ln63)> <Delay = 0.00>
ST_2 : Operation 125 [1/1] (0.00ns)   --->   "%REG_V_27_load = load i16 %REG_V_27"   --->   Operation 125 'load' 'REG_V_27_load' <Predicate = (!icmp_ln63)> <Delay = 0.00>
ST_2 : Operation 126 [1/1] (0.00ns)   --->   "%REG_V_28_load = load i16 %REG_V_28"   --->   Operation 126 'load' 'REG_V_28_load' <Predicate = (!icmp_ln63)> <Delay = 0.00>
ST_2 : Operation 127 [1/1] (0.00ns)   --->   "%REG_V_29_load = load i16 %REG_V_29"   --->   Operation 127 'load' 'REG_V_29_load' <Predicate = (!icmp_ln63)> <Delay = 0.00>
ST_2 : Operation 128 [1/1] (0.00ns)   --->   "%REG_V_30_load = load i16 %REG_V_30"   --->   Operation 128 'load' 'REG_V_30_load' <Predicate = (!icmp_ln63)> <Delay = 0.00>
ST_2 : Operation 129 [1/1] (0.00ns)   --->   "%REG_V_31_load = load i16 %REG_V_31"   --->   Operation 129 'load' 'REG_V_31_load' <Predicate = (!icmp_ln63)> <Delay = 0.00>
ST_2 : Operation 130 [1/1] (0.00ns)   --->   "%empty_19 = trunc i3 %i_1"   --->   Operation 130 'trunc' 'empty_19' <Predicate = (!icmp_ln63)> <Delay = 0.00>
ST_2 : Operation 131 [1/1] (0.00ns)   --->   "%empty_20 = shl i3 %i_1, i3 1"   --->   Operation 131 'shl' 'empty_20' <Predicate = (!icmp_ln63)> <Delay = 0.00>
ST_2 : Operation 132 [2/2] (1.34ns)   --->   "%call_ln0 = call void @compute2in_Pipeline_VITIS_LOOP_66_2, i16 %REG_V_31_load, i16 %REG_V_30_load, i16 %REG_V_29_load, i16 %REG_V_28_load, i16 %REG_V_27_load, i16 %REG_V_26_load, i16 %REG_V_25_load, i16 %REG_V_24_load, i16 %REG_V_23_load, i16 %REG_V_22_load, i16 %REG_V_21_load, i16 %REG_V_20_load, i16 %REG_V_19_load, i16 %REG_V_18_load, i16 %REG_V_17_load, i16 %REG_V_16_load, i16 %REG_V_15_load, i16 %REG_V_14_load, i16 %REG_V_13_load, i16 %REG_V_12_load, i16 %REG_V_11_load, i16 %REG_V_10_load, i16 %REG_V_9_load, i16 %REG_V_8_load, i16 %REG_V_7_load, i16 %REG_V_6_load, i16 %REG_V_5_load, i16 %REG_V_4_load, i16 %REG_V_3_load, i16 %REG_V_2_load, i16 %REG_V_1_load, i16 %REG_V_load, i3 %empty_20, i32 %buffer_a, i32 %buffer_b, i2 %empty_19, i16 %REG_V_63_loc, i16 %REG_V_62_loc, i16 %REG_V_61_loc, i16 %REG_V_60_loc, i16 %REG_V_59_loc, i16 %REG_V_58_loc, i16 %REG_V_57_loc, i16 %REG_V_56_loc, i16 %REG_V_55_loc, i16 %REG_V_54_loc, i16 %REG_V_53_loc, i16 %REG_V_52_loc, i16 %REG_V_51_loc, i16 %REG_V_50_loc, i16 %REG_V_49_loc, i16 %REG_V_48_loc, i16 %REG_V_47_loc, i16 %REG_V_46_loc, i16 %REG_V_45_loc, i16 %REG_V_44_loc, i16 %REG_V_43_loc, i16 %REG_V_42_loc, i16 %REG_V_41_loc, i16 %REG_V_40_loc, i16 %REG_V_39_loc, i16 %REG_V_38_loc, i16 %REG_V_37_loc, i16 %REG_V_36_loc, i16 %REG_V_35_loc, i16 %REG_V_34_loc, i16 %REG_V_33_loc, i16 %REG_V_32_loc, i32 %self_sum_V_loc"   --->   Operation 132 'call' 'call_ln0' <Predicate = (!icmp_ln63)> <Delay = 1.34> <CoreType = "Generic">   --->   Core 0 '' <Latency = 0> <II = 1> <Delay = 1.00> <Generic> <Opcode : >
ST_2 : Operation 133 [1/1] (0.00ns)   --->   "%ret_ln105 = ret" [Compute_block2in/Compute2in.cpp:105]   --->   Operation 133 'ret' 'ret_ln105' <Predicate = (icmp_ln63)> <Delay = 0.00>

State 3 <SV = 2> <Delay = 0.00>
ST_3 : Operation 134 [1/2] (0.00ns)   --->   "%call_ln0 = call void @compute2in_Pipeline_VITIS_LOOP_66_2, i16 %REG_V_31_load, i16 %REG_V_30_load, i16 %REG_V_29_load, i16 %REG_V_28_load, i16 %REG_V_27_load, i16 %REG_V_26_load, i16 %REG_V_25_load, i16 %REG_V_24_load, i16 %REG_V_23_load, i16 %REG_V_22_load, i16 %REG_V_21_load, i16 %REG_V_20_load, i16 %REG_V_19_load, i16 %REG_V_18_load, i16 %REG_V_17_load, i16 %REG_V_16_load, i16 %REG_V_15_load, i16 %REG_V_14_load, i16 %REG_V_13_load, i16 %REG_V_12_load, i16 %REG_V_11_load, i16 %REG_V_10_load, i16 %REG_V_9_load, i16 %REG_V_8_load, i16 %REG_V_7_load, i16 %REG_V_6_load, i16 %REG_V_5_load, i16 %REG_V_4_load, i16 %REG_V_3_load, i16 %REG_V_2_load, i16 %REG_V_1_load, i16 %REG_V_load, i3 %empty_20, i32 %buffer_a, i32 %buffer_b, i2 %empty_19, i16 %REG_V_63_loc, i16 %REG_V_62_loc, i16 %REG_V_61_loc, i16 %REG_V_60_loc, i16 %REG_V_59_loc, i16 %REG_V_58_loc, i16 %REG_V_57_loc, i16 %REG_V_56_loc, i16 %REG_V_55_loc, i16 %REG_V_54_loc, i16 %REG_V_53_loc, i16 %REG_V_52_loc, i16 %REG_V_51_loc, i16 %REG_V_50_loc, i16 %REG_V_49_loc, i16 %REG_V_48_loc, i16 %REG_V_47_loc, i16 %REG_V_46_loc, i16 %REG_V_45_loc, i16 %REG_V_44_loc, i16 %REG_V_43_loc, i16 %REG_V_42_loc, i16 %REG_V_41_loc, i16 %REG_V_40_loc, i16 %REG_V_39_loc, i16 %REG_V_38_loc, i16 %REG_V_37_loc, i16 %REG_V_36_loc, i16 %REG_V_35_loc, i16 %REG_V_34_loc, i16 %REG_V_33_loc, i16 %REG_V_32_loc, i32 %self_sum_V_loc"   --->   Operation 134 'call' 'call_ln0' <Predicate = true> <Delay = 0.00> <CoreType = "Generic">   --->   Core 0 '' <Latency = 0> <II = 1> <Delay = 1.00> <Generic> <Opcode : >

State 4 <SV = 3> <Delay = 2.21>
ST_4 : Operation 135 [1/1] (0.00ns)   --->   "%specloopname_ln50 = specloopname void @_ssdm_op_SpecLoopName, void @empty_5" [Compute_block2in/Compute2in.cpp:50]   --->   Operation 135 'specloopname' 'specloopname_ln50' <Predicate = true> <Delay = 0.00>
ST_4 : Operation 136 [1/1] (0.00ns)   --->   "%REG_V_63_loc_load = load i16 %REG_V_63_loc"   --->   Operation 136 'load' 'REG_V_63_loc_load' <Predicate = true> <Delay = 0.00>
ST_4 : Operation 137 [1/1] (0.00ns)   --->   "%REG_V_62_loc_load = load i16 %REG_V_62_loc"   --->   Operation 137 'load' 'REG_V_62_loc_load' <Predicate = true> <Delay = 0.00>
ST_4 : Operation 138 [1/1] (0.00ns)   --->   "%REG_V_61_loc_load = load i16 %REG_V_61_loc"   --->   Operation 138 'load' 'REG_V_61_loc_load' <Predicate = true> <Delay = 0.00>
ST_4 : Operation 139 [1/1] (0.00ns)   --->   "%REG_V_60_loc_load = load i16 %REG_V_60_loc"   --->   Operation 139 'load' 'REG_V_60_loc_load' <Predicate = true> <Delay = 0.00>
ST_4 : Operation 140 [1/1] (0.00ns)   --->   "%REG_V_59_loc_load = load i16 %REG_V_59_loc"   --->   Operation 140 'load' 'REG_V_59_loc_load' <Predicate = true> <Delay = 0.00>
ST_4 : Operation 141 [1/1] (0.00ns)   --->   "%REG_V_58_loc_load = load i16 %REG_V_58_loc"   --->   Operation 141 'load' 'REG_V_58_loc_load' <Predicate = true> <Delay = 0.00>
ST_4 : Operation 142 [1/1] (0.00ns)   --->   "%REG_V_57_loc_load = load i16 %REG_V_57_loc"   --->   Operation 142 'load' 'REG_V_57_loc_load' <Predicate = true> <Delay = 0.00>
ST_4 : Operation 143 [1/1] (0.00ns)   --->   "%REG_V_56_loc_load = load i16 %REG_V_56_loc"   --->   Operation 143 'load' 'REG_V_56_loc_load' <Predicate = true> <Delay = 0.00>
ST_4 : Operation 144 [1/1] (0.00ns)   --->   "%REG_V_55_loc_load = load i16 %REG_V_55_loc"   --->   Operation 144 'load' 'REG_V_55_loc_load' <Predicate = true> <Delay = 0.00>
ST_4 : Operation 145 [1/1] (0.00ns)   --->   "%REG_V_54_loc_load = load i16 %REG_V_54_loc"   --->   Operation 145 'load' 'REG_V_54_loc_load' <Predicate = true> <Delay = 0.00>
ST_4 : Operation 146 [1/1] (0.00ns)   --->   "%REG_V_53_loc_load = load i16 %REG_V_53_loc"   --->   Operation 146 'load' 'REG_V_53_loc_load' <Predicate = true> <Delay = 0.00>
ST_4 : Operation 147 [1/1] (0.00ns)   --->   "%REG_V_52_loc_load = load i16 %REG_V_52_loc"   --->   Operation 147 'load' 'REG_V_52_loc_load' <Predicate = true> <Delay = 0.00>
ST_4 : Operation 148 [1/1] (0.00ns)   --->   "%REG_V_51_loc_load = load i16 %REG_V_51_loc"   --->   Operation 148 'load' 'REG_V_51_loc_load' <Predicate = true> <Delay = 0.00>
ST_4 : Operation 149 [1/1] (0.00ns)   --->   "%REG_V_50_loc_load = load i16 %REG_V_50_loc"   --->   Operation 149 'load' 'REG_V_50_loc_load' <Predicate = true> <Delay = 0.00>
ST_4 : Operation 150 [1/1] (0.00ns)   --->   "%REG_V_49_loc_load = load i16 %REG_V_49_loc"   --->   Operation 150 'load' 'REG_V_49_loc_load' <Predicate = true> <Delay = 0.00>
ST_4 : Operation 151 [1/1] (0.00ns)   --->   "%REG_V_48_loc_load = load i16 %REG_V_48_loc"   --->   Operation 151 'load' 'REG_V_48_loc_load' <Predicate = true> <Delay = 0.00>
ST_4 : Operation 152 [1/1] (0.00ns)   --->   "%REG_V_47_loc_load = load i16 %REG_V_47_loc"   --->   Operation 152 'load' 'REG_V_47_loc_load' <Predicate = true> <Delay = 0.00>
ST_4 : Operation 153 [1/1] (0.00ns)   --->   "%REG_V_46_loc_load = load i16 %REG_V_46_loc"   --->   Operation 153 'load' 'REG_V_46_loc_load' <Predicate = true> <Delay = 0.00>
ST_4 : Operation 154 [1/1] (0.00ns)   --->   "%REG_V_45_loc_load = load i16 %REG_V_45_loc"   --->   Operation 154 'load' 'REG_V_45_loc_load' <Predicate = true> <Delay = 0.00>
ST_4 : Operation 155 [1/1] (0.00ns)   --->   "%REG_V_44_loc_load = load i16 %REG_V_44_loc"   --->   Operation 155 'load' 'REG_V_44_loc_load' <Predicate = true> <Delay = 0.00>
ST_4 : Operation 156 [1/1] (0.00ns)   --->   "%REG_V_43_loc_load = load i16 %REG_V_43_loc"   --->   Operation 156 'load' 'REG_V_43_loc_load' <Predicate = true> <Delay = 0.00>
ST_4 : Operation 157 [1/1] (0.00ns)   --->   "%REG_V_42_loc_load = load i16 %REG_V_42_loc"   --->   Operation 157 'load' 'REG_V_42_loc_load' <Predicate = true> <Delay = 0.00>
ST_4 : Operation 158 [1/1] (0.00ns)   --->   "%REG_V_41_loc_load = load i16 %REG_V_41_loc"   --->   Operation 158 'load' 'REG_V_41_loc_load' <Predicate = true> <Delay = 0.00>
ST_4 : Operation 159 [1/1] (0.00ns)   --->   "%REG_V_40_loc_load = load i16 %REG_V_40_loc"   --->   Operation 159 'load' 'REG_V_40_loc_load' <Predicate = true> <Delay = 0.00>
ST_4 : Operation 160 [1/1] (0.00ns)   --->   "%REG_V_39_loc_load = load i16 %REG_V_39_loc"   --->   Operation 160 'load' 'REG_V_39_loc_load' <Predicate = true> <Delay = 0.00>
ST_4 : Operation 161 [1/1] (0.00ns)   --->   "%REG_V_38_loc_load = load i16 %REG_V_38_loc"   --->   Operation 161 'load' 'REG_V_38_loc_load' <Predicate = true> <Delay = 0.00>
ST_4 : Operation 162 [1/1] (0.00ns)   --->   "%REG_V_37_loc_load = load i16 %REG_V_37_loc"   --->   Operation 162 'load' 'REG_V_37_loc_load' <Predicate = true> <Delay = 0.00>
ST_4 : Operation 163 [1/1] (0.00ns)   --->   "%REG_V_36_loc_load = load i16 %REG_V_36_loc"   --->   Operation 163 'load' 'REG_V_36_loc_load' <Predicate = true> <Delay = 0.00>
ST_4 : Operation 164 [1/1] (0.00ns)   --->   "%REG_V_35_loc_load = load i16 %REG_V_35_loc"   --->   Operation 164 'load' 'REG_V_35_loc_load' <Predicate = true> <Delay = 0.00>
ST_4 : Operation 165 [1/1] (0.00ns)   --->   "%REG_V_34_loc_load = load i16 %REG_V_34_loc"   --->   Operation 165 'load' 'REG_V_34_loc_load' <Predicate = true> <Delay = 0.00>
ST_4 : Operation 166 [1/1] (0.00ns)   --->   "%REG_V_33_loc_load = load i16 %REG_V_33_loc"   --->   Operation 166 'load' 'REG_V_33_loc_load' <Predicate = true> <Delay = 0.00>
ST_4 : Operation 167 [1/1] (0.00ns)   --->   "%REG_V_32_loc_load = load i16 %REG_V_32_loc"   --->   Operation 167 'load' 'REG_V_32_loc_load' <Predicate = true> <Delay = 0.00>
ST_4 : Operation 168 [1/1] (0.00ns)   --->   "%self_sum_V_loc_load = load i32 %self_sum_V_loc"   --->   Operation 168 'load' 'self_sum_V_loc_load' <Predicate = true> <Delay = 0.00>
ST_4 : Operation 169 [1/1] (0.00ns)   --->   "%br_ln82 = br i1 %phase_read, void %if.end, void %if.then" [Compute_block2in/Compute2in.cpp:82]   --->   Operation 169 'br' 'br_ln82' <Predicate = true> <Delay = 0.00>
ST_4 : Operation 170 [1/1] (0.44ns)   --->   "%switch_ln85 = switch i2 %empty_19, void %arrayidx76.case.15, i2 0, void %arrayidx76.case.0, i2 1, void %arrayidx76.case.5, i2 2, void %arrayidx76.case.10" [Compute_block2in/Compute2in.cpp:85]   --->   Operation 170 'switch' 'switch_ln85' <Predicate = (!phase_read)> <Delay = 0.44>
ST_4 : Operation 171 [1/1] (0.00ns)   --->   "%store_ln85 = store i32 %self_sum_V_loc_load, i32 %p_ZZ10compute2inP6ap_intILi32EES1_S1_bE4REG1_10" [Compute_block2in/Compute2in.cpp:85]   --->   Operation 171 'store' 'store_ln85' <Predicate = (!phase_read & empty_19 == 2)> <Delay = 0.00>
ST_4 : Operation 172 [1/1] (0.00ns)   --->   "%br_ln85 = br void %arrayidx76.exit" [Compute_block2in/Compute2in.cpp:85]   --->   Operation 172 'br' 'br_ln85' <Predicate = (!phase_read & empty_19 == 2)> <Delay = 0.00>
ST_4 : Operation 173 [1/1] (0.00ns)   --->   "%store_ln85 = store i32 %self_sum_V_loc_load, i32 %compute2in_ap_int_32_ap_int_32_ap_int_32_bool_REG1_5" [Compute_block2in/Compute2in.cpp:85]   --->   Operation 173 'store' 'store_ln85' <Predicate = (!phase_read & empty_19 == 1)> <Delay = 0.00>
ST_4 : Operation 174 [1/1] (0.00ns)   --->   "%br_ln85 = br void %arrayidx76.exit" [Compute_block2in/Compute2in.cpp:85]   --->   Operation 174 'br' 'br_ln85' <Predicate = (!phase_read & empty_19 == 1)> <Delay = 0.00>
ST_4 : Operation 175 [1/1] (0.00ns)   --->   "%store_ln85 = store i32 %self_sum_V_loc_load, i32 %compute2in_ap_int_32_ap_int_32_ap_int_32_bool_REG1" [Compute_block2in/Compute2in.cpp:85]   --->   Operation 175 'store' 'store_ln85' <Predicate = (!phase_read & empty_19 == 0)> <Delay = 0.00>
ST_4 : Operation 176 [1/1] (0.00ns)   --->   "%br_ln85 = br void %arrayidx76.exit" [Compute_block2in/Compute2in.cpp:85]   --->   Operation 176 'br' 'br_ln85' <Predicate = (!phase_read & empty_19 == 0)> <Delay = 0.00>
ST_4 : Operation 177 [1/1] (0.00ns)   --->   "%store_ln85 = store i32 %self_sum_V_loc_load, i32 %p_ZZ10compute2inP6ap_intILi32EES1_S1_bE4REG1_15" [Compute_block2in/Compute2in.cpp:85]   --->   Operation 177 'store' 'store_ln85' <Predicate = (!phase_read & empty_19 == 3)> <Delay = 0.00>
ST_4 : Operation 178 [1/1] (0.00ns)   --->   "%br_ln85 = br void %arrayidx76.exit" [Compute_block2in/Compute2in.cpp:85]   --->   Operation 178 'br' 'br_ln85' <Predicate = (!phase_read & empty_19 == 3)> <Delay = 0.00>
ST_4 : Operation 179 [1/1] (0.00ns)   --->   "%br_ln0 = br void %VITIS_LOOP_87_3"   --->   Operation 179 'br' 'br_ln0' <Predicate = (!phase_read)> <Delay = 0.00>
ST_4 : Operation 180 [1/1] (0.00ns)   --->   "%compute2in_ap_int_32_ap_int_32_ap_int_32_bool_REG1_load = load i32 %compute2in_ap_int_32_ap_int_32_ap_int_32_bool_REG1"   --->   Operation 180 'load' 'compute2in_ap_int_32_ap_int_32_ap_int_32_bool_REG1_load' <Predicate = (phase_read)> <Delay = 0.00>
ST_4 : Operation 181 [1/1] (0.00ns)   --->   "%compute2in_ap_int_32_ap_int_32_ap_int_32_bool_REG1_5_load = load i32 %compute2in_ap_int_32_ap_int_32_ap_int_32_bool_REG1_5"   --->   Operation 181 'load' 'compute2in_ap_int_32_ap_int_32_ap_int_32_bool_REG1_5_load' <Predicate = (phase_read)> <Delay = 0.00>
ST_4 : Operation 182 [1/1] (0.00ns)   --->   "%p_ZZ10compute2inP6ap_intILi32EES1_S1_bE4REG1_10_load = load i32 %p_ZZ10compute2inP6ap_intILi32EES1_S1_bE4REG1_10"   --->   Operation 182 'load' 'p_ZZ10compute2inP6ap_intILi32EES1_S1_bE4REG1_10_load' <Predicate = (phase_read)> <Delay = 0.00>
ST_4 : Operation 183 [1/1] (0.00ns)   --->   "%compute2in_ap_int_32_ap_int_32_ap_int_32_bool_REG1 = load i32 %p_ZZ10compute2inP6ap_intILi32EES1_S1_bE4REG1_15"   --->   Operation 183 'load' 'compute2in_ap_int_32_ap_int_32_ap_int_32_bool_REG1' <Predicate = (phase_read)> <Delay = 0.00>
ST_4 : Operation 184 [1/1] (0.52ns)   --->   "%tmp = mux i32 @_ssdm_op_Mux.ap_auto.4i32.i2, i32 %compute2in_ap_int_32_ap_int_32_ap_int_32_bool_REG1_load, i32 %compute2in_ap_int_32_ap_int_32_ap_int_32_bool_REG1_5_load, i32 %p_ZZ10compute2inP6ap_intILi32EES1_S1_bE4REG1_10_load, i32 %compute2in_ap_int_32_ap_int_32_ap_int_32_bool_REG1, i2 %empty_19"   --->   Operation 184 'mux' 'tmp' <Predicate = (phase_read)> <Delay = 0.52> <CoreInst = "Multiplexer">   --->   Core 76 'Multiplexer' <Latency = 0> <II = 1> <Delay = 0.52> <FuncUnit> <Opcode : 'mux'> <InPorts = 2> <OutPorts = 1>
ST_4 : Operation 185 [1/1] (1.01ns)   --->   "%add_ln83 = add i32 %tmp, i32 %self_sum_V_loc_load" [Compute_block2in/Compute2in.cpp:83]   --->   Operation 185 'add' 'add_ln83' <Predicate = (phase_read)> <Delay = 1.01> <CoreInst = "Adder">   --->   Core 1 'Adder' <Latency = 0> <II = 1> <Delay = 1.01> <FuncUnit> <Opcode : 'add' 'sub'> <InPorts = 2> <OutPorts = 1>
ST_4 : Operation 186 [1/1] (0.00ns)   --->   "%lshr_ln = bitconcatenate i4 @_ssdm_op_BitConcatenate.i4.i2.i2, i2 %empty_19, i2 %empty_19" [Compute_block2in/Compute2in.cpp:83]   --->   Operation 186 'bitconcatenate' 'lshr_ln' <Predicate = (phase_read)> <Delay = 0.00>
ST_4 : Operation 187 [1/1] (0.00ns)   --->   "%zext_ln83 = zext i4 %lshr_ln" [Compute_block2in/Compute2in.cpp:83]   --->   Operation 187 'zext' 'zext_ln83' <Predicate = (phase_read)> <Delay = 0.00>
ST_4 : Operation 188 [1/1] (0.00ns)   --->   "%buffer_2_addr = getelementptr i32 %buffer_2, i64 0, i64 %zext_ln83" [Compute_block2in/Compute2in.cpp:83]   --->   Operation 188 'getelementptr' 'buffer_2_addr' <Predicate = (phase_read)> <Delay = 0.00>
ST_4 : Operation 189 [1/1] (0.67ns)   --->   "%store_ln83 = store i32 %add_ln83, i4 %buffer_2_addr" [Compute_block2in/Compute2in.cpp:83]   --->   Operation 189 'store' 'store_ln83' <Predicate = (phase_read)> <Delay = 0.67> <CoreInst = "RAM">   --->   Core 83 'RAM' <Latency = 1> <II = 1> <Delay = 0.67> <Storage> <Opcode : 'load' 'store'> <Ports = 2> <Width = 32> <Depth = 16> <RAM>
ST_4 : Operation 190 [1/1] (0.00ns)   --->   "%br_ln83 = br void %VITIS_LOOP_87_3" [Compute_block2in/Compute2in.cpp:83]   --->   Operation 190 'br' 'br_ln83' <Predicate = (phase_read)> <Delay = 0.00>
ST_4 : Operation 191 [1/1] (0.67ns)   --->   "%add_ln63 = add i3 %i_1, i3 1" [Compute_block2in/Compute2in.cpp:63]   --->   Operation 191 'add' 'add_ln63' <Predicate = true> <Delay = 0.67> <CoreInst = "Adder">   --->   Core 1 'Adder' <Latency = 0> <II = 1> <Delay = 0.67> <FuncUnit> <Opcode : 'add' 'sub'> <InPorts = 2> <OutPorts = 1>
ST_4 : Operation 192 [1/1] (0.42ns)   --->   "%store_ln63 = store i2 %add_ln63_1, i2 %indvars_iv424" [Compute_block2in/Compute2in.cpp:63]   --->   Operation 192 'store' 'store_ln63' <Predicate = true> <Delay = 0.42>
ST_4 : Operation 193 [1/1] (0.00ns)   --->   "%store_ln63 = store i16 %REG_V_63_loc_load, i16 %REG_V_31" [Compute_block2in/Compute2in.cpp:63]   --->   Operation 193 'store' 'store_ln63' <Predicate = true> <Delay = 0.00>
ST_4 : Operation 194 [1/1] (0.00ns)   --->   "%store_ln63 = store i16 %REG_V_62_loc_load, i16 %REG_V_30" [Compute_block2in/Compute2in.cpp:63]   --->   Operation 194 'store' 'store_ln63' <Predicate = true> <Delay = 0.00>
ST_4 : Operation 195 [1/1] (0.00ns)   --->   "%store_ln63 = store i16 %REG_V_61_loc_load, i16 %REG_V_29" [Compute_block2in/Compute2in.cpp:63]   --->   Operation 195 'store' 'store_ln63' <Predicate = true> <Delay = 0.00>
ST_4 : Operation 196 [1/1] (0.00ns)   --->   "%store_ln63 = store i16 %REG_V_60_loc_load, i16 %REG_V_28" [Compute_block2in/Compute2in.cpp:63]   --->   Operation 196 'store' 'store_ln63' <Predicate = true> <Delay = 0.00>
ST_4 : Operation 197 [1/1] (0.00ns)   --->   "%store_ln63 = store i16 %REG_V_59_loc_load, i16 %REG_V_27" [Compute_block2in/Compute2in.cpp:63]   --->   Operation 197 'store' 'store_ln63' <Predicate = true> <Delay = 0.00>
ST_4 : Operation 198 [1/1] (0.00ns)   --->   "%store_ln63 = store i16 %REG_V_58_loc_load, i16 %REG_V_26" [Compute_block2in/Compute2in.cpp:63]   --->   Operation 198 'store' 'store_ln63' <Predicate = true> <Delay = 0.00>
ST_4 : Operation 199 [1/1] (0.00ns)   --->   "%store_ln63 = store i16 %REG_V_57_loc_load, i16 %REG_V_25" [Compute_block2in/Compute2in.cpp:63]   --->   Operation 199 'store' 'store_ln63' <Predicate = true> <Delay = 0.00>
ST_4 : Operation 200 [1/1] (0.00ns)   --->   "%store_ln63 = store i16 %REG_V_56_loc_load, i16 %REG_V_24" [Compute_block2in/Compute2in.cpp:63]   --->   Operation 200 'store' 'store_ln63' <Predicate = true> <Delay = 0.00>
ST_4 : Operation 201 [1/1] (0.00ns)   --->   "%store_ln63 = store i16 %REG_V_55_loc_load, i16 %REG_V_23" [Compute_block2in/Compute2in.cpp:63]   --->   Operation 201 'store' 'store_ln63' <Predicate = true> <Delay = 0.00>
ST_4 : Operation 202 [1/1] (0.00ns)   --->   "%store_ln63 = store i16 %REG_V_54_loc_load, i16 %REG_V_22" [Compute_block2in/Compute2in.cpp:63]   --->   Operation 202 'store' 'store_ln63' <Predicate = true> <Delay = 0.00>
ST_4 : Operation 203 [1/1] (0.00ns)   --->   "%store_ln63 = store i16 %REG_V_53_loc_load, i16 %REG_V_21" [Compute_block2in/Compute2in.cpp:63]   --->   Operation 203 'store' 'store_ln63' <Predicate = true> <Delay = 0.00>
ST_4 : Operation 204 [1/1] (0.00ns)   --->   "%store_ln63 = store i16 %REG_V_52_loc_load, i16 %REG_V_20" [Compute_block2in/Compute2in.cpp:63]   --->   Operation 204 'store' 'store_ln63' <Predicate = true> <Delay = 0.00>
ST_4 : Operation 205 [1/1] (0.00ns)   --->   "%store_ln63 = store i16 %REG_V_51_loc_load, i16 %REG_V_19" [Compute_block2in/Compute2in.cpp:63]   --->   Operation 205 'store' 'store_ln63' <Predicate = true> <Delay = 0.00>
ST_4 : Operation 206 [1/1] (0.00ns)   --->   "%store_ln63 = store i16 %REG_V_50_loc_load, i16 %REG_V_18" [Compute_block2in/Compute2in.cpp:63]   --->   Operation 206 'store' 'store_ln63' <Predicate = true> <Delay = 0.00>
ST_4 : Operation 207 [1/1] (0.00ns)   --->   "%store_ln63 = store i16 %REG_V_49_loc_load, i16 %REG_V_17" [Compute_block2in/Compute2in.cpp:63]   --->   Operation 207 'store' 'store_ln63' <Predicate = true> <Delay = 0.00>
ST_4 : Operation 208 [1/1] (0.00ns)   --->   "%store_ln63 = store i16 %REG_V_48_loc_load, i16 %REG_V_16" [Compute_block2in/Compute2in.cpp:63]   --->   Operation 208 'store' 'store_ln63' <Predicate = true> <Delay = 0.00>
ST_4 : Operation 209 [1/1] (0.00ns)   --->   "%store_ln63 = store i16 %REG_V_47_loc_load, i16 %REG_V_15" [Compute_block2in/Compute2in.cpp:63]   --->   Operation 209 'store' 'store_ln63' <Predicate = true> <Delay = 0.00>
ST_4 : Operation 210 [1/1] (0.00ns)   --->   "%store_ln63 = store i16 %REG_V_46_loc_load, i16 %REG_V_14" [Compute_block2in/Compute2in.cpp:63]   --->   Operation 210 'store' 'store_ln63' <Predicate = true> <Delay = 0.00>
ST_4 : Operation 211 [1/1] (0.00ns)   --->   "%store_ln63 = store i16 %REG_V_45_loc_load, i16 %REG_V_13" [Compute_block2in/Compute2in.cpp:63]   --->   Operation 211 'store' 'store_ln63' <Predicate = true> <Delay = 0.00>
ST_4 : Operation 212 [1/1] (0.00ns)   --->   "%store_ln63 = store i16 %REG_V_44_loc_load, i16 %REG_V_12" [Compute_block2in/Compute2in.cpp:63]   --->   Operation 212 'store' 'store_ln63' <Predicate = true> <Delay = 0.00>
ST_4 : Operation 213 [1/1] (0.00ns)   --->   "%store_ln63 = store i16 %REG_V_43_loc_load, i16 %REG_V_11" [Compute_block2in/Compute2in.cpp:63]   --->   Operation 213 'store' 'store_ln63' <Predicate = true> <Delay = 0.00>
ST_4 : Operation 214 [1/1] (0.00ns)   --->   "%store_ln63 = store i16 %REG_V_42_loc_load, i16 %REG_V_10" [Compute_block2in/Compute2in.cpp:63]   --->   Operation 214 'store' 'store_ln63' <Predicate = true> <Delay = 0.00>
ST_4 : Operation 215 [1/1] (0.00ns)   --->   "%store_ln63 = store i16 %REG_V_41_loc_load, i16 %REG_V_9" [Compute_block2in/Compute2in.cpp:63]   --->   Operation 215 'store' 'store_ln63' <Predicate = true> <Delay = 0.00>
ST_4 : Operation 216 [1/1] (0.00ns)   --->   "%store_ln63 = store i16 %REG_V_40_loc_load, i16 %REG_V_8" [Compute_block2in/Compute2in.cpp:63]   --->   Operation 216 'store' 'store_ln63' <Predicate = true> <Delay = 0.00>
ST_4 : Operation 217 [1/1] (0.00ns)   --->   "%store_ln63 = store i16 %REG_V_39_loc_load, i16 %REG_V_7" [Compute_block2in/Compute2in.cpp:63]   --->   Operation 217 'store' 'store_ln63' <Predicate = true> <Delay = 0.00>
ST_4 : Operation 218 [1/1] (0.00ns)   --->   "%store_ln63 = store i16 %REG_V_38_loc_load, i16 %REG_V_6" [Compute_block2in/Compute2in.cpp:63]   --->   Operation 218 'store' 'store_ln63' <Predicate = true> <Delay = 0.00>
ST_4 : Operation 219 [1/1] (0.00ns)   --->   "%store_ln63 = store i16 %REG_V_37_loc_load, i16 %REG_V_5" [Compute_block2in/Compute2in.cpp:63]   --->   Operation 219 'store' 'store_ln63' <Predicate = true> <Delay = 0.00>
ST_4 : Operation 220 [1/1] (0.00ns)   --->   "%store_ln63 = store i16 %REG_V_36_loc_load, i16 %REG_V_4" [Compute_block2in/Compute2in.cpp:63]   --->   Operation 220 'store' 'store_ln63' <Predicate = true> <Delay = 0.00>
ST_4 : Operation 221 [1/1] (0.00ns)   --->   "%store_ln63 = store i16 %REG_V_35_loc_load, i16 %REG_V_3" [Compute_block2in/Compute2in.cpp:63]   --->   Operation 221 'store' 'store_ln63' <Predicate = true> <Delay = 0.00>
ST_4 : Operation 222 [1/1] (0.00ns)   --->   "%store_ln63 = store i16 %REG_V_34_loc_load, i16 %REG_V_2" [Compute_block2in/Compute2in.cpp:63]   --->   Operation 222 'store' 'store_ln63' <Predicate = true> <Delay = 0.00>
ST_4 : Operation 223 [1/1] (0.00ns)   --->   "%store_ln63 = store i16 %REG_V_33_loc_load, i16 %REG_V_1" [Compute_block2in/Compute2in.cpp:63]   --->   Operation 223 'store' 'store_ln63' <Predicate = true> <Delay = 0.00>
ST_4 : Operation 224 [1/1] (0.00ns)   --->   "%store_ln63 = store i16 %REG_V_32_loc_load, i16 %REG_V" [Compute_block2in/Compute2in.cpp:63]   --->   Operation 224 'store' 'store_ln63' <Predicate = true> <Delay = 0.00>
ST_4 : Operation 225 [1/1] (0.42ns)   --->   "%store_ln63 = store i3 %add_ln63, i3 %i" [Compute_block2in/Compute2in.cpp:63]   --->   Operation 225 'store' 'store_ln63' <Predicate = true> <Delay = 0.42>

State 5 <SV = 4> <Delay = 1.06>
ST_5 : Operation 226 [2/2] (1.06ns)   --->   "%call_ln63 = call void @compute2in_Pipeline_VITIS_LOOP_87_3, i3 %i_1, i32 %buffer_2, i16 %REG_V_32_loc_load, i16 %REG_V_40_loc_load, i16 %REG_V_48_loc_load, i16 %REG_V_56_loc_load, i2 %indvars_iv424_load, i16 %REG_V_36_loc_load, i16 %REG_V_44_loc_load, i16 %REG_V_52_loc_load, i16 %REG_V_60_loc_load, i16 %REG_V_33_loc_load, i16 %REG_V_41_loc_load, i16 %REG_V_49_loc_load, i16 %REG_V_57_loc_load, i16 %REG_V_37_loc_load, i16 %REG_V_45_loc_load, i16 %REG_V_53_loc_load, i16 %REG_V_61_loc_load, i16 %REG_V_34_loc_load, i16 %REG_V_42_loc_load, i16 %REG_V_50_loc_load, i16 %REG_V_58_loc_load, i16 %REG_V_38_loc_load, i16 %REG_V_46_loc_load, i16 %REG_V_54_loc_load, i16 %REG_V_62_loc_load, i16 %REG_V_35_loc_load, i16 %REG_V_43_loc_load, i16 %REG_V_51_loc_load, i16 %REG_V_59_loc_load, i16 %REG_V_39_loc_load, i16 %REG_V_47_loc_load, i16 %REG_V_55_loc_load, i16 %REG_V_63_loc_load, i2 %empty_19, i3 %i_1, i1 %phase_read, i32 %compute2in_ap_int_32_ap_int_32_ap_int_32_bool_REG1, i32 %compute2in_ap_int_32_ap_int_32_ap_int_32_bool_REG1_1, i32 %compute2in_ap_int_32_ap_int_32_ap_int_32_bool_REG1_2, i32 %compute2in_ap_int_32_ap_int_32_ap_int_32_bool_REG1_3, i32 %compute2in_ap_int_32_ap_int_32_ap_int_32_bool_REG1_4, i32 %compute2in_ap_int_32_ap_int_32_ap_int_32_bool_REG1_5, i32 %compute2in_ap_int_32_ap_int_32_ap_int_32_bool_REG1_6, i32 %compute2in_ap_int_32_ap_int_32_ap_int_32_bool_REG1_7, i32 %compute2in_ap_int_32_ap_int_32_ap_int_32_bool_REG1_8, i32 %compute2in_ap_int_32_ap_int_32_ap_int_32_bool_REG1_9, i32 %p_ZZ10compute2inP6ap_intILi32EES1_S1_bE4REG1_10, i32 %p_ZZ10compute2inP6ap_intILi32EES1_S1_bE4REG1_11, i32 %p_ZZ10compute2inP6ap_intILi32EES1_S1_bE4REG1_12, i32 %p_ZZ10compute2inP6ap_intILi32EES1_S1_bE4REG1_13, i32 %p_ZZ10compute2inP6ap_intILi32EES1_S1_bE4REG1_14" [Compute_block2in/Compute2in.cpp:63]   --->   Operation 226 'call' 'call_ln63' <Predicate = true> <Delay = 1.06> <CoreType = "Generic">   --->   Core 0 '' <Latency = 0> <II = 1> <Delay = 1.00> <Generic> <Opcode : >

State 6 <SV = 5> <Delay = 0.00>
ST_6 : Operation 227 [1/2] (0.00ns)   --->   "%call_ln63 = call void @compute2in_Pipeline_VITIS_LOOP_87_3, i3 %i_1, i32 %buffer_2, i16 %REG_V_32_loc_load, i16 %REG_V_40_loc_load, i16 %REG_V_48_loc_load, i16 %REG_V_56_loc_load, i2 %indvars_iv424_load, i16 %REG_V_36_loc_load, i16 %REG_V_44_loc_load, i16 %REG_V_52_loc_load, i16 %REG_V_60_loc_load, i16 %REG_V_33_loc_load, i16 %REG_V_41_loc_load, i16 %REG_V_49_loc_load, i16 %REG_V_57_loc_load, i16 %REG_V_37_loc_load, i16 %REG_V_45_loc_load, i16 %REG_V_53_loc_load, i16 %REG_V_61_loc_load, i16 %REG_V_34_loc_load, i16 %REG_V_42_loc_load, i16 %REG_V_50_loc_load, i16 %REG_V_58_loc_load, i16 %REG_V_38_loc_load, i16 %REG_V_46_loc_load, i16 %REG_V_54_loc_load, i16 %REG_V_62_loc_load, i16 %REG_V_35_loc_load, i16 %REG_V_43_loc_load, i16 %REG_V_51_loc_load, i16 %REG_V_59_loc_load, i16 %REG_V_39_loc_load, i16 %REG_V_47_loc_load, i16 %REG_V_55_loc_load, i16 %REG_V_63_loc_load, i2 %empty_19, i3 %i_1, i1 %phase_read, i32 %compute2in_ap_int_32_ap_int_32_ap_int_32_bool_REG1, i32 %compute2in_ap_int_32_ap_int_32_ap_int_32_bool_REG1_1, i32 %compute2in_ap_int_32_ap_int_32_ap_int_32_bool_REG1_2, i32 %compute2in_ap_int_32_ap_int_32_ap_int_32_bool_REG1_3, i32 %compute2in_ap_int_32_ap_int_32_ap_int_32_bool_REG1_4, i32 %compute2in_ap_int_32_ap_int_32_ap_int_32_bool_REG1_5, i32 %compute2in_ap_int_32_ap_int_32_ap_int_32_bool_REG1_6, i32 %compute2in_ap_int_32_ap_int_32_ap_int_32_bool_REG1_7, i32 %compute2in_ap_int_32_ap_int_32_ap_int_32_bool_REG1_8, i32 %compute2in_ap_int_32_ap_int_32_ap_int_32_bool_REG1_9, i32 %p_ZZ10compute2inP6ap_intILi32EES1_S1_bE4REG1_10, i32 %p_ZZ10compute2inP6ap_intILi32EES1_S1_bE4REG1_11, i32 %p_ZZ10compute2inP6ap_intILi32EES1_S1_bE4REG1_12, i32 %p_ZZ10compute2inP6ap_intILi32EES1_S1_bE4REG1_13, i32 %p_ZZ10compute2inP6ap_intILi32EES1_S1_bE4REG1_14" [Compute_block2in/Compute2in.cpp:63]   --->   Operation 227 'call' 'call_ln63' <Predicate = true> <Delay = 0.00> <CoreType = "Generic">   --->   Core 0 '' <Latency = 0> <II = 1> <Delay = 1.00> <Generic> <Opcode : >
ST_6 : Operation 228 [1/1] (0.00ns)   --->   "%br_ln63 = br void %VITIS_LOOP_66_2" [Compute_block2in/Compute2in.cpp:63]   --->   Operation 228 'br' 'br_ln63' <Predicate = true> <Delay = 0.00>


============================================================
+ Verbose Summary: Timing violations
============================================================
Target clock period: 10ns, clock uncertainty: 2.7ns.

 <State 1>: 0.427ns
The critical path consists of the following:
	'alloca' operation ('dummy') [99]  (0 ns)
	'store' operation ('store_ln56', Compute_block2in/Compute2in.cpp:56) of constant 0 on local variable 'dummy' [100]  (0.427 ns)

 <State 2>: 1.93ns
The critical path consists of the following:
	'load' operation ('i') on local variable 'i' [107]  (0 ns)
	'call' operation ('call_ln0') to 'compute2in_Pipeline_VITIS_LOOP_66_2' [149]  (1.35 ns)
	blocking operation 0.584 ns on control path)

 <State 3>: 0ns
The critical path consists of the following:

 <State 4>: 2.22ns
The critical path consists of the following:
	'load' operation ('compute2in_ap_int_32_ap_int_32_ap_int_32_bool_REG1_load') on static variable 'compute2in_ap_int_32_ap_int_32_ap_int_32_bool_REG1' [201]  (0 ns)
	'mux' operation ('tmp') [205]  (0.525 ns)
	'add' operation ('add_ln83', Compute_block2in/Compute2in.cpp:83) [206]  (1.02 ns)
	'store' operation ('store_ln83', Compute_block2in/Compute2in.cpp:83) of variable 'add_ln83', Compute_block2in/Compute2in.cpp:83 on array 'buffer_2' [210]  (0.677 ns)

 <State 5>: 1.06ns
The critical path consists of the following:
	'call' operation ('call_ln63', Compute_block2in/Compute2in.cpp:63) to 'compute2in_Pipeline_VITIS_LOOP_87_3' [213]  (1.06 ns)

 <State 6>: 0ns
The critical path consists of the following:


============================================================
+ Verbose Summary: Binding
============================================================
N/A
* FSMD analyzer results:
  - Output states:
 - Input state : 
  - Chain level:
	State 1
	State 2
	State 3
	State 4
	State 5
	State 6


============================================================
+ Verbose Summary: Datapath Resource usage 
============================================================
N/A
