

================================================================
== Vitis HLS Report for 'compute2in_Pipeline_VITIS_LOOP_87_3'
================================================================
* Date:           Mon Sep 14 03:39:05 2026

* Version:        2022.2 (Build 3670227 on Oct 13 2022)
* Project:        Compute_block2in
* Solution:       solution1 (Vivado IP Flow Target)
* Product family: zynquplus
* Target device:  xczu7ev-ffvc1156-2-e


================================================================
== Performance Estimates
================================================================
+ Timing: 
    * Summary: 
    +--------+----------+----------+------------+
    |  Clock |  Target  | Estimated| Uncertainty|
    +--------+----------+----------+------------+
    |ap_clk  |  10.00 ns|  2.240 ns|     2.70 ns|
    +--------+----------+----------+------------+

+ Latency: 
    * Summary: 
    +---------+---------+-----------+----------+-----+-----+---------+
    |  Latency (cycles) |  Latency (absolute)  |  Interval | Pipeline|
    |   min   |   max   |    min    |    max   | min | max |   Type  |
    +---------+---------+-----------+----------+-----+-----+---------+
    |        2|       12|  20.000 ns|  0.120 us|    2|   12|       no|
    +---------+---------+-----------+----------+-----+-----+---------+

    + Detail: 
        * Instance: 
        N/A

        * Loop: 
        +-------------------+---------+---------+----------+-----------+-----------+-------+----------+
        |                   |  Latency (cycles) | Iteration|  Initiation Interval  |  Trip |          |
        |     Loop Name     |   min   |   max   |  Latency |  achieved |   target  | Count | Pipelined|
        +-------------------+---------+---------+----------+-----------+-----------+-------+----------+
        |- VITIS_LOOP_87_3  |        0|       10|         7|          2|          1|  0 ~ 3|       yes|
        +-------------------+---------+---------+----------+-----------+-----------+-------+----------+

============================================================
+ Verbose Summary: Synthesis Manager
============================================================
InlineROM: 1
ExposeGlobal: 0
============================================================
+ Verbose Summary: CDFG Model
============================================================
IsTopModel: 0
ResetActiveHigh: 1
IsCombinational: 0
IsDatapathOnly: 0
HasWiredReturn: 1
HasMFsm: 2
HasVarLatency: 1
IsPipeline: 0
IsRtlPipelined: 0
IsInstanceOverlapped: 0
IsDontTouch: 0
HasImplIP: 0
IsGatedGlobalClock: 0

+ Individual pipeline summary: 
  * Pipeline-0: initiation interval (II) = 2, depth = 7


============================================================
+ Verbose Summary: Schedule
============================================================
* Number of FSM states : 7
* Pipeline : 1
  Pipeline-0 : II = 2, D = 7, States = { 1 2 3 4 5 6 7 }
* Dataflow Pipeline: 0

* FSM state transitions: 
1 --> 2 
2 --> 3 
3 --> 4 
4 --> 5 
5 --> 6 
6 --> 7 
7 --> 

* FSM state operations: 

State 1 <SV = 0> <Delay = 1.06>
ST_1 : Operation 10 [1/1] (0.00ns)   --->   "%com = alloca i32 1"   --->   Operation 10 'alloca' 'com' <Predicate = true> <Delay = 0.00>
ST_1 : Operation 11 [1/1] (0.00ns)   --->   "%phase_read = read i1 @_ssdm_op_Read.ap_auto.i1, i1 %phase"   --->   Operation 11 'read' 'phase_read' <Predicate = true> <Delay = 0.00>
ST_1 : Operation 12 [1/1] (0.00ns)   --->   "%zext_ln63_read = read i3 @_ssdm_op_Read.ap_auto.i3, i3 %zext_ln63"   --->   Operation 12 'read' 'zext_ln63_read' <Predicate = true> <Delay = 0.00>
ST_1 : Operation 13 [1/1] (0.00ns)   --->   "%tmp_7_read = read i2 @_ssdm_op_Read.ap_auto.i2, i2 %tmp_7"   --->   Operation 13 'read' 'tmp_7_read' <Predicate = true> <Delay = 0.00>
ST_1 : Operation 14 [1/1] (0.00ns)   --->   "%REG_V_63_reload_read = read i16 @_ssdm_op_Read.ap_auto.i16, i16 %REG_V_63_reload"   --->   Operation 14 'read' 'REG_V_63_reload_read' <Predicate = true> <Delay = 0.00>
ST_1 : Operation 15 [1/1] (0.00ns)   --->   "%REG_V_55_reload_read = read i16 @_ssdm_op_Read.ap_auto.i16, i16 %REG_V_55_reload"   --->   Operation 15 'read' 'REG_V_55_reload_read' <Predicate = true> <Delay = 0.00>
ST_1 : Operation 16 [1/1] (0.00ns)   --->   "%REG_V_47_reload_read = read i16 @_ssdm_op_Read.ap_auto.i16, i16 %REG_V_47_reload"   --->   Operation 16 'read' 'REG_V_47_reload_read' <Predicate = true> <Delay = 0.00>
ST_1 : Operation 17 [1/1] (0.00ns)   --->   "%REG_V_39_reload_read = read i16 @_ssdm_op_Read.ap_auto.i16, i16 %REG_V_39_reload"   --->   Operation 17 'read' 'REG_V_39_reload_read' <Predicate = true> <Delay = 0.00>
ST_1 : Operation 18 [1/1] (0.00ns)   --->   "%REG_V_59_reload_read = read i16 @_ssdm_op_Read.ap_auto.i16, i16 %REG_V_59_reload"   --->   Operation 18 'read' 'REG_V_59_reload_read' <Predicate = true> <Delay = 0.00>
ST_1 : Operation 19 [1/1] (0.00ns)   --->   "%REG_V_51_reload_read = read i16 @_ssdm_op_Read.ap_auto.i16, i16 %REG_V_51_reload"   --->   Operation 19 'read' 'REG_V_51_reload_read' <Predicate = true> <Delay = 0.00>
ST_1 : Operation 20 [1/1] (0.00ns)   --->   "%REG_V_43_reload_read = read i16 @_ssdm_op_Read.ap_auto.i16, i16 %REG_V_43_reload"   --->   Operation 20 'read' 'REG_V_43_reload_read' <Predicate = true> <Delay = 0.00>
ST_1 : Operation 21 [1/1] (0.00ns)   --->   "%REG_V_35_reload_read = read i16 @_ssdm_op_Read.ap_auto.i16, i16 %REG_V_35_reload"   --->   Operation 21 'read' 'REG_V_35_reload_read' <Predicate = true> <Delay = 0.00>
ST_1 : Operation 22 [1/1] (0.00ns)   --->   "%REG_V_62_reload_read = read i16 @_ssdm_op_Read.ap_auto.i16, i16 %REG_V_62_reload"   --->   Operation 22 'read' 'REG_V_62_reload_read' <Predicate = true> <Delay = 0.00>
ST_1 : Operation 23 [1/1] (0.00ns)   --->   "%REG_V_54_reload_read = read i16 @_ssdm_op_Read.ap_auto.i16, i16 %REG_V_54_reload"   --->   Operation 23 'read' 'REG_V_54_reload_read' <Predicate = true> <Delay = 0.00>
ST_1 : Operation 24 [1/1] (0.00ns)   --->   "%REG_V_46_reload_read = read i16 @_ssdm_op_Read.ap_auto.i16, i16 %REG_V_46_reload"   --->   Operation 24 'read' 'REG_V_46_reload_read' <Predicate = true> <Delay = 0.00>
ST_1 : Operation 25 [1/1] (0.00ns)   --->   "%REG_V_38_reload_read = read i16 @_ssdm_op_Read.ap_auto.i16, i16 %REG_V_38_reload"   --->   Operation 25 'read' 'REG_V_38_reload_read' <Predicate = true> <Delay = 0.00>
ST_1 : Operation 26 [1/1] (0.00ns)   --->   "%REG_V_58_reload_read = read i16 @_ssdm_op_Read.ap_auto.i16, i16 %REG_V_58_reload"   --->   Operation 26 'read' 'REG_V_58_reload_read' <Predicate = true> <Delay = 0.00>
ST_1 : Operation 27 [1/1] (0.00ns)   --->   "%REG_V_50_reload_read = read i16 @_ssdm_op_Read.ap_auto.i16, i16 %REG_V_50_reload"   --->   Operation 27 'read' 'REG_V_50_reload_read' <Predicate = true> <Delay = 0.00>
ST_1 : Operation 28 [1/1] (0.00ns)   --->   "%REG_V_42_reload_read = read i16 @_ssdm_op_Read.ap_auto.i16, i16 %REG_V_42_reload"   --->   Operation 28 'read' 'REG_V_42_reload_read' <Predicate = true> <Delay = 0.00>
ST_1 : Operation 29 [1/1] (0.00ns)   --->   "%REG_V_34_reload_read = read i16 @_ssdm_op_Read.ap_auto.i16, i16 %REG_V_34_reload"   --->   Operation 29 'read' 'REG_V_34_reload_read' <Predicate = true> <Delay = 0.00>
ST_1 : Operation 30 [1/1] (0.00ns)   --->   "%REG_V_61_reload_read = read i16 @_ssdm_op_Read.ap_auto.i16, i16 %REG_V_61_reload"   --->   Operation 30 'read' 'REG_V_61_reload_read' <Predicate = true> <Delay = 0.00>
ST_1 : Operation 31 [1/1] (0.00ns)   --->   "%REG_V_53_reload_read = read i16 @_ssdm_op_Read.ap_auto.i16, i16 %REG_V_53_reload"   --->   Operation 31 'read' 'REG_V_53_reload_read' <Predicate = true> <Delay = 0.00>
ST_1 : Operation 32 [1/1] (0.00ns)   --->   "%REG_V_45_reload_read = read i16 @_ssdm_op_Read.ap_auto.i16, i16 %REG_V_45_reload"   --->   Operation 32 'read' 'REG_V_45_reload_read' <Predicate = true> <Delay = 0.00>
ST_1 : Operation 33 [1/1] (0.00ns)   --->   "%REG_V_37_reload_read = read i16 @_ssdm_op_Read.ap_auto.i16, i16 %REG_V_37_reload"   --->   Operation 33 'read' 'REG_V_37_reload_read' <Predicate = true> <Delay = 0.00>
ST_1 : Operation 34 [1/1] (0.00ns)   --->   "%REG_V_57_reload_read = read i16 @_ssdm_op_Read.ap_auto.i16, i16 %REG_V_57_reload"   --->   Operation 34 'read' 'REG_V_57_reload_read' <Predicate = true> <Delay = 0.00>
ST_1 : Operation 35 [1/1] (0.00ns)   --->   "%REG_V_49_reload_read = read i16 @_ssdm_op_Read.ap_auto.i16, i16 %REG_V_49_reload"   --->   Operation 35 'read' 'REG_V_49_reload_read' <Predicate = true> <Delay = 0.00>
ST_1 : Operation 36 [1/1] (0.00ns)   --->   "%REG_V_41_reload_read = read i16 @_ssdm_op_Read.ap_auto.i16, i16 %REG_V_41_reload"   --->   Operation 36 'read' 'REG_V_41_reload_read' <Predicate = true> <Delay = 0.00>
ST_1 : Operation 37 [1/1] (0.00ns)   --->   "%REG_V_33_reload_read = read i16 @_ssdm_op_Read.ap_auto.i16, i16 %REG_V_33_reload"   --->   Operation 37 'read' 'REG_V_33_reload_read' <Predicate = true> <Delay = 0.00>
ST_1 : Operation 38 [1/1] (0.00ns)   --->   "%REG_V_60_reload_read = read i16 @_ssdm_op_Read.ap_auto.i16, i16 %REG_V_60_reload"   --->   Operation 38 'read' 'REG_V_60_reload_read' <Predicate = true> <Delay = 0.00>
ST_1 : Operation 39 [1/1] (0.00ns)   --->   "%REG_V_52_reload_read = read i16 @_ssdm_op_Read.ap_auto.i16, i16 %REG_V_52_reload"   --->   Operation 39 'read' 'REG_V_52_reload_read' <Predicate = true> <Delay = 0.00>
ST_1 : Operation 40 [1/1] (0.00ns)   --->   "%REG_V_44_reload_read = read i16 @_ssdm_op_Read.ap_auto.i16, i16 %REG_V_44_reload"   --->   Operation 40 'read' 'REG_V_44_reload_read' <Predicate = true> <Delay = 0.00>
ST_1 : Operation 41 [1/1] (0.00ns)   --->   "%REG_V_36_reload_read = read i16 @_ssdm_op_Read.ap_auto.i16, i16 %REG_V_36_reload"   --->   Operation 41 'read' 'REG_V_36_reload_read' <Predicate = true> <Delay = 0.00>
ST_1 : Operation 42 [1/1] (0.00ns)   --->   "%indvars_iv424_read = read i2 @_ssdm_op_Read.ap_auto.i2, i2 %indvars_iv424"   --->   Operation 42 'read' 'indvars_iv424_read' <Predicate = true> <Delay = 0.00>
ST_1 : Operation 43 [1/1] (0.00ns)   --->   "%REG_V_56_reload_read = read i16 @_ssdm_op_Read.ap_auto.i16, i16 %REG_V_56_reload"   --->   Operation 43 'read' 'REG_V_56_reload_read' <Predicate = true> <Delay = 0.00>
ST_1 : Operation 44 [1/1] (0.00ns)   --->   "%REG_V_48_reload_read = read i16 @_ssdm_op_Read.ap_auto.i16, i16 %REG_V_48_reload"   --->   Operation 44 'read' 'REG_V_48_reload_read' <Predicate = true> <Delay = 0.00>
ST_1 : Operation 45 [1/1] (0.00ns)   --->   "%REG_V_40_reload_read = read i16 @_ssdm_op_Read.ap_auto.i16, i16 %REG_V_40_reload"   --->   Operation 45 'read' 'REG_V_40_reload_read' <Predicate = true> <Delay = 0.00>
ST_1 : Operation 46 [1/1] (0.00ns)   --->   "%REG_V_32_reload_read = read i16 @_ssdm_op_Read.ap_auto.i16, i16 %REG_V_32_reload"   --->   Operation 46 'read' 'REG_V_32_reload_read' <Predicate = true> <Delay = 0.00>
ST_1 : Operation 47 [1/1] (0.00ns)   --->   "%i_read = read i3 @_ssdm_op_Read.ap_auto.i3, i3 %i"   --->   Operation 47 'read' 'i_read' <Predicate = true> <Delay = 0.00>
ST_1 : Operation 48 [1/1] (0.00ns)   --->   "%zext_ln63_cast = zext i3 %zext_ln63_read"   --->   Operation 48 'zext' 'zext_ln63_cast' <Predicate = true> <Delay = 0.00>
ST_1 : Operation 49 [1/1] (0.00ns)   --->   "%specinterface_ln0 = specinterface void @_ssdm_op_SpecInterface, i32 %buffer_2, void @empty_6, i32 0, i32 0, void @empty, i32 4294967295, i32 0, void @empty, void @empty, void @empty, i32 0, i32 0, i32 0, i32 0, void @empty, void @empty, i32 4294967295, i32 0"   --->   Operation 49 'specinterface' 'specinterface_ln0' <Predicate = true> <Delay = 0.00>
ST_1 : Operation 50 [1/1] (0.42ns)   --->   "%store_ln0 = store i2 0, i2 %com"   --->   Operation 50 'store' 'store_ln0' <Predicate = true> <Delay = 0.42>
ST_1 : Operation 51 [1/1] (0.00ns)   --->   "%br_ln0 = br void %VITIS_LOOP_91_4"   --->   Operation 51 'br' 'br_ln0' <Predicate = true> <Delay = 0.00>
ST_1 : Operation 52 [1/1] (0.00ns)   --->   "%com_1 = load i2 %com" [Compute_block2in/Compute2in.cpp:87]   --->   Operation 52 'load' 'com_1' <Predicate = true> <Delay = 0.00>
ST_1 : Operation 53 [1/1] (0.00ns)   --->   "%com_cast = zext i2 %com_1" [Compute_block2in/Compute2in.cpp:87]   --->   Operation 53 'zext' 'com_cast' <Predicate = true> <Delay = 0.00>
ST_1 : Operation 54 [1/1] (0.00ns)   --->   "%specpipeline_ln0 = specpipeline void @_ssdm_op_SpecPipeline, i32 4294967295, i32 0, i32 1, i32 0, void @p_str"   --->   Operation 54 'specpipeline' 'specpipeline_ln0' <Predicate = true> <Delay = 0.00>
ST_1 : Operation 55 [1/1] (0.58ns)   --->   "%icmp_ln87 = icmp_eq  i3 %com_cast, i3 %i_read" [Compute_block2in/Compute2in.cpp:87]   --->   Operation 55 'icmp' 'icmp_ln87' <Predicate = true> <Delay = 0.58> <CoreInst = "Cmp">   --->   Core 9 'Cmp' <Latency = 0> <II = 1> <Delay = 0.58> <FuncUnit> <Opcode : 'icmp'> <InPorts = 2> <OutPorts = 1>
ST_1 : Operation 56 [1/1] (0.00ns)   --->   "%empty = speclooptripcount i32 @_ssdm_op_SpecLoopTripCount, i64 0, i64 3, i64 0"   --->   Operation 56 'speclooptripcount' 'empty' <Predicate = true> <Delay = 0.00>
ST_1 : Operation 57 [1/1] (0.54ns)   --->   "%add_ln87 = add i2 %com_1, i2 1" [Compute_block2in/Compute2in.cpp:87]   --->   Operation 57 'add' 'add_ln87' <Predicate = true> <Delay = 0.54> <CoreInst = "Adder">   --->   Core 1 'Adder' <Latency = 0> <II = 1> <Delay = 0.54> <FuncUnit> <Opcode : 'add' 'sub'> <InPorts = 2> <OutPorts = 1>
ST_1 : Operation 58 [1/1] (0.00ns)   --->   "%br_ln87 = br i1 %icmp_ln87, void %VITIS_LOOP_91_4.split, void %for.inc153.loopexit.exitStub" [Compute_block2in/Compute2in.cpp:87]   --->   Operation 58 'br' 'br_ln87' <Predicate = true> <Delay = 0.00>
ST_1 : Operation 59 [1/1] (0.52ns)   --->   "%tmp_5 = mux i16 @_ssdm_op_Mux.ap_auto.4i16.i2, i16 %REG_V_32_reload_read, i16 %REG_V_40_reload_read, i16 %REG_V_48_reload_read, i16 %REG_V_56_reload_read, i2 %indvars_iv424_read"   --->   Operation 59 'mux' 'tmp_5' <Predicate = (!icmp_ln87)> <Delay = 0.52> <CoreInst = "Multiplexer">   --->   Core 76 'Multiplexer' <Latency = 0> <II = 1> <Delay = 0.52> <FuncUnit> <Opcode : 'mux'> <InPorts = 2> <OutPorts = 1>
ST_1 : Operation 60 [1/1] (0.00ns)   --->   "%zext_ln186 = zext i16 %tmp_5"   --->   Operation 60 'zext' 'zext_ln186' <Predicate = (!icmp_ln87)> <Delay = 0.00>
ST_1 : Operation 61 [1/1] (0.47ns)   --->   "%tmp_9 = mux i16 @_ssdm_op_Mux.ap_auto.3i16.i2, i16 %REG_V_36_reload_read, i16 %REG_V_44_reload_read, i16 %REG_V_52_reload_read, i2 %com_1"   --->   Operation 61 'mux' 'tmp_9' <Predicate = (!icmp_ln87)> <Delay = 0.47> <CoreInst = "Multiplexer">   --->   Core 76 'Multiplexer' <Latency = 0> <II = 1> <Delay = 0.47> <FuncUnit> <Opcode : 'mux'> <InPorts = 2> <OutPorts = 1>
ST_1 : Operation 62 [1/1] (0.00ns)   --->   "%zext_ln186_1 = zext i16 %tmp_9"   --->   Operation 62 'zext' 'zext_ln186_1' <Predicate = (!icmp_ln87)> <Delay = 0.00>
ST_1 : Operation 63 [4/4] (0.53ns) (root node of the DSP)   --->   "%mul_ln1494 = mul i32 %zext_ln186_1, i32 %zext_ln186"   --->   Operation 63 'mul' 'mul_ln1494' <Predicate = (!icmp_ln87)> <Delay = 0.53> <CoreInst = "DSP48">   --->   Core 127 'DSP48' <Latency = 3> <II = 1> <Delay = 0.53> <IPBlock> <Opcode : 'mul' 'add' 'sub' 'select'> <InPorts = 0> <OutPorts = 1> <Sync> <CReg>
ST_1 : Operation 64 [1/1] (0.52ns)   --->   "%tmp_5_1 = mux i16 @_ssdm_op_Mux.ap_auto.4i16.i2, i16 %REG_V_33_reload_read, i16 %REG_V_41_reload_read, i16 %REG_V_49_reload_read, i16 %REG_V_57_reload_read, i2 %indvars_iv424_read"   --->   Operation 64 'mux' 'tmp_5_1' <Predicate = (!icmp_ln87)> <Delay = 0.52> <CoreInst = "Multiplexer">   --->   Core 76 'Multiplexer' <Latency = 0> <II = 1> <Delay = 0.52> <FuncUnit> <Opcode : 'mux'> <InPorts = 2> <OutPorts = 1>
ST_1 : Operation 65 [1/1] (0.00ns)   --->   "%zext_ln186_4 = zext i16 %tmp_5_1"   --->   Operation 65 'zext' 'zext_ln186_4' <Predicate = (!icmp_ln87)> <Delay = 0.00>
ST_1 : Operation 66 [1/1] (0.47ns)   --->   "%tmp_9_1 = mux i16 @_ssdm_op_Mux.ap_auto.3i16.i2, i16 %REG_V_37_reload_read, i16 %REG_V_45_reload_read, i16 %REG_V_53_reload_read, i2 %com_1"   --->   Operation 66 'mux' 'tmp_9_1' <Predicate = (!icmp_ln87)> <Delay = 0.47> <CoreInst = "Multiplexer">   --->   Core 76 'Multiplexer' <Latency = 0> <II = 1> <Delay = 0.47> <FuncUnit> <Opcode : 'mux'> <InPorts = 2> <OutPorts = 1>
ST_1 : Operation 67 [1/1] (0.00ns)   --->   "%zext_ln186_5 = zext i16 %tmp_9_1"   --->   Operation 67 'zext' 'zext_ln186_5' <Predicate = (!icmp_ln87)> <Delay = 0.00>
ST_1 : Operation 68 [4/4] (0.53ns) (root node of the DSP)   --->   "%mul_ln1494_2 = mul i32 %zext_ln186_5, i32 %zext_ln186_4"   --->   Operation 68 'mul' 'mul_ln1494_2' <Predicate = (!icmp_ln87)> <Delay = 0.53> <CoreInst = "DSP48">   --->   Core 127 'DSP48' <Latency = 3> <II = 1> <Delay = 0.53> <IPBlock> <Opcode : 'mul' 'add' 'sub' 'select'> <InPorts = 0> <OutPorts = 1> <Sync> <CReg>
ST_1 : Operation 69 [1/1] (0.47ns)   --->   "%tmp_1_15 = mux i16 @_ssdm_op_Mux.ap_auto.3i16.i2, i16 %REG_V_33_reload_read, i16 %REG_V_41_reload_read, i16 %REG_V_49_reload_read, i2 %com_1"   --->   Operation 69 'mux' 'tmp_1_15' <Predicate = (!icmp_ln87)> <Delay = 0.47> <CoreInst = "Multiplexer">   --->   Core 76 'Multiplexer' <Latency = 0> <II = 1> <Delay = 0.47> <FuncUnit> <Opcode : 'mux'> <InPorts = 2> <OutPorts = 1>
ST_1 : Operation 70 [1/1] (0.00ns)   --->   "%zext_ln186_6 = zext i16 %tmp_1_15"   --->   Operation 70 'zext' 'zext_ln186_6' <Predicate = (!icmp_ln87)> <Delay = 0.00>
ST_1 : Operation 71 [1/1] (0.52ns)   --->   "%tmp_11_1 = mux i16 @_ssdm_op_Mux.ap_auto.4i16.i2, i16 %REG_V_37_reload_read, i16 %REG_V_45_reload_read, i16 %REG_V_53_reload_read, i16 %REG_V_61_reload_read, i2 %indvars_iv424_read"   --->   Operation 71 'mux' 'tmp_11_1' <Predicate = (!icmp_ln87)> <Delay = 0.52> <CoreInst = "Multiplexer">   --->   Core 76 'Multiplexer' <Latency = 0> <II = 1> <Delay = 0.52> <FuncUnit> <Opcode : 'mux'> <InPorts = 2> <OutPorts = 1>
ST_1 : Operation 72 [1/1] (0.00ns)   --->   "%zext_ln186_7 = zext i16 %tmp_11_1"   --->   Operation 72 'zext' 'zext_ln186_7' <Predicate = (!icmp_ln87)> <Delay = 0.00>
ST_1 : Operation 73 [4/4] (0.53ns) (root node of the DSP)   --->   "%mul_ln1494_3 = mul i32 %zext_ln186_7, i32 %zext_ln186_6"   --->   Operation 73 'mul' 'mul_ln1494_3' <Predicate = (!icmp_ln87)> <Delay = 0.53> <CoreInst = "DSP48">   --->   Core 127 'DSP48' <Latency = 3> <II = 1> <Delay = 0.53> <IPBlock> <Opcode : 'mul' 'add' 'sub' 'select'> <InPorts = 0> <OutPorts = 1> <Sync> <CReg>
ST_1 : Operation 74 [1/1] (0.47ns)   --->   "%tmp_3_17 = mux i16 @_ssdm_op_Mux.ap_auto.3i16.i2, i16 %REG_V_35_reload_read, i16 %REG_V_43_reload_read, i16 %REG_V_51_reload_read, i2 %com_1"   --->   Operation 74 'mux' 'tmp_3_17' <Predicate = (!icmp_ln87)> <Delay = 0.47> <CoreInst = "Multiplexer">   --->   Core 76 'Multiplexer' <Latency = 0> <II = 1> <Delay = 0.47> <FuncUnit> <Opcode : 'mux'> <InPorts = 2> <OutPorts = 1>
ST_1 : Operation 75 [1/1] (0.00ns)   --->   "%zext_ln186_14 = zext i16 %tmp_3_17"   --->   Operation 75 'zext' 'zext_ln186_14' <Predicate = (!icmp_ln87)> <Delay = 0.00>
ST_1 : Operation 76 [1/1] (0.52ns)   --->   "%tmp_11_3 = mux i16 @_ssdm_op_Mux.ap_auto.4i16.i2, i16 %REG_V_39_reload_read, i16 %REG_V_47_reload_read, i16 %REG_V_55_reload_read, i16 %REG_V_63_reload_read, i2 %indvars_iv424_read"   --->   Operation 76 'mux' 'tmp_11_3' <Predicate = (!icmp_ln87)> <Delay = 0.52> <CoreInst = "Multiplexer">   --->   Core 76 'Multiplexer' <Latency = 0> <II = 1> <Delay = 0.52> <FuncUnit> <Opcode : 'mux'> <InPorts = 2> <OutPorts = 1>
ST_1 : Operation 77 [1/1] (0.00ns)   --->   "%zext_ln186_15 = zext i16 %tmp_11_3"   --->   Operation 77 'zext' 'zext_ln186_15' <Predicate = (!icmp_ln87)> <Delay = 0.00>
ST_1 : Operation 78 [4/4] (0.53ns) (root node of the DSP)   --->   "%mul_ln1494_7 = mul i32 %zext_ln186_15, i32 %zext_ln186_14"   --->   Operation 78 'mul' 'mul_ln1494_7' <Predicate = (!icmp_ln87)> <Delay = 0.53> <CoreInst = "DSP48">   --->   Core 127 'DSP48' <Latency = 3> <II = 1> <Delay = 0.53> <IPBlock> <Opcode : 'mul' 'add' 'sub' 'select'> <InPorts = 0> <OutPorts = 1> <Sync> <CReg>
ST_1 : Operation 79 [1/1] (0.00ns)   --->   "%br_ln95 = br i1 %phase_read, void %if.end148, void %if.then113" [Compute_block2in/Compute2in.cpp:95]   --->   Operation 79 'br' 'br_ln95' <Predicate = (!icmp_ln87)> <Delay = 0.00>
ST_1 : Operation 80 [1/1] (0.42ns)   --->   "%store_ln87 = store i2 %add_ln87, i2 %com" [Compute_block2in/Compute2in.cpp:87]   --->   Operation 80 'store' 'store_ln87' <Predicate = (!icmp_ln87)> <Delay = 0.42>
ST_1 : Operation 81 [1/1] (0.00ns)   --->   "%br_ln87 = br void %VITIS_LOOP_91_4" [Compute_block2in/Compute2in.cpp:87]   --->   Operation 81 'br' 'br_ln87' <Predicate = (!icmp_ln87)> <Delay = 0.00>

State 2 <SV = 1> <Delay = 1.52>
ST_2 : Operation 82 [3/4] (0.53ns) (root node of the DSP)   --->   "%mul_ln1494 = mul i32 %zext_ln186_1, i32 %zext_ln186"   --->   Operation 82 'mul' 'mul_ln1494' <Predicate = (!icmp_ln87)> <Delay = 0.53> <CoreInst = "DSP48">   --->   Core 127 'DSP48' <Latency = 3> <II = 1> <Delay = 0.53> <IPBlock> <Opcode : 'mul' 'add' 'sub' 'select'> <InPorts = 0> <OutPorts = 1> <Sync> <CReg>
ST_2 : Operation 83 [1/1] (0.52ns)   --->   "%tmp_3 = mux i16 @_ssdm_op_Mux.ap_auto.4i16.i2, i16 %REG_V_36_reload_read, i16 %REG_V_44_reload_read, i16 %REG_V_52_reload_read, i16 %REG_V_60_reload_read, i2 %indvars_iv424_read"   --->   Operation 83 'mux' 'tmp_3' <Predicate = (!icmp_ln87)> <Delay = 0.52> <CoreInst = "Multiplexer">   --->   Core 76 'Multiplexer' <Latency = 0> <II = 1> <Delay = 0.52> <FuncUnit> <Opcode : 'mux'> <InPorts = 2> <OutPorts = 1>
ST_2 : Operation 84 [3/4] (0.53ns) (root node of the DSP)   --->   "%mul_ln1494_2 = mul i32 %zext_ln186_5, i32 %zext_ln186_4"   --->   Operation 84 'mul' 'mul_ln1494_2' <Predicate = (!icmp_ln87)> <Delay = 0.53> <CoreInst = "DSP48">   --->   Core 127 'DSP48' <Latency = 3> <II = 1> <Delay = 0.53> <IPBlock> <Opcode : 'mul' 'add' 'sub' 'select'> <InPorts = 0> <OutPorts = 1> <Sync> <CReg>
ST_2 : Operation 85 [3/4] (0.53ns) (root node of the DSP)   --->   "%mul_ln1494_3 = mul i32 %zext_ln186_7, i32 %zext_ln186_6"   --->   Operation 85 'mul' 'mul_ln1494_3' <Predicate = (!icmp_ln87)> <Delay = 0.53> <CoreInst = "DSP48">   --->   Core 127 'DSP48' <Latency = 3> <II = 1> <Delay = 0.53> <IPBlock> <Opcode : 'mul' 'add' 'sub' 'select'> <InPorts = 0> <OutPorts = 1> <Sync> <CReg>
ST_2 : Operation 86 [1/1] (0.52ns)   --->   "%tmp_5_2 = mux i16 @_ssdm_op_Mux.ap_auto.4i16.i2, i16 %REG_V_34_reload_read, i16 %REG_V_42_reload_read, i16 %REG_V_50_reload_read, i16 %REG_V_58_reload_read, i2 %indvars_iv424_read"   --->   Operation 86 'mux' 'tmp_5_2' <Predicate = (!icmp_ln87)> <Delay = 0.52> <CoreInst = "Multiplexer">   --->   Core 76 'Multiplexer' <Latency = 0> <II = 1> <Delay = 0.52> <FuncUnit> <Opcode : 'mux'> <InPorts = 2> <OutPorts = 1>
ST_2 : Operation 87 [1/1] (0.00ns)   --->   "%zext_ln186_8 = zext i16 %tmp_5_2"   --->   Operation 87 'zext' 'zext_ln186_8' <Predicate = (!icmp_ln87)> <Delay = 0.00>
ST_2 : Operation 88 [1/1] (0.47ns)   --->   "%tmp_9_2 = mux i16 @_ssdm_op_Mux.ap_auto.3i16.i2, i16 %REG_V_38_reload_read, i16 %REG_V_46_reload_read, i16 %REG_V_54_reload_read, i2 %com_1"   --->   Operation 88 'mux' 'tmp_9_2' <Predicate = (!icmp_ln87)> <Delay = 0.47> <CoreInst = "Multiplexer">   --->   Core 76 'Multiplexer' <Latency = 0> <II = 1> <Delay = 0.47> <FuncUnit> <Opcode : 'mux'> <InPorts = 2> <OutPorts = 1>
ST_2 : Operation 89 [1/1] (0.00ns)   --->   "%zext_ln186_9 = zext i16 %tmp_9_2"   --->   Operation 89 'zext' 'zext_ln186_9' <Predicate = (!icmp_ln87)> <Delay = 0.00>
ST_2 : Operation 90 [3/3] (0.99ns) (grouped into DSP with root node add_ln96_1)   --->   "%mul_ln1494_4 = mul i32 %zext_ln186_9, i32 %zext_ln186_8"   --->   Operation 90 'mul' 'mul_ln1494_4' <Predicate = (!icmp_ln87)> <Delay = 0.99> <CoreInst = "DSP48">   --->   Core 127 'DSP48' <Latency = 3> <II = 1> <Delay = 0.53> <IPBlock> <Opcode : 'mul' 'add' 'sub' 'select'> <InPorts = 0> <OutPorts = 1> <Sync> <CReg>
ST_2 : Operation 91 [1/1] (0.47ns)   --->   "%tmp_2_16 = mux i16 @_ssdm_op_Mux.ap_auto.3i16.i2, i16 %REG_V_34_reload_read, i16 %REG_V_42_reload_read, i16 %REG_V_50_reload_read, i2 %com_1"   --->   Operation 91 'mux' 'tmp_2_16' <Predicate = (!icmp_ln87)> <Delay = 0.47> <CoreInst = "Multiplexer">   --->   Core 76 'Multiplexer' <Latency = 0> <II = 1> <Delay = 0.47> <FuncUnit> <Opcode : 'mux'> <InPorts = 2> <OutPorts = 1>
ST_2 : Operation 92 [1/1] (0.00ns)   --->   "%zext_ln186_10 = zext i16 %tmp_2_16"   --->   Operation 92 'zext' 'zext_ln186_10' <Predicate = (!icmp_ln87)> <Delay = 0.00>
ST_2 : Operation 93 [1/1] (0.52ns)   --->   "%tmp_11_2 = mux i16 @_ssdm_op_Mux.ap_auto.4i16.i2, i16 %REG_V_38_reload_read, i16 %REG_V_46_reload_read, i16 %REG_V_54_reload_read, i16 %REG_V_62_reload_read, i2 %indvars_iv424_read"   --->   Operation 93 'mux' 'tmp_11_2' <Predicate = (!icmp_ln87)> <Delay = 0.52> <CoreInst = "Multiplexer">   --->   Core 76 'Multiplexer' <Latency = 0> <II = 1> <Delay = 0.52> <FuncUnit> <Opcode : 'mux'> <InPorts = 2> <OutPorts = 1>
ST_2 : Operation 94 [1/1] (0.00ns)   --->   "%zext_ln186_11 = zext i16 %tmp_11_2"   --->   Operation 94 'zext' 'zext_ln186_11' <Predicate = (!icmp_ln87)> <Delay = 0.00>
ST_2 : Operation 95 [3/3] (0.99ns) (grouped into DSP with root node add_ln840)   --->   "%mul_ln1494_5 = mul i32 %zext_ln186_11, i32 %zext_ln186_10"   --->   Operation 95 'mul' 'mul_ln1494_5' <Predicate = (!icmp_ln87)> <Delay = 0.99> <CoreInst = "DSP48">   --->   Core 127 'DSP48' <Latency = 3> <II = 1> <Delay = 0.53> <IPBlock> <Opcode : 'mul' 'add' 'sub' 'select'> <InPorts = 0> <OutPorts = 1> <Sync> <CReg>
ST_2 : Operation 96 [1/1] (0.52ns)   --->   "%tmp_5_3 = mux i16 @_ssdm_op_Mux.ap_auto.4i16.i2, i16 %REG_V_35_reload_read, i16 %REG_V_43_reload_read, i16 %REG_V_51_reload_read, i16 %REG_V_59_reload_read, i2 %indvars_iv424_read"   --->   Operation 96 'mux' 'tmp_5_3' <Predicate = (!icmp_ln87)> <Delay = 0.52> <CoreInst = "Multiplexer">   --->   Core 76 'Multiplexer' <Latency = 0> <II = 1> <Delay = 0.52> <FuncUnit> <Opcode : 'mux'> <InPorts = 2> <OutPorts = 1>
ST_2 : Operation 97 [1/1] (0.00ns)   --->   "%zext_ln186_12 = zext i16 %tmp_5_3"   --->   Operation 97 'zext' 'zext_ln186_12' <Predicate = (!icmp_ln87)> <Delay = 0.00>
ST_2 : Operation 98 [1/1] (0.47ns)   --->   "%tmp_9_3 = mux i16 @_ssdm_op_Mux.ap_auto.3i16.i2, i16 %REG_V_39_reload_read, i16 %REG_V_47_reload_read, i16 %REG_V_55_reload_read, i2 %com_1"   --->   Operation 98 'mux' 'tmp_9_3' <Predicate = (!icmp_ln87)> <Delay = 0.47> <CoreInst = "Multiplexer">   --->   Core 76 'Multiplexer' <Latency = 0> <II = 1> <Delay = 0.47> <FuncUnit> <Opcode : 'mux'> <InPorts = 2> <OutPorts = 1>
ST_2 : Operation 99 [1/1] (0.00ns)   --->   "%zext_ln186_13 = zext i16 %tmp_9_3"   --->   Operation 99 'zext' 'zext_ln186_13' <Predicate = (!icmp_ln87)> <Delay = 0.00>
ST_2 : Operation 100 [3/3] (0.99ns) (grouped into DSP with root node add_ln96_2)   --->   "%mul_ln1494_6 = mul i32 %zext_ln186_13, i32 %zext_ln186_12"   --->   Operation 100 'mul' 'mul_ln1494_6' <Predicate = (!icmp_ln87)> <Delay = 0.99> <CoreInst = "DSP48">   --->   Core 127 'DSP48' <Latency = 3> <II = 1> <Delay = 0.53> <IPBlock> <Opcode : 'mul' 'add' 'sub' 'select'> <InPorts = 0> <OutPorts = 1> <Sync> <CReg>
ST_2 : Operation 101 [3/4] (0.53ns) (root node of the DSP)   --->   "%mul_ln1494_7 = mul i32 %zext_ln186_15, i32 %zext_ln186_14"   --->   Operation 101 'mul' 'mul_ln1494_7' <Predicate = (!icmp_ln87)> <Delay = 0.53> <CoreInst = "DSP48">   --->   Core 127 'DSP48' <Latency = 3> <II = 1> <Delay = 0.53> <IPBlock> <Opcode : 'mul' 'add' 'sub' 'select'> <InPorts = 0> <OutPorts = 1> <Sync> <CReg>

State 3 <SV = 2> <Delay = 0.99>
ST_3 : Operation 102 [2/4] (0.53ns) (root node of the DSP)   --->   "%mul_ln1494 = mul i32 %zext_ln186_1, i32 %zext_ln186"   --->   Operation 102 'mul' 'mul_ln1494' <Predicate = true> <Delay = 0.53> <CoreInst = "DSP48">   --->   Core 127 'DSP48' <Latency = 3> <II = 1> <Delay = 0.53> <IPBlock> <Opcode : 'mul' 'add' 'sub' 'select'> <InPorts = 0> <OutPorts = 1> <Sync> <CReg>
ST_3 : Operation 103 [2/4] (0.53ns) (root node of the DSP)   --->   "%mul_ln1494_2 = mul i32 %zext_ln186_5, i32 %zext_ln186_4"   --->   Operation 103 'mul' 'mul_ln1494_2' <Predicate = true> <Delay = 0.53> <CoreInst = "DSP48">   --->   Core 127 'DSP48' <Latency = 3> <II = 1> <Delay = 0.53> <IPBlock> <Opcode : 'mul' 'add' 'sub' 'select'> <InPorts = 0> <OutPorts = 1> <Sync> <CReg>
ST_3 : Operation 104 [2/4] (0.53ns) (root node of the DSP)   --->   "%mul_ln1494_3 = mul i32 %zext_ln186_7, i32 %zext_ln186_6"   --->   Operation 104 'mul' 'mul_ln1494_3' <Predicate = true> <Delay = 0.53> <CoreInst = "DSP48">   --->   Core 127 'DSP48' <Latency = 3> <II = 1> <Delay = 0.53> <IPBlock> <Opcode : 'mul' 'add' 'sub' 'select'> <InPorts = 0> <OutPorts = 1> <Sync> <CReg>
ST_3 : Operation 105 [2/3] (0.99ns) (grouped into DSP with root node add_ln96_1)   --->   "%mul_ln1494_4 = mul i32 %zext_ln186_9, i32 %zext_ln186_8"   --->   Operation 105 'mul' 'mul_ln1494_4' <Predicate = true> <Delay = 0.99> <CoreInst = "DSP48">   --->   Core 127 'DSP48' <Latency = 3> <II = 1> <Delay = 0.53> <IPBlock> <Opcode : 'mul' 'add' 'sub' 'select'> <InPorts = 0> <OutPorts = 1> <Sync> <CReg>
ST_3 : Operation 106 [2/3] (0.99ns) (grouped into DSP with root node add_ln840)   --->   "%mul_ln1494_5 = mul i32 %zext_ln186_11, i32 %zext_ln186_10"   --->   Operation 106 'mul' 'mul_ln1494_5' <Predicate = true> <Delay = 0.99> <CoreInst = "DSP48">   --->   Core 127 'DSP48' <Latency = 3> <II = 1> <Delay = 0.53> <IPBlock> <Opcode : 'mul' 'add' 'sub' 'select'> <InPorts = 0> <OutPorts = 1> <Sync> <CReg>
ST_3 : Operation 107 [2/3] (0.99ns) (grouped into DSP with root node add_ln96_2)   --->   "%mul_ln1494_6 = mul i32 %zext_ln186_13, i32 %zext_ln186_12"   --->   Operation 107 'mul' 'mul_ln1494_6' <Predicate = true> <Delay = 0.99> <CoreInst = "DSP48">   --->   Core 127 'DSP48' <Latency = 3> <II = 1> <Delay = 0.53> <IPBlock> <Opcode : 'mul' 'add' 'sub' 'select'> <InPorts = 0> <OutPorts = 1> <Sync> <CReg>
ST_3 : Operation 108 [2/4] (0.53ns) (root node of the DSP)   --->   "%mul_ln1494_7 = mul i32 %zext_ln186_15, i32 %zext_ln186_14"   --->   Operation 108 'mul' 'mul_ln1494_7' <Predicate = true> <Delay = 0.53> <CoreInst = "DSP48">   --->   Core 127 'DSP48' <Latency = 3> <II = 1> <Delay = 0.53> <IPBlock> <Opcode : 'mul' 'add' 'sub' 'select'> <InPorts = 0> <OutPorts = 1> <Sync> <CReg>

State 4 <SV = 3> <Delay = 1.47>
ST_4 : Operation 109 [1/4] (0.00ns) (root node of the DSP)   --->   "%mul_ln1494 = mul i32 %zext_ln186_1, i32 %zext_ln186"   --->   Operation 109 'mul' 'mul_ln1494' <Predicate = true> <Delay = 0.00> <CoreInst = "DSP48">   --->   Core 127 'DSP48' <Latency = 3> <II = 1> <Delay = 0.53> <IPBlock> <Opcode : 'mul' 'add' 'sub' 'select'> <InPorts = 0> <OutPorts = 1> <Sync> <CReg>
ST_4 : Operation 110 [1/1] (0.47ns)   --->   "%tmp_s = mux i16 @_ssdm_op_Mux.ap_auto.3i16.i2, i16 %REG_V_32_reload_read, i16 %REG_V_40_reload_read, i16 %REG_V_48_reload_read, i2 %com_1"   --->   Operation 110 'mux' 'tmp_s' <Predicate = true> <Delay = 0.47> <CoreInst = "Multiplexer">   --->   Core 76 'Multiplexer' <Latency = 0> <II = 1> <Delay = 0.47> <FuncUnit> <Opcode : 'mux'> <InPorts = 2> <OutPorts = 1>
ST_4 : Operation 111 [1/1] (0.00ns)   --->   "%zext_ln186_2 = zext i16 %tmp_s"   --->   Operation 111 'zext' 'zext_ln186_2' <Predicate = true> <Delay = 0.00>
ST_4 : Operation 112 [1/1] (0.00ns)   --->   "%zext_ln186_3 = zext i16 %tmp_3"   --->   Operation 112 'zext' 'zext_ln186_3' <Predicate = true> <Delay = 0.00>
ST_4 : Operation 113 [3/3] (0.99ns) (grouped into DSP with root node add_ln840_1)   --->   "%mul_ln1494_1 = mul i32 %zext_ln186_3, i32 %zext_ln186_2"   --->   Operation 113 'mul' 'mul_ln1494_1' <Predicate = true> <Delay = 0.99> <CoreInst = "DSP48">   --->   Core 127 'DSP48' <Latency = 3> <II = 1> <Delay = 0.53> <IPBlock> <Opcode : 'mul' 'add' 'sub' 'select'> <InPorts = 0> <OutPorts = 1> <Sync> <CReg>
ST_4 : Operation 114 [1/4] (0.00ns) (root node of the DSP)   --->   "%mul_ln1494_2 = mul i32 %zext_ln186_5, i32 %zext_ln186_4"   --->   Operation 114 'mul' 'mul_ln1494_2' <Predicate = true> <Delay = 0.00> <CoreInst = "DSP48">   --->   Core 127 'DSP48' <Latency = 3> <II = 1> <Delay = 0.53> <IPBlock> <Opcode : 'mul' 'add' 'sub' 'select'> <InPorts = 0> <OutPorts = 1> <Sync> <CReg>
ST_4 : Operation 115 [1/4] (0.00ns) (root node of the DSP)   --->   "%mul_ln1494_3 = mul i32 %zext_ln186_7, i32 %zext_ln186_6"   --->   Operation 115 'mul' 'mul_ln1494_3' <Predicate = true> <Delay = 0.00> <CoreInst = "DSP48">   --->   Core 127 'DSP48' <Latency = 3> <II = 1> <Delay = 0.53> <IPBlock> <Opcode : 'mul' 'add' 'sub' 'select'> <InPorts = 0> <OutPorts = 1> <Sync> <CReg>
ST_4 : Operation 116 [1/3] (0.00ns) (grouped into DSP with root node add_ln96_1)   --->   "%mul_ln1494_4 = mul i32 %zext_ln186_9, i32 %zext_ln186_8"   --->   Operation 116 'mul' 'mul_ln1494_4' <Predicate = true> <Delay = 0.00> <CoreInst = "DSP48">   --->   Core 127 'DSP48' <Latency = 3> <II = 1> <Delay = 0.53> <IPBlock> <Opcode : 'mul' 'add' 'sub' 'select'> <InPorts = 0> <OutPorts = 1> <Sync> <CReg>
ST_4 : Operation 117 [1/3] (0.00ns) (grouped into DSP with root node add_ln840)   --->   "%mul_ln1494_5 = mul i32 %zext_ln186_11, i32 %zext_ln186_10"   --->   Operation 117 'mul' 'mul_ln1494_5' <Predicate = true> <Delay = 0.00> <CoreInst = "DSP48">   --->   Core 127 'DSP48' <Latency = 3> <II = 1> <Delay = 0.53> <IPBlock> <Opcode : 'mul' 'add' 'sub' 'select'> <InPorts = 0> <OutPorts = 1> <Sync> <CReg>
ST_4 : Operation 118 [1/3] (0.00ns) (grouped into DSP with root node add_ln96_2)   --->   "%mul_ln1494_6 = mul i32 %zext_ln186_13, i32 %zext_ln186_12"   --->   Operation 118 'mul' 'mul_ln1494_6' <Predicate = true> <Delay = 0.00> <CoreInst = "DSP48">   --->   Core 127 'DSP48' <Latency = 3> <II = 1> <Delay = 0.53> <IPBlock> <Opcode : 'mul' 'add' 'sub' 'select'> <InPorts = 0> <OutPorts = 1> <Sync> <CReg>
ST_4 : Operation 119 [2/2] (0.64ns) (root node of the DSP)   --->   "%add_ln96_1 = add i32 %mul_ln1494, i32 %mul_ln1494_4" [Compute_block2in/Compute2in.cpp:96]   --->   Operation 119 'add' 'add_ln96_1' <Predicate = true> <Delay = 0.64> <CoreInst = "DSP48">   --->   Core 127 'DSP48' <Latency = 3> <II = 1> <Delay = 0.53> <IPBlock> <Opcode : 'mul' 'add' 'sub' 'select'> <InPorts = 0> <OutPorts = 1> <Sync> <CReg>
ST_4 : Operation 120 [2/2] (0.64ns) (root node of the DSP)   --->   "%add_ln96_2 = add i32 %mul_ln1494_2, i32 %mul_ln1494_6" [Compute_block2in/Compute2in.cpp:96]   --->   Operation 120 'add' 'add_ln96_2' <Predicate = true> <Delay = 0.64> <CoreInst = "DSP48">   --->   Core 127 'DSP48' <Latency = 3> <II = 1> <Delay = 0.53> <IPBlock> <Opcode : 'mul' 'add' 'sub' 'select'> <InPorts = 0> <OutPorts = 1> <Sync> <CReg>
ST_4 : Operation 121 [1/4] (0.00ns) (root node of the DSP)   --->   "%mul_ln1494_7 = mul i32 %zext_ln186_15, i32 %zext_ln186_14"   --->   Operation 121 'mul' 'mul_ln1494_7' <Predicate = true> <Delay = 0.00> <CoreInst = "DSP48">   --->   Core 127 'DSP48' <Latency = 3> <II = 1> <Delay = 0.53> <IPBlock> <Opcode : 'mul' 'add' 'sub' 'select'> <InPorts = 0> <OutPorts = 1> <Sync> <CReg>
ST_4 : Operation 122 [2/2] (0.64ns) (root node of the DSP)   --->   "%add_ln840 = add i32 %mul_ln1494_3, i32 %mul_ln1494_5"   --->   Operation 122 'add' 'add_ln840' <Predicate = true> <Delay = 0.64> <CoreInst = "DSP48">   --->   Core 127 'DSP48' <Latency = 3> <II = 1> <Delay = 0.53> <IPBlock> <Opcode : 'mul' 'add' 'sub' 'select'> <InPorts = 0> <OutPorts = 1> <Sync> <CReg>

State 5 <SV = 4> <Delay = 2.08>
ST_5 : Operation 123 [2/3] (0.99ns) (grouped into DSP with root node add_ln840_1)   --->   "%mul_ln1494_1 = mul i32 %zext_ln186_3, i32 %zext_ln186_2"   --->   Operation 123 'mul' 'mul_ln1494_1' <Predicate = true> <Delay = 0.99> <CoreInst = "DSP48">   --->   Core 127 'DSP48' <Latency = 3> <II = 1> <Delay = 0.53> <IPBlock> <Opcode : 'mul' 'add' 'sub' 'select'> <InPorts = 0> <OutPorts = 1> <Sync> <CReg>
ST_5 : Operation 124 [1/2] (0.64ns) (root node of the DSP)   --->   "%add_ln96_1 = add i32 %mul_ln1494, i32 %mul_ln1494_4" [Compute_block2in/Compute2in.cpp:96]   --->   Operation 124 'add' 'add_ln96_1' <Predicate = true> <Delay = 0.64> <CoreInst = "DSP48">   --->   Core 127 'DSP48' <Latency = 3> <II = 1> <Delay = 0.53> <IPBlock> <Opcode : 'mul' 'add' 'sub' 'select'> <InPorts = 0> <OutPorts = 1> <Sync> <CReg>
ST_5 : Operation 125 [1/2] (0.64ns) (root node of the DSP)   --->   "%add_ln96_2 = add i32 %mul_ln1494_2, i32 %mul_ln1494_6" [Compute_block2in/Compute2in.cpp:96]   --->   Operation 125 'add' 'add_ln96_2' <Predicate = true> <Delay = 0.64> <CoreInst = "DSP48">   --->   Core 127 'DSP48' <Latency = 3> <II = 1> <Delay = 0.53> <IPBlock> <Opcode : 'mul' 'add' 'sub' 'select'> <InPorts = 0> <OutPorts = 1> <Sync> <CReg>
ST_5 : Operation 126 [1/1] (1.01ns)   --->   "%add_ln96_3 = add i32 %add_ln96_2, i32 %add_ln96_1" [Compute_block2in/Compute2in.cpp:96]   --->   Operation 126 'add' 'add_ln96_3' <Predicate = true> <Delay = 1.01> <CoreInst = "Adder">   --->   Core 1 'Adder' <Latency = 0> <II = 1> <Delay = 1.01> <FuncUnit> <Opcode : 'add' 'sub'> <InPorts = 2> <OutPorts = 1>
ST_5 : Operation 127 [1/2] (0.64ns) (root node of the DSP)   --->   "%add_ln840 = add i32 %mul_ln1494_3, i32 %mul_ln1494_5"   --->   Operation 127 'add' 'add_ln840' <Predicate = true> <Delay = 0.64> <CoreInst = "DSP48">   --->   Core 127 'DSP48' <Latency = 3> <II = 1> <Delay = 0.53> <IPBlock> <Opcode : 'mul' 'add' 'sub' 'select'> <InPorts = 0> <OutPorts = 1> <Sync> <CReg>
ST_5 : Operation 128 [1/1] (0.00ns)   --->   "%add_ln = bitconcatenate i4 @_ssdm_op_BitConcatenate.i4.i2.i2, i2 %tmp_7_read, i2 %com_1" [Compute_block2in/Compute2in.cpp:99]   --->   Operation 128 'bitconcatenate' 'add_ln' <Predicate = true> <Delay = 0.00>
ST_5 : Operation 129 [1/1] (0.44ns)   --->   "%switch_ln99 = switch i4 %add_ln, void %arrayidx142.case.14, i4 0, void %arrayidx142.case.0, i4 1, void %arrayidx142.case.1, i4 2, void %arrayidx142.case.2, i4 3, void %arrayidx142.case.3, i4 4, void %arrayidx142.case.4, i4 5, void %arrayidx142.case.5, i4 6, void %arrayidx142.case.6, i4 7, void %arrayidx142.case.7, i4 8, void %arrayidx142.case.8, i4 9, void %arrayidx142.case.9, i4 10, void %arrayidx142.case.10, i4 11, void %arrayidx142.case.11, i4 12, void %arrayidx142.case.12, i4 13, void %arrayidx142.case.13" [Compute_block2in/Compute2in.cpp:99]   --->   Operation 129 'switch' 'switch_ln99' <Predicate = (!phase_read)> <Delay = 0.44>
ST_5 : Operation 130 [1/1] (0.00ns)   --->   "%store_ln99 = store i32 %add_ln96_3, i32 %p_ZZ10compute2inP6ap_intILi32EES1_S1_bE4REG1_13" [Compute_block2in/Compute2in.cpp:99]   --->   Operation 130 'store' 'store_ln99' <Predicate = (!phase_read & add_ln == 13)> <Delay = 0.00>
ST_5 : Operation 131 [1/1] (0.00ns)   --->   "%br_ln99 = br void %arrayidx142.exit" [Compute_block2in/Compute2in.cpp:99]   --->   Operation 131 'br' 'br_ln99' <Predicate = (!phase_read & add_ln == 13)> <Delay = 0.00>
ST_5 : Operation 132 [1/1] (0.00ns)   --->   "%store_ln99 = store i32 %add_ln96_3, i32 %p_ZZ10compute2inP6ap_intILi32EES1_S1_bE4REG1_12" [Compute_block2in/Compute2in.cpp:99]   --->   Operation 132 'store' 'store_ln99' <Predicate = (!phase_read & add_ln == 12)> <Delay = 0.00>
ST_5 : Operation 133 [1/1] (0.00ns)   --->   "%br_ln99 = br void %arrayidx142.exit" [Compute_block2in/Compute2in.cpp:99]   --->   Operation 133 'br' 'br_ln99' <Predicate = (!phase_read & add_ln == 12)> <Delay = 0.00>
ST_5 : Operation 134 [1/1] (0.42ns)   --->   "%store_ln99 = store i32 %add_ln96_3, i32 %p_ZZ10compute2inP6ap_intILi32EES1_S1_bE4REG1_11" [Compute_block2in/Compute2in.cpp:99]   --->   Operation 134 'store' 'store_ln99' <Predicate = (!phase_read & add_ln == 11)> <Delay = 0.42>
ST_5 : Operation 135 [1/1] (0.00ns)   --->   "%br_ln99 = br void %arrayidx142.exit" [Compute_block2in/Compute2in.cpp:99]   --->   Operation 135 'br' 'br_ln99' <Predicate = (!phase_read & add_ln == 11)> <Delay = 0.00>
ST_5 : Operation 136 [1/1] (0.42ns)   --->   "%store_ln99 = store i32 %add_ln96_3, i32 %p_ZZ10compute2inP6ap_intILi32EES1_S1_bE4REG1_10" [Compute_block2in/Compute2in.cpp:99]   --->   Operation 136 'store' 'store_ln99' <Predicate = (!phase_read & add_ln == 10)> <Delay = 0.42>
ST_5 : Operation 137 [1/1] (0.00ns)   --->   "%br_ln99 = br void %arrayidx142.exit" [Compute_block2in/Compute2in.cpp:99]   --->   Operation 137 'br' 'br_ln99' <Predicate = (!phase_read & add_ln == 10)> <Delay = 0.00>
ST_5 : Operation 138 [1/1] (0.42ns)   --->   "%store_ln99 = store i32 %add_ln96_3, i32 %compute2in_ap_int_32_ap_int_32_ap_int_32_bool_REG1_9" [Compute_block2in/Compute2in.cpp:99]   --->   Operation 138 'store' 'store_ln99' <Predicate = (!phase_read & add_ln == 9)> <Delay = 0.42>
ST_5 : Operation 139 [1/1] (0.00ns)   --->   "%br_ln99 = br void %arrayidx142.exit" [Compute_block2in/Compute2in.cpp:99]   --->   Operation 139 'br' 'br_ln99' <Predicate = (!phase_read & add_ln == 9)> <Delay = 0.00>
ST_5 : Operation 140 [1/1] (0.42ns)   --->   "%store_ln99 = store i32 %add_ln96_3, i32 %compute2in_ap_int_32_ap_int_32_ap_int_32_bool_REG1_8" [Compute_block2in/Compute2in.cpp:99]   --->   Operation 140 'store' 'store_ln99' <Predicate = (!phase_read & add_ln == 8)> <Delay = 0.42>
ST_5 : Operation 141 [1/1] (0.00ns)   --->   "%br_ln99 = br void %arrayidx142.exit" [Compute_block2in/Compute2in.cpp:99]   --->   Operation 141 'br' 'br_ln99' <Predicate = (!phase_read & add_ln == 8)> <Delay = 0.00>
ST_5 : Operation 142 [1/1] (0.42ns)   --->   "%store_ln99 = store i32 %add_ln96_3, i32 %compute2in_ap_int_32_ap_int_32_ap_int_32_bool_REG1_7" [Compute_block2in/Compute2in.cpp:99]   --->   Operation 142 'store' 'store_ln99' <Predicate = (!phase_read & add_ln == 7)> <Delay = 0.42>
ST_5 : Operation 143 [1/1] (0.00ns)   --->   "%br_ln99 = br void %arrayidx142.exit" [Compute_block2in/Compute2in.cpp:99]   --->   Operation 143 'br' 'br_ln99' <Predicate = (!phase_read & add_ln == 7)> <Delay = 0.00>
ST_5 : Operation 144 [1/1] (0.42ns)   --->   "%store_ln99 = store i32 %add_ln96_3, i32 %compute2in_ap_int_32_ap_int_32_ap_int_32_bool_REG1_6" [Compute_block2in/Compute2in.cpp:99]   --->   Operation 144 'store' 'store_ln99' <Predicate = (!phase_read & add_ln == 6)> <Delay = 0.42>
ST_5 : Operation 145 [1/1] (0.00ns)   --->   "%br_ln99 = br void %arrayidx142.exit" [Compute_block2in/Compute2in.cpp:99]   --->   Operation 145 'br' 'br_ln99' <Predicate = (!phase_read & add_ln == 6)> <Delay = 0.00>
ST_5 : Operation 146 [1/1] (0.42ns)   --->   "%store_ln99 = store i32 %add_ln96_3, i32 %compute2in_ap_int_32_ap_int_32_ap_int_32_bool_REG1_5" [Compute_block2in/Compute2in.cpp:99]   --->   Operation 146 'store' 'store_ln99' <Predicate = (!phase_read & add_ln == 5)> <Delay = 0.42>
ST_5 : Operation 147 [1/1] (0.00ns)   --->   "%br_ln99 = br void %arrayidx142.exit" [Compute_block2in/Compute2in.cpp:99]   --->   Operation 147 'br' 'br_ln99' <Predicate = (!phase_read & add_ln == 5)> <Delay = 0.00>
ST_5 : Operation 148 [1/1] (0.42ns)   --->   "%store_ln99 = store i32 %add_ln96_3, i32 %compute2in_ap_int_32_ap_int_32_ap_int_32_bool_REG1_4" [Compute_block2in/Compute2in.cpp:99]   --->   Operation 148 'store' 'store_ln99' <Predicate = (!phase_read & add_ln == 4)> <Delay = 0.42>
ST_5 : Operation 149 [1/1] (0.00ns)   --->   "%br_ln99 = br void %arrayidx142.exit" [Compute_block2in/Compute2in.cpp:99]   --->   Operation 149 'br' 'br_ln99' <Predicate = (!phase_read & add_ln == 4)> <Delay = 0.00>
ST_5 : Operation 150 [1/1] (0.42ns)   --->   "%store_ln99 = store i32 %add_ln96_3, i32 %compute2in_ap_int_32_ap_int_32_ap_int_32_bool_REG1_3" [Compute_block2in/Compute2in.cpp:99]   --->   Operation 150 'store' 'store_ln99' <Predicate = (!phase_read & add_ln == 3)> <Delay = 0.42>
ST_5 : Operation 151 [1/1] (0.00ns)   --->   "%br_ln99 = br void %arrayidx142.exit" [Compute_block2in/Compute2in.cpp:99]   --->   Operation 151 'br' 'br_ln99' <Predicate = (!phase_read & add_ln == 3)> <Delay = 0.00>
ST_5 : Operation 152 [1/1] (0.42ns)   --->   "%store_ln99 = store i32 %add_ln96_3, i32 %compute2in_ap_int_32_ap_int_32_ap_int_32_bool_REG1_2" [Compute_block2in/Compute2in.cpp:99]   --->   Operation 152 'store' 'store_ln99' <Predicate = (!phase_read & add_ln == 2)> <Delay = 0.42>
ST_5 : Operation 153 [1/1] (0.00ns)   --->   "%br_ln99 = br void %arrayidx142.exit" [Compute_block2in/Compute2in.cpp:99]   --->   Operation 153 'br' 'br_ln99' <Predicate = (!phase_read & add_ln == 2)> <Delay = 0.00>
ST_5 : Operation 154 [1/1] (0.42ns)   --->   "%store_ln99 = store i32 %add_ln96_3, i32 %compute2in_ap_int_32_ap_int_32_ap_int_32_bool_REG1_1" [Compute_block2in/Compute2in.cpp:99]   --->   Operation 154 'store' 'store_ln99' <Predicate = (!phase_read & add_ln == 1)> <Delay = 0.42>
ST_5 : Operation 155 [1/1] (0.00ns)   --->   "%br_ln99 = br void %arrayidx142.exit" [Compute_block2in/Compute2in.cpp:99]   --->   Operation 155 'br' 'br_ln99' <Predicate = (!phase_read & add_ln == 1)> <Delay = 0.00>
ST_5 : Operation 156 [1/1] (0.42ns)   --->   "%store_ln99 = store i32 %add_ln96_3, i32 %compute2in_ap_int_32_ap_int_32_ap_int_32_bool_REG1" [Compute_block2in/Compute2in.cpp:99]   --->   Operation 156 'store' 'store_ln99' <Predicate = (!phase_read & add_ln == 0)> <Delay = 0.42>
ST_5 : Operation 157 [1/1] (0.00ns)   --->   "%br_ln99 = br void %arrayidx142.exit" [Compute_block2in/Compute2in.cpp:99]   --->   Operation 157 'br' 'br_ln99' <Predicate = (!phase_read & add_ln == 0)> <Delay = 0.00>
ST_5 : Operation 158 [1/1] (0.00ns)   --->   "%store_ln99 = store i32 %add_ln96_3, i32 %p_ZZ10compute2inP6ap_intILi32EES1_S1_bE4REG1_14" [Compute_block2in/Compute2in.cpp:99]   --->   Operation 158 'store' 'store_ln99' <Predicate = (!phase_read & add_ln == 15) | (!phase_read & add_ln == 14)> <Delay = 0.00>
ST_5 : Operation 159 [1/1] (0.00ns)   --->   "%br_ln99 = br void %arrayidx142.exit" [Compute_block2in/Compute2in.cpp:99]   --->   Operation 159 'br' 'br_ln99' <Predicate = (!phase_read & add_ln == 15) | (!phase_read & add_ln == 14)> <Delay = 0.00>
ST_5 : Operation 221 [1/1] (0.00ns)   --->   "%ret_ln0 = ret"   --->   Operation 221 'ret' 'ret_ln0' <Predicate = (icmp_ln87)> <Delay = 0.00>

State 6 <SV = 5> <Delay = 2.24>
ST_6 : Operation 160 [1/3] (0.00ns) (grouped into DSP with root node add_ln840_1)   --->   "%mul_ln1494_1 = mul i32 %zext_ln186_3, i32 %zext_ln186_2"   --->   Operation 160 'mul' 'mul_ln1494_1' <Predicate = true> <Delay = 0.00> <CoreInst = "DSP48">   --->   Core 127 'DSP48' <Latency = 3> <II = 1> <Delay = 0.53> <IPBlock> <Opcode : 'mul' 'add' 'sub' 'select'> <InPorts = 0> <OutPorts = 1> <Sync> <CReg>
ST_6 : Operation 161 [2/2] (0.64ns) (root node of the DSP)   --->   "%add_ln840_1 = add i32 %add_ln840, i32 %mul_ln1494_1"   --->   Operation 161 'add' 'add_ln840_1' <Predicate = true> <Delay = 0.64> <CoreInst = "DSP48">   --->   Core 127 'DSP48' <Latency = 3> <II = 1> <Delay = 0.53> <IPBlock> <Opcode : 'mul' 'add' 'sub' 'select'> <InPorts = 0> <OutPorts = 1> <Sync> <CReg>
ST_6 : Operation 162 [1/1] (0.00ns)   --->   "%zext_ln100 = zext i4 %add_ln" [Compute_block2in/Compute2in.cpp:100]   --->   Operation 162 'zext' 'zext_ln100' <Predicate = true> <Delay = 0.00>
ST_6 : Operation 163 [1/1] (0.00ns)   --->   "%add_ln100_1 = bitconcatenate i4 @_ssdm_op_BitConcatenate.i4.i2.i2, i2 %com_1, i2 %tmp_7_read" [Compute_block2in/Compute2in.cpp:100]   --->   Operation 163 'bitconcatenate' 'add_ln100_1' <Predicate = true> <Delay = 0.00>
ST_6 : Operation 164 [1/1] (0.00ns)   --->   "%br_ln100 = br void %arrayidx147.exit" [Compute_block2in/Compute2in.cpp:100]   --->   Operation 164 'br' 'br_ln100' <Predicate = (!phase_read & add_ln100_1 == 10)> <Delay = 0.00>
ST_6 : Operation 165 [1/1] (0.00ns)   --->   "%br_ln100 = br void %arrayidx147.exit" [Compute_block2in/Compute2in.cpp:100]   --->   Operation 165 'br' 'br_ln100' <Predicate = (!phase_read & add_ln100_1 == 9)> <Delay = 0.00>
ST_6 : Operation 166 [1/1] (0.00ns)   --->   "%br_ln100 = br void %arrayidx147.exit" [Compute_block2in/Compute2in.cpp:100]   --->   Operation 166 'br' 'br_ln100' <Predicate = (!phase_read & add_ln100_1 == 8)> <Delay = 0.00>
ST_6 : Operation 167 [1/1] (0.00ns)   --->   "%br_ln100 = br void %arrayidx147.exit" [Compute_block2in/Compute2in.cpp:100]   --->   Operation 167 'br' 'br_ln100' <Predicate = (!phase_read & add_ln100_1 == 7)> <Delay = 0.00>
ST_6 : Operation 168 [1/1] (0.00ns)   --->   "%br_ln100 = br void %arrayidx147.exit" [Compute_block2in/Compute2in.cpp:100]   --->   Operation 168 'br' 'br_ln100' <Predicate = (!phase_read & add_ln100_1 == 6)> <Delay = 0.00>
ST_6 : Operation 169 [1/1] (0.00ns)   --->   "%br_ln100 = br void %arrayidx147.exit" [Compute_block2in/Compute2in.cpp:100]   --->   Operation 169 'br' 'br_ln100' <Predicate = (!phase_read & add_ln100_1 == 5)> <Delay = 0.00>
ST_6 : Operation 170 [1/1] (0.00ns)   --->   "%br_ln100 = br void %arrayidx147.exit" [Compute_block2in/Compute2in.cpp:100]   --->   Operation 170 'br' 'br_ln100' <Predicate = (!phase_read & add_ln100_1 == 4)> <Delay = 0.00>
ST_6 : Operation 171 [1/1] (0.00ns)   --->   "%br_ln100 = br void %arrayidx147.exit" [Compute_block2in/Compute2in.cpp:100]   --->   Operation 171 'br' 'br_ln100' <Predicate = (!phase_read & add_ln100_1 == 3)> <Delay = 0.00>
ST_6 : Operation 172 [1/1] (0.00ns)   --->   "%br_ln100 = br void %arrayidx147.exit" [Compute_block2in/Compute2in.cpp:100]   --->   Operation 172 'br' 'br_ln100' <Predicate = (!phase_read & add_ln100_1 == 2)> <Delay = 0.00>
ST_6 : Operation 173 [1/1] (0.00ns)   --->   "%br_ln100 = br void %arrayidx147.exit" [Compute_block2in/Compute2in.cpp:100]   --->   Operation 173 'br' 'br_ln100' <Predicate = (!phase_read & add_ln100_1 == 1)> <Delay = 0.00>
ST_6 : Operation 174 [1/1] (0.00ns)   --->   "%br_ln100 = br void %arrayidx147.exit" [Compute_block2in/Compute2in.cpp:100]   --->   Operation 174 'br' 'br_ln100' <Predicate = (!phase_read & add_ln100_1 == 0)> <Delay = 0.00>
ST_6 : Operation 175 [1/1] (0.00ns)   --->   "%br_ln100 = br void %arrayidx147.exit" [Compute_block2in/Compute2in.cpp:100]   --->   Operation 175 'br' 'br_ln100' <Predicate = (!phase_read & add_ln100_1 == 15) | (!phase_read & add_ln100_1 == 14) | (!phase_read & add_ln100_1 == 13) | (!phase_read & add_ln100_1 == 12) | (!phase_read & add_ln100_1 == 11)> <Delay = 0.00>
ST_6 : Operation 176 [1/1] (0.00ns)   --->   "%compute2in_ap_int_32_ap_int_32_ap_int_32_bool_REG1_load = load i32 %compute2in_ap_int_32_ap_int_32_ap_int_32_bool_REG1"   --->   Operation 176 'load' 'compute2in_ap_int_32_ap_int_32_ap_int_32_bool_REG1_load' <Predicate = (phase_read)> <Delay = 0.00>
ST_6 : Operation 177 [1/1] (0.00ns)   --->   "%compute2in_ap_int_32_ap_int_32_ap_int_32_bool_REG1_1_load = load i32 %compute2in_ap_int_32_ap_int_32_ap_int_32_bool_REG1_1"   --->   Operation 177 'load' 'compute2in_ap_int_32_ap_int_32_ap_int_32_bool_REG1_1_load' <Predicate = (phase_read)> <Delay = 0.00>
ST_6 : Operation 178 [1/1] (0.00ns)   --->   "%compute2in_ap_int_32_ap_int_32_ap_int_32_bool_REG1_2_load = load i32 %compute2in_ap_int_32_ap_int_32_ap_int_32_bool_REG1_2"   --->   Operation 178 'load' 'compute2in_ap_int_32_ap_int_32_ap_int_32_bool_REG1_2_load' <Predicate = (phase_read)> <Delay = 0.00>
ST_6 : Operation 179 [1/1] (0.00ns)   --->   "%compute2in_ap_int_32_ap_int_32_ap_int_32_bool_REG1_3_load = load i32 %compute2in_ap_int_32_ap_int_32_ap_int_32_bool_REG1_3"   --->   Operation 179 'load' 'compute2in_ap_int_32_ap_int_32_ap_int_32_bool_REG1_3_load' <Predicate = (phase_read)> <Delay = 0.00>
ST_6 : Operation 180 [1/1] (0.00ns)   --->   "%compute2in_ap_int_32_ap_int_32_ap_int_32_bool_REG1_4_load = load i32 %compute2in_ap_int_32_ap_int_32_ap_int_32_bool_REG1_4"   --->   Operation 180 'load' 'compute2in_ap_int_32_ap_int_32_ap_int_32_bool_REG1_4_load' <Predicate = (phase_read)> <Delay = 0.00>
ST_6 : Operation 181 [1/1] (0.00ns)   --->   "%compute2in_ap_int_32_ap_int_32_ap_int_32_bool_REG1_5_load = load i32 %compute2in_ap_int_32_ap_int_32_ap_int_32_bool_REG1_5"   --->   Operation 181 'load' 'compute2in_ap_int_32_ap_int_32_ap_int_32_bool_REG1_5_load' <Predicate = (phase_read)> <Delay = 0.00>
ST_6 : Operation 182 [1/1] (0.00ns)   --->   "%compute2in_ap_int_32_ap_int_32_ap_int_32_bool_REG1_6_load = load i32 %compute2in_ap_int_32_ap_int_32_ap_int_32_bool_REG1_6"   --->   Operation 182 'load' 'compute2in_ap_int_32_ap_int_32_ap_int_32_bool_REG1_6_load' <Predicate = (phase_read)> <Delay = 0.00>
ST_6 : Operation 183 [1/1] (0.00ns)   --->   "%compute2in_ap_int_32_ap_int_32_ap_int_32_bool_REG1_7_load = load i32 %compute2in_ap_int_32_ap_int_32_ap_int_32_bool_REG1_7"   --->   Operation 183 'load' 'compute2in_ap_int_32_ap_int_32_ap_int_32_bool_REG1_7_load' <Predicate = (phase_read)> <Delay = 0.00>
ST_6 : Operation 184 [1/1] (0.00ns)   --->   "%compute2in_ap_int_32_ap_int_32_ap_int_32_bool_REG1_8_load = load i32 %compute2in_ap_int_32_ap_int_32_ap_int_32_bool_REG1_8"   --->   Operation 184 'load' 'compute2in_ap_int_32_ap_int_32_ap_int_32_bool_REG1_8_load' <Predicate = (phase_read)> <Delay = 0.00>
ST_6 : Operation 185 [1/1] (0.00ns)   --->   "%compute2in_ap_int_32_ap_int_32_ap_int_32_bool_REG1_9_load = load i32 %compute2in_ap_int_32_ap_int_32_ap_int_32_bool_REG1_9"   --->   Operation 185 'load' 'compute2in_ap_int_32_ap_int_32_ap_int_32_bool_REG1_9_load' <Predicate = (phase_read)> <Delay = 0.00>
ST_6 : Operation 186 [1/1] (0.00ns)   --->   "%p_ZZ10compute2inP6ap_intILi32EES1_S1_bE4REG1_10_load = load i32 %p_ZZ10compute2inP6ap_intILi32EES1_S1_bE4REG1_10"   --->   Operation 186 'load' 'p_ZZ10compute2inP6ap_intILi32EES1_S1_bE4REG1_10_load' <Predicate = (phase_read)> <Delay = 0.00>
ST_6 : Operation 187 [1/1] (0.00ns)   --->   "%compute2in_ap_int_32_ap_int_32_ap_int_32_bool_REG1 = load i32 %p_ZZ10compute2inP6ap_intILi32EES1_S1_bE4REG1_11"   --->   Operation 187 'load' 'compute2in_ap_int_32_ap_int_32_ap_int_32_bool_REG1' <Predicate = (phase_read)> <Delay = 0.00>
ST_6 : Operation 188 [1/1] (0.00ns)   --->   "%compute2in_ap_int_32_ap_int_32_ap_int_32_bool_REG1_12 = load i32 %p_ZZ10compute2inP6ap_intILi32EES1_S1_bE4REG1_12"   --->   Operation 188 'load' 'compute2in_ap_int_32_ap_int_32_ap_int_32_bool_REG1_12' <Predicate = (phase_read)> <Delay = 0.00>
ST_6 : Operation 189 [1/1] (0.00ns)   --->   "%compute2in_ap_int_32_ap_int_32_ap_int_32_bool_REG1_13 = load i32 %p_ZZ10compute2inP6ap_intILi32EES1_S1_bE4REG1_13"   --->   Operation 189 'load' 'compute2in_ap_int_32_ap_int_32_ap_int_32_bool_REG1_13' <Predicate = (phase_read)> <Delay = 0.00>
ST_6 : Operation 190 [1/1] (0.00ns)   --->   "%compute2in_ap_int_32_ap_int_32_ap_int_32_bool_REG1_14 = load i32 %p_ZZ10compute2inP6ap_intILi32EES1_S1_bE4REG1_14"   --->   Operation 190 'load' 'compute2in_ap_int_32_ap_int_32_ap_int_32_bool_REG1_14' <Predicate = (phase_read)> <Delay = 0.00>
ST_6 : Operation 191 [1/1] (0.54ns)   --->   "%tmp_1 = mux i32 @_ssdm_op_Mux.ap_auto.15i32.i4, i32 %compute2in_ap_int_32_ap_int_32_ap_int_32_bool_REG1_load, i32 %compute2in_ap_int_32_ap_int_32_ap_int_32_bool_REG1_1_load, i32 %compute2in_ap_int_32_ap_int_32_ap_int_32_bool_REG1_2_load, i32 %compute2in_ap_int_32_ap_int_32_ap_int_32_bool_REG1_3_load, i32 %compute2in_ap_int_32_ap_int_32_ap_int_32_bool_REG1_4_load, i32 %compute2in_ap_int_32_ap_int_32_ap_int_32_bool_REG1_5_load, i32 %compute2in_ap_int_32_ap_int_32_ap_int_32_bool_REG1_6_load, i32 %compute2in_ap_int_32_ap_int_32_ap_int_32_bool_REG1_7_load, i32 %compute2in_ap_int_32_ap_int_32_ap_int_32_bool_REG1_8_load, i32 %compute2in_ap_int_32_ap_int_32_ap_int_32_bool_REG1_9_load, i32 %p_ZZ10compute2inP6ap_intILi32EES1_S1_bE4REG1_10_load, i32 %compute2in_ap_int_32_ap_int_32_ap_int_32_bool_REG1, i32 %compute2in_ap_int_32_ap_int_32_ap_int_32_bool_REG1_12, i32 %compute2in_ap_int_32_ap_int_32_ap_int_32_bool_REG1_13, i32 %compute2in_ap_int_32_ap_int_32_ap_int_32_bool_REG1_14, i4 %add_ln"   --->   Operation 191 'mux' 'tmp_1' <Predicate = (phase_read)> <Delay = 0.54> <CoreInst = "Multiplexer">   --->   Core 76 'Multiplexer' <Latency = 0> <II = 1> <Delay = 0.54> <FuncUnit> <Opcode : 'mux'> <InPorts = 2> <OutPorts = 1>
ST_6 : Operation 192 [1/1] (1.01ns)   --->   "%add_ln96 = add i32 %tmp_1, i32 %add_ln96_3" [Compute_block2in/Compute2in.cpp:96]   --->   Operation 192 'add' 'add_ln96' <Predicate = (phase_read)> <Delay = 1.01> <CoreInst = "Adder">   --->   Core 1 'Adder' <Latency = 0> <II = 1> <Delay = 1.01> <FuncUnit> <Opcode : 'add' 'sub'> <InPorts = 2> <OutPorts = 1>
ST_6 : Operation 193 [1/1] (0.00ns)   --->   "%buffer_2_addr = getelementptr i32 %buffer_2, i64 0, i64 %zext_ln100" [Compute_block2in/Compute2in.cpp:96]   --->   Operation 193 'getelementptr' 'buffer_2_addr' <Predicate = (phase_read)> <Delay = 0.00>
ST_6 : Operation 194 [1/1] (0.67ns)   --->   "%store_ln96 = store i32 %add_ln96, i4 %buffer_2_addr" [Compute_block2in/Compute2in.cpp:96]   --->   Operation 194 'store' 'store_ln96' <Predicate = (phase_read)> <Delay = 0.67> <CoreInst = "RAM">   --->   Core 83 'RAM' <Latency = 1> <II = 1> <Delay = 0.67> <Storage> <Opcode : 'load' 'store'> <Ports = 2> <Width = 32> <Depth = 16> <RAM>

State 7 <SV = 6> <Delay = 2.13>
ST_7 : Operation 195 [1/1] (0.00ns)   --->   "%specloopname_ln87 = specloopname void @_ssdm_op_SpecLoopName, void @empty_4" [Compute_block2in/Compute2in.cpp:87]   --->   Operation 195 'specloopname' 'specloopname_ln87' <Predicate = true> <Delay = 0.00>
ST_7 : Operation 196 [1/2] (0.64ns) (root node of the DSP)   --->   "%add_ln840_1 = add i32 %add_ln840, i32 %mul_ln1494_1"   --->   Operation 196 'add' 'add_ln840_1' <Predicate = true> <Delay = 0.64> <CoreInst = "DSP48">   --->   Core 127 'DSP48' <Latency = 3> <II = 1> <Delay = 0.53> <IPBlock> <Opcode : 'mul' 'add' 'sub' 'select'> <InPorts = 0> <OutPorts = 1> <Sync> <CReg>
ST_7 : Operation 197 [1/1] (0.00ns)   --->   "%shl_ln = bitconcatenate i4 @_ssdm_op_BitConcatenate.i4.i2.i2, i2 %com_1, i2 0" [Compute_block2in/Compute2in.cpp:100]   --->   Operation 197 'bitconcatenate' 'shl_ln' <Predicate = true> <Delay = 0.00>
ST_7 : Operation 198 [1/1] (0.79ns)   --->   "%add_ln100 = add i4 %shl_ln, i4 %zext_ln63_cast" [Compute_block2in/Compute2in.cpp:100]   --->   Operation 198 'add' 'add_ln100' <Predicate = true> <Delay = 0.79> <CoreInst = "Adder">   --->   Core 1 'Adder' <Latency = 0> <II = 1> <Delay = 0.79> <FuncUnit> <Opcode : 'add' 'sub'> <InPorts = 2> <OutPorts = 1>
ST_7 : Operation 199 [1/1] (0.00ns)   --->   "%zext_ln99 = zext i4 %add_ln100" [Compute_block2in/Compute2in.cpp:99]   --->   Operation 199 'zext' 'zext_ln99' <Predicate = true> <Delay = 0.00>
ST_7 : Operation 200 [1/1] (1.01ns)   --->   "%add_ln186 = add i32 %mul_ln1494_7, i32 %add_ln840_1"   --->   Operation 200 'add' 'add_ln186' <Predicate = (!phase_read)> <Delay = 1.01> <CoreInst = "Adder">   --->   Core 1 'Adder' <Latency = 0> <II = 1> <Delay = 1.01> <FuncUnit> <Opcode : 'add' 'sub'> <InPorts = 2> <OutPorts = 1>
ST_7 : Operation 201 [1/1] (0.44ns)   --->   "%switch_ln100 = switch i4 %add_ln100_1, void %arrayidx147.case.11, i4 0, void %arrayidx147.case.0, i4 1, void %arrayidx147.case.1, i4 2, void %arrayidx147.case.2, i4 3, void %arrayidx147.case.3, i4 4, void %arrayidx147.case.4, i4 5, void %arrayidx147.case.5, i4 6, void %arrayidx147.case.6, i4 7, void %arrayidx147.case.7, i4 8, void %arrayidx147.case.8, i4 9, void %arrayidx147.case.9, i4 10, void %arrayidx147.case.10" [Compute_block2in/Compute2in.cpp:100]   --->   Operation 201 'switch' 'switch_ln100' <Predicate = (!phase_read)> <Delay = 0.44>
ST_7 : Operation 202 [1/1] (0.42ns)   --->   "%store_ln100 = store i32 %add_ln186, i32 %p_ZZ10compute2inP6ap_intILi32EES1_S1_bE4REG1_10" [Compute_block2in/Compute2in.cpp:100]   --->   Operation 202 'store' 'store_ln100' <Predicate = (!phase_read & add_ln100_1 == 10)> <Delay = 0.42>
ST_7 : Operation 203 [1/1] (0.42ns)   --->   "%store_ln100 = store i32 %add_ln186, i32 %compute2in_ap_int_32_ap_int_32_ap_int_32_bool_REG1_9" [Compute_block2in/Compute2in.cpp:100]   --->   Operation 203 'store' 'store_ln100' <Predicate = (!phase_read & add_ln100_1 == 9)> <Delay = 0.42>
ST_7 : Operation 204 [1/1] (0.42ns)   --->   "%store_ln100 = store i32 %add_ln186, i32 %compute2in_ap_int_32_ap_int_32_ap_int_32_bool_REG1_8" [Compute_block2in/Compute2in.cpp:100]   --->   Operation 204 'store' 'store_ln100' <Predicate = (!phase_read & add_ln100_1 == 8)> <Delay = 0.42>
ST_7 : Operation 205 [1/1] (0.42ns)   --->   "%store_ln100 = store i32 %add_ln186, i32 %compute2in_ap_int_32_ap_int_32_ap_int_32_bool_REG1_7" [Compute_block2in/Compute2in.cpp:100]   --->   Operation 205 'store' 'store_ln100' <Predicate = (!phase_read & add_ln100_1 == 7)> <Delay = 0.42>
ST_7 : Operation 206 [1/1] (0.42ns)   --->   "%store_ln100 = store i32 %add_ln186, i32 %compute2in_ap_int_32_ap_int_32_ap_int_32_bool_REG1_6" [Compute_block2in/Compute2in.cpp:100]   --->   Operation 206 'store' 'store_ln100' <Predicate = (!phase_read & add_ln100_1 == 6)> <Delay = 0.42>
ST_7 : Operation 207 [1/1] (0.42ns)   --->   "%store_ln100 = store i32 %add_ln186, i32 %compute2in_ap_int_32_ap_int_32_ap_int_32_bool_REG1_5" [Compute_block2in/Compute2in.cpp:100]   --->   Operation 207 'store' 'store_ln100' <Predicate = (!phase_read & add_ln100_1 == 5)> <Delay = 0.42>
ST_7 : Operation 208 [1/1] (0.42ns)   --->   "%store_ln100 = store i32 %add_ln186, i32 %compute2in_ap_int_32_ap_int_32_ap_int_32_bool_REG1_4" [Compute_block2in/Compute2in.cpp:100]   --->   Operation 208 'store' 'store_ln100' <Predicate = (!phase_read & add_ln100_1 == 4)> <Delay = 0.42>
ST_7 : Operation 209 [1/1] (0.42ns)   --->   "%store_ln100 = store i32 %add_ln186, i32 %compute2in_ap_int_32_ap_int_32_ap_int_32_bool_REG1_3" [Compute_block2in/Compute2in.cpp:100]   --->   Operation 209 'store' 'store_ln100' <Predicate = (!phase_read & add_ln100_1 == 3)> <Delay = 0.42>
ST_7 : Operation 210 [1/1] (0.42ns)   --->   "%store_ln100 = store i32 %add_ln186, i32 %compute2in_ap_int_32_ap_int_32_ap_int_32_bool_REG1_2" [Compute_block2in/Compute2in.cpp:100]   --->   Operation 210 'store' 'store_ln100' <Predicate = (!phase_read & add_ln100_1 == 2)> <Delay = 0.42>
ST_7 : Operation 211 [1/1] (0.42ns)   --->   "%store_ln100 = store i32 %add_ln186, i32 %compute2in_ap_int_32_ap_int_32_ap_int_32_bool_REG1_1" [Compute_block2in/Compute2in.cpp:100]   --->   Operation 211 'store' 'store_ln100' <Predicate = (!phase_read & add_ln100_1 == 1)> <Delay = 0.42>
ST_7 : Operation 212 [1/1] (0.42ns)   --->   "%store_ln100 = store i32 %add_ln186, i32 %compute2in_ap_int_32_ap_int_32_ap_int_32_bool_REG1" [Compute_block2in/Compute2in.cpp:100]   --->   Operation 212 'store' 'store_ln100' <Predicate = (!phase_read & add_ln100_1 == 0)> <Delay = 0.42>
ST_7 : Operation 213 [1/1] (0.42ns)   --->   "%store_ln100 = store i32 %add_ln186, i32 %p_ZZ10compute2inP6ap_intILi32EES1_S1_bE4REG1_11" [Compute_block2in/Compute2in.cpp:100]   --->   Operation 213 'store' 'store_ln100' <Predicate = (!phase_read & add_ln100_1 == 15) | (!phase_read & add_ln100_1 == 14) | (!phase_read & add_ln100_1 == 13) | (!phase_read & add_ln100_1 == 12) | (!phase_read & add_ln100_1 == 11)> <Delay = 0.42>
ST_7 : Operation 214 [1/1] (0.00ns)   --->   "%br_ln0 = br void %for.inc150"   --->   Operation 214 'br' 'br_ln0' <Predicate = (!phase_read)> <Delay = 0.00>
ST_7 : Operation 215 [1/1] (0.72ns)   --->   "%tmp_2 = mux i32 @_ssdm_op_Mux.ap_auto.12i32.i4, i32 %compute2in_ap_int_32_ap_int_32_ap_int_32_bool_REG1_load, i32 %compute2in_ap_int_32_ap_int_32_ap_int_32_bool_REG1_1_load, i32 %compute2in_ap_int_32_ap_int_32_ap_int_32_bool_REG1_2_load, i32 %compute2in_ap_int_32_ap_int_32_ap_int_32_bool_REG1_3_load, i32 %compute2in_ap_int_32_ap_int_32_ap_int_32_bool_REG1_4_load, i32 %compute2in_ap_int_32_ap_int_32_ap_int_32_bool_REG1_5_load, i32 %compute2in_ap_int_32_ap_int_32_ap_int_32_bool_REG1_6_load, i32 %compute2in_ap_int_32_ap_int_32_ap_int_32_bool_REG1_7_load, i32 %compute2in_ap_int_32_ap_int_32_ap_int_32_bool_REG1_8_load, i32 %compute2in_ap_int_32_ap_int_32_ap_int_32_bool_REG1_9_load, i32 %p_ZZ10compute2inP6ap_intILi32EES1_S1_bE4REG1_10_load, i32 %compute2in_ap_int_32_ap_int_32_ap_int_32_bool_REG1, i4 %add_ln100_1"   --->   Operation 215 'mux' 'tmp_2' <Predicate = (phase_read)> <Delay = 0.72> <CoreInst = "Multiplexer">   --->   Core 76 'Multiplexer' <Latency = 0> <II = 1> <Delay = 0.72> <FuncUnit> <Opcode : 'mux'> <InPorts = 2> <OutPorts = 1>
ST_7 : Operation 216 [1/1] (0.00ns) (grouped into TernaryAdder)   --->   "%add_ln97_1 = add i32 %add_ln840_1, i32 %tmp_2" [Compute_block2in/Compute2in.cpp:97]   --->   Operation 216 'add' 'add_ln97_1' <Predicate = (phase_read)> <Delay = 0.00> <CoreInst = "TAddSub">   --->   Core 10 'TAddSub' <Latency = 0> <II = 1> <Delay = 0.36> <IPBlock> <Opcode : 'add' 'sub'> <InPorts = 3> <OutPorts = 1> <Sync> <CReg>
ST_7 : Operation 217 [1/1] (0.73ns) (root node of TernaryAdder)   --->   "%add_ln97 = add i32 %add_ln97_1, i32 %mul_ln1494_7" [Compute_block2in/Compute2in.cpp:97]   --->   Operation 217 'add' 'add_ln97' <Predicate = (phase_read)> <Delay = 0.73> <CoreInst = "TAddSub">   --->   Core 10 'TAddSub' <Latency = 0> <II = 1> <Delay = 0.36> <IPBlock> <Opcode : 'add' 'sub'> <InPorts = 3> <OutPorts = 1> <Sync> <CReg>
ST_7 : Operation 218 [1/1] (0.00ns)   --->   "%buffer_2_addr_1 = getelementptr i32 %buffer_2, i64 0, i64 %zext_ln99" [Compute_block2in/Compute2in.cpp:97]   --->   Operation 218 'getelementptr' 'buffer_2_addr_1' <Predicate = (phase_read)> <Delay = 0.00>
ST_7 : Operation 219 [1/1] (0.67ns)   --->   "%store_ln97 = store i32 %add_ln97, i4 %buffer_2_addr_1" [Compute_block2in/Compute2in.cpp:97]   --->   Operation 219 'store' 'store_ln97' <Predicate = (phase_read)> <Delay = 0.67> <CoreInst = "RAM">   --->   Core 83 'RAM' <Latency = 1> <II = 1> <Delay = 0.67> <Storage> <Opcode : 'load' 'store'> <Ports = 2> <Width = 32> <Depth = 16> <RAM>
ST_7 : Operation 220 [1/1] (0.00ns)   --->   "%br_ln97 = br void %for.inc150" [Compute_block2in/Compute2in.cpp:97]   --->   Operation 220 'br' 'br_ln97' <Predicate = (phase_read)> <Delay = 0.00>


============================================================
+ Verbose Summary: Timing violations
============================================================
Target clock period: 10ns, clock uncertainty: 2.7ns.

 <State 1>: 1.06ns
The critical path consists of the following:
	wire read operation ('indvars_iv424_read') on port 'indvars_iv424' [86]  (0 ns)
	'mux' operation ('tmp_5') [106]  (0.525 ns)
	'mul' operation of DSP[110] ('mul_ln1494') [110]  (0.535 ns)

 <State 2>: 1.52ns
The critical path consists of the following:
	'mux' operation ('tmp_5_2') [126]  (0.525 ns)
	'mul' operation of DSP[141] ('mul_ln1494_4') [130]  (0.996 ns)

 <State 3>: 0.996ns
The critical path consists of the following:
	'mul' operation of DSP[141] ('mul_ln1494_4') [130]  (0.996 ns)

 <State 4>: 1.47ns
The critical path consists of the following:
	'mux' operation ('tmp_s') [111]  (0.476 ns)
	'mul' operation of DSP[150] ('mul_ln1494_1') [115]  (0.996 ns)

 <State 5>: 2.09ns
The critical path consists of the following:
	'add' operation of DSP[141] ('add_ln96_1', Compute_block2in/Compute2in.cpp:96) [141]  (0.645 ns)
	'add' operation ('add_ln96_3', Compute_block2in/Compute2in.cpp:96) [143]  (1.02 ns)
	'store' operation ('store_ln99', Compute_block2in/Compute2in.cpp:99) of variable 'add_ln96_3', Compute_block2in/Compute2in.cpp:96 on static variable 'p_ZZ10compute2inP6ap_intILi32EES1_S1_bE4REG1_11' [167]  (0.427 ns)

 <State 6>: 2.24ns
The critical path consists of the following:
	'load' operation ('compute2in_ap_int_32_ap_int_32_ap_int_32_bool_REG1_load') on static variable 'compute2in_ap_int_32_ap_int_32_ap_int_32_bool_REG1' [247]  (0 ns)
	'mux' operation ('tmp_1') [262]  (0.547 ns)
	'add' operation ('add_ln96', Compute_block2in/Compute2in.cpp:96) [263]  (1.02 ns)
	'store' operation ('store_ln96', Compute_block2in/Compute2in.cpp:96) of variable 'add_ln96', Compute_block2in/Compute2in.cpp:96 on array 'buffer_2' [265]  (0.677 ns)

 <State 7>: 2.13ns
The critical path consists of the following:
	'mux' operation ('tmp_2') [266]  (0.723 ns)
	'add' operation ('add_ln97_1', Compute_block2in/Compute2in.cpp:97) [267]  (0 ns)
	'add' operation ('add_ln97', Compute_block2in/Compute2in.cpp:97) [268]  (0.731 ns)
	'store' operation ('store_ln97', Compute_block2in/Compute2in.cpp:97) of variable 'add_ln97', Compute_block2in/Compute2in.cpp:97 on array 'buffer_2' [270]  (0.677 ns)


============================================================
+ Verbose Summary: Binding
============================================================
N/A
* FSMD analyzer results:
  - Output states:
 - Input state : 
  - Chain level:
	State 1
	State 2
	State 3
	State 4
	State 5
	State 6
	State 7


============================================================
+ Verbose Summary: Datapath Resource usage 
============================================================
N/A
