

================================================================
== Vitis HLS Report for 'compute_Pipeline_VITIS_LOOP_79_2'
================================================================
* Date:           Thu Sep 10 02:53:43 2026

* Version:        2022.2 (Build 3670227 on Oct 13 2022)
* Project:        Compute_block
* Solution:       solution1 (Vivado IP Flow Target)
* Product family: zynquplus
* Target device:  xczu7ev-ffvc1156-2-e


================================================================
== Performance Estimates
================================================================
+ Timing: 
    * Summary: 
    +--------+----------+----------+------------+
    |  Clock |  Target  | Estimated| Uncertainty|
    +--------+----------+----------+------------+
    |ap_clk  |  10.00 ns|  2.338 ns|     2.70 ns|
    +--------+----------+----------+------------+

+ Latency: 
    * Summary: 
    +---------+---------+-----------+-----------+-----+-----+---------+
    |  Latency (cycles) |   Latency (absolute)  |  Interval | Pipeline|
    |   min   |   max   |    min    |    max    | min | max |   Type  |
    +---------+---------+-----------+-----------+-----+-----+---------+
    |        2|        8|  20.000 ns|  80.000 ns|    2|    8|       no|
    +---------+---------+-----------+-----------+-----+-----+---------+

    + Detail: 
        * Instance: 
        N/A

        * Loop: 
        +-------------------+---------+---------+----------+-----------+-----------+-------+----------+
        |                   |  Latency (cycles) | Iteration|  Initiation Interval  |  Trip |          |
        |     Loop Name     |   min   |   max   |  Latency |  achieved |   target  | Count | Pipelined|
        +-------------------+---------+---------+----------+-----------+-----------+-------+----------+
        |- VITIS_LOOP_79_2  |        0|        6|         5|          1|          1|  0 ~ 3|       yes|
        +-------------------+---------+---------+----------+-----------+-----------+-------+----------+

============================================================
+ Verbose Summary: Synthesis Manager
============================================================
InlineROM: 1
ExposeGlobal: 0
============================================================
+ Verbose Summary: CDFG Model
============================================================
IsTopModel: 0
ResetActiveHigh: 1
IsCombinational: 0
IsDatapathOnly: 0
HasWiredReturn: 1
HasMFsm: 2
HasVarLatency: 1
IsPipeline: 0
IsRtlPipelined: 0
IsInstanceOverlapped: 0
IsDontTouch: 0
HasImplIP: 0
IsGatedGlobalClock: 0

+ Individual pipeline summary: 
  * Pipeline-0: initiation interval (II) = 1, depth = 5


============================================================
+ Verbose Summary: Schedule
============================================================
* Number of FSM states : 5
* Pipeline : 1
  Pipeline-0 : II = 1, D = 5, States = { 1 2 3 4 5 }
* Dataflow Pipeline: 0

* FSM state transitions: 
1 --> 2 
2 --> 3 
3 --> 4 
4 --> 5 
5 --> 

* FSM state operations: 

State 1 <SV = 0> <Delay = 1.06>
ST_1 : Operation 8 [1/1] (0.00ns)   --->   "%com = alloca i32 1"   --->   Operation 8 'alloca' 'com' <Predicate = true> <Delay = 0.00>
ST_1 : Operation 9 [1/1] (0.00ns)   --->   "%specinterface_ln0 = specinterface void @_ssdm_op_SpecInterface, i32 %buffer_2, void @empty, i32 0, i32 0, void @empty_0, i32 4294967295, i32 0, void @empty_0, void @empty_0, void @empty_0, i32 0, i32 0, i32 0, i32 0, void @empty_0, void @empty_0, i32 4294967295, i32 0"   --->   Operation 9 'specinterface' 'specinterface_ln0' <Predicate = true> <Delay = 0.00>
ST_1 : Operation 10 [1/1] (0.00ns)   --->   "%i_cast_read = read i2 @_ssdm_op_Read.ap_auto.i2, i2 %i_cast"   --->   Operation 10 'read' 'i_cast_read' <Predicate = true> <Delay = 0.00>
ST_1 : Operation 11 [1/1] (0.00ns)   --->   "%phase_read = read i1 @_ssdm_op_Read.ap_auto.i1, i1 %phase"   --->   Operation 11 'read' 'phase_read' <Predicate = true> <Delay = 0.00>
ST_1 : Operation 12 [1/1] (0.00ns)   --->   "%REG_V_63_reload_read = read i16 @_ssdm_op_Read.ap_auto.i16, i16 %REG_V_63_reload"   --->   Operation 12 'read' 'REG_V_63_reload_read' <Predicate = true> <Delay = 0.00>
ST_1 : Operation 13 [1/1] (0.00ns)   --->   "%REG_V_55_reload_read = read i16 @_ssdm_op_Read.ap_auto.i16, i16 %REG_V_55_reload"   --->   Operation 13 'read' 'REG_V_55_reload_read' <Predicate = true> <Delay = 0.00>
ST_1 : Operation 14 [1/1] (0.00ns)   --->   "%REG_V_47_reload_read = read i16 @_ssdm_op_Read.ap_auto.i16, i16 %REG_V_47_reload"   --->   Operation 14 'read' 'REG_V_47_reload_read' <Predicate = true> <Delay = 0.00>
ST_1 : Operation 15 [1/1] (0.00ns)   --->   "%REG_V_39_reload_read = read i16 @_ssdm_op_Read.ap_auto.i16, i16 %REG_V_39_reload"   --->   Operation 15 'read' 'REG_V_39_reload_read' <Predicate = true> <Delay = 0.00>
ST_1 : Operation 16 [1/1] (0.00ns)   --->   "%REG_V_59_reload_read = read i16 @_ssdm_op_Read.ap_auto.i16, i16 %REG_V_59_reload"   --->   Operation 16 'read' 'REG_V_59_reload_read' <Predicate = true> <Delay = 0.00>
ST_1 : Operation 17 [1/1] (0.00ns)   --->   "%REG_V_51_reload_read = read i16 @_ssdm_op_Read.ap_auto.i16, i16 %REG_V_51_reload"   --->   Operation 17 'read' 'REG_V_51_reload_read' <Predicate = true> <Delay = 0.00>
ST_1 : Operation 18 [1/1] (0.00ns)   --->   "%REG_V_43_reload_read = read i16 @_ssdm_op_Read.ap_auto.i16, i16 %REG_V_43_reload"   --->   Operation 18 'read' 'REG_V_43_reload_read' <Predicate = true> <Delay = 0.00>
ST_1 : Operation 19 [1/1] (0.00ns)   --->   "%REG_V_35_reload_read = read i16 @_ssdm_op_Read.ap_auto.i16, i16 %REG_V_35_reload"   --->   Operation 19 'read' 'REG_V_35_reload_read' <Predicate = true> <Delay = 0.00>
ST_1 : Operation 20 [1/1] (0.00ns)   --->   "%REG_V_62_reload_read = read i16 @_ssdm_op_Read.ap_auto.i16, i16 %REG_V_62_reload"   --->   Operation 20 'read' 'REG_V_62_reload_read' <Predicate = true> <Delay = 0.00>
ST_1 : Operation 21 [1/1] (0.00ns)   --->   "%REG_V_54_reload_read = read i16 @_ssdm_op_Read.ap_auto.i16, i16 %REG_V_54_reload"   --->   Operation 21 'read' 'REG_V_54_reload_read' <Predicate = true> <Delay = 0.00>
ST_1 : Operation 22 [1/1] (0.00ns)   --->   "%REG_V_46_reload_read = read i16 @_ssdm_op_Read.ap_auto.i16, i16 %REG_V_46_reload"   --->   Operation 22 'read' 'REG_V_46_reload_read' <Predicate = true> <Delay = 0.00>
ST_1 : Operation 23 [1/1] (0.00ns)   --->   "%REG_V_38_reload_read = read i16 @_ssdm_op_Read.ap_auto.i16, i16 %REG_V_38_reload"   --->   Operation 23 'read' 'REG_V_38_reload_read' <Predicate = true> <Delay = 0.00>
ST_1 : Operation 24 [1/1] (0.00ns)   --->   "%REG_V_58_reload_read = read i16 @_ssdm_op_Read.ap_auto.i16, i16 %REG_V_58_reload"   --->   Operation 24 'read' 'REG_V_58_reload_read' <Predicate = true> <Delay = 0.00>
ST_1 : Operation 25 [1/1] (0.00ns)   --->   "%REG_V_50_reload_read = read i16 @_ssdm_op_Read.ap_auto.i16, i16 %REG_V_50_reload"   --->   Operation 25 'read' 'REG_V_50_reload_read' <Predicate = true> <Delay = 0.00>
ST_1 : Operation 26 [1/1] (0.00ns)   --->   "%REG_V_42_reload_read = read i16 @_ssdm_op_Read.ap_auto.i16, i16 %REG_V_42_reload"   --->   Operation 26 'read' 'REG_V_42_reload_read' <Predicate = true> <Delay = 0.00>
ST_1 : Operation 27 [1/1] (0.00ns)   --->   "%REG_V_34_reload_read = read i16 @_ssdm_op_Read.ap_auto.i16, i16 %REG_V_34_reload"   --->   Operation 27 'read' 'REG_V_34_reload_read' <Predicate = true> <Delay = 0.00>
ST_1 : Operation 28 [1/1] (0.00ns)   --->   "%REG_V_61_reload_read = read i16 @_ssdm_op_Read.ap_auto.i16, i16 %REG_V_61_reload"   --->   Operation 28 'read' 'REG_V_61_reload_read' <Predicate = true> <Delay = 0.00>
ST_1 : Operation 29 [1/1] (0.00ns)   --->   "%REG_V_53_reload_read = read i16 @_ssdm_op_Read.ap_auto.i16, i16 %REG_V_53_reload"   --->   Operation 29 'read' 'REG_V_53_reload_read' <Predicate = true> <Delay = 0.00>
ST_1 : Operation 30 [1/1] (0.00ns)   --->   "%REG_V_45_reload_read = read i16 @_ssdm_op_Read.ap_auto.i16, i16 %REG_V_45_reload"   --->   Operation 30 'read' 'REG_V_45_reload_read' <Predicate = true> <Delay = 0.00>
ST_1 : Operation 31 [1/1] (0.00ns)   --->   "%REG_V_37_reload_read = read i16 @_ssdm_op_Read.ap_auto.i16, i16 %REG_V_37_reload"   --->   Operation 31 'read' 'REG_V_37_reload_read' <Predicate = true> <Delay = 0.00>
ST_1 : Operation 32 [1/1] (0.00ns)   --->   "%REG_V_57_reload_read = read i16 @_ssdm_op_Read.ap_auto.i16, i16 %REG_V_57_reload"   --->   Operation 32 'read' 'REG_V_57_reload_read' <Predicate = true> <Delay = 0.00>
ST_1 : Operation 33 [1/1] (0.00ns)   --->   "%REG_V_49_reload_read = read i16 @_ssdm_op_Read.ap_auto.i16, i16 %REG_V_49_reload"   --->   Operation 33 'read' 'REG_V_49_reload_read' <Predicate = true> <Delay = 0.00>
ST_1 : Operation 34 [1/1] (0.00ns)   --->   "%REG_V_41_reload_read = read i16 @_ssdm_op_Read.ap_auto.i16, i16 %REG_V_41_reload"   --->   Operation 34 'read' 'REG_V_41_reload_read' <Predicate = true> <Delay = 0.00>
ST_1 : Operation 35 [1/1] (0.00ns)   --->   "%REG_V_33_reload_read = read i16 @_ssdm_op_Read.ap_auto.i16, i16 %REG_V_33_reload"   --->   Operation 35 'read' 'REG_V_33_reload_read' <Predicate = true> <Delay = 0.00>
ST_1 : Operation 36 [1/1] (0.00ns)   --->   "%REG_V_60_reload_read = read i16 @_ssdm_op_Read.ap_auto.i16, i16 %REG_V_60_reload"   --->   Operation 36 'read' 'REG_V_60_reload_read' <Predicate = true> <Delay = 0.00>
ST_1 : Operation 37 [1/1] (0.00ns)   --->   "%REG_V_52_reload_read = read i16 @_ssdm_op_Read.ap_auto.i16, i16 %REG_V_52_reload"   --->   Operation 37 'read' 'REG_V_52_reload_read' <Predicate = true> <Delay = 0.00>
ST_1 : Operation 38 [1/1] (0.00ns)   --->   "%REG_V_44_reload_read = read i16 @_ssdm_op_Read.ap_auto.i16, i16 %REG_V_44_reload"   --->   Operation 38 'read' 'REG_V_44_reload_read' <Predicate = true> <Delay = 0.00>
ST_1 : Operation 39 [1/1] (0.00ns)   --->   "%REG_V_36_reload_read = read i16 @_ssdm_op_Read.ap_auto.i16, i16 %REG_V_36_reload"   --->   Operation 39 'read' 'REG_V_36_reload_read' <Predicate = true> <Delay = 0.00>
ST_1 : Operation 40 [1/1] (0.00ns)   --->   "%indvars_iv397_read = read i2 @_ssdm_op_Read.ap_auto.i2, i2 %indvars_iv397"   --->   Operation 40 'read' 'indvars_iv397_read' <Predicate = true> <Delay = 0.00>
ST_1 : Operation 41 [1/1] (0.00ns)   --->   "%REG_V_56_reload_read = read i16 @_ssdm_op_Read.ap_auto.i16, i16 %REG_V_56_reload"   --->   Operation 41 'read' 'REG_V_56_reload_read' <Predicate = true> <Delay = 0.00>
ST_1 : Operation 42 [1/1] (0.00ns)   --->   "%REG_V_48_reload_read = read i16 @_ssdm_op_Read.ap_auto.i16, i16 %REG_V_48_reload"   --->   Operation 42 'read' 'REG_V_48_reload_read' <Predicate = true> <Delay = 0.00>
ST_1 : Operation 43 [1/1] (0.00ns)   --->   "%REG_V_40_reload_read = read i16 @_ssdm_op_Read.ap_auto.i16, i16 %REG_V_40_reload"   --->   Operation 43 'read' 'REG_V_40_reload_read' <Predicate = true> <Delay = 0.00>
ST_1 : Operation 44 [1/1] (0.00ns)   --->   "%REG_V_32_reload_read = read i16 @_ssdm_op_Read.ap_auto.i16, i16 %REG_V_32_reload"   --->   Operation 44 'read' 'REG_V_32_reload_read' <Predicate = true> <Delay = 0.00>
ST_1 : Operation 45 [1/1] (0.00ns)   --->   "%i_read = read i3 @_ssdm_op_Read.ap_auto.i3, i3 %i"   --->   Operation 45 'read' 'i_read' <Predicate = true> <Delay = 0.00>
ST_1 : Operation 46 [1/1] (0.42ns)   --->   "%store_ln0 = store i2 0, i2 %com"   --->   Operation 46 'store' 'store_ln0' <Predicate = true> <Delay = 0.42>
ST_1 : Operation 47 [1/1] (0.00ns)   --->   "%br_ln0 = br void %VITIS_LOOP_82_3"   --->   Operation 47 'br' 'br_ln0' <Predicate = true> <Delay = 0.00>
ST_1 : Operation 48 [1/1] (0.00ns)   --->   "%com_1 = load i2 %com" [Compute_block/Compute.cpp:79]   --->   Operation 48 'load' 'com_1' <Predicate = true> <Delay = 0.00>
ST_1 : Operation 49 [1/1] (0.00ns)   --->   "%com_cast = zext i2 %com_1" [Compute_block/Compute.cpp:79]   --->   Operation 49 'zext' 'com_cast' <Predicate = true> <Delay = 0.00>
ST_1 : Operation 50 [1/1] (0.00ns)   --->   "%specpipeline_ln0 = specpipeline void @_ssdm_op_SpecPipeline, i32 4294967295, i32 0, i32 1, i32 0, void @p_str"   --->   Operation 50 'specpipeline' 'specpipeline_ln0' <Predicate = true> <Delay = 0.00>
ST_1 : Operation 51 [1/1] (0.58ns)   --->   "%icmp_ln79 = icmp_eq  i3 %com_cast, i3 %i_read" [Compute_block/Compute.cpp:79]   --->   Operation 51 'icmp' 'icmp_ln79' <Predicate = true> <Delay = 0.58> <CoreInst = "Cmp">   --->   Core 9 'Cmp' <Latency = 0> <II = 1> <Delay = 0.58> <FuncUnit> <Opcode : 'icmp'> <InPorts = 2> <OutPorts = 1>
ST_1 : Operation 52 [1/1] (0.00ns)   --->   "%empty = speclooptripcount i32 @_ssdm_op_SpecLoopTripCount, i64 0, i64 3, i64 0"   --->   Operation 52 'speclooptripcount' 'empty' <Predicate = true> <Delay = 0.00>
ST_1 : Operation 53 [1/1] (0.54ns)   --->   "%add_ln79 = add i2 %com_1, i2 1" [Compute_block/Compute.cpp:79]   --->   Operation 53 'add' 'add_ln79' <Predicate = true> <Delay = 0.54> <CoreInst = "Adder">   --->   Core 1 'Adder' <Latency = 0> <II = 1> <Delay = 0.54> <FuncUnit> <Opcode : 'add' 'sub'> <InPorts = 2> <OutPorts = 1>
ST_1 : Operation 54 [1/1] (0.00ns)   --->   "%br_ln79 = br i1 %icmp_ln79, void %VITIS_LOOP_82_3.split, void %for.inc136.loopexit.exitStub" [Compute_block/Compute.cpp:79]   --->   Operation 54 'br' 'br_ln79' <Predicate = true> <Delay = 0.00>
ST_1 : Operation 55 [1/1] (0.52ns)   --->   "%tmp_4_1 = mux i16 @_ssdm_op_Mux.ap_auto.4i16.i2, i16 %REG_V_33_reload_read, i16 %REG_V_41_reload_read, i16 %REG_V_49_reload_read, i16 %REG_V_57_reload_read, i2 %indvars_iv397_read"   --->   Operation 55 'mux' 'tmp_4_1' <Predicate = (!icmp_ln79)> <Delay = 0.52> <CoreInst = "Multiplexer">   --->   Core 76 'Multiplexer' <Latency = 0> <II = 1> <Delay = 0.52> <FuncUnit> <Opcode : 'mux'> <InPorts = 2> <OutPorts = 1>
ST_1 : Operation 56 [1/1] (0.00ns)   --->   "%zext_ln186_4 = zext i16 %tmp_4_1"   --->   Operation 56 'zext' 'zext_ln186_4' <Predicate = (!icmp_ln79)> <Delay = 0.00>
ST_1 : Operation 57 [1/1] (0.47ns)   --->   "%tmp_8_1 = mux i16 @_ssdm_op_Mux.ap_auto.3i16.i2, i16 %REG_V_37_reload_read, i16 %REG_V_45_reload_read, i16 %REG_V_53_reload_read, i2 %com_1"   --->   Operation 57 'mux' 'tmp_8_1' <Predicate = (!icmp_ln79)> <Delay = 0.47> <CoreInst = "Multiplexer">   --->   Core 76 'Multiplexer' <Latency = 0> <II = 1> <Delay = 0.47> <FuncUnit> <Opcode : 'mux'> <InPorts = 2> <OutPorts = 1>
ST_1 : Operation 58 [1/1] (0.00ns)   --->   "%zext_ln186_5 = zext i16 %tmp_8_1"   --->   Operation 58 'zext' 'zext_ln186_5' <Predicate = (!icmp_ln79)> <Delay = 0.00>
ST_1 : Operation 59 [4/4] (0.53ns) (root node of the DSP)   --->   "%mul_ln1494_2 = mul i32 %zext_ln186_5, i32 %zext_ln186_4"   --->   Operation 59 'mul' 'mul_ln1494_2' <Predicate = (!icmp_ln79)> <Delay = 0.53> <CoreInst = "DSP48">   --->   Core 127 'DSP48' <Latency = 3> <II = 1> <Delay = 0.53> <IPBlock> <Opcode : 'mul' 'add' 'sub' 'select'> <InPorts = 0> <OutPorts = 1> <Sync> <CReg>
ST_1 : Operation 60 [1/1] (0.47ns)   --->   "%tmp_9_1 = mux i16 @_ssdm_op_Mux.ap_auto.3i16.i2, i16 %REG_V_33_reload_read, i16 %REG_V_41_reload_read, i16 %REG_V_49_reload_read, i2 %com_1"   --->   Operation 60 'mux' 'tmp_9_1' <Predicate = (!icmp_ln79)> <Delay = 0.47> <CoreInst = "Multiplexer">   --->   Core 76 'Multiplexer' <Latency = 0> <II = 1> <Delay = 0.47> <FuncUnit> <Opcode : 'mux'> <InPorts = 2> <OutPorts = 1>
ST_1 : Operation 61 [1/1] (0.00ns)   --->   "%zext_ln186_6 = zext i16 %tmp_9_1"   --->   Operation 61 'zext' 'zext_ln186_6' <Predicate = (!icmp_ln79)> <Delay = 0.00>
ST_1 : Operation 62 [1/1] (0.52ns)   --->   "%tmp_10_1 = mux i16 @_ssdm_op_Mux.ap_auto.4i16.i2, i16 %REG_V_37_reload_read, i16 %REG_V_45_reload_read, i16 %REG_V_53_reload_read, i16 %REG_V_61_reload_read, i2 %indvars_iv397_read"   --->   Operation 62 'mux' 'tmp_10_1' <Predicate = (!icmp_ln79)> <Delay = 0.52> <CoreInst = "Multiplexer">   --->   Core 76 'Multiplexer' <Latency = 0> <II = 1> <Delay = 0.52> <FuncUnit> <Opcode : 'mux'> <InPorts = 2> <OutPorts = 1>
ST_1 : Operation 63 [1/1] (0.00ns)   --->   "%zext_ln186_7 = zext i16 %tmp_10_1"   --->   Operation 63 'zext' 'zext_ln186_7' <Predicate = (!icmp_ln79)> <Delay = 0.00>
ST_1 : Operation 64 [4/4] (0.53ns) (root node of the DSP)   --->   "%mul_ln1494_3 = mul i32 %zext_ln186_7, i32 %zext_ln186_6"   --->   Operation 64 'mul' 'mul_ln1494_3' <Predicate = (!icmp_ln79)> <Delay = 0.53> <CoreInst = "DSP48">   --->   Core 127 'DSP48' <Latency = 3> <II = 1> <Delay = 0.53> <IPBlock> <Opcode : 'mul' 'add' 'sub' 'select'> <InPorts = 0> <OutPorts = 1> <Sync> <CReg>
ST_1 : Operation 65 [1/1] (0.52ns)   --->   "%tmp_4_2 = mux i16 @_ssdm_op_Mux.ap_auto.4i16.i2, i16 %REG_V_34_reload_read, i16 %REG_V_42_reload_read, i16 %REG_V_50_reload_read, i16 %REG_V_58_reload_read, i2 %indvars_iv397_read"   --->   Operation 65 'mux' 'tmp_4_2' <Predicate = (!icmp_ln79)> <Delay = 0.52> <CoreInst = "Multiplexer">   --->   Core 76 'Multiplexer' <Latency = 0> <II = 1> <Delay = 0.52> <FuncUnit> <Opcode : 'mux'> <InPorts = 2> <OutPorts = 1>
ST_1 : Operation 66 [1/1] (0.00ns)   --->   "%zext_ln186_8 = zext i16 %tmp_4_2"   --->   Operation 66 'zext' 'zext_ln186_8' <Predicate = (!icmp_ln79)> <Delay = 0.00>
ST_1 : Operation 67 [1/1] (0.47ns)   --->   "%tmp_8_2 = mux i16 @_ssdm_op_Mux.ap_auto.3i16.i2, i16 %REG_V_38_reload_read, i16 %REG_V_46_reload_read, i16 %REG_V_54_reload_read, i2 %com_1"   --->   Operation 67 'mux' 'tmp_8_2' <Predicate = (!icmp_ln79)> <Delay = 0.47> <CoreInst = "Multiplexer">   --->   Core 76 'Multiplexer' <Latency = 0> <II = 1> <Delay = 0.47> <FuncUnit> <Opcode : 'mux'> <InPorts = 2> <OutPorts = 1>
ST_1 : Operation 68 [1/1] (0.00ns)   --->   "%zext_ln186_9 = zext i16 %tmp_8_2"   --->   Operation 68 'zext' 'zext_ln186_9' <Predicate = (!icmp_ln79)> <Delay = 0.00>
ST_1 : Operation 69 [4/4] (0.53ns) (root node of the DSP)   --->   "%mul_ln1494_4 = mul i32 %zext_ln186_9, i32 %zext_ln186_8"   --->   Operation 69 'mul' 'mul_ln1494_4' <Predicate = (!icmp_ln79)> <Delay = 0.53> <CoreInst = "DSP48">   --->   Core 127 'DSP48' <Latency = 3> <II = 1> <Delay = 0.53> <IPBlock> <Opcode : 'mul' 'add' 'sub' 'select'> <InPorts = 0> <OutPorts = 1> <Sync> <CReg>
ST_1 : Operation 70 [1/1] (0.47ns)   --->   "%tmp_9_2 = mux i16 @_ssdm_op_Mux.ap_auto.3i16.i2, i16 %REG_V_34_reload_read, i16 %REG_V_42_reload_read, i16 %REG_V_50_reload_read, i2 %com_1"   --->   Operation 70 'mux' 'tmp_9_2' <Predicate = (!icmp_ln79)> <Delay = 0.47> <CoreInst = "Multiplexer">   --->   Core 76 'Multiplexer' <Latency = 0> <II = 1> <Delay = 0.47> <FuncUnit> <Opcode : 'mux'> <InPorts = 2> <OutPorts = 1>
ST_1 : Operation 71 [1/1] (0.00ns)   --->   "%zext_ln186_10 = zext i16 %tmp_9_2"   --->   Operation 71 'zext' 'zext_ln186_10' <Predicate = (!icmp_ln79)> <Delay = 0.00>
ST_1 : Operation 72 [1/1] (0.52ns)   --->   "%tmp_10_2 = mux i16 @_ssdm_op_Mux.ap_auto.4i16.i2, i16 %REG_V_38_reload_read, i16 %REG_V_46_reload_read, i16 %REG_V_54_reload_read, i16 %REG_V_62_reload_read, i2 %indvars_iv397_read"   --->   Operation 72 'mux' 'tmp_10_2' <Predicate = (!icmp_ln79)> <Delay = 0.52> <CoreInst = "Multiplexer">   --->   Core 76 'Multiplexer' <Latency = 0> <II = 1> <Delay = 0.52> <FuncUnit> <Opcode : 'mux'> <InPorts = 2> <OutPorts = 1>
ST_1 : Operation 73 [1/1] (0.00ns)   --->   "%zext_ln186_11 = zext i16 %tmp_10_2"   --->   Operation 73 'zext' 'zext_ln186_11' <Predicate = (!icmp_ln79)> <Delay = 0.00>
ST_1 : Operation 74 [4/4] (0.53ns) (root node of the DSP)   --->   "%mul_ln1494_5 = mul i32 %zext_ln186_11, i32 %zext_ln186_10"   --->   Operation 74 'mul' 'mul_ln1494_5' <Predicate = (!icmp_ln79)> <Delay = 0.53> <CoreInst = "DSP48">   --->   Core 127 'DSP48' <Latency = 3> <II = 1> <Delay = 0.53> <IPBlock> <Opcode : 'mul' 'add' 'sub' 'select'> <InPorts = 0> <OutPorts = 1> <Sync> <CReg>
ST_1 : Operation 75 [1/1] (0.00ns)   --->   "%br_ln86 = br i1 %phase_read, void %for.inc133, void %if.then106" [Compute_block/Compute.cpp:86]   --->   Operation 75 'br' 'br_ln86' <Predicate = (!icmp_ln79)> <Delay = 0.00>
ST_1 : Operation 76 [1/1] (0.42ns)   --->   "%store_ln79 = store i2 %add_ln79, i2 %com" [Compute_block/Compute.cpp:79]   --->   Operation 76 'store' 'store_ln79' <Predicate = (!icmp_ln79)> <Delay = 0.42>
ST_1 : Operation 77 [1/1] (0.00ns)   --->   "%br_ln79 = br void %VITIS_LOOP_82_3" [Compute_block/Compute.cpp:79]   --->   Operation 77 'br' 'br_ln79' <Predicate = (!icmp_ln79)> <Delay = 0.00>

State 2 <SV = 1> <Delay = 1.52>
ST_2 : Operation 78 [1/1] (0.52ns)   --->   "%tmp_4 = mux i16 @_ssdm_op_Mux.ap_auto.4i16.i2, i16 %REG_V_32_reload_read, i16 %REG_V_40_reload_read, i16 %REG_V_48_reload_read, i16 %REG_V_56_reload_read, i2 %indvars_iv397_read"   --->   Operation 78 'mux' 'tmp_4' <Predicate = true> <Delay = 0.52> <CoreInst = "Multiplexer">   --->   Core 76 'Multiplexer' <Latency = 0> <II = 1> <Delay = 0.52> <FuncUnit> <Opcode : 'mux'> <InPorts = 2> <OutPorts = 1>
ST_2 : Operation 79 [1/1] (0.00ns)   --->   "%zext_ln186 = zext i16 %tmp_4"   --->   Operation 79 'zext' 'zext_ln186' <Predicate = true> <Delay = 0.00>
ST_2 : Operation 80 [1/1] (0.47ns)   --->   "%tmp_8 = mux i16 @_ssdm_op_Mux.ap_auto.3i16.i2, i16 %REG_V_36_reload_read, i16 %REG_V_44_reload_read, i16 %REG_V_52_reload_read, i2 %com_1"   --->   Operation 80 'mux' 'tmp_8' <Predicate = true> <Delay = 0.47> <CoreInst = "Multiplexer">   --->   Core 76 'Multiplexer' <Latency = 0> <II = 1> <Delay = 0.47> <FuncUnit> <Opcode : 'mux'> <InPorts = 2> <OutPorts = 1>
ST_2 : Operation 81 [1/1] (0.00ns)   --->   "%zext_ln186_1 = zext i16 %tmp_8"   --->   Operation 81 'zext' 'zext_ln186_1' <Predicate = true> <Delay = 0.00>
ST_2 : Operation 82 [3/3] (0.99ns) (grouped into DSP with root node add_ln87)   --->   "%mul_ln1494 = mul i32 %zext_ln186_1, i32 %zext_ln186"   --->   Operation 82 'mul' 'mul_ln1494' <Predicate = true> <Delay = 0.99> <CoreInst = "DSP48">   --->   Core 127 'DSP48' <Latency = 3> <II = 1> <Delay = 0.53> <IPBlock> <Opcode : 'mul' 'add' 'sub' 'select'> <InPorts = 0> <OutPorts = 1> <Sync> <CReg>
ST_2 : Operation 83 [1/1] (0.47ns)   --->   "%tmp_9 = mux i16 @_ssdm_op_Mux.ap_auto.3i16.i2, i16 %REG_V_32_reload_read, i16 %REG_V_40_reload_read, i16 %REG_V_48_reload_read, i2 %com_1"   --->   Operation 83 'mux' 'tmp_9' <Predicate = true> <Delay = 0.47> <CoreInst = "Multiplexer">   --->   Core 76 'Multiplexer' <Latency = 0> <II = 1> <Delay = 0.47> <FuncUnit> <Opcode : 'mux'> <InPorts = 2> <OutPorts = 1>
ST_2 : Operation 84 [1/1] (0.00ns)   --->   "%zext_ln186_2 = zext i16 %tmp_9"   --->   Operation 84 'zext' 'zext_ln186_2' <Predicate = true> <Delay = 0.00>
ST_2 : Operation 85 [1/1] (0.52ns)   --->   "%tmp_s = mux i16 @_ssdm_op_Mux.ap_auto.4i16.i2, i16 %REG_V_36_reload_read, i16 %REG_V_44_reload_read, i16 %REG_V_52_reload_read, i16 %REG_V_60_reload_read, i2 %indvars_iv397_read"   --->   Operation 85 'mux' 'tmp_s' <Predicate = true> <Delay = 0.52> <CoreInst = "Multiplexer">   --->   Core 76 'Multiplexer' <Latency = 0> <II = 1> <Delay = 0.52> <FuncUnit> <Opcode : 'mux'> <InPorts = 2> <OutPorts = 1>
ST_2 : Operation 86 [1/1] (0.00ns)   --->   "%zext_ln186_3 = zext i16 %tmp_s"   --->   Operation 86 'zext' 'zext_ln186_3' <Predicate = true> <Delay = 0.00>
ST_2 : Operation 87 [3/3] (0.99ns) (grouped into DSP with root node add_ln88)   --->   "%mul_ln1494_1 = mul i32 %zext_ln186_3, i32 %zext_ln186_2"   --->   Operation 87 'mul' 'mul_ln1494_1' <Predicate = true> <Delay = 0.99> <CoreInst = "DSP48">   --->   Core 127 'DSP48' <Latency = 3> <II = 1> <Delay = 0.53> <IPBlock> <Opcode : 'mul' 'add' 'sub' 'select'> <InPorts = 0> <OutPorts = 1> <Sync> <CReg>
ST_2 : Operation 88 [3/4] (0.53ns) (root node of the DSP)   --->   "%mul_ln1494_2 = mul i32 %zext_ln186_5, i32 %zext_ln186_4"   --->   Operation 88 'mul' 'mul_ln1494_2' <Predicate = true> <Delay = 0.53> <CoreInst = "DSP48">   --->   Core 127 'DSP48' <Latency = 3> <II = 1> <Delay = 0.53> <IPBlock> <Opcode : 'mul' 'add' 'sub' 'select'> <InPorts = 0> <OutPorts = 1> <Sync> <CReg>
ST_2 : Operation 89 [3/4] (0.53ns) (root node of the DSP)   --->   "%mul_ln1494_3 = mul i32 %zext_ln186_7, i32 %zext_ln186_6"   --->   Operation 89 'mul' 'mul_ln1494_3' <Predicate = true> <Delay = 0.53> <CoreInst = "DSP48">   --->   Core 127 'DSP48' <Latency = 3> <II = 1> <Delay = 0.53> <IPBlock> <Opcode : 'mul' 'add' 'sub' 'select'> <InPorts = 0> <OutPorts = 1> <Sync> <CReg>
ST_2 : Operation 90 [3/4] (0.53ns) (root node of the DSP)   --->   "%mul_ln1494_4 = mul i32 %zext_ln186_9, i32 %zext_ln186_8"   --->   Operation 90 'mul' 'mul_ln1494_4' <Predicate = true> <Delay = 0.53> <CoreInst = "DSP48">   --->   Core 127 'DSP48' <Latency = 3> <II = 1> <Delay = 0.53> <IPBlock> <Opcode : 'mul' 'add' 'sub' 'select'> <InPorts = 0> <OutPorts = 1> <Sync> <CReg>
ST_2 : Operation 91 [3/4] (0.53ns) (root node of the DSP)   --->   "%mul_ln1494_5 = mul i32 %zext_ln186_11, i32 %zext_ln186_10"   --->   Operation 91 'mul' 'mul_ln1494_5' <Predicate = true> <Delay = 0.53> <CoreInst = "DSP48">   --->   Core 127 'DSP48' <Latency = 3> <II = 1> <Delay = 0.53> <IPBlock> <Opcode : 'mul' 'add' 'sub' 'select'> <InPorts = 0> <OutPorts = 1> <Sync> <CReg>
ST_2 : Operation 92 [1/1] (0.52ns)   --->   "%tmp_4_3 = mux i16 @_ssdm_op_Mux.ap_auto.4i16.i2, i16 %REG_V_35_reload_read, i16 %REG_V_43_reload_read, i16 %REG_V_51_reload_read, i16 %REG_V_59_reload_read, i2 %indvars_iv397_read"   --->   Operation 92 'mux' 'tmp_4_3' <Predicate = true> <Delay = 0.52> <CoreInst = "Multiplexer">   --->   Core 76 'Multiplexer' <Latency = 0> <II = 1> <Delay = 0.52> <FuncUnit> <Opcode : 'mux'> <InPorts = 2> <OutPorts = 1>
ST_2 : Operation 93 [1/1] (0.00ns)   --->   "%zext_ln186_12 = zext i16 %tmp_4_3"   --->   Operation 93 'zext' 'zext_ln186_12' <Predicate = true> <Delay = 0.00>
ST_2 : Operation 94 [1/1] (0.47ns)   --->   "%tmp_8_3 = mux i16 @_ssdm_op_Mux.ap_auto.3i16.i2, i16 %REG_V_39_reload_read, i16 %REG_V_47_reload_read, i16 %REG_V_55_reload_read, i2 %com_1"   --->   Operation 94 'mux' 'tmp_8_3' <Predicate = true> <Delay = 0.47> <CoreInst = "Multiplexer">   --->   Core 76 'Multiplexer' <Latency = 0> <II = 1> <Delay = 0.47> <FuncUnit> <Opcode : 'mux'> <InPorts = 2> <OutPorts = 1>
ST_2 : Operation 95 [1/1] (0.00ns)   --->   "%zext_ln186_13 = zext i16 %tmp_8_3"   --->   Operation 95 'zext' 'zext_ln186_13' <Predicate = true> <Delay = 0.00>
ST_2 : Operation 96 [3/3] (0.99ns) (grouped into DSP with root node add_ln87_1)   --->   "%mul_ln1494_6 = mul i32 %zext_ln186_13, i32 %zext_ln186_12"   --->   Operation 96 'mul' 'mul_ln1494_6' <Predicate = true> <Delay = 0.99> <CoreInst = "DSP48">   --->   Core 127 'DSP48' <Latency = 3> <II = 1> <Delay = 0.53> <IPBlock> <Opcode : 'mul' 'add' 'sub' 'select'> <InPorts = 0> <OutPorts = 1> <Sync> <CReg>
ST_2 : Operation 97 [1/1] (0.47ns)   --->   "%tmp_9_3 = mux i16 @_ssdm_op_Mux.ap_auto.3i16.i2, i16 %REG_V_35_reload_read, i16 %REG_V_43_reload_read, i16 %REG_V_51_reload_read, i2 %com_1"   --->   Operation 97 'mux' 'tmp_9_3' <Predicate = true> <Delay = 0.47> <CoreInst = "Multiplexer">   --->   Core 76 'Multiplexer' <Latency = 0> <II = 1> <Delay = 0.47> <FuncUnit> <Opcode : 'mux'> <InPorts = 2> <OutPorts = 1>
ST_2 : Operation 98 [1/1] (0.00ns)   --->   "%zext_ln186_14 = zext i16 %tmp_9_3"   --->   Operation 98 'zext' 'zext_ln186_14' <Predicate = true> <Delay = 0.00>
ST_2 : Operation 99 [1/1] (0.52ns)   --->   "%tmp_10_3 = mux i16 @_ssdm_op_Mux.ap_auto.4i16.i2, i16 %REG_V_39_reload_read, i16 %REG_V_47_reload_read, i16 %REG_V_55_reload_read, i16 %REG_V_63_reload_read, i2 %indvars_iv397_read"   --->   Operation 99 'mux' 'tmp_10_3' <Predicate = true> <Delay = 0.52> <CoreInst = "Multiplexer">   --->   Core 76 'Multiplexer' <Latency = 0> <II = 1> <Delay = 0.52> <FuncUnit> <Opcode : 'mux'> <InPorts = 2> <OutPorts = 1>
ST_2 : Operation 100 [1/1] (0.00ns)   --->   "%zext_ln186_15 = zext i16 %tmp_10_3"   --->   Operation 100 'zext' 'zext_ln186_15' <Predicate = true> <Delay = 0.00>
ST_2 : Operation 101 [3/3] (0.99ns) (grouped into DSP with root node add_ln88_1)   --->   "%mul_ln1494_7 = mul i32 %zext_ln186_15, i32 %zext_ln186_14"   --->   Operation 101 'mul' 'mul_ln1494_7' <Predicate = true> <Delay = 0.99> <CoreInst = "DSP48">   --->   Core 127 'DSP48' <Latency = 3> <II = 1> <Delay = 0.53> <IPBlock> <Opcode : 'mul' 'add' 'sub' 'select'> <InPorts = 0> <OutPorts = 1> <Sync> <CReg>

State 3 <SV = 2> <Delay = 0.99>
ST_3 : Operation 102 [2/3] (0.99ns) (grouped into DSP with root node add_ln87)   --->   "%mul_ln1494 = mul i32 %zext_ln186_1, i32 %zext_ln186"   --->   Operation 102 'mul' 'mul_ln1494' <Predicate = true> <Delay = 0.99> <CoreInst = "DSP48">   --->   Core 127 'DSP48' <Latency = 3> <II = 1> <Delay = 0.53> <IPBlock> <Opcode : 'mul' 'add' 'sub' 'select'> <InPorts = 0> <OutPorts = 1> <Sync> <CReg>
ST_3 : Operation 103 [2/3] (0.99ns) (grouped into DSP with root node add_ln88)   --->   "%mul_ln1494_1 = mul i32 %zext_ln186_3, i32 %zext_ln186_2"   --->   Operation 103 'mul' 'mul_ln1494_1' <Predicate = true> <Delay = 0.99> <CoreInst = "DSP48">   --->   Core 127 'DSP48' <Latency = 3> <II = 1> <Delay = 0.53> <IPBlock> <Opcode : 'mul' 'add' 'sub' 'select'> <InPorts = 0> <OutPorts = 1> <Sync> <CReg>
ST_3 : Operation 104 [2/4] (0.53ns) (root node of the DSP)   --->   "%mul_ln1494_2 = mul i32 %zext_ln186_5, i32 %zext_ln186_4"   --->   Operation 104 'mul' 'mul_ln1494_2' <Predicate = true> <Delay = 0.53> <CoreInst = "DSP48">   --->   Core 127 'DSP48' <Latency = 3> <II = 1> <Delay = 0.53> <IPBlock> <Opcode : 'mul' 'add' 'sub' 'select'> <InPorts = 0> <OutPorts = 1> <Sync> <CReg>
ST_3 : Operation 105 [2/4] (0.53ns) (root node of the DSP)   --->   "%mul_ln1494_3 = mul i32 %zext_ln186_7, i32 %zext_ln186_6"   --->   Operation 105 'mul' 'mul_ln1494_3' <Predicate = true> <Delay = 0.53> <CoreInst = "DSP48">   --->   Core 127 'DSP48' <Latency = 3> <II = 1> <Delay = 0.53> <IPBlock> <Opcode : 'mul' 'add' 'sub' 'select'> <InPorts = 0> <OutPorts = 1> <Sync> <CReg>
ST_3 : Operation 106 [2/4] (0.53ns) (root node of the DSP)   --->   "%mul_ln1494_4 = mul i32 %zext_ln186_9, i32 %zext_ln186_8"   --->   Operation 106 'mul' 'mul_ln1494_4' <Predicate = true> <Delay = 0.53> <CoreInst = "DSP48">   --->   Core 127 'DSP48' <Latency = 3> <II = 1> <Delay = 0.53> <IPBlock> <Opcode : 'mul' 'add' 'sub' 'select'> <InPorts = 0> <OutPorts = 1> <Sync> <CReg>
ST_3 : Operation 107 [2/4] (0.53ns) (root node of the DSP)   --->   "%mul_ln1494_5 = mul i32 %zext_ln186_11, i32 %zext_ln186_10"   --->   Operation 107 'mul' 'mul_ln1494_5' <Predicate = true> <Delay = 0.53> <CoreInst = "DSP48">   --->   Core 127 'DSP48' <Latency = 3> <II = 1> <Delay = 0.53> <IPBlock> <Opcode : 'mul' 'add' 'sub' 'select'> <InPorts = 0> <OutPorts = 1> <Sync> <CReg>
ST_3 : Operation 108 [2/3] (0.99ns) (grouped into DSP with root node add_ln87_1)   --->   "%mul_ln1494_6 = mul i32 %zext_ln186_13, i32 %zext_ln186_12"   --->   Operation 108 'mul' 'mul_ln1494_6' <Predicate = true> <Delay = 0.99> <CoreInst = "DSP48">   --->   Core 127 'DSP48' <Latency = 3> <II = 1> <Delay = 0.53> <IPBlock> <Opcode : 'mul' 'add' 'sub' 'select'> <InPorts = 0> <OutPorts = 1> <Sync> <CReg>
ST_3 : Operation 109 [2/3] (0.99ns) (grouped into DSP with root node add_ln88_1)   --->   "%mul_ln1494_7 = mul i32 %zext_ln186_15, i32 %zext_ln186_14"   --->   Operation 109 'mul' 'mul_ln1494_7' <Predicate = true> <Delay = 0.99> <CoreInst = "DSP48">   --->   Core 127 'DSP48' <Latency = 3> <II = 1> <Delay = 0.53> <IPBlock> <Opcode : 'mul' 'add' 'sub' 'select'> <InPorts = 0> <OutPorts = 1> <Sync> <CReg>

State 4 <SV = 3> <Delay = 0.64>
ST_4 : Operation 110 [1/3] (0.00ns) (grouped into DSP with root node add_ln87)   --->   "%mul_ln1494 = mul i32 %zext_ln186_1, i32 %zext_ln186"   --->   Operation 110 'mul' 'mul_ln1494' <Predicate = true> <Delay = 0.00> <CoreInst = "DSP48">   --->   Core 127 'DSP48' <Latency = 3> <II = 1> <Delay = 0.53> <IPBlock> <Opcode : 'mul' 'add' 'sub' 'select'> <InPorts = 0> <OutPorts = 1> <Sync> <CReg>
ST_4 : Operation 111 [1/3] (0.00ns) (grouped into DSP with root node add_ln88)   --->   "%mul_ln1494_1 = mul i32 %zext_ln186_3, i32 %zext_ln186_2"   --->   Operation 111 'mul' 'mul_ln1494_1' <Predicate = true> <Delay = 0.00> <CoreInst = "DSP48">   --->   Core 127 'DSP48' <Latency = 3> <II = 1> <Delay = 0.53> <IPBlock> <Opcode : 'mul' 'add' 'sub' 'select'> <InPorts = 0> <OutPorts = 1> <Sync> <CReg>
ST_4 : Operation 112 [1/4] (0.00ns) (root node of the DSP)   --->   "%mul_ln1494_2 = mul i32 %zext_ln186_5, i32 %zext_ln186_4"   --->   Operation 112 'mul' 'mul_ln1494_2' <Predicate = true> <Delay = 0.00> <CoreInst = "DSP48">   --->   Core 127 'DSP48' <Latency = 3> <II = 1> <Delay = 0.53> <IPBlock> <Opcode : 'mul' 'add' 'sub' 'select'> <InPorts = 0> <OutPorts = 1> <Sync> <CReg>
ST_4 : Operation 113 [1/4] (0.00ns) (root node of the DSP)   --->   "%mul_ln1494_3 = mul i32 %zext_ln186_7, i32 %zext_ln186_6"   --->   Operation 113 'mul' 'mul_ln1494_3' <Predicate = true> <Delay = 0.00> <CoreInst = "DSP48">   --->   Core 127 'DSP48' <Latency = 3> <II = 1> <Delay = 0.53> <IPBlock> <Opcode : 'mul' 'add' 'sub' 'select'> <InPorts = 0> <OutPorts = 1> <Sync> <CReg>
ST_4 : Operation 114 [1/4] (0.00ns) (root node of the DSP)   --->   "%mul_ln1494_4 = mul i32 %zext_ln186_9, i32 %zext_ln186_8"   --->   Operation 114 'mul' 'mul_ln1494_4' <Predicate = true> <Delay = 0.00> <CoreInst = "DSP48">   --->   Core 127 'DSP48' <Latency = 3> <II = 1> <Delay = 0.53> <IPBlock> <Opcode : 'mul' 'add' 'sub' 'select'> <InPorts = 0> <OutPorts = 1> <Sync> <CReg>
ST_4 : Operation 115 [1/4] (0.00ns) (root node of the DSP)   --->   "%mul_ln1494_5 = mul i32 %zext_ln186_11, i32 %zext_ln186_10"   --->   Operation 115 'mul' 'mul_ln1494_5' <Predicate = true> <Delay = 0.00> <CoreInst = "DSP48">   --->   Core 127 'DSP48' <Latency = 3> <II = 1> <Delay = 0.53> <IPBlock> <Opcode : 'mul' 'add' 'sub' 'select'> <InPorts = 0> <OutPorts = 1> <Sync> <CReg>
ST_4 : Operation 116 [1/3] (0.00ns) (grouped into DSP with root node add_ln87_1)   --->   "%mul_ln1494_6 = mul i32 %zext_ln186_13, i32 %zext_ln186_12"   --->   Operation 116 'mul' 'mul_ln1494_6' <Predicate = true> <Delay = 0.00> <CoreInst = "DSP48">   --->   Core 127 'DSP48' <Latency = 3> <II = 1> <Delay = 0.53> <IPBlock> <Opcode : 'mul' 'add' 'sub' 'select'> <InPorts = 0> <OutPorts = 1> <Sync> <CReg>
ST_4 : Operation 117 [2/2] (0.64ns) (root node of the DSP)   --->   "%add_ln87 = add i32 %mul_ln1494_2, i32 %mul_ln1494" [Compute_block/Compute.cpp:87]   --->   Operation 117 'add' 'add_ln87' <Predicate = true> <Delay = 0.64> <CoreInst = "DSP48">   --->   Core 127 'DSP48' <Latency = 3> <II = 1> <Delay = 0.53> <IPBlock> <Opcode : 'mul' 'add' 'sub' 'select'> <InPorts = 0> <OutPorts = 1> <Sync> <CReg>
ST_4 : Operation 118 [2/2] (0.64ns) (root node of the DSP)   --->   "%add_ln87_1 = add i32 %mul_ln1494_4, i32 %mul_ln1494_6" [Compute_block/Compute.cpp:87]   --->   Operation 118 'add' 'add_ln87_1' <Predicate = true> <Delay = 0.64> <CoreInst = "DSP48">   --->   Core 127 'DSP48' <Latency = 3> <II = 1> <Delay = 0.53> <IPBlock> <Opcode : 'mul' 'add' 'sub' 'select'> <InPorts = 0> <OutPorts = 1> <Sync> <CReg>
ST_4 : Operation 119 [1/3] (0.00ns) (grouped into DSP with root node add_ln88_1)   --->   "%mul_ln1494_7 = mul i32 %zext_ln186_15, i32 %zext_ln186_14"   --->   Operation 119 'mul' 'mul_ln1494_7' <Predicate = true> <Delay = 0.00> <CoreInst = "DSP48">   --->   Core 127 'DSP48' <Latency = 3> <II = 1> <Delay = 0.53> <IPBlock> <Opcode : 'mul' 'add' 'sub' 'select'> <InPorts = 0> <OutPorts = 1> <Sync> <CReg>
ST_4 : Operation 120 [2/2] (0.64ns) (root node of the DSP)   --->   "%add_ln88 = add i32 %mul_ln1494_3, i32 %mul_ln1494_1" [Compute_block/Compute.cpp:88]   --->   Operation 120 'add' 'add_ln88' <Predicate = true> <Delay = 0.64> <CoreInst = "DSP48">   --->   Core 127 'DSP48' <Latency = 3> <II = 1> <Delay = 0.53> <IPBlock> <Opcode : 'mul' 'add' 'sub' 'select'> <InPorts = 0> <OutPorts = 1> <Sync> <CReg>
ST_4 : Operation 121 [2/2] (0.64ns) (root node of the DSP)   --->   "%add_ln88_1 = add i32 %mul_ln1494_5, i32 %mul_ln1494_7" [Compute_block/Compute.cpp:88]   --->   Operation 121 'add' 'add_ln88_1' <Predicate = true> <Delay = 0.64> <CoreInst = "DSP48">   --->   Core 127 'DSP48' <Latency = 3> <II = 1> <Delay = 0.53> <IPBlock> <Opcode : 'mul' 'add' 'sub' 'select'> <InPorts = 0> <OutPorts = 1> <Sync> <CReg>
ST_4 : Operation 138 [1/1] (0.00ns)   --->   "%ret_ln0 = ret"   --->   Operation 138 'ret' 'ret_ln0' <Predicate = (icmp_ln79)> <Delay = 0.00>

State 5 <SV = 4> <Delay = 2.33>
ST_5 : Operation 122 [1/1] (0.00ns)   --->   "%specloopname_ln79 = specloopname void @_ssdm_op_SpecLoopName, void @empty_5" [Compute_block/Compute.cpp:79]   --->   Operation 122 'specloopname' 'specloopname_ln79' <Predicate = true> <Delay = 0.00>
ST_5 : Operation 123 [1/2] (0.64ns) (root node of the DSP)   --->   "%add_ln87 = add i32 %mul_ln1494_2, i32 %mul_ln1494" [Compute_block/Compute.cpp:87]   --->   Operation 123 'add' 'add_ln87' <Predicate = true> <Delay = 0.64> <CoreInst = "DSP48">   --->   Core 127 'DSP48' <Latency = 3> <II = 1> <Delay = 0.53> <IPBlock> <Opcode : 'mul' 'add' 'sub' 'select'> <InPorts = 0> <OutPorts = 1> <Sync> <CReg>
ST_5 : Operation 124 [1/2] (0.64ns) (root node of the DSP)   --->   "%add_ln87_1 = add i32 %mul_ln1494_4, i32 %mul_ln1494_6" [Compute_block/Compute.cpp:87]   --->   Operation 124 'add' 'add_ln87_1' <Predicate = true> <Delay = 0.64> <CoreInst = "DSP48">   --->   Core 127 'DSP48' <Latency = 3> <II = 1> <Delay = 0.53> <IPBlock> <Opcode : 'mul' 'add' 'sub' 'select'> <InPorts = 0> <OutPorts = 1> <Sync> <CReg>
ST_5 : Operation 125 [1/1] (1.01ns)   --->   "%add_ln87_2 = add i32 %add_ln87_1, i32 %add_ln87" [Compute_block/Compute.cpp:87]   --->   Operation 125 'add' 'add_ln87_2' <Predicate = true> <Delay = 1.01> <CoreInst = "Adder">   --->   Core 1 'Adder' <Latency = 0> <II = 1> <Delay = 1.01> <FuncUnit> <Opcode : 'add' 'sub'> <InPorts = 2> <OutPorts = 1>
ST_5 : Operation 126 [1/2] (0.64ns) (root node of the DSP)   --->   "%add_ln88 = add i32 %mul_ln1494_3, i32 %mul_ln1494_1" [Compute_block/Compute.cpp:88]   --->   Operation 126 'add' 'add_ln88' <Predicate = true> <Delay = 0.64> <CoreInst = "DSP48">   --->   Core 127 'DSP48' <Latency = 3> <II = 1> <Delay = 0.53> <IPBlock> <Opcode : 'mul' 'add' 'sub' 'select'> <InPorts = 0> <OutPorts = 1> <Sync> <CReg>
ST_5 : Operation 127 [1/2] (0.64ns) (root node of the DSP)   --->   "%add_ln88_1 = add i32 %mul_ln1494_5, i32 %mul_ln1494_7" [Compute_block/Compute.cpp:88]   --->   Operation 127 'add' 'add_ln88_1' <Predicate = true> <Delay = 0.64> <CoreInst = "DSP48">   --->   Core 127 'DSP48' <Latency = 3> <II = 1> <Delay = 0.53> <IPBlock> <Opcode : 'mul' 'add' 'sub' 'select'> <InPorts = 0> <OutPorts = 1> <Sync> <CReg>
ST_5 : Operation 128 [1/1] (1.01ns)   --->   "%add_ln88_2 = add i32 %add_ln88_1, i32 %add_ln88" [Compute_block/Compute.cpp:88]   --->   Operation 128 'add' 'add_ln88_2' <Predicate = true> <Delay = 1.01> <CoreInst = "Adder">   --->   Core 1 'Adder' <Latency = 0> <II = 1> <Delay = 1.01> <FuncUnit> <Opcode : 'add' 'sub'> <InPorts = 2> <OutPorts = 1>
ST_5 : Operation 129 [1/1] (0.00ns)   --->   "%add_ln87_3 = bitconcatenate i4 @_ssdm_op_BitConcatenate.i4.i2.i2, i2 %i_cast_read, i2 %com_1" [Compute_block/Compute.cpp:87]   --->   Operation 129 'bitconcatenate' 'add_ln87_3' <Predicate = (phase_read)> <Delay = 0.00>
ST_5 : Operation 130 [1/1] (0.00ns)   --->   "%zext_ln87 = zext i4 %add_ln87_3" [Compute_block/Compute.cpp:87]   --->   Operation 130 'zext' 'zext_ln87' <Predicate = (phase_read)> <Delay = 0.00>
ST_5 : Operation 131 [1/1] (0.00ns)   --->   "%buffer_2_addr = getelementptr i32 %buffer_2, i64 0, i64 %zext_ln87" [Compute_block/Compute.cpp:87]   --->   Operation 131 'getelementptr' 'buffer_2_addr' <Predicate = (phase_read)> <Delay = 0.00>
ST_5 : Operation 132 [1/1] (0.67ns)   --->   "%store_ln87 = store i32 %add_ln87_2, i4 %buffer_2_addr" [Compute_block/Compute.cpp:87]   --->   Operation 132 'store' 'store_ln87' <Predicate = (phase_read)> <Delay = 0.67> <CoreInst = "RAM">   --->   Core 83 'RAM' <Latency = 1> <II = 1> <Delay = 0.67> <Storage> <Opcode : 'load' 'store'> <Ports = 2> <Width = 32> <Depth = 16> <RAM>
ST_5 : Operation 133 [1/1] (0.00ns)   --->   "%add_ln88_3 = bitconcatenate i4 @_ssdm_op_BitConcatenate.i4.i2.i2, i2 %com_1, i2 %i_cast_read" [Compute_block/Compute.cpp:88]   --->   Operation 133 'bitconcatenate' 'add_ln88_3' <Predicate = (phase_read)> <Delay = 0.00>
ST_5 : Operation 134 [1/1] (0.00ns)   --->   "%zext_ln88 = zext i4 %add_ln88_3" [Compute_block/Compute.cpp:88]   --->   Operation 134 'zext' 'zext_ln88' <Predicate = (phase_read)> <Delay = 0.00>
ST_5 : Operation 135 [1/1] (0.00ns)   --->   "%buffer_2_addr_1 = getelementptr i32 %buffer_2, i64 0, i64 %zext_ln88" [Compute_block/Compute.cpp:88]   --->   Operation 135 'getelementptr' 'buffer_2_addr_1' <Predicate = (phase_read)> <Delay = 0.00>
ST_5 : Operation 136 [1/1] (0.67ns)   --->   "%store_ln88 = store i32 %add_ln88_2, i4 %buffer_2_addr_1" [Compute_block/Compute.cpp:88]   --->   Operation 136 'store' 'store_ln88' <Predicate = (phase_read)> <Delay = 0.67> <CoreInst = "RAM">   --->   Core 83 'RAM' <Latency = 1> <II = 1> <Delay = 0.67> <Storage> <Opcode : 'load' 'store'> <Ports = 2> <Width = 32> <Depth = 16> <RAM>
ST_5 : Operation 137 [1/1] (0.00ns)   --->   "%br_ln88 = br void %for.inc133" [Compute_block/Compute.cpp:88]   --->   Operation 137 'br' 'br_ln88' <Predicate = (phase_read)> <Delay = 0.00>


============================================================
+ Verbose Summary: Timing violations
============================================================
Target clock period: 10ns, clock uncertainty: 2.7ns.

 <State 1>: 1.06ns
The critical path consists of the following:
	wire read operation ('REG_V_57_reload_read') on port 'REG_V_57_reload' [62]  (0 ns)
	'mux' operation ('tmp_4_1') [98]  (0.525 ns)
	'mul' operation of DSP[102] ('mul_ln1494_2') [102]  (0.535 ns)

 <State 2>: 1.52ns
The critical path consists of the following:
	'mux' operation ('tmp_4') [88]  (0.525 ns)
	'mul' operation of DSP[123] ('mul_ln1494') [92]  (0.996 ns)

 <State 3>: 0.996ns
The critical path consists of the following:
	'mul' operation of DSP[123] ('mul_ln1494') [92]  (0.996 ns)

 <State 4>: 0.645ns
The critical path consists of the following:
	'mul' operation of DSP[123] ('mul_ln1494') [92]  (0 ns)
	'add' operation of DSP[123] ('add_ln87', Compute_block/Compute.cpp:87) [123]  (0.645 ns)

 <State 5>: 2.34ns
The critical path consists of the following:
	'add' operation of DSP[123] ('add_ln87', Compute_block/Compute.cpp:87) [123]  (0.645 ns)
	'add' operation ('add_ln87_2', Compute_block/Compute.cpp:87) [125]  (1.02 ns)
	'store' operation ('store_ln87', Compute_block/Compute.cpp:87) of variable 'add_ln87_2', Compute_block/Compute.cpp:87 on array 'buffer_2' [139]  (0.677 ns)


============================================================
+ Verbose Summary: Binding
============================================================
N/A
* FSMD analyzer results:
  - Output states:
 - Input state : 
  - Chain level:
	State 1
	State 2
	State 3
	State 4
	State 5


============================================================
+ Verbose Summary: Datapath Resource usage 
============================================================
N/A
