

================================================================
== Vitis HLS Report for 'compute_Pipeline_VITIS_LOOP_60_1'
================================================================
* Date:           Thu Sep 10 14:52:41 2026

* Version:        2022.2 (Build 3670227 on Oct 13 2022)
* Project:        Compute_block
* Solution:       solution1 (Vivado IP Flow Target)
* Product family: zynquplus
* Target device:  xczu7ev-ffvc1156-2-e


================================================================
== Performance Estimates
================================================================
+ Timing: 
    * Summary: 
    +--------+----------+----------+------------+
    |  Clock |  Target  | Estimated| Uncertainty|
    +--------+----------+----------+------------+
    |ap_clk  |  10.00 ns|  2.313 ns|     2.70 ns|
    +--------+----------+----------+------------+

+ Latency: 
    * Summary: 
    +---------+---------+-----------+-----------+-----+-----+---------+
    |  Latency (cycles) |   Latency (absolute)  |  Interval | Pipeline|
    |   min   |   max   |    min    |    max    | min | max |   Type  |
    +---------+---------+-----------+-----------+-----+-----+---------+
    |        9|        9|  90.000 ns|  90.000 ns|    9|    9|       no|
    +---------+---------+-----------+-----------+-----+-----+---------+

    + Detail: 
        * Instance: 
        N/A

        * Loop: 
        +-------------------+---------+---------+----------+-----------+-----------+------+----------+
        |                   |  Latency (cycles) | Iteration|  Initiation Interval  | Trip |          |
        |     Loop Name     |   min   |   max   |  Latency |  achieved |   target  | Count| Pipelined|
        +-------------------+---------+---------+----------+-----------+-----------+------+----------+
        |- VITIS_LOOP_60_1  |        7|        7|         6|          1|          1|     2|       yes|
        +-------------------+---------+---------+----------+-----------+-----------+------+----------+

============================================================
+ Verbose Summary: Synthesis Manager
============================================================
InlineROM: 1
ExposeGlobal: 0
============================================================
+ Verbose Summary: CDFG Model
============================================================
IsTopModel: 0
ResetActiveHigh: 1
IsCombinational: 0
IsDatapathOnly: 0
HasWiredReturn: 1
HasMFsm: 2
HasVarLatency: 1
IsPipeline: 0
IsRtlPipelined: 0
IsInstanceOverlapped: 0
IsDontTouch: 0
HasImplIP: 0
IsGatedGlobalClock: 0

+ Individual pipeline summary: 
  * Pipeline-0: initiation interval (II) = 1, depth = 6


============================================================
+ Verbose Summary: Schedule
============================================================
* Number of FSM states : 6
* Pipeline : 1
  Pipeline-0 : II = 1, D = 6, States = { 1 2 3 4 5 6 }
* Dataflow Pipeline: 0

* FSM state transitions: 
1 --> 2 
2 --> 3 
3 --> 4 
4 --> 5 
5 --> 6 
6 --> 

* FSM state operations: 

State 1 <SV = 0> <Delay = 0.97>
ST_1 : Operation 9 [1/1] (0.00ns)   --->   "%self_sum_V = alloca i32 1"   --->   Operation 9 'alloca' 'self_sum_V' <Predicate = true> <Delay = 0.00>
ST_1 : Operation 10 [1/1] (0.00ns)   --->   "%fe = alloca i32 1"   --->   Operation 10 'alloca' 'fe' <Predicate = true> <Delay = 0.00>
ST_1 : Operation 11 [1/1] (0.00ns)   --->   "%REG_V_32 = alloca i32 1"   --->   Operation 11 'alloca' 'REG_V_32' <Predicate = true> <Delay = 0.00>
ST_1 : Operation 12 [1/1] (0.00ns)   --->   "%REG_V_33 = alloca i32 1"   --->   Operation 12 'alloca' 'REG_V_33' <Predicate = true> <Delay = 0.00>
ST_1 : Operation 13 [1/1] (0.00ns)   --->   "%REG_V_34 = alloca i32 1"   --->   Operation 13 'alloca' 'REG_V_34' <Predicate = true> <Delay = 0.00>
ST_1 : Operation 14 [1/1] (0.00ns)   --->   "%REG_V_35 = alloca i32 1"   --->   Operation 14 'alloca' 'REG_V_35' <Predicate = true> <Delay = 0.00>
ST_1 : Operation 15 [1/1] (0.00ns)   --->   "%REG_V_36 = alloca i32 1"   --->   Operation 15 'alloca' 'REG_V_36' <Predicate = true> <Delay = 0.00>
ST_1 : Operation 16 [1/1] (0.00ns)   --->   "%REG_V_37 = alloca i32 1"   --->   Operation 16 'alloca' 'REG_V_37' <Predicate = true> <Delay = 0.00>
ST_1 : Operation 17 [1/1] (0.00ns)   --->   "%REG_V_38 = alloca i32 1"   --->   Operation 17 'alloca' 'REG_V_38' <Predicate = true> <Delay = 0.00>
ST_1 : Operation 18 [1/1] (0.00ns)   --->   "%REG_V_39 = alloca i32 1"   --->   Operation 18 'alloca' 'REG_V_39' <Predicate = true> <Delay = 0.00>
ST_1 : Operation 19 [1/1] (0.00ns)   --->   "%REG_V_40 = alloca i32 1"   --->   Operation 19 'alloca' 'REG_V_40' <Predicate = true> <Delay = 0.00>
ST_1 : Operation 20 [1/1] (0.00ns)   --->   "%REG_V_41 = alloca i32 1"   --->   Operation 20 'alloca' 'REG_V_41' <Predicate = true> <Delay = 0.00>
ST_1 : Operation 21 [1/1] (0.00ns)   --->   "%REG_V_42 = alloca i32 1"   --->   Operation 21 'alloca' 'REG_V_42' <Predicate = true> <Delay = 0.00>
ST_1 : Operation 22 [1/1] (0.00ns)   --->   "%REG_V_43 = alloca i32 1"   --->   Operation 22 'alloca' 'REG_V_43' <Predicate = true> <Delay = 0.00>
ST_1 : Operation 23 [1/1] (0.00ns)   --->   "%REG_V_44 = alloca i32 1"   --->   Operation 23 'alloca' 'REG_V_44' <Predicate = true> <Delay = 0.00>
ST_1 : Operation 24 [1/1] (0.00ns)   --->   "%REG_V_45 = alloca i32 1"   --->   Operation 24 'alloca' 'REG_V_45' <Predicate = true> <Delay = 0.00>
ST_1 : Operation 25 [1/1] (0.00ns)   --->   "%REG_V_46 = alloca i32 1"   --->   Operation 25 'alloca' 'REG_V_46' <Predicate = true> <Delay = 0.00>
ST_1 : Operation 26 [1/1] (0.00ns)   --->   "%REG_V_47 = alloca i32 1"   --->   Operation 26 'alloca' 'REG_V_47' <Predicate = true> <Delay = 0.00>
ST_1 : Operation 27 [1/1] (0.00ns)   --->   "%REG_V_48 = alloca i32 1"   --->   Operation 27 'alloca' 'REG_V_48' <Predicate = true> <Delay = 0.00>
ST_1 : Operation 28 [1/1] (0.00ns)   --->   "%REG_V_49 = alloca i32 1"   --->   Operation 28 'alloca' 'REG_V_49' <Predicate = true> <Delay = 0.00>
ST_1 : Operation 29 [1/1] (0.00ns)   --->   "%REG_V_50 = alloca i32 1"   --->   Operation 29 'alloca' 'REG_V_50' <Predicate = true> <Delay = 0.00>
ST_1 : Operation 30 [1/1] (0.00ns)   --->   "%REG_V_51 = alloca i32 1"   --->   Operation 30 'alloca' 'REG_V_51' <Predicate = true> <Delay = 0.00>
ST_1 : Operation 31 [1/1] (0.00ns)   --->   "%REG_V_52 = alloca i32 1"   --->   Operation 31 'alloca' 'REG_V_52' <Predicate = true> <Delay = 0.00>
ST_1 : Operation 32 [1/1] (0.00ns)   --->   "%REG_V_53 = alloca i32 1"   --->   Operation 32 'alloca' 'REG_V_53' <Predicate = true> <Delay = 0.00>
ST_1 : Operation 33 [1/1] (0.00ns)   --->   "%REG_V_54 = alloca i32 1"   --->   Operation 33 'alloca' 'REG_V_54' <Predicate = true> <Delay = 0.00>
ST_1 : Operation 34 [1/1] (0.00ns)   --->   "%REG_V_55 = alloca i32 1"   --->   Operation 34 'alloca' 'REG_V_55' <Predicate = true> <Delay = 0.00>
ST_1 : Operation 35 [1/1] (0.00ns)   --->   "%REG_V_56 = alloca i32 1"   --->   Operation 35 'alloca' 'REG_V_56' <Predicate = true> <Delay = 0.00>
ST_1 : Operation 36 [1/1] (0.00ns)   --->   "%REG_V_57 = alloca i32 1"   --->   Operation 36 'alloca' 'REG_V_57' <Predicate = true> <Delay = 0.00>
ST_1 : Operation 37 [1/1] (0.00ns)   --->   "%REG_V_58 = alloca i32 1"   --->   Operation 37 'alloca' 'REG_V_58' <Predicate = true> <Delay = 0.00>
ST_1 : Operation 38 [1/1] (0.00ns)   --->   "%REG_V_59 = alloca i32 1"   --->   Operation 38 'alloca' 'REG_V_59' <Predicate = true> <Delay = 0.00>
ST_1 : Operation 39 [1/1] (0.00ns)   --->   "%REG_V_60 = alloca i32 1"   --->   Operation 39 'alloca' 'REG_V_60' <Predicate = true> <Delay = 0.00>
ST_1 : Operation 40 [1/1] (0.00ns)   --->   "%REG_V_61 = alloca i32 1"   --->   Operation 40 'alloca' 'REG_V_61' <Predicate = true> <Delay = 0.00>
ST_1 : Operation 41 [1/1] (0.00ns)   --->   "%REG_V_62 = alloca i32 1"   --->   Operation 41 'alloca' 'REG_V_62' <Predicate = true> <Delay = 0.00>
ST_1 : Operation 42 [1/1] (0.00ns)   --->   "%REG_V_63 = alloca i32 1"   --->   Operation 42 'alloca' 'REG_V_63' <Predicate = true> <Delay = 0.00>
ST_1 : Operation 43 [1/1] (0.00ns)   --->   "%specinterface_ln0 = specinterface void @_ssdm_op_SpecInterface, i32 %fwd_out2, void @empty_2, i32 0, i32 0, void @empty_0, i32 0, i32 0, void @empty_0, void @empty_0, void @empty_0, i32 0, i32 0, i32 0, i32 0, void @empty_0, void @empty_0, i32 4294967295, i32 0"   --->   Operation 43 'specinterface' 'specinterface_ln0' <Predicate = true> <Delay = 0.00>
ST_1 : Operation 44 [1/1] (0.00ns)   --->   "%specinterface_ln0 = specinterface void @_ssdm_op_SpecInterface, i32 %fwd_out1, void @empty_2, i32 0, i32 0, void @empty_0, i32 0, i32 0, void @empty_0, void @empty_0, void @empty_0, i32 0, i32 0, i32 0, i32 0, void @empty_0, void @empty_0, i32 4294967295, i32 0"   --->   Operation 44 'specinterface' 'specinterface_ln0' <Predicate = true> <Delay = 0.00>
ST_1 : Operation 45 [1/1] (0.00ns)   --->   "%specinterface_ln0 = specinterface void @_ssdm_op_SpecInterface, i64 %buffer_1, void @empty, i32 0, i32 0, void @empty_0, i32 4294967295, i32 0, void @empty_0, void @empty_0, void @empty_0, i32 0, i32 0, i32 0, i32 0, void @empty_0, void @empty_0, i32 4294967295, i32 0"   --->   Operation 45 'specinterface' 'specinterface_ln0' <Predicate = true> <Delay = 0.00>
ST_1 : Operation 46 [1/1] (0.00ns)   --->   "%i_cast_read = read i2 @_ssdm_op_Read.ap_auto.i2, i2 %i_cast"   --->   Operation 46 'read' 'i_cast_read' <Predicate = true> <Delay = 0.00>
ST_1 : Operation 47 [1/1] (0.00ns)   --->   "%REG_V_read = read i16 @_ssdm_op_Read.ap_auto.i16, i16 %REG_V"   --->   Operation 47 'read' 'REG_V_read' <Predicate = true> <Delay = 0.00>
ST_1 : Operation 48 [1/1] (0.00ns)   --->   "%REG_V_1_read = read i16 @_ssdm_op_Read.ap_auto.i16, i16 %REG_V_1"   --->   Operation 48 'read' 'REG_V_1_read' <Predicate = true> <Delay = 0.00>
ST_1 : Operation 49 [1/1] (0.00ns)   --->   "%REG_V_2_read = read i16 @_ssdm_op_Read.ap_auto.i16, i16 %REG_V_2"   --->   Operation 49 'read' 'REG_V_2_read' <Predicate = true> <Delay = 0.00>
ST_1 : Operation 50 [1/1] (0.00ns)   --->   "%REG_V_3_read = read i16 @_ssdm_op_Read.ap_auto.i16, i16 %REG_V_3"   --->   Operation 50 'read' 'REG_V_3_read' <Predicate = true> <Delay = 0.00>
ST_1 : Operation 51 [1/1] (0.00ns)   --->   "%REG_V_4_read = read i16 @_ssdm_op_Read.ap_auto.i16, i16 %REG_V_4"   --->   Operation 51 'read' 'REG_V_4_read' <Predicate = true> <Delay = 0.00>
ST_1 : Operation 52 [1/1] (0.00ns)   --->   "%REG_V_5_read = read i16 @_ssdm_op_Read.ap_auto.i16, i16 %REG_V_5"   --->   Operation 52 'read' 'REG_V_5_read' <Predicate = true> <Delay = 0.00>
ST_1 : Operation 53 [1/1] (0.00ns)   --->   "%REG_V_6_read = read i16 @_ssdm_op_Read.ap_auto.i16, i16 %REG_V_6"   --->   Operation 53 'read' 'REG_V_6_read' <Predicate = true> <Delay = 0.00>
ST_1 : Operation 54 [1/1] (0.00ns)   --->   "%REG_V_7_read = read i16 @_ssdm_op_Read.ap_auto.i16, i16 %REG_V_7"   --->   Operation 54 'read' 'REG_V_7_read' <Predicate = true> <Delay = 0.00>
ST_1 : Operation 55 [1/1] (0.00ns)   --->   "%REG_V_8_read = read i16 @_ssdm_op_Read.ap_auto.i16, i16 %REG_V_8"   --->   Operation 55 'read' 'REG_V_8_read' <Predicate = true> <Delay = 0.00>
ST_1 : Operation 56 [1/1] (0.00ns)   --->   "%REG_V_9_read = read i16 @_ssdm_op_Read.ap_auto.i16, i16 %REG_V_9"   --->   Operation 56 'read' 'REG_V_9_read' <Predicate = true> <Delay = 0.00>
ST_1 : Operation 57 [1/1] (0.00ns)   --->   "%REG_V_10_read = read i16 @_ssdm_op_Read.ap_auto.i16, i16 %REG_V_10"   --->   Operation 57 'read' 'REG_V_10_read' <Predicate = true> <Delay = 0.00>
ST_1 : Operation 58 [1/1] (0.00ns)   --->   "%REG_V_11_read = read i16 @_ssdm_op_Read.ap_auto.i16, i16 %REG_V_11"   --->   Operation 58 'read' 'REG_V_11_read' <Predicate = true> <Delay = 0.00>
ST_1 : Operation 59 [1/1] (0.00ns)   --->   "%REG_V_12_read = read i16 @_ssdm_op_Read.ap_auto.i16, i16 %REG_V_12"   --->   Operation 59 'read' 'REG_V_12_read' <Predicate = true> <Delay = 0.00>
ST_1 : Operation 60 [1/1] (0.00ns)   --->   "%REG_V_13_read = read i16 @_ssdm_op_Read.ap_auto.i16, i16 %REG_V_13"   --->   Operation 60 'read' 'REG_V_13_read' <Predicate = true> <Delay = 0.00>
ST_1 : Operation 61 [1/1] (0.00ns)   --->   "%REG_V_14_read = read i16 @_ssdm_op_Read.ap_auto.i16, i16 %REG_V_14"   --->   Operation 61 'read' 'REG_V_14_read' <Predicate = true> <Delay = 0.00>
ST_1 : Operation 62 [1/1] (0.00ns)   --->   "%REG_V_15_read = read i16 @_ssdm_op_Read.ap_auto.i16, i16 %REG_V_15"   --->   Operation 62 'read' 'REG_V_15_read' <Predicate = true> <Delay = 0.00>
ST_1 : Operation 63 [1/1] (0.00ns)   --->   "%REG_V_16_read = read i16 @_ssdm_op_Read.ap_auto.i16, i16 %REG_V_16"   --->   Operation 63 'read' 'REG_V_16_read' <Predicate = true> <Delay = 0.00>
ST_1 : Operation 64 [1/1] (0.00ns)   --->   "%REG_V_17_read = read i16 @_ssdm_op_Read.ap_auto.i16, i16 %REG_V_17"   --->   Operation 64 'read' 'REG_V_17_read' <Predicate = true> <Delay = 0.00>
ST_1 : Operation 65 [1/1] (0.00ns)   --->   "%REG_V_18_read = read i16 @_ssdm_op_Read.ap_auto.i16, i16 %REG_V_18"   --->   Operation 65 'read' 'REG_V_18_read' <Predicate = true> <Delay = 0.00>
ST_1 : Operation 66 [1/1] (0.00ns)   --->   "%REG_V_19_read = read i16 @_ssdm_op_Read.ap_auto.i16, i16 %REG_V_19"   --->   Operation 66 'read' 'REG_V_19_read' <Predicate = true> <Delay = 0.00>
ST_1 : Operation 67 [1/1] (0.00ns)   --->   "%REG_V_20_read = read i16 @_ssdm_op_Read.ap_auto.i16, i16 %REG_V_20"   --->   Operation 67 'read' 'REG_V_20_read' <Predicate = true> <Delay = 0.00>
ST_1 : Operation 68 [1/1] (0.00ns)   --->   "%REG_V_21_read = read i16 @_ssdm_op_Read.ap_auto.i16, i16 %REG_V_21"   --->   Operation 68 'read' 'REG_V_21_read' <Predicate = true> <Delay = 0.00>
ST_1 : Operation 69 [1/1] (0.00ns)   --->   "%REG_V_22_read = read i16 @_ssdm_op_Read.ap_auto.i16, i16 %REG_V_22"   --->   Operation 69 'read' 'REG_V_22_read' <Predicate = true> <Delay = 0.00>
ST_1 : Operation 70 [1/1] (0.00ns)   --->   "%REG_V_23_read = read i16 @_ssdm_op_Read.ap_auto.i16, i16 %REG_V_23"   --->   Operation 70 'read' 'REG_V_23_read' <Predicate = true> <Delay = 0.00>
ST_1 : Operation 71 [1/1] (0.00ns)   --->   "%REG_V_24_read = read i16 @_ssdm_op_Read.ap_auto.i16, i16 %REG_V_24"   --->   Operation 71 'read' 'REG_V_24_read' <Predicate = true> <Delay = 0.00>
ST_1 : Operation 72 [1/1] (0.00ns)   --->   "%REG_V_25_read = read i16 @_ssdm_op_Read.ap_auto.i16, i16 %REG_V_25"   --->   Operation 72 'read' 'REG_V_25_read' <Predicate = true> <Delay = 0.00>
ST_1 : Operation 73 [1/1] (0.00ns)   --->   "%REG_V_26_read = read i16 @_ssdm_op_Read.ap_auto.i16, i16 %REG_V_26"   --->   Operation 73 'read' 'REG_V_26_read' <Predicate = true> <Delay = 0.00>
ST_1 : Operation 74 [1/1] (0.00ns)   --->   "%REG_V_27_read = read i16 @_ssdm_op_Read.ap_auto.i16, i16 %REG_V_27"   --->   Operation 74 'read' 'REG_V_27_read' <Predicate = true> <Delay = 0.00>
ST_1 : Operation 75 [1/1] (0.00ns)   --->   "%REG_V_28_read = read i16 @_ssdm_op_Read.ap_auto.i16, i16 %REG_V_28"   --->   Operation 75 'read' 'REG_V_28_read' <Predicate = true> <Delay = 0.00>
ST_1 : Operation 76 [1/1] (0.00ns)   --->   "%REG_V_29_read = read i16 @_ssdm_op_Read.ap_auto.i16, i16 %REG_V_29"   --->   Operation 76 'read' 'REG_V_29_read' <Predicate = true> <Delay = 0.00>
ST_1 : Operation 77 [1/1] (0.00ns)   --->   "%REG_V_30_read = read i16 @_ssdm_op_Read.ap_auto.i16, i16 %REG_V_30"   --->   Operation 77 'read' 'REG_V_30_read' <Predicate = true> <Delay = 0.00>
ST_1 : Operation 78 [1/1] (0.00ns)   --->   "%REG_V_31_read = read i16 @_ssdm_op_Read.ap_auto.i16, i16 %REG_V_31"   --->   Operation 78 'read' 'REG_V_31_read' <Predicate = true> <Delay = 0.00>
ST_1 : Operation 79 [1/1] (0.42ns)   --->   "%store_ln0 = store i16 %REG_V_31_read, i16 %REG_V_63"   --->   Operation 79 'store' 'store_ln0' <Predicate = true> <Delay = 0.42>
ST_1 : Operation 80 [1/1] (0.42ns)   --->   "%store_ln0 = store i16 %REG_V_30_read, i16 %REG_V_62"   --->   Operation 80 'store' 'store_ln0' <Predicate = true> <Delay = 0.42>
ST_1 : Operation 81 [1/1] (0.42ns)   --->   "%store_ln0 = store i16 %REG_V_29_read, i16 %REG_V_61"   --->   Operation 81 'store' 'store_ln0' <Predicate = true> <Delay = 0.42>
ST_1 : Operation 82 [1/1] (0.42ns)   --->   "%store_ln0 = store i16 %REG_V_28_read, i16 %REG_V_60"   --->   Operation 82 'store' 'store_ln0' <Predicate = true> <Delay = 0.42>
ST_1 : Operation 83 [1/1] (0.42ns)   --->   "%store_ln0 = store i16 %REG_V_27_read, i16 %REG_V_59"   --->   Operation 83 'store' 'store_ln0' <Predicate = true> <Delay = 0.42>
ST_1 : Operation 84 [1/1] (0.42ns)   --->   "%store_ln0 = store i16 %REG_V_26_read, i16 %REG_V_58"   --->   Operation 84 'store' 'store_ln0' <Predicate = true> <Delay = 0.42>
ST_1 : Operation 85 [1/1] (0.42ns)   --->   "%store_ln0 = store i16 %REG_V_25_read, i16 %REG_V_57"   --->   Operation 85 'store' 'store_ln0' <Predicate = true> <Delay = 0.42>
ST_1 : Operation 86 [1/1] (0.42ns)   --->   "%store_ln0 = store i16 %REG_V_24_read, i16 %REG_V_56"   --->   Operation 86 'store' 'store_ln0' <Predicate = true> <Delay = 0.42>
ST_1 : Operation 87 [1/1] (0.42ns)   --->   "%store_ln0 = store i16 %REG_V_23_read, i16 %REG_V_55"   --->   Operation 87 'store' 'store_ln0' <Predicate = true> <Delay = 0.42>
ST_1 : Operation 88 [1/1] (0.42ns)   --->   "%store_ln0 = store i16 %REG_V_22_read, i16 %REG_V_54"   --->   Operation 88 'store' 'store_ln0' <Predicate = true> <Delay = 0.42>
ST_1 : Operation 89 [1/1] (0.42ns)   --->   "%store_ln0 = store i16 %REG_V_21_read, i16 %REG_V_53"   --->   Operation 89 'store' 'store_ln0' <Predicate = true> <Delay = 0.42>
ST_1 : Operation 90 [1/1] (0.42ns)   --->   "%store_ln0 = store i16 %REG_V_20_read, i16 %REG_V_52"   --->   Operation 90 'store' 'store_ln0' <Predicate = true> <Delay = 0.42>
ST_1 : Operation 91 [1/1] (0.42ns)   --->   "%store_ln0 = store i16 %REG_V_19_read, i16 %REG_V_51"   --->   Operation 91 'store' 'store_ln0' <Predicate = true> <Delay = 0.42>
ST_1 : Operation 92 [1/1] (0.42ns)   --->   "%store_ln0 = store i16 %REG_V_18_read, i16 %REG_V_50"   --->   Operation 92 'store' 'store_ln0' <Predicate = true> <Delay = 0.42>
ST_1 : Operation 93 [1/1] (0.42ns)   --->   "%store_ln0 = store i16 %REG_V_17_read, i16 %REG_V_49"   --->   Operation 93 'store' 'store_ln0' <Predicate = true> <Delay = 0.42>
ST_1 : Operation 94 [1/1] (0.42ns)   --->   "%store_ln0 = store i16 %REG_V_16_read, i16 %REG_V_48"   --->   Operation 94 'store' 'store_ln0' <Predicate = true> <Delay = 0.42>
ST_1 : Operation 95 [1/1] (0.42ns)   --->   "%store_ln0 = store i16 %REG_V_15_read, i16 %REG_V_47"   --->   Operation 95 'store' 'store_ln0' <Predicate = true> <Delay = 0.42>
ST_1 : Operation 96 [1/1] (0.42ns)   --->   "%store_ln0 = store i16 %REG_V_14_read, i16 %REG_V_46"   --->   Operation 96 'store' 'store_ln0' <Predicate = true> <Delay = 0.42>
ST_1 : Operation 97 [1/1] (0.42ns)   --->   "%store_ln0 = store i16 %REG_V_13_read, i16 %REG_V_45"   --->   Operation 97 'store' 'store_ln0' <Predicate = true> <Delay = 0.42>
ST_1 : Operation 98 [1/1] (0.42ns)   --->   "%store_ln0 = store i16 %REG_V_12_read, i16 %REG_V_44"   --->   Operation 98 'store' 'store_ln0' <Predicate = true> <Delay = 0.42>
ST_1 : Operation 99 [1/1] (0.42ns)   --->   "%store_ln0 = store i16 %REG_V_11_read, i16 %REG_V_43"   --->   Operation 99 'store' 'store_ln0' <Predicate = true> <Delay = 0.42>
ST_1 : Operation 100 [1/1] (0.42ns)   --->   "%store_ln0 = store i16 %REG_V_10_read, i16 %REG_V_42"   --->   Operation 100 'store' 'store_ln0' <Predicate = true> <Delay = 0.42>
ST_1 : Operation 101 [1/1] (0.42ns)   --->   "%store_ln0 = store i16 %REG_V_9_read, i16 %REG_V_41"   --->   Operation 101 'store' 'store_ln0' <Predicate = true> <Delay = 0.42>
ST_1 : Operation 102 [1/1] (0.42ns)   --->   "%store_ln0 = store i16 %REG_V_8_read, i16 %REG_V_40"   --->   Operation 102 'store' 'store_ln0' <Predicate = true> <Delay = 0.42>
ST_1 : Operation 103 [1/1] (0.42ns)   --->   "%store_ln0 = store i16 %REG_V_7_read, i16 %REG_V_39"   --->   Operation 103 'store' 'store_ln0' <Predicate = true> <Delay = 0.42>
ST_1 : Operation 104 [1/1] (0.42ns)   --->   "%store_ln0 = store i16 %REG_V_6_read, i16 %REG_V_38"   --->   Operation 104 'store' 'store_ln0' <Predicate = true> <Delay = 0.42>
ST_1 : Operation 105 [1/1] (0.42ns)   --->   "%store_ln0 = store i16 %REG_V_5_read, i16 %REG_V_37"   --->   Operation 105 'store' 'store_ln0' <Predicate = true> <Delay = 0.42>
ST_1 : Operation 106 [1/1] (0.42ns)   --->   "%store_ln0 = store i16 %REG_V_4_read, i16 %REG_V_36"   --->   Operation 106 'store' 'store_ln0' <Predicate = true> <Delay = 0.42>
ST_1 : Operation 107 [1/1] (0.42ns)   --->   "%store_ln0 = store i16 %REG_V_3_read, i16 %REG_V_35"   --->   Operation 107 'store' 'store_ln0' <Predicate = true> <Delay = 0.42>
ST_1 : Operation 108 [1/1] (0.42ns)   --->   "%store_ln0 = store i16 %REG_V_2_read, i16 %REG_V_34"   --->   Operation 108 'store' 'store_ln0' <Predicate = true> <Delay = 0.42>
ST_1 : Operation 109 [1/1] (0.42ns)   --->   "%store_ln0 = store i16 %REG_V_1_read, i16 %REG_V_33"   --->   Operation 109 'store' 'store_ln0' <Predicate = true> <Delay = 0.42>
ST_1 : Operation 110 [1/1] (0.42ns)   --->   "%store_ln0 = store i16 %REG_V_read, i16 %REG_V_32"   --->   Operation 110 'store' 'store_ln0' <Predicate = true> <Delay = 0.42>
ST_1 : Operation 111 [1/1] (0.42ns)   --->   "%store_ln0 = store i2 0, i2 %fe"   --->   Operation 111 'store' 'store_ln0' <Predicate = true> <Delay = 0.42>
ST_1 : Operation 112 [1/1] (0.42ns)   --->   "%store_ln0 = store i34 0, i34 %self_sum_V"   --->   Operation 112 'store' 'store_ln0' <Predicate = true> <Delay = 0.42>
ST_1 : Operation 113 [1/1] (0.00ns)   --->   "%br_ln0 = br void %for.inc59"   --->   Operation 113 'br' 'br_ln0' <Predicate = true> <Delay = 0.00>
ST_1 : Operation 114 [1/1] (0.00ns)   --->   "%fe_1 = load i2 %fe" [Compute_block/Compute.cpp:61]   --->   Operation 114 'load' 'fe_1' <Predicate = true> <Delay = 0.00>
ST_1 : Operation 115 [1/1] (0.44ns)   --->   "%icmp_ln60 = icmp_eq  i2 %fe_1, i2 2" [Compute_block/Compute.cpp:60]   --->   Operation 115 'icmp' 'icmp_ln60' <Predicate = true> <Delay = 0.44> <CoreInst = "Cmp">   --->   Core 9 'Cmp' <Latency = 0> <II = 1> <Delay = 0.44> <FuncUnit> <Opcode : 'icmp'> <InPorts = 2> <OutPorts = 1>
ST_1 : Operation 116 [1/1] (0.54ns)   --->   "%add_ln60 = add i2 %fe_1, i2 1" [Compute_block/Compute.cpp:60]   --->   Operation 116 'add' 'add_ln60' <Predicate = true> <Delay = 0.54> <CoreInst = "Adder">   --->   Core 1 'Adder' <Latency = 0> <II = 1> <Delay = 0.54> <FuncUnit> <Opcode : 'add' 'sub'> <InPorts = 2> <OutPorts = 1>
ST_1 : Operation 117 [1/1] (0.00ns)   --->   "%br_ln60 = br i1 %icmp_ln60, void %for.inc59.split, void %for.end61.exitStub" [Compute_block/Compute.cpp:60]   --->   Operation 117 'br' 'br_ln60' <Predicate = true> <Delay = 0.00>
ST_1 : Operation 118 [1/1] (0.00ns)   --->   "%trunc_ln61 = trunc i2 %fe_1" [Compute_block/Compute.cpp:61]   --->   Operation 118 'trunc' 'trunc_ln61' <Predicate = (!icmp_ln60)> <Delay = 0.00>
ST_1 : Operation 119 [1/1] (0.00ns)   --->   "%add_ln = bitconcatenate i3 @_ssdm_op_BitConcatenate.i3.i2.i1, i2 %i_cast_read, i1 %trunc_ln61" [Compute_block/Compute.cpp:61]   --->   Operation 119 'bitconcatenate' 'add_ln' <Predicate = (!icmp_ln60)> <Delay = 0.00>
ST_1 : Operation 120 [1/1] (0.00ns)   --->   "%zext_ln61 = zext i3 %add_ln" [Compute_block/Compute.cpp:61]   --->   Operation 120 'zext' 'zext_ln61' <Predicate = (!icmp_ln60)> <Delay = 0.00>
ST_1 : Operation 121 [1/1] (0.00ns)   --->   "%buffer_1_addr = getelementptr i64 %buffer_1, i64 0, i64 %zext_ln61" [Compute_block/Compute.cpp:61]   --->   Operation 121 'getelementptr' 'buffer_1_addr' <Predicate = (!icmp_ln60)> <Delay = 0.00>
ST_1 : Operation 122 [2/2] (0.67ns)   --->   "%word = load i3 %buffer_1_addr" [Compute_block/Compute.cpp:61]   --->   Operation 122 'load' 'word' <Predicate = (!icmp_ln60)> <Delay = 0.67> <CoreInst = "RAM">   --->   Core 83 'RAM' <Latency = 1> <II = 1> <Delay = 0.67> <Storage> <Opcode : 'load' 'store'> <Ports = 2> <Width = 64> <Depth = 8> <RAM>
ST_1 : Operation 123 [1/1] (0.44ns)   --->   "%switch_ln66 = switch i2 %i_cast_read, void %arrayidx325.case.3, i2 0, void %arrayidx325.case.0, i2 1, void %arrayidx325.case.1, i2 2, void %arrayidx325.case.2" [Compute_block/Compute.cpp:66]   --->   Operation 123 'switch' 'switch_ln66' <Predicate = (!icmp_ln60)> <Delay = 0.44>
ST_1 : Operation 124 [1/1] (0.42ns)   --->   "%store_ln60 = store i2 %add_ln60, i2 %fe" [Compute_block/Compute.cpp:60]   --->   Operation 124 'store' 'store_ln60' <Predicate = (!icmp_ln60)> <Delay = 0.42>

State 2 <SV = 1> <Delay = 2.31>
ST_2 : Operation 125 [1/1] (0.00ns)   --->   "%specloopname_ln47 = specloopname void @_ssdm_op_SpecLoopName, void @empty_5" [Compute_block/Compute.cpp:47]   --->   Operation 125 'specloopname' 'specloopname_ln47' <Predicate = (!icmp_ln60)> <Delay = 0.00>
ST_2 : Operation 126 [1/2] (0.67ns)   --->   "%word = load i3 %buffer_1_addr" [Compute_block/Compute.cpp:61]   --->   Operation 126 'load' 'word' <Predicate = (!icmp_ln60)> <Delay = 0.67> <CoreInst = "RAM">   --->   Core 83 'RAM' <Latency = 1> <II = 1> <Delay = 0.67> <Storage> <Opcode : 'load' 'store'> <Ports = 2> <Width = 64> <Depth = 8> <RAM>
ST_2 : Operation 127 [1/1] (0.00ns)   --->   "%lhs = trunc i64 %word"   --->   Operation 127 'trunc' 'lhs' <Predicate = (!icmp_ln60)> <Delay = 0.00>
ST_2 : Operation 128 [1/1] (0.00ns)   --->   "%lhs_2 = partselect i16 @_ssdm_op_PartSelect.i16.i64.i32.i32, i64 %word, i32 16, i32 31"   --->   Operation 128 'partselect' 'lhs_2' <Predicate = (!icmp_ln60)> <Delay = 0.00>
ST_2 : Operation 129 [1/1] (0.00ns)   --->   "%rhs = partselect i16 @_ssdm_op_PartSelect.i16.i64.i32.i32, i64 %word, i32 32, i32 47"   --->   Operation 129 'partselect' 'rhs' <Predicate = (!icmp_ln60)> <Delay = 0.00>
ST_2 : Operation 130 [1/1] (0.00ns)   --->   "%rhs_2 = partselect i16 @_ssdm_op_PartSelect.i16.i64.i32.i32, i64 %word, i32 48, i32 63"   --->   Operation 130 'partselect' 'rhs_2' <Predicate = (!icmp_ln60)> <Delay = 0.00>
ST_2 : Operation 131 [1/1] (0.00ns)   --->   "%REG_V_48_load_1 = load i16 %REG_V_48" [Compute_block/Compute.cpp:66]   --->   Operation 131 'load' 'REG_V_48_load_1' <Predicate = (!icmp_ln60 & i_cast_read == 2 & trunc_ln61)> <Delay = 0.00>
ST_2 : Operation 132 [1/1] (0.00ns)   --->   "%REG_V_49_load_1 = load i16 %REG_V_49" [Compute_block/Compute.cpp:67]   --->   Operation 132 'load' 'REG_V_49_load_1' <Predicate = (!icmp_ln60 & i_cast_read == 2 & trunc_ln61)> <Delay = 0.00>
ST_2 : Operation 133 [1/1] (0.00ns)   --->   "%REG_V_50_load_1 = load i16 %REG_V_50" [Compute_block/Compute.cpp:66]   --->   Operation 133 'load' 'REG_V_50_load_1' <Predicate = (!icmp_ln60 & i_cast_read == 2 & !trunc_ln61)> <Delay = 0.00>
ST_2 : Operation 134 [1/1] (0.00ns)   --->   "%REG_V_51_load_1 = load i16 %REG_V_51" [Compute_block/Compute.cpp:67]   --->   Operation 134 'load' 'REG_V_51_load_1' <Predicate = (!icmp_ln60 & i_cast_read == 2 & !trunc_ln61)> <Delay = 0.00>
ST_2 : Operation 135 [1/1] (0.00ns)   --->   "%REG_V_52_load_1 = load i16 %REG_V_52" [Compute_block/Compute.cpp:68]   --->   Operation 135 'load' 'REG_V_52_load_1' <Predicate = (!icmp_ln60 & i_cast_read == 2 & trunc_ln61)> <Delay = 0.00>
ST_2 : Operation 136 [1/1] (0.00ns)   --->   "%REG_V_53_load_1 = load i16 %REG_V_53" [Compute_block/Compute.cpp:69]   --->   Operation 136 'load' 'REG_V_53_load_1' <Predicate = (!icmp_ln60 & i_cast_read == 2 & trunc_ln61)> <Delay = 0.00>
ST_2 : Operation 137 [1/1] (0.00ns)   --->   "%REG_V_54_load_1 = load i16 %REG_V_54" [Compute_block/Compute.cpp:68]   --->   Operation 137 'load' 'REG_V_54_load_1' <Predicate = (!icmp_ln60 & i_cast_read == 2 & !trunc_ln61)> <Delay = 0.00>
ST_2 : Operation 138 [1/1] (0.00ns)   --->   "%REG_V_55_load_1 = load i16 %REG_V_55" [Compute_block/Compute.cpp:69]   --->   Operation 138 'load' 'REG_V_55_load_1' <Predicate = (!icmp_ln60 & i_cast_read == 2 & !trunc_ln61)> <Delay = 0.00>
ST_2 : Operation 139 [1/1] (0.35ns)   --->   "%REG_V_75 = select i1 %trunc_ln61, i16 %lhs, i16 %REG_V_50_load_1" [Compute_block/Compute.cpp:66]   --->   Operation 139 'select' 'REG_V_75' <Predicate = (!icmp_ln60 & i_cast_read == 2)> <Delay = 0.35> <CoreInst = "Sel">   --->   Core 73 'Sel' <Latency = 0> <II = 1> <Delay = 0.35> <FuncUnit> <Opcode : 'select'> <InPorts = 3> <OutPorts = 1>
ST_2 : Operation 140 [1/1] (0.35ns)   --->   "%REG_V_76 = select i1 %trunc_ln61, i16 %REG_V_48_load_1, i16 %lhs" [Compute_block/Compute.cpp:66]   --->   Operation 140 'select' 'REG_V_76' <Predicate = (!icmp_ln60 & i_cast_read == 2)> <Delay = 0.35> <CoreInst = "Sel">   --->   Core 73 'Sel' <Latency = 0> <II = 1> <Delay = 0.35> <FuncUnit> <Opcode : 'select'> <InPorts = 3> <OutPorts = 1>
ST_2 : Operation 141 [1/1] (0.35ns)   --->   "%REG_V_80 = select i1 %trunc_ln61, i16 %lhs_2, i16 %REG_V_51_load_1" [Compute_block/Compute.cpp:67]   --->   Operation 141 'select' 'REG_V_80' <Predicate = (!icmp_ln60 & i_cast_read == 2)> <Delay = 0.35> <CoreInst = "Sel">   --->   Core 73 'Sel' <Latency = 0> <II = 1> <Delay = 0.35> <FuncUnit> <Opcode : 'select'> <InPorts = 3> <OutPorts = 1>
ST_2 : Operation 142 [1/1] (0.35ns)   --->   "%REG_V_79 = select i1 %trunc_ln61, i16 %REG_V_49_load_1, i16 %lhs_2" [Compute_block/Compute.cpp:67]   --->   Operation 142 'select' 'REG_V_79' <Predicate = (!icmp_ln60 & i_cast_read == 2)> <Delay = 0.35> <CoreInst = "Sel">   --->   Core 73 'Sel' <Latency = 0> <II = 1> <Delay = 0.35> <FuncUnit> <Opcode : 'select'> <InPorts = 3> <OutPorts = 1>
ST_2 : Operation 143 [1/1] (0.35ns)   --->   "%REG_V_78 = select i1 %trunc_ln61, i16 %rhs, i16 %REG_V_54_load_1" [Compute_block/Compute.cpp:68]   --->   Operation 143 'select' 'REG_V_78' <Predicate = (!icmp_ln60 & i_cast_read == 2)> <Delay = 0.35> <CoreInst = "Sel">   --->   Core 73 'Sel' <Latency = 0> <II = 1> <Delay = 0.35> <FuncUnit> <Opcode : 'select'> <InPorts = 3> <OutPorts = 1>
ST_2 : Operation 144 [1/1] (0.35ns)   --->   "%REG_V_77 = select i1 %trunc_ln61, i16 %REG_V_52_load_1, i16 %rhs" [Compute_block/Compute.cpp:68]   --->   Operation 144 'select' 'REG_V_77' <Predicate = (!icmp_ln60 & i_cast_read == 2)> <Delay = 0.35> <CoreInst = "Sel">   --->   Core 73 'Sel' <Latency = 0> <II = 1> <Delay = 0.35> <FuncUnit> <Opcode : 'select'> <InPorts = 3> <OutPorts = 1>
ST_2 : Operation 145 [1/1] (0.35ns)   --->   "%select_ln69_6 = select i1 %trunc_ln61, i16 %rhs_2, i16 %REG_V_55_load_1" [Compute_block/Compute.cpp:69]   --->   Operation 145 'select' 'select_ln69_6' <Predicate = (!icmp_ln60 & i_cast_read == 2)> <Delay = 0.35> <CoreInst = "Sel">   --->   Core 73 'Sel' <Latency = 0> <II = 1> <Delay = 0.35> <FuncUnit> <Opcode : 'select'> <InPorts = 3> <OutPorts = 1>
ST_2 : Operation 146 [1/1] (0.35ns)   --->   "%select_ln69_7 = select i1 %trunc_ln61, i16 %REG_V_53_load_1, i16 %rhs_2" [Compute_block/Compute.cpp:69]   --->   Operation 146 'select' 'select_ln69_7' <Predicate = (!icmp_ln60 & i_cast_read == 2)> <Delay = 0.35> <CoreInst = "Sel">   --->   Core 73 'Sel' <Latency = 0> <II = 1> <Delay = 0.35> <FuncUnit> <Opcode : 'select'> <InPorts = 3> <OutPorts = 1>
ST_2 : Operation 147 [1/1] (0.42ns)   --->   "%store_ln69 = store i16 %select_ln69_6, i16 %REG_V_55" [Compute_block/Compute.cpp:69]   --->   Operation 147 'store' 'store_ln69' <Predicate = (!icmp_ln60 & i_cast_read == 2)> <Delay = 0.42>
ST_2 : Operation 148 [1/1] (0.42ns)   --->   "%store_ln69 = store i16 %REG_V_78, i16 %REG_V_54" [Compute_block/Compute.cpp:69]   --->   Operation 148 'store' 'store_ln69' <Predicate = (!icmp_ln60 & i_cast_read == 2)> <Delay = 0.42>
ST_2 : Operation 149 [1/1] (0.42ns)   --->   "%store_ln69 = store i16 %select_ln69_7, i16 %REG_V_53" [Compute_block/Compute.cpp:69]   --->   Operation 149 'store' 'store_ln69' <Predicate = (!icmp_ln60 & i_cast_read == 2)> <Delay = 0.42>
ST_2 : Operation 150 [1/1] (0.42ns)   --->   "%store_ln69 = store i16 %REG_V_77, i16 %REG_V_52" [Compute_block/Compute.cpp:69]   --->   Operation 150 'store' 'store_ln69' <Predicate = (!icmp_ln60 & i_cast_read == 2)> <Delay = 0.42>
ST_2 : Operation 151 [1/1] (0.42ns)   --->   "%store_ln69 = store i16 %REG_V_80, i16 %REG_V_51" [Compute_block/Compute.cpp:69]   --->   Operation 151 'store' 'store_ln69' <Predicate = (!icmp_ln60 & i_cast_read == 2)> <Delay = 0.42>
ST_2 : Operation 152 [1/1] (0.42ns)   --->   "%store_ln69 = store i16 %REG_V_75, i16 %REG_V_50" [Compute_block/Compute.cpp:69]   --->   Operation 152 'store' 'store_ln69' <Predicate = (!icmp_ln60 & i_cast_read == 2)> <Delay = 0.42>
ST_2 : Operation 153 [1/1] (0.42ns)   --->   "%store_ln69 = store i16 %REG_V_79, i16 %REG_V_49" [Compute_block/Compute.cpp:69]   --->   Operation 153 'store' 'store_ln69' <Predicate = (!icmp_ln60 & i_cast_read == 2)> <Delay = 0.42>
ST_2 : Operation 154 [1/1] (0.42ns)   --->   "%store_ln69 = store i16 %REG_V_76, i16 %REG_V_48" [Compute_block/Compute.cpp:69]   --->   Operation 154 'store' 'store_ln69' <Predicate = (!icmp_ln60 & i_cast_read == 2)> <Delay = 0.42>
ST_2 : Operation 155 [1/1] (0.00ns)   --->   "%br_ln69 = br void %arrayidx518.exit" [Compute_block/Compute.cpp:69]   --->   Operation 155 'br' 'br_ln69' <Predicate = (!icmp_ln60 & i_cast_read == 2)> <Delay = 0.00>
ST_2 : Operation 156 [1/1] (0.00ns)   --->   "%REG_V_40_load_1 = load i16 %REG_V_40" [Compute_block/Compute.cpp:66]   --->   Operation 156 'load' 'REG_V_40_load_1' <Predicate = (!icmp_ln60 & i_cast_read == 1 & trunc_ln61)> <Delay = 0.00>
ST_2 : Operation 157 [1/1] (0.00ns)   --->   "%REG_V_41_load_1 = load i16 %REG_V_41" [Compute_block/Compute.cpp:67]   --->   Operation 157 'load' 'REG_V_41_load_1' <Predicate = (!icmp_ln60 & i_cast_read == 1 & trunc_ln61)> <Delay = 0.00>
ST_2 : Operation 158 [1/1] (0.00ns)   --->   "%REG_V_42_load_1 = load i16 %REG_V_42" [Compute_block/Compute.cpp:66]   --->   Operation 158 'load' 'REG_V_42_load_1' <Predicate = (!icmp_ln60 & i_cast_read == 1 & !trunc_ln61)> <Delay = 0.00>
ST_2 : Operation 159 [1/1] (0.00ns)   --->   "%REG_V_43_load_1 = load i16 %REG_V_43" [Compute_block/Compute.cpp:67]   --->   Operation 159 'load' 'REG_V_43_load_1' <Predicate = (!icmp_ln60 & i_cast_read == 1 & !trunc_ln61)> <Delay = 0.00>
ST_2 : Operation 160 [1/1] (0.00ns)   --->   "%REG_V_44_load_1 = load i16 %REG_V_44" [Compute_block/Compute.cpp:68]   --->   Operation 160 'load' 'REG_V_44_load_1' <Predicate = (!icmp_ln60 & i_cast_read == 1 & trunc_ln61)> <Delay = 0.00>
ST_2 : Operation 161 [1/1] (0.00ns)   --->   "%REG_V_45_load_1 = load i16 %REG_V_45" [Compute_block/Compute.cpp:69]   --->   Operation 161 'load' 'REG_V_45_load_1' <Predicate = (!icmp_ln60 & i_cast_read == 1 & trunc_ln61)> <Delay = 0.00>
ST_2 : Operation 162 [1/1] (0.00ns)   --->   "%REG_V_46_load_1 = load i16 %REG_V_46" [Compute_block/Compute.cpp:68]   --->   Operation 162 'load' 'REG_V_46_load_1' <Predicate = (!icmp_ln60 & i_cast_read == 1 & !trunc_ln61)> <Delay = 0.00>
ST_2 : Operation 163 [1/1] (0.00ns)   --->   "%REG_V_47_load_1 = load i16 %REG_V_47" [Compute_block/Compute.cpp:69]   --->   Operation 163 'load' 'REG_V_47_load_1' <Predicate = (!icmp_ln60 & i_cast_read == 1 & !trunc_ln61)> <Delay = 0.00>
ST_2 : Operation 164 [1/1] (0.35ns)   --->   "%REG_V_72 = select i1 %trunc_ln61, i16 %lhs, i16 %REG_V_42_load_1" [Compute_block/Compute.cpp:66]   --->   Operation 164 'select' 'REG_V_72' <Predicate = (!icmp_ln60 & i_cast_read == 1)> <Delay = 0.35> <CoreInst = "Sel">   --->   Core 73 'Sel' <Latency = 0> <II = 1> <Delay = 0.35> <FuncUnit> <Opcode : 'select'> <InPorts = 3> <OutPorts = 1>
ST_2 : Operation 165 [1/1] (0.35ns)   --->   "%p_Repl2_2 = select i1 %trunc_ln61, i16 %REG_V_40_load_1, i16 %lhs" [Compute_block/Compute.cpp:66]   --->   Operation 165 'select' 'p_Repl2_2' <Predicate = (!icmp_ln60 & i_cast_read == 1)> <Delay = 0.35> <CoreInst = "Sel">   --->   Core 73 'Sel' <Latency = 0> <II = 1> <Delay = 0.35> <FuncUnit> <Opcode : 'select'> <InPorts = 3> <OutPorts = 1>
ST_2 : Operation 166 [1/1] (0.35ns)   --->   "%select_ln67_4 = select i1 %trunc_ln61, i16 %lhs_2, i16 %REG_V_43_load_1" [Compute_block/Compute.cpp:67]   --->   Operation 166 'select' 'select_ln67_4' <Predicate = (!icmp_ln60 & i_cast_read == 1)> <Delay = 0.35> <CoreInst = "Sel">   --->   Core 73 'Sel' <Latency = 0> <II = 1> <Delay = 0.35> <FuncUnit> <Opcode : 'select'> <InPorts = 3> <OutPorts = 1>
ST_2 : Operation 167 [1/1] (0.35ns)   --->   "%select_ln67_5 = select i1 %trunc_ln61, i16 %REG_V_41_load_1, i16 %lhs_2" [Compute_block/Compute.cpp:67]   --->   Operation 167 'select' 'select_ln67_5' <Predicate = (!icmp_ln60 & i_cast_read == 1)> <Delay = 0.35> <CoreInst = "Sel">   --->   Core 73 'Sel' <Latency = 0> <II = 1> <Delay = 0.35> <FuncUnit> <Opcode : 'select'> <InPorts = 3> <OutPorts = 1>
ST_2 : Operation 168 [1/1] (0.35ns)   --->   "%select_ln68_4 = select i1 %trunc_ln61, i16 %rhs, i16 %REG_V_46_load_1" [Compute_block/Compute.cpp:68]   --->   Operation 168 'select' 'select_ln68_4' <Predicate = (!icmp_ln60 & i_cast_read == 1)> <Delay = 0.35> <CoreInst = "Sel">   --->   Core 73 'Sel' <Latency = 0> <II = 1> <Delay = 0.35> <FuncUnit> <Opcode : 'select'> <InPorts = 3> <OutPorts = 1>
ST_2 : Operation 169 [1/1] (0.35ns)   --->   "%select_ln68_5 = select i1 %trunc_ln61, i16 %REG_V_44_load_1, i16 %rhs" [Compute_block/Compute.cpp:68]   --->   Operation 169 'select' 'select_ln68_5' <Predicate = (!icmp_ln60 & i_cast_read == 1)> <Delay = 0.35> <CoreInst = "Sel">   --->   Core 73 'Sel' <Latency = 0> <II = 1> <Delay = 0.35> <FuncUnit> <Opcode : 'select'> <InPorts = 3> <OutPorts = 1>
ST_2 : Operation 170 [1/1] (0.35ns)   --->   "%select_ln69_4 = select i1 %trunc_ln61, i16 %rhs_2, i16 %REG_V_47_load_1" [Compute_block/Compute.cpp:69]   --->   Operation 170 'select' 'select_ln69_4' <Predicate = (!icmp_ln60 & i_cast_read == 1)> <Delay = 0.35> <CoreInst = "Sel">   --->   Core 73 'Sel' <Latency = 0> <II = 1> <Delay = 0.35> <FuncUnit> <Opcode : 'select'> <InPorts = 3> <OutPorts = 1>
ST_2 : Operation 171 [1/1] (0.35ns)   --->   "%select_ln69_5 = select i1 %trunc_ln61, i16 %REG_V_45_load_1, i16 %rhs_2" [Compute_block/Compute.cpp:69]   --->   Operation 171 'select' 'select_ln69_5' <Predicate = (!icmp_ln60 & i_cast_read == 1)> <Delay = 0.35> <CoreInst = "Sel">   --->   Core 73 'Sel' <Latency = 0> <II = 1> <Delay = 0.35> <FuncUnit> <Opcode : 'select'> <InPorts = 3> <OutPorts = 1>
ST_2 : Operation 172 [1/1] (0.42ns)   --->   "%store_ln69 = store i16 %select_ln69_4, i16 %REG_V_47" [Compute_block/Compute.cpp:69]   --->   Operation 172 'store' 'store_ln69' <Predicate = (!icmp_ln60 & i_cast_read == 1)> <Delay = 0.42>
ST_2 : Operation 173 [1/1] (0.42ns)   --->   "%store_ln69 = store i16 %select_ln68_4, i16 %REG_V_46" [Compute_block/Compute.cpp:69]   --->   Operation 173 'store' 'store_ln69' <Predicate = (!icmp_ln60 & i_cast_read == 1)> <Delay = 0.42>
ST_2 : Operation 174 [1/1] (0.42ns)   --->   "%store_ln69 = store i16 %select_ln69_5, i16 %REG_V_45" [Compute_block/Compute.cpp:69]   --->   Operation 174 'store' 'store_ln69' <Predicate = (!icmp_ln60 & i_cast_read == 1)> <Delay = 0.42>
ST_2 : Operation 175 [1/1] (0.42ns)   --->   "%store_ln69 = store i16 %select_ln68_5, i16 %REG_V_44" [Compute_block/Compute.cpp:69]   --->   Operation 175 'store' 'store_ln69' <Predicate = (!icmp_ln60 & i_cast_read == 1)> <Delay = 0.42>
ST_2 : Operation 176 [1/1] (0.42ns)   --->   "%store_ln69 = store i16 %select_ln67_4, i16 %REG_V_43" [Compute_block/Compute.cpp:69]   --->   Operation 176 'store' 'store_ln69' <Predicate = (!icmp_ln60 & i_cast_read == 1)> <Delay = 0.42>
ST_2 : Operation 177 [1/1] (0.42ns)   --->   "%store_ln69 = store i16 %REG_V_72, i16 %REG_V_42" [Compute_block/Compute.cpp:69]   --->   Operation 177 'store' 'store_ln69' <Predicate = (!icmp_ln60 & i_cast_read == 1)> <Delay = 0.42>
ST_2 : Operation 178 [1/1] (0.42ns)   --->   "%store_ln69 = store i16 %select_ln67_5, i16 %REG_V_41" [Compute_block/Compute.cpp:69]   --->   Operation 178 'store' 'store_ln69' <Predicate = (!icmp_ln60 & i_cast_read == 1)> <Delay = 0.42>
ST_2 : Operation 179 [1/1] (0.42ns)   --->   "%store_ln69 = store i16 %p_Repl2_2, i16 %REG_V_40" [Compute_block/Compute.cpp:69]   --->   Operation 179 'store' 'store_ln69' <Predicate = (!icmp_ln60 & i_cast_read == 1)> <Delay = 0.42>
ST_2 : Operation 180 [1/1] (0.00ns)   --->   "%br_ln69 = br void %arrayidx518.exit" [Compute_block/Compute.cpp:69]   --->   Operation 180 'br' 'br_ln69' <Predicate = (!icmp_ln60 & i_cast_read == 1)> <Delay = 0.00>
ST_2 : Operation 181 [1/1] (0.00ns)   --->   "%REG_V_32_load_1 = load i16 %REG_V_32" [Compute_block/Compute.cpp:66]   --->   Operation 181 'load' 'REG_V_32_load_1' <Predicate = (!icmp_ln60 & i_cast_read == 0 & trunc_ln61)> <Delay = 0.00>
ST_2 : Operation 182 [1/1] (0.00ns)   --->   "%REG_V_33_load_1 = load i16 %REG_V_33" [Compute_block/Compute.cpp:67]   --->   Operation 182 'load' 'REG_V_33_load_1' <Predicate = (!icmp_ln60 & i_cast_read == 0 & trunc_ln61)> <Delay = 0.00>
ST_2 : Operation 183 [1/1] (0.00ns)   --->   "%REG_V_34_load_1 = load i16 %REG_V_34" [Compute_block/Compute.cpp:66]   --->   Operation 183 'load' 'REG_V_34_load_1' <Predicate = (!icmp_ln60 & i_cast_read == 0 & !trunc_ln61)> <Delay = 0.00>
ST_2 : Operation 184 [1/1] (0.00ns)   --->   "%REG_V_35_load_1 = load i16 %REG_V_35" [Compute_block/Compute.cpp:67]   --->   Operation 184 'load' 'REG_V_35_load_1' <Predicate = (!icmp_ln60 & i_cast_read == 0 & !trunc_ln61)> <Delay = 0.00>
ST_2 : Operation 185 [1/1] (0.00ns)   --->   "%REG_V_36_load_1 = load i16 %REG_V_36" [Compute_block/Compute.cpp:68]   --->   Operation 185 'load' 'REG_V_36_load_1' <Predicate = (!icmp_ln60 & i_cast_read == 0 & trunc_ln61)> <Delay = 0.00>
ST_2 : Operation 186 [1/1] (0.00ns)   --->   "%REG_V_37_load_1 = load i16 %REG_V_37" [Compute_block/Compute.cpp:69]   --->   Operation 186 'load' 'REG_V_37_load_1' <Predicate = (!icmp_ln60 & i_cast_read == 0 & trunc_ln61)> <Delay = 0.00>
ST_2 : Operation 187 [1/1] (0.00ns)   --->   "%REG_V_38_load_1 = load i16 %REG_V_38" [Compute_block/Compute.cpp:68]   --->   Operation 187 'load' 'REG_V_38_load_1' <Predicate = (!icmp_ln60 & i_cast_read == 0 & !trunc_ln61)> <Delay = 0.00>
ST_2 : Operation 188 [1/1] (0.00ns)   --->   "%REG_V_39_load_1 = load i16 %REG_V_39" [Compute_block/Compute.cpp:69]   --->   Operation 188 'load' 'REG_V_39_load_1' <Predicate = (!icmp_ln60 & i_cast_read == 0 & !trunc_ln61)> <Delay = 0.00>
ST_2 : Operation 189 [1/1] (0.35ns)   --->   "%REG_V_71 = select i1 %trunc_ln61, i16 %lhs, i16 %REG_V_34_load_1" [Compute_block/Compute.cpp:66]   --->   Operation 189 'select' 'REG_V_71' <Predicate = (!icmp_ln60 & i_cast_read == 0)> <Delay = 0.35> <CoreInst = "Sel">   --->   Core 73 'Sel' <Latency = 0> <II = 1> <Delay = 0.35> <FuncUnit> <Opcode : 'select'> <InPorts = 3> <OutPorts = 1>
ST_2 : Operation 190 [1/1] (0.35ns)   --->   "%p_Repl2_1 = select i1 %trunc_ln61, i16 %REG_V_32_load_1, i16 %lhs" [Compute_block/Compute.cpp:66]   --->   Operation 190 'select' 'p_Repl2_1' <Predicate = (!icmp_ln60 & i_cast_read == 0)> <Delay = 0.35> <CoreInst = "Sel">   --->   Core 73 'Sel' <Latency = 0> <II = 1> <Delay = 0.35> <FuncUnit> <Opcode : 'select'> <InPorts = 3> <OutPorts = 1>
ST_2 : Operation 191 [1/1] (0.35ns)   --->   "%select_ln67_2 = select i1 %trunc_ln61, i16 %lhs_2, i16 %REG_V_35_load_1" [Compute_block/Compute.cpp:67]   --->   Operation 191 'select' 'select_ln67_2' <Predicate = (!icmp_ln60 & i_cast_read == 0)> <Delay = 0.35> <CoreInst = "Sel">   --->   Core 73 'Sel' <Latency = 0> <II = 1> <Delay = 0.35> <FuncUnit> <Opcode : 'select'> <InPorts = 3> <OutPorts = 1>
ST_2 : Operation 192 [1/1] (0.35ns)   --->   "%select_ln67_3 = select i1 %trunc_ln61, i16 %REG_V_33_load_1, i16 %lhs_2" [Compute_block/Compute.cpp:67]   --->   Operation 192 'select' 'select_ln67_3' <Predicate = (!icmp_ln60 & i_cast_read == 0)> <Delay = 0.35> <CoreInst = "Sel">   --->   Core 73 'Sel' <Latency = 0> <II = 1> <Delay = 0.35> <FuncUnit> <Opcode : 'select'> <InPorts = 3> <OutPorts = 1>
ST_2 : Operation 193 [1/1] (0.35ns)   --->   "%select_ln68_2 = select i1 %trunc_ln61, i16 %rhs, i16 %REG_V_38_load_1" [Compute_block/Compute.cpp:68]   --->   Operation 193 'select' 'select_ln68_2' <Predicate = (!icmp_ln60 & i_cast_read == 0)> <Delay = 0.35> <CoreInst = "Sel">   --->   Core 73 'Sel' <Latency = 0> <II = 1> <Delay = 0.35> <FuncUnit> <Opcode : 'select'> <InPorts = 3> <OutPorts = 1>
ST_2 : Operation 194 [1/1] (0.35ns)   --->   "%select_ln68_3 = select i1 %trunc_ln61, i16 %REG_V_36_load_1, i16 %rhs" [Compute_block/Compute.cpp:68]   --->   Operation 194 'select' 'select_ln68_3' <Predicate = (!icmp_ln60 & i_cast_read == 0)> <Delay = 0.35> <CoreInst = "Sel">   --->   Core 73 'Sel' <Latency = 0> <II = 1> <Delay = 0.35> <FuncUnit> <Opcode : 'select'> <InPorts = 3> <OutPorts = 1>
ST_2 : Operation 195 [1/1] (0.35ns)   --->   "%select_ln69_2 = select i1 %trunc_ln61, i16 %rhs_2, i16 %REG_V_39_load_1" [Compute_block/Compute.cpp:69]   --->   Operation 195 'select' 'select_ln69_2' <Predicate = (!icmp_ln60 & i_cast_read == 0)> <Delay = 0.35> <CoreInst = "Sel">   --->   Core 73 'Sel' <Latency = 0> <II = 1> <Delay = 0.35> <FuncUnit> <Opcode : 'select'> <InPorts = 3> <OutPorts = 1>
ST_2 : Operation 196 [1/1] (0.35ns)   --->   "%select_ln69_3 = select i1 %trunc_ln61, i16 %REG_V_37_load_1, i16 %rhs_2" [Compute_block/Compute.cpp:69]   --->   Operation 196 'select' 'select_ln69_3' <Predicate = (!icmp_ln60 & i_cast_read == 0)> <Delay = 0.35> <CoreInst = "Sel">   --->   Core 73 'Sel' <Latency = 0> <II = 1> <Delay = 0.35> <FuncUnit> <Opcode : 'select'> <InPorts = 3> <OutPorts = 1>
ST_2 : Operation 197 [1/1] (0.42ns)   --->   "%store_ln69 = store i16 %select_ln69_2, i16 %REG_V_39" [Compute_block/Compute.cpp:69]   --->   Operation 197 'store' 'store_ln69' <Predicate = (!icmp_ln60 & i_cast_read == 0)> <Delay = 0.42>
ST_2 : Operation 198 [1/1] (0.42ns)   --->   "%store_ln69 = store i16 %select_ln68_2, i16 %REG_V_38" [Compute_block/Compute.cpp:69]   --->   Operation 198 'store' 'store_ln69' <Predicate = (!icmp_ln60 & i_cast_read == 0)> <Delay = 0.42>
ST_2 : Operation 199 [1/1] (0.42ns)   --->   "%store_ln69 = store i16 %select_ln69_3, i16 %REG_V_37" [Compute_block/Compute.cpp:69]   --->   Operation 199 'store' 'store_ln69' <Predicate = (!icmp_ln60 & i_cast_read == 0)> <Delay = 0.42>
ST_2 : Operation 200 [1/1] (0.42ns)   --->   "%store_ln69 = store i16 %select_ln68_3, i16 %REG_V_36" [Compute_block/Compute.cpp:69]   --->   Operation 200 'store' 'store_ln69' <Predicate = (!icmp_ln60 & i_cast_read == 0)> <Delay = 0.42>
ST_2 : Operation 201 [1/1] (0.42ns)   --->   "%store_ln69 = store i16 %select_ln67_2, i16 %REG_V_35" [Compute_block/Compute.cpp:69]   --->   Operation 201 'store' 'store_ln69' <Predicate = (!icmp_ln60 & i_cast_read == 0)> <Delay = 0.42>
ST_2 : Operation 202 [1/1] (0.42ns)   --->   "%store_ln69 = store i16 %REG_V_71, i16 %REG_V_34" [Compute_block/Compute.cpp:69]   --->   Operation 202 'store' 'store_ln69' <Predicate = (!icmp_ln60 & i_cast_read == 0)> <Delay = 0.42>
ST_2 : Operation 203 [1/1] (0.42ns)   --->   "%store_ln69 = store i16 %select_ln67_3, i16 %REG_V_33" [Compute_block/Compute.cpp:69]   --->   Operation 203 'store' 'store_ln69' <Predicate = (!icmp_ln60 & i_cast_read == 0)> <Delay = 0.42>
ST_2 : Operation 204 [1/1] (0.42ns)   --->   "%store_ln69 = store i16 %p_Repl2_1, i16 %REG_V_32" [Compute_block/Compute.cpp:69]   --->   Operation 204 'store' 'store_ln69' <Predicate = (!icmp_ln60 & i_cast_read == 0)> <Delay = 0.42>
ST_2 : Operation 205 [1/1] (0.00ns)   --->   "%br_ln69 = br void %arrayidx518.exit" [Compute_block/Compute.cpp:69]   --->   Operation 205 'br' 'br_ln69' <Predicate = (!icmp_ln60 & i_cast_read == 0)> <Delay = 0.00>
ST_2 : Operation 206 [1/1] (0.00ns)   --->   "%REG_V_56_load_1 = load i16 %REG_V_56" [Compute_block/Compute.cpp:66]   --->   Operation 206 'load' 'REG_V_56_load_1' <Predicate = (!icmp_ln60 & i_cast_read == 3 & trunc_ln61)> <Delay = 0.00>
ST_2 : Operation 207 [1/1] (0.00ns)   --->   "%REG_V_57_load_1 = load i16 %REG_V_57" [Compute_block/Compute.cpp:67]   --->   Operation 207 'load' 'REG_V_57_load_1' <Predicate = (!icmp_ln60 & i_cast_read == 3 & trunc_ln61)> <Delay = 0.00>
ST_2 : Operation 208 [1/1] (0.00ns)   --->   "%REG_V_58_load_1 = load i16 %REG_V_58" [Compute_block/Compute.cpp:66]   --->   Operation 208 'load' 'REG_V_58_load_1' <Predicate = (!icmp_ln60 & i_cast_read == 3 & !trunc_ln61)> <Delay = 0.00>
ST_2 : Operation 209 [1/1] (0.00ns)   --->   "%REG_V_59_load_1 = load i16 %REG_V_59" [Compute_block/Compute.cpp:67]   --->   Operation 209 'load' 'REG_V_59_load_1' <Predicate = (!icmp_ln60 & i_cast_read == 3 & !trunc_ln61)> <Delay = 0.00>
ST_2 : Operation 210 [1/1] (0.00ns)   --->   "%REG_V_60_load_1 = load i16 %REG_V_60" [Compute_block/Compute.cpp:68]   --->   Operation 210 'load' 'REG_V_60_load_1' <Predicate = (!icmp_ln60 & i_cast_read == 3 & trunc_ln61)> <Delay = 0.00>
ST_2 : Operation 211 [1/1] (0.00ns)   --->   "%REG_V_61_load_1 = load i16 %REG_V_61" [Compute_block/Compute.cpp:69]   --->   Operation 211 'load' 'REG_V_61_load_1' <Predicate = (!icmp_ln60 & i_cast_read == 3 & trunc_ln61)> <Delay = 0.00>
ST_2 : Operation 212 [1/1] (0.00ns)   --->   "%REG_V_62_load_1 = load i16 %REG_V_62" [Compute_block/Compute.cpp:68]   --->   Operation 212 'load' 'REG_V_62_load_1' <Predicate = (!icmp_ln60 & i_cast_read == 3 & !trunc_ln61)> <Delay = 0.00>
ST_2 : Operation 213 [1/1] (0.00ns)   --->   "%REG_V_63_load_1 = load i16 %REG_V_63" [Compute_block/Compute.cpp:69]   --->   Operation 213 'load' 'REG_V_63_load_1' <Predicate = (!icmp_ln60 & i_cast_read == 3 & !trunc_ln61)> <Delay = 0.00>
ST_2 : Operation 214 [1/1] (0.35ns)   --->   "%REG_V_65 = select i1 %trunc_ln61, i16 %lhs, i16 %REG_V_58_load_1" [Compute_block/Compute.cpp:66]   --->   Operation 214 'select' 'REG_V_65' <Predicate = (!icmp_ln60 & i_cast_read == 3)> <Delay = 0.35> <CoreInst = "Sel">   --->   Core 73 'Sel' <Latency = 0> <II = 1> <Delay = 0.35> <FuncUnit> <Opcode : 'select'> <InPorts = 3> <OutPorts = 1>
ST_2 : Operation 215 [1/1] (0.35ns)   --->   "%p_Repl2_s = select i1 %trunc_ln61, i16 %REG_V_56_load_1, i16 %lhs" [Compute_block/Compute.cpp:66]   --->   Operation 215 'select' 'p_Repl2_s' <Predicate = (!icmp_ln60 & i_cast_read == 3)> <Delay = 0.35> <CoreInst = "Sel">   --->   Core 73 'Sel' <Latency = 0> <II = 1> <Delay = 0.35> <FuncUnit> <Opcode : 'select'> <InPorts = 3> <OutPorts = 1>
ST_2 : Operation 216 [1/1] (0.35ns)   --->   "%select_ln67 = select i1 %trunc_ln61, i16 %lhs_2, i16 %REG_V_59_load_1" [Compute_block/Compute.cpp:67]   --->   Operation 216 'select' 'select_ln67' <Predicate = (!icmp_ln60 & i_cast_read == 3)> <Delay = 0.35> <CoreInst = "Sel">   --->   Core 73 'Sel' <Latency = 0> <II = 1> <Delay = 0.35> <FuncUnit> <Opcode : 'select'> <InPorts = 3> <OutPorts = 1>
ST_2 : Operation 217 [1/1] (0.35ns)   --->   "%select_ln67_1 = select i1 %trunc_ln61, i16 %REG_V_57_load_1, i16 %lhs_2" [Compute_block/Compute.cpp:67]   --->   Operation 217 'select' 'select_ln67_1' <Predicate = (!icmp_ln60 & i_cast_read == 3)> <Delay = 0.35> <CoreInst = "Sel">   --->   Core 73 'Sel' <Latency = 0> <II = 1> <Delay = 0.35> <FuncUnit> <Opcode : 'select'> <InPorts = 3> <OutPorts = 1>
ST_2 : Operation 218 [1/1] (0.35ns)   --->   "%select_ln68 = select i1 %trunc_ln61, i16 %rhs, i16 %REG_V_62_load_1" [Compute_block/Compute.cpp:68]   --->   Operation 218 'select' 'select_ln68' <Predicate = (!icmp_ln60 & i_cast_read == 3)> <Delay = 0.35> <CoreInst = "Sel">   --->   Core 73 'Sel' <Latency = 0> <II = 1> <Delay = 0.35> <FuncUnit> <Opcode : 'select'> <InPorts = 3> <OutPorts = 1>
ST_2 : Operation 219 [1/1] (0.35ns)   --->   "%select_ln68_1 = select i1 %trunc_ln61, i16 %REG_V_60_load_1, i16 %rhs" [Compute_block/Compute.cpp:68]   --->   Operation 219 'select' 'select_ln68_1' <Predicate = (!icmp_ln60 & i_cast_read == 3)> <Delay = 0.35> <CoreInst = "Sel">   --->   Core 73 'Sel' <Latency = 0> <II = 1> <Delay = 0.35> <FuncUnit> <Opcode : 'select'> <InPorts = 3> <OutPorts = 1>
ST_2 : Operation 220 [1/1] (0.35ns)   --->   "%select_ln69 = select i1 %trunc_ln61, i16 %rhs_2, i16 %REG_V_63_load_1" [Compute_block/Compute.cpp:69]   --->   Operation 220 'select' 'select_ln69' <Predicate = (!icmp_ln60 & i_cast_read == 3)> <Delay = 0.35> <CoreInst = "Sel">   --->   Core 73 'Sel' <Latency = 0> <II = 1> <Delay = 0.35> <FuncUnit> <Opcode : 'select'> <InPorts = 3> <OutPorts = 1>
ST_2 : Operation 221 [1/1] (0.35ns)   --->   "%select_ln69_1 = select i1 %trunc_ln61, i16 %REG_V_61_load_1, i16 %rhs_2" [Compute_block/Compute.cpp:69]   --->   Operation 221 'select' 'select_ln69_1' <Predicate = (!icmp_ln60 & i_cast_read == 3)> <Delay = 0.35> <CoreInst = "Sel">   --->   Core 73 'Sel' <Latency = 0> <II = 1> <Delay = 0.35> <FuncUnit> <Opcode : 'select'> <InPorts = 3> <OutPorts = 1>
ST_2 : Operation 222 [1/1] (0.42ns)   --->   "%store_ln69 = store i16 %select_ln69, i16 %REG_V_63" [Compute_block/Compute.cpp:69]   --->   Operation 222 'store' 'store_ln69' <Predicate = (!icmp_ln60 & i_cast_read == 3)> <Delay = 0.42>
ST_2 : Operation 223 [1/1] (0.42ns)   --->   "%store_ln69 = store i16 %select_ln68, i16 %REG_V_62" [Compute_block/Compute.cpp:69]   --->   Operation 223 'store' 'store_ln69' <Predicate = (!icmp_ln60 & i_cast_read == 3)> <Delay = 0.42>
ST_2 : Operation 224 [1/1] (0.42ns)   --->   "%store_ln69 = store i16 %select_ln69_1, i16 %REG_V_61" [Compute_block/Compute.cpp:69]   --->   Operation 224 'store' 'store_ln69' <Predicate = (!icmp_ln60 & i_cast_read == 3)> <Delay = 0.42>
ST_2 : Operation 225 [1/1] (0.42ns)   --->   "%store_ln69 = store i16 %select_ln68_1, i16 %REG_V_60" [Compute_block/Compute.cpp:69]   --->   Operation 225 'store' 'store_ln69' <Predicate = (!icmp_ln60 & i_cast_read == 3)> <Delay = 0.42>
ST_2 : Operation 226 [1/1] (0.42ns)   --->   "%store_ln69 = store i16 %select_ln67, i16 %REG_V_59" [Compute_block/Compute.cpp:69]   --->   Operation 226 'store' 'store_ln69' <Predicate = (!icmp_ln60 & i_cast_read == 3)> <Delay = 0.42>
ST_2 : Operation 227 [1/1] (0.42ns)   --->   "%store_ln69 = store i16 %REG_V_65, i16 %REG_V_58" [Compute_block/Compute.cpp:69]   --->   Operation 227 'store' 'store_ln69' <Predicate = (!icmp_ln60 & i_cast_read == 3)> <Delay = 0.42>
ST_2 : Operation 228 [1/1] (0.42ns)   --->   "%store_ln69 = store i16 %select_ln67_1, i16 %REG_V_57" [Compute_block/Compute.cpp:69]   --->   Operation 228 'store' 'store_ln69' <Predicate = (!icmp_ln60 & i_cast_read == 3)> <Delay = 0.42>
ST_2 : Operation 229 [1/1] (0.42ns)   --->   "%store_ln69 = store i16 %p_Repl2_s, i16 %REG_V_56" [Compute_block/Compute.cpp:69]   --->   Operation 229 'store' 'store_ln69' <Predicate = (!icmp_ln60 & i_cast_read == 3)> <Delay = 0.42>
ST_2 : Operation 230 [1/1] (0.00ns)   --->   "%br_ln69 = br void %arrayidx518.exit" [Compute_block/Compute.cpp:69]   --->   Operation 230 'br' 'br_ln69' <Predicate = (!icmp_ln60 & i_cast_read == 3)> <Delay = 0.00>
ST_2 : Operation 231 [1/1] (0.00ns)   --->   "%zext_ln186_17 = zext i16 %lhs_2"   --->   Operation 231 'zext' 'zext_ln186_17' <Predicate = (!icmp_ln60)> <Delay = 0.00>
ST_2 : Operation 232 [1/1] (0.00ns)   --->   "%zext_ln186_18 = zext i16 %rhs_2"   --->   Operation 232 'zext' 'zext_ln186_18' <Predicate = (!icmp_ln60)> <Delay = 0.00>
ST_2 : Operation 233 [4/4] (0.53ns) (root node of the DSP)   --->   "%ret_V_4 = mul i32 %zext_ln186_18, i32 %zext_ln186_17"   --->   Operation 233 'mul' 'ret_V_4' <Predicate = (!icmp_ln60)> <Delay = 0.53> <CoreInst = "DSP48">   --->   Core 127 'DSP48' <Latency = 3> <II = 1> <Delay = 0.53> <IPBlock> <Opcode : 'mul' 'add' 'sub' 'select'> <InPorts = 0> <OutPorts = 1> <Sync> <CReg>
ST_2 : Operation 234 [1/1] (0.00ns)   --->   "%p_Result_s = bitconcatenate i32 @_ssdm_op_BitConcatenate.i32.i16.i16, i16 %lhs, i16 %lhs_2"   --->   Operation 234 'bitconcatenate' 'p_Result_s' <Predicate = (!icmp_ln60)> <Delay = 0.00>
ST_2 : Operation 235 [1/1] (1.63ns)   --->   "%write_ln71 = write void @_ssdm_op_Write.ap_fifo.volatile.i32P0A, i32 %fwd_out1, i32 %p_Result_s" [Compute_block/Compute.cpp:71]   --->   Operation 235 'write' 'write_ln71' <Predicate = (!icmp_ln60)> <Delay = 1.63> <CoreInst = "FIFO">   --->   Core 78 'FIFO' <Latency = 0> <II = 1> <Delay = 1.63> <Storage> <Opcode : 'read' 'write' 'nbread' 'nbwrite'> <Ports = 0> <Width = -1> <Depth = -1> <FIFO>
ST_2 : Operation 236 [1/1] (0.00ns)   --->   "%p_Result_1 = bitconcatenate i32 @_ssdm_op_BitConcatenate.i32.i16.i16, i16 %rhs, i16 %rhs_2"   --->   Operation 236 'bitconcatenate' 'p_Result_1' <Predicate = (!icmp_ln60)> <Delay = 0.00>
ST_2 : Operation 237 [1/1] (1.63ns)   --->   "%write_ln72 = write void @_ssdm_op_Write.ap_fifo.volatile.i32P0A, i32 %fwd_out2, i32 %p_Result_1" [Compute_block/Compute.cpp:72]   --->   Operation 237 'write' 'write_ln72' <Predicate = (!icmp_ln60)> <Delay = 1.63> <CoreInst = "FIFO">   --->   Core 78 'FIFO' <Latency = 0> <II = 1> <Delay = 1.63> <Storage> <Opcode : 'read' 'write' 'nbread' 'nbwrite'> <Ports = 0> <Width = -1> <Depth = -1> <FIFO>

State 3 <SV = 2> <Delay = 0.99>
ST_3 : Operation 238 [1/1] (0.00ns)   --->   "%zext_ln186 = zext i16 %lhs"   --->   Operation 238 'zext' 'zext_ln186' <Predicate = (!icmp_ln60)> <Delay = 0.00>
ST_3 : Operation 239 [1/1] (0.00ns)   --->   "%zext_ln186_16 = zext i16 %rhs"   --->   Operation 239 'zext' 'zext_ln186_16' <Predicate = (!icmp_ln60)> <Delay = 0.00>
ST_3 : Operation 240 [3/3] (0.99ns) (grouped into DSP with root node ret_V)   --->   "%ret_V_3 = mul i32 %zext_ln186_16, i32 %zext_ln186"   --->   Operation 240 'mul' 'ret_V_3' <Predicate = (!icmp_ln60)> <Delay = 0.99> <CoreInst = "DSP48">   --->   Core 127 'DSP48' <Latency = 3> <II = 1> <Delay = 0.53> <IPBlock> <Opcode : 'mul' 'add' 'sub' 'select'> <InPorts = 0> <OutPorts = 1> <Sync> <CReg>
ST_3 : Operation 241 [3/4] (0.53ns) (root node of the DSP)   --->   "%ret_V_4 = mul i32 %zext_ln186_18, i32 %zext_ln186_17"   --->   Operation 241 'mul' 'ret_V_4' <Predicate = (!icmp_ln60)> <Delay = 0.53> <CoreInst = "DSP48">   --->   Core 127 'DSP48' <Latency = 3> <II = 1> <Delay = 0.53> <IPBlock> <Opcode : 'mul' 'add' 'sub' 'select'> <InPorts = 0> <OutPorts = 1> <Sync> <CReg>

State 4 <SV = 3> <Delay = 0.99>
ST_4 : Operation 242 [2/3] (0.99ns) (grouped into DSP with root node ret_V)   --->   "%ret_V_3 = mul i32 %zext_ln186_16, i32 %zext_ln186"   --->   Operation 242 'mul' 'ret_V_3' <Predicate = (!icmp_ln60)> <Delay = 0.99> <CoreInst = "DSP48">   --->   Core 127 'DSP48' <Latency = 3> <II = 1> <Delay = 0.53> <IPBlock> <Opcode : 'mul' 'add' 'sub' 'select'> <InPorts = 0> <OutPorts = 1> <Sync> <CReg>
ST_4 : Operation 243 [2/4] (0.53ns) (root node of the DSP)   --->   "%ret_V_4 = mul i32 %zext_ln186_18, i32 %zext_ln186_17"   --->   Operation 243 'mul' 'ret_V_4' <Predicate = (!icmp_ln60)> <Delay = 0.53> <CoreInst = "DSP48">   --->   Core 127 'DSP48' <Latency = 3> <II = 1> <Delay = 0.53> <IPBlock> <Opcode : 'mul' 'add' 'sub' 'select'> <InPorts = 0> <OutPorts = 1> <Sync> <CReg>

State 5 <SV = 4> <Delay = 0.64>
ST_5 : Operation 244 [1/3] (0.00ns) (grouped into DSP with root node ret_V)   --->   "%ret_V_3 = mul i32 %zext_ln186_16, i32 %zext_ln186"   --->   Operation 244 'mul' 'ret_V_3' <Predicate = (!icmp_ln60)> <Delay = 0.00> <CoreInst = "DSP48">   --->   Core 127 'DSP48' <Latency = 3> <II = 1> <Delay = 0.53> <IPBlock> <Opcode : 'mul' 'add' 'sub' 'select'> <InPorts = 0> <OutPorts = 1> <Sync> <CReg>
ST_5 : Operation 245 [1/4] (0.00ns) (root node of the DSP)   --->   "%ret_V_4 = mul i32 %zext_ln186_18, i32 %zext_ln186_17"   --->   Operation 245 'mul' 'ret_V_4' <Predicate = (!icmp_ln60)> <Delay = 0.00> <CoreInst = "DSP48">   --->   Core 127 'DSP48' <Latency = 3> <II = 1> <Delay = 0.53> <IPBlock> <Opcode : 'mul' 'add' 'sub' 'select'> <InPorts = 0> <OutPorts = 1> <Sync> <CReg>
ST_5 : Operation 246 [1/1] (0.00ns) (grouped into DSP with root node ret_V)   --->   "%zext_ln186_19 = zext i32 %ret_V_3"   --->   Operation 246 'zext' 'zext_ln186_19' <Predicate = (!icmp_ln60)> <Delay = 0.00>
ST_5 : Operation 247 [1/1] (0.00ns)   --->   "%zext_ln186_20 = zext i32 %ret_V_4"   --->   Operation 247 'zext' 'zext_ln186_20' <Predicate = (!icmp_ln60)> <Delay = 0.00>
ST_5 : Operation 248 [2/2] (0.64ns) (root node of the DSP)   --->   "%ret_V = add i33 %zext_ln186_20, i33 %zext_ln186_19"   --->   Operation 248 'add' 'ret_V' <Predicate = (!icmp_ln60)> <Delay = 0.64> <CoreInst = "DSP48">   --->   Core 127 'DSP48' <Latency = 3> <II = 1> <Delay = 0.53> <IPBlock> <Opcode : 'mul' 'add' 'sub' 'select'> <InPorts = 0> <OutPorts = 1> <Sync> <CReg>

State 6 <SV = 5> <Delay = 2.09>
ST_6 : Operation 249 [1/1] (0.00ns)   --->   "%self_sum_V_2 = load i34 %self_sum_V"   --->   Operation 249 'load' 'self_sum_V_2' <Predicate = true> <Delay = 0.00>
ST_6 : Operation 250 [1/1] (0.00ns)   --->   "%empty = trunc i34 %self_sum_V_2"   --->   Operation 250 'trunc' 'empty' <Predicate = true> <Delay = 0.00>
ST_6 : Operation 251 [1/1] (0.00ns)   --->   "%specpipeline_ln0 = specpipeline void @_ssdm_op_SpecPipeline, i32 4294967295, i32 0, i32 1, i32 0, void @p_str"   --->   Operation 251 'specpipeline' 'specpipeline_ln0' <Predicate = true> <Delay = 0.00>
ST_6 : Operation 252 [1/1] (0.00ns)   --->   "%empty_14 = speclooptripcount i32 @_ssdm_op_SpecLoopTripCount, i64 2, i64 2, i64 2"   --->   Operation 252 'speclooptripcount' 'empty_14' <Predicate = true> <Delay = 0.00>
ST_6 : Operation 253 [1/2] (0.64ns) (root node of the DSP)   --->   "%ret_V = add i33 %zext_ln186_20, i33 %zext_ln186_19"   --->   Operation 253 'add' 'ret_V' <Predicate = (!icmp_ln60)> <Delay = 0.64> <CoreInst = "DSP48">   --->   Core 127 'DSP48' <Latency = 3> <II = 1> <Delay = 0.53> <IPBlock> <Opcode : 'mul' 'add' 'sub' 'select'> <InPorts = 0> <OutPorts = 1> <Sync> <CReg>
ST_6 : Operation 254 [1/1] (0.00ns)   --->   "%zext_ln840 = zext i33 %ret_V"   --->   Operation 254 'zext' 'zext_ln840' <Predicate = (!icmp_ln60)> <Delay = 0.00>
ST_6 : Operation 255 [1/1] (1.02ns)   --->   "%self_sum_V_3 = add i34 %zext_ln840, i34 %self_sum_V_2"   --->   Operation 255 'add' 'self_sum_V_3' <Predicate = (!icmp_ln60)> <Delay = 1.02> <CoreInst = "Adder">   --->   Core 1 'Adder' <Latency = 0> <II = 1> <Delay = 1.02> <FuncUnit> <Opcode : 'add' 'sub'> <InPorts = 2> <OutPorts = 1>
ST_6 : Operation 256 [1/1] (0.42ns)   --->   "%store_ln60 = store i34 %self_sum_V_3, i34 %self_sum_V" [Compute_block/Compute.cpp:60]   --->   Operation 256 'store' 'store_ln60' <Predicate = (!icmp_ln60)> <Delay = 0.42>
ST_6 : Operation 257 [1/1] (0.00ns)   --->   "%br_ln60 = br void %for.inc59" [Compute_block/Compute.cpp:60]   --->   Operation 257 'br' 'br_ln60' <Predicate = (!icmp_ln60)> <Delay = 0.00>
ST_6 : Operation 258 [1/1] (0.00ns)   --->   "%REG_V_32_load = load i16 %REG_V_32"   --->   Operation 258 'load' 'REG_V_32_load' <Predicate = (icmp_ln60)> <Delay = 0.00>
ST_6 : Operation 259 [1/1] (0.00ns)   --->   "%REG_V_33_load = load i16 %REG_V_33"   --->   Operation 259 'load' 'REG_V_33_load' <Predicate = (icmp_ln60)> <Delay = 0.00>
ST_6 : Operation 260 [1/1] (0.00ns)   --->   "%REG_V_34_load = load i16 %REG_V_34"   --->   Operation 260 'load' 'REG_V_34_load' <Predicate = (icmp_ln60)> <Delay = 0.00>
ST_6 : Operation 261 [1/1] (0.00ns)   --->   "%REG_V_35_load = load i16 %REG_V_35"   --->   Operation 261 'load' 'REG_V_35_load' <Predicate = (icmp_ln60)> <Delay = 0.00>
ST_6 : Operation 262 [1/1] (0.00ns)   --->   "%REG_V_36_load = load i16 %REG_V_36"   --->   Operation 262 'load' 'REG_V_36_load' <Predicate = (icmp_ln60)> <Delay = 0.00>
ST_6 : Operation 263 [1/1] (0.00ns)   --->   "%REG_V_37_load = load i16 %REG_V_37"   --->   Operation 263 'load' 'REG_V_37_load' <Predicate = (icmp_ln60)> <Delay = 0.00>
ST_6 : Operation 264 [1/1] (0.00ns)   --->   "%REG_V_38_load = load i16 %REG_V_38"   --->   Operation 264 'load' 'REG_V_38_load' <Predicate = (icmp_ln60)> <Delay = 0.00>
ST_6 : Operation 265 [1/1] (0.00ns)   --->   "%REG_V_39_load = load i16 %REG_V_39"   --->   Operation 265 'load' 'REG_V_39_load' <Predicate = (icmp_ln60)> <Delay = 0.00>
ST_6 : Operation 266 [1/1] (0.00ns)   --->   "%REG_V_40_load = load i16 %REG_V_40"   --->   Operation 266 'load' 'REG_V_40_load' <Predicate = (icmp_ln60)> <Delay = 0.00>
ST_6 : Operation 267 [1/1] (0.00ns)   --->   "%REG_V_41_load = load i16 %REG_V_41"   --->   Operation 267 'load' 'REG_V_41_load' <Predicate = (icmp_ln60)> <Delay = 0.00>
ST_6 : Operation 268 [1/1] (0.00ns)   --->   "%REG_V_42_load = load i16 %REG_V_42"   --->   Operation 268 'load' 'REG_V_42_load' <Predicate = (icmp_ln60)> <Delay = 0.00>
ST_6 : Operation 269 [1/1] (0.00ns)   --->   "%REG_V_43_load = load i16 %REG_V_43"   --->   Operation 269 'load' 'REG_V_43_load' <Predicate = (icmp_ln60)> <Delay = 0.00>
ST_6 : Operation 270 [1/1] (0.00ns)   --->   "%REG_V_44_load = load i16 %REG_V_44"   --->   Operation 270 'load' 'REG_V_44_load' <Predicate = (icmp_ln60)> <Delay = 0.00>
ST_6 : Operation 271 [1/1] (0.00ns)   --->   "%REG_V_45_load = load i16 %REG_V_45"   --->   Operation 271 'load' 'REG_V_45_load' <Predicate = (icmp_ln60)> <Delay = 0.00>
ST_6 : Operation 272 [1/1] (0.00ns)   --->   "%REG_V_46_load = load i16 %REG_V_46"   --->   Operation 272 'load' 'REG_V_46_load' <Predicate = (icmp_ln60)> <Delay = 0.00>
ST_6 : Operation 273 [1/1] (0.00ns)   --->   "%REG_V_47_load = load i16 %REG_V_47"   --->   Operation 273 'load' 'REG_V_47_load' <Predicate = (icmp_ln60)> <Delay = 0.00>
ST_6 : Operation 274 [1/1] (0.00ns)   --->   "%REG_V_48_load = load i16 %REG_V_48"   --->   Operation 274 'load' 'REG_V_48_load' <Predicate = (icmp_ln60)> <Delay = 0.00>
ST_6 : Operation 275 [1/1] (0.00ns)   --->   "%REG_V_49_load = load i16 %REG_V_49"   --->   Operation 275 'load' 'REG_V_49_load' <Predicate = (icmp_ln60)> <Delay = 0.00>
ST_6 : Operation 276 [1/1] (0.00ns)   --->   "%REG_V_50_load = load i16 %REG_V_50"   --->   Operation 276 'load' 'REG_V_50_load' <Predicate = (icmp_ln60)> <Delay = 0.00>
ST_6 : Operation 277 [1/1] (0.00ns)   --->   "%REG_V_51_load = load i16 %REG_V_51"   --->   Operation 277 'load' 'REG_V_51_load' <Predicate = (icmp_ln60)> <Delay = 0.00>
ST_6 : Operation 278 [1/1] (0.00ns)   --->   "%REG_V_52_load = load i16 %REG_V_52"   --->   Operation 278 'load' 'REG_V_52_load' <Predicate = (icmp_ln60)> <Delay = 0.00>
ST_6 : Operation 279 [1/1] (0.00ns)   --->   "%REG_V_53_load = load i16 %REG_V_53"   --->   Operation 279 'load' 'REG_V_53_load' <Predicate = (icmp_ln60)> <Delay = 0.00>
ST_6 : Operation 280 [1/1] (0.00ns)   --->   "%REG_V_54_load = load i16 %REG_V_54"   --->   Operation 280 'load' 'REG_V_54_load' <Predicate = (icmp_ln60)> <Delay = 0.00>
ST_6 : Operation 281 [1/1] (0.00ns)   --->   "%REG_V_55_load = load i16 %REG_V_55"   --->   Operation 281 'load' 'REG_V_55_load' <Predicate = (icmp_ln60)> <Delay = 0.00>
ST_6 : Operation 282 [1/1] (0.00ns)   --->   "%REG_V_56_load = load i16 %REG_V_56"   --->   Operation 282 'load' 'REG_V_56_load' <Predicate = (icmp_ln60)> <Delay = 0.00>
ST_6 : Operation 283 [1/1] (0.00ns)   --->   "%REG_V_57_load = load i16 %REG_V_57"   --->   Operation 283 'load' 'REG_V_57_load' <Predicate = (icmp_ln60)> <Delay = 0.00>
ST_6 : Operation 284 [1/1] (0.00ns)   --->   "%REG_V_58_load = load i16 %REG_V_58"   --->   Operation 284 'load' 'REG_V_58_load' <Predicate = (icmp_ln60)> <Delay = 0.00>
ST_6 : Operation 285 [1/1] (0.00ns)   --->   "%REG_V_59_load = load i16 %REG_V_59"   --->   Operation 285 'load' 'REG_V_59_load' <Predicate = (icmp_ln60)> <Delay = 0.00>
ST_6 : Operation 286 [1/1] (0.00ns)   --->   "%REG_V_60_load = load i16 %REG_V_60"   --->   Operation 286 'load' 'REG_V_60_load' <Predicate = (icmp_ln60)> <Delay = 0.00>
ST_6 : Operation 287 [1/1] (0.00ns)   --->   "%REG_V_61_load = load i16 %REG_V_61"   --->   Operation 287 'load' 'REG_V_61_load' <Predicate = (icmp_ln60)> <Delay = 0.00>
ST_6 : Operation 288 [1/1] (0.00ns)   --->   "%REG_V_62_load = load i16 %REG_V_62"   --->   Operation 288 'load' 'REG_V_62_load' <Predicate = (icmp_ln60)> <Delay = 0.00>
ST_6 : Operation 289 [1/1] (0.00ns)   --->   "%REG_V_63_load = load i16 %REG_V_63"   --->   Operation 289 'load' 'REG_V_63_load' <Predicate = (icmp_ln60)> <Delay = 0.00>
ST_6 : Operation 290 [1/1] (0.00ns)   --->   "%write_ln0 = write void @_ssdm_op_Write.ap_auto.i16P0A, i16 %REG_V_63_out, i16 %REG_V_63_load"   --->   Operation 290 'write' 'write_ln0' <Predicate = (icmp_ln60)> <Delay = 0.00>
ST_6 : Operation 291 [1/1] (0.00ns)   --->   "%write_ln0 = write void @_ssdm_op_Write.ap_auto.i16P0A, i16 %REG_V_62_out, i16 %REG_V_62_load"   --->   Operation 291 'write' 'write_ln0' <Predicate = (icmp_ln60)> <Delay = 0.00>
ST_6 : Operation 292 [1/1] (0.00ns)   --->   "%write_ln0 = write void @_ssdm_op_Write.ap_auto.i16P0A, i16 %REG_V_61_out, i16 %REG_V_61_load"   --->   Operation 292 'write' 'write_ln0' <Predicate = (icmp_ln60)> <Delay = 0.00>
ST_6 : Operation 293 [1/1] (0.00ns)   --->   "%write_ln0 = write void @_ssdm_op_Write.ap_auto.i16P0A, i16 %REG_V_60_out, i16 %REG_V_60_load"   --->   Operation 293 'write' 'write_ln0' <Predicate = (icmp_ln60)> <Delay = 0.00>
ST_6 : Operation 294 [1/1] (0.00ns)   --->   "%write_ln0 = write void @_ssdm_op_Write.ap_auto.i16P0A, i16 %REG_V_59_out, i16 %REG_V_59_load"   --->   Operation 294 'write' 'write_ln0' <Predicate = (icmp_ln60)> <Delay = 0.00>
ST_6 : Operation 295 [1/1] (0.00ns)   --->   "%write_ln0 = write void @_ssdm_op_Write.ap_auto.i16P0A, i16 %REG_V_58_out, i16 %REG_V_58_load"   --->   Operation 295 'write' 'write_ln0' <Predicate = (icmp_ln60)> <Delay = 0.00>
ST_6 : Operation 296 [1/1] (0.00ns)   --->   "%write_ln0 = write void @_ssdm_op_Write.ap_auto.i16P0A, i16 %REG_V_57_out, i16 %REG_V_57_load"   --->   Operation 296 'write' 'write_ln0' <Predicate = (icmp_ln60)> <Delay = 0.00>
ST_6 : Operation 297 [1/1] (0.00ns)   --->   "%write_ln0 = write void @_ssdm_op_Write.ap_auto.i16P0A, i16 %REG_V_56_out, i16 %REG_V_56_load"   --->   Operation 297 'write' 'write_ln0' <Predicate = (icmp_ln60)> <Delay = 0.00>
ST_6 : Operation 298 [1/1] (0.00ns)   --->   "%write_ln0 = write void @_ssdm_op_Write.ap_auto.i16P0A, i16 %REG_V_55_out, i16 %REG_V_55_load"   --->   Operation 298 'write' 'write_ln0' <Predicate = (icmp_ln60)> <Delay = 0.00>
ST_6 : Operation 299 [1/1] (0.00ns)   --->   "%write_ln0 = write void @_ssdm_op_Write.ap_auto.i16P0A, i16 %REG_V_54_out, i16 %REG_V_54_load"   --->   Operation 299 'write' 'write_ln0' <Predicate = (icmp_ln60)> <Delay = 0.00>
ST_6 : Operation 300 [1/1] (0.00ns)   --->   "%write_ln0 = write void @_ssdm_op_Write.ap_auto.i16P0A, i16 %REG_V_53_out, i16 %REG_V_53_load"   --->   Operation 300 'write' 'write_ln0' <Predicate = (icmp_ln60)> <Delay = 0.00>
ST_6 : Operation 301 [1/1] (0.00ns)   --->   "%write_ln0 = write void @_ssdm_op_Write.ap_auto.i16P0A, i16 %REG_V_52_out, i16 %REG_V_52_load"   --->   Operation 301 'write' 'write_ln0' <Predicate = (icmp_ln60)> <Delay = 0.00>
ST_6 : Operation 302 [1/1] (0.00ns)   --->   "%write_ln0 = write void @_ssdm_op_Write.ap_auto.i16P0A, i16 %REG_V_51_out, i16 %REG_V_51_load"   --->   Operation 302 'write' 'write_ln0' <Predicate = (icmp_ln60)> <Delay = 0.00>
ST_6 : Operation 303 [1/1] (0.00ns)   --->   "%write_ln0 = write void @_ssdm_op_Write.ap_auto.i16P0A, i16 %REG_V_50_out, i16 %REG_V_50_load"   --->   Operation 303 'write' 'write_ln0' <Predicate = (icmp_ln60)> <Delay = 0.00>
ST_6 : Operation 304 [1/1] (0.00ns)   --->   "%write_ln0 = write void @_ssdm_op_Write.ap_auto.i16P0A, i16 %REG_V_49_out, i16 %REG_V_49_load"   --->   Operation 304 'write' 'write_ln0' <Predicate = (icmp_ln60)> <Delay = 0.00>
ST_6 : Operation 305 [1/1] (0.00ns)   --->   "%write_ln0 = write void @_ssdm_op_Write.ap_auto.i16P0A, i16 %REG_V_48_out, i16 %REG_V_48_load"   --->   Operation 305 'write' 'write_ln0' <Predicate = (icmp_ln60)> <Delay = 0.00>
ST_6 : Operation 306 [1/1] (0.00ns)   --->   "%write_ln0 = write void @_ssdm_op_Write.ap_auto.i16P0A, i16 %REG_V_47_out, i16 %REG_V_47_load"   --->   Operation 306 'write' 'write_ln0' <Predicate = (icmp_ln60)> <Delay = 0.00>
ST_6 : Operation 307 [1/1] (0.00ns)   --->   "%write_ln0 = write void @_ssdm_op_Write.ap_auto.i16P0A, i16 %REG_V_46_out, i16 %REG_V_46_load"   --->   Operation 307 'write' 'write_ln0' <Predicate = (icmp_ln60)> <Delay = 0.00>
ST_6 : Operation 308 [1/1] (0.00ns)   --->   "%write_ln0 = write void @_ssdm_op_Write.ap_auto.i16P0A, i16 %REG_V_45_out, i16 %REG_V_45_load"   --->   Operation 308 'write' 'write_ln0' <Predicate = (icmp_ln60)> <Delay = 0.00>
ST_6 : Operation 309 [1/1] (0.00ns)   --->   "%write_ln0 = write void @_ssdm_op_Write.ap_auto.i16P0A, i16 %REG_V_44_out, i16 %REG_V_44_load"   --->   Operation 309 'write' 'write_ln0' <Predicate = (icmp_ln60)> <Delay = 0.00>
ST_6 : Operation 310 [1/1] (0.00ns)   --->   "%write_ln0 = write void @_ssdm_op_Write.ap_auto.i16P0A, i16 %REG_V_43_out, i16 %REG_V_43_load"   --->   Operation 310 'write' 'write_ln0' <Predicate = (icmp_ln60)> <Delay = 0.00>
ST_6 : Operation 311 [1/1] (0.00ns)   --->   "%write_ln0 = write void @_ssdm_op_Write.ap_auto.i16P0A, i16 %REG_V_42_out, i16 %REG_V_42_load"   --->   Operation 311 'write' 'write_ln0' <Predicate = (icmp_ln60)> <Delay = 0.00>
ST_6 : Operation 312 [1/1] (0.00ns)   --->   "%write_ln0 = write void @_ssdm_op_Write.ap_auto.i16P0A, i16 %REG_V_41_out, i16 %REG_V_41_load"   --->   Operation 312 'write' 'write_ln0' <Predicate = (icmp_ln60)> <Delay = 0.00>
ST_6 : Operation 313 [1/1] (0.00ns)   --->   "%write_ln0 = write void @_ssdm_op_Write.ap_auto.i16P0A, i16 %REG_V_40_out, i16 %REG_V_40_load"   --->   Operation 313 'write' 'write_ln0' <Predicate = (icmp_ln60)> <Delay = 0.00>
ST_6 : Operation 314 [1/1] (0.00ns)   --->   "%write_ln0 = write void @_ssdm_op_Write.ap_auto.i16P0A, i16 %REG_V_39_out, i16 %REG_V_39_load"   --->   Operation 314 'write' 'write_ln0' <Predicate = (icmp_ln60)> <Delay = 0.00>
ST_6 : Operation 315 [1/1] (0.00ns)   --->   "%write_ln0 = write void @_ssdm_op_Write.ap_auto.i16P0A, i16 %REG_V_38_out, i16 %REG_V_38_load"   --->   Operation 315 'write' 'write_ln0' <Predicate = (icmp_ln60)> <Delay = 0.00>
ST_6 : Operation 316 [1/1] (0.00ns)   --->   "%write_ln0 = write void @_ssdm_op_Write.ap_auto.i16P0A, i16 %REG_V_37_out, i16 %REG_V_37_load"   --->   Operation 316 'write' 'write_ln0' <Predicate = (icmp_ln60)> <Delay = 0.00>
ST_6 : Operation 317 [1/1] (0.00ns)   --->   "%write_ln0 = write void @_ssdm_op_Write.ap_auto.i16P0A, i16 %REG_V_36_out, i16 %REG_V_36_load"   --->   Operation 317 'write' 'write_ln0' <Predicate = (icmp_ln60)> <Delay = 0.00>
ST_6 : Operation 318 [1/1] (0.00ns)   --->   "%write_ln0 = write void @_ssdm_op_Write.ap_auto.i16P0A, i16 %REG_V_35_out, i16 %REG_V_35_load"   --->   Operation 318 'write' 'write_ln0' <Predicate = (icmp_ln60)> <Delay = 0.00>
ST_6 : Operation 319 [1/1] (0.00ns)   --->   "%write_ln0 = write void @_ssdm_op_Write.ap_auto.i16P0A, i16 %REG_V_34_out, i16 %REG_V_34_load"   --->   Operation 319 'write' 'write_ln0' <Predicate = (icmp_ln60)> <Delay = 0.00>
ST_6 : Operation 320 [1/1] (0.00ns)   --->   "%write_ln0 = write void @_ssdm_op_Write.ap_auto.i16P0A, i16 %REG_V_33_out, i16 %REG_V_33_load"   --->   Operation 320 'write' 'write_ln0' <Predicate = (icmp_ln60)> <Delay = 0.00>
ST_6 : Operation 321 [1/1] (0.00ns)   --->   "%write_ln0 = write void @_ssdm_op_Write.ap_auto.i16P0A, i16 %REG_V_32_out, i16 %REG_V_32_load"   --->   Operation 321 'write' 'write_ln0' <Predicate = (icmp_ln60)> <Delay = 0.00>
ST_6 : Operation 322 [1/1] (0.00ns)   --->   "%write_ln0 = write void @_ssdm_op_Write.ap_auto.i32P0A, i32 %self_sum_V_out, i32 %empty"   --->   Operation 322 'write' 'write_ln0' <Predicate = (icmp_ln60)> <Delay = 0.00>
ST_6 : Operation 323 [1/1] (0.00ns)   --->   "%ret_ln0 = ret"   --->   Operation 323 'ret' 'ret_ln0' <Predicate = (icmp_ln60)> <Delay = 0.00>


============================================================
+ Verbose Summary: Timing violations
============================================================
Target clock period: 10ns, clock uncertainty: 2.7ns.

 <State 1>: 0.975ns
The critical path consists of the following:
	'alloca' operation ('fe') [71]  (0 ns)
	'load' operation ('fe', Compute_block/Compute.cpp:61) on local variable 'fe' [177]  (0 ns)
	'add' operation ('add_ln60', Compute_block/Compute.cpp:60) [182]  (0.548 ns)
	'store' operation ('store_ln60', Compute_block/Compute.cpp:60) of variable 'add_ln60', Compute_block/Compute.cpp:60 on local variable 'fe' [316]  (0.427 ns)

 <State 2>: 2.31ns
The critical path consists of the following:
	'load' operation ('word', Compute_block/Compute.cpp:61) on array 'buffer_1' [190]  (0.677 ns)
	fifo write operation ('write_ln71', Compute_block/Compute.cpp:71) on port 'fwd_out1' (Compute_block/Compute.cpp:71) [313]  (1.64 ns)

 <State 3>: 0.996ns
The critical path consists of the following:
	'mul' operation of DSP[309] ('ret.V') [303]  (0.996 ns)

 <State 4>: 0.996ns
The critical path consists of the following:
	'mul' operation of DSP[309] ('ret.V') [303]  (0.996 ns)

 <State 5>: 0.645ns
The critical path consists of the following:
	'mul' operation of DSP[309] ('ret.V') [303]  (0 ns)
	'add' operation of DSP[309] ('ret.V') [309]  (0.645 ns)

 <State 6>: 2.09ns
The critical path consists of the following:
	'add' operation of DSP[309] ('ret.V') [309]  (0.645 ns)
	'add' operation ('self_sum.V') [311]  (1.02 ns)
	'store' operation ('store_ln60', Compute_block/Compute.cpp:60) of variable 'self_sum.V' on local variable 'self_sum.V' [317]  (0.427 ns)


============================================================
+ Verbose Summary: Binding
============================================================
N/A
* FSMD analyzer results:
  - Output states:
 - Input state : 
  - Chain level:
	State 1
	State 2
	State 3
	State 4
	State 5
	State 6


============================================================
+ Verbose Summary: Datapath Resource usage 
============================================================
N/A
