

================================================================
== Vitis HLS Report for 'compute_slave_Pipeline_VITIS_LOOP_60_3_VITIS_LOOP_61_4'
================================================================
* Date:           Thu Sep 10 01:51:42 2026

* Version:        2022.2 (Build 3670227 on Oct 13 2022)
* Project:        Compute_block_slave
* Solution:       solution1 (Vivado IP Flow Target)
* Product family: zynquplus
* Target device:  xczu7ev-ffvc1156-2-e


================================================================
== Performance Estimates
================================================================
+ Timing: 
    * Summary: 
    +--------+----------+----------+------------+
    |  Clock |  Target  | Estimated| Uncertainty|
    +--------+----------+----------+------------+
    |ap_clk  |  10.00 ns|  1.993 ns|     2.70 ns|
    +--------+----------+----------+------------+

+ Latency: 
    * Summary: 
    +---------+---------+----------+----------+-----+-----+---------+
    |  Latency (cycles) |  Latency (absolute) |  Interval | Pipeline|
    |   min   |   max   |    min   |    max   | min | max |   Type  |
    +---------+---------+----------+----------+-----+-----+---------+
    |       10|       10|  0.100 us|  0.100 us|   10|   10|       no|
    +---------+---------+----------+----------+-----+-----+---------+

    + Detail: 
        * Instance: 
        N/A

        * Loop: 
        +-----------------------------------+---------+---------+----------+-----------+-----------+------+----------+
        |                                   |  Latency (cycles) | Iteration|  Initiation Interval  | Trip |          |
        |             Loop Name             |   min   |   max   |  Latency |  achieved |   target  | Count| Pipelined|
        +-----------------------------------+---------+---------+----------+-----------+-----------+------+----------+
        |- VITIS_LOOP_60_3_VITIS_LOOP_61_4  |        8|        8|         2|          1|          1|     8|       yes|
        +-----------------------------------+---------+---------+----------+-----------+-----------+------+----------+

============================================================
+ Verbose Summary: Synthesis Manager
============================================================
InlineROM: 1
ExposeGlobal: 0
============================================================
+ Verbose Summary: CDFG Model
============================================================
IsTopModel: 0
ResetActiveHigh: 1
IsCombinational: 0
IsDatapathOnly: 0
HasWiredReturn: 1
HasMFsm: 2
HasVarLatency: 1
IsPipeline: 0
IsRtlPipelined: 0
IsInstanceOverlapped: 0
IsDontTouch: 0
HasImplIP: 0
IsGatedGlobalClock: 0

+ Individual pipeline summary: 
  * Pipeline-0: initiation interval (II) = 1, depth = 2


============================================================
+ Verbose Summary: Schedule
============================================================
* Number of FSM states : 2
* Pipeline : 1
  Pipeline-0 : II = 1, D = 2, States = { 1 2 }
* Dataflow Pipeline: 0

* FSM state transitions: 
1 --> 2 
2 --> 

* FSM state operations: 

State 1 <SV = 0> <Delay = 1.22>
ST_1 : Operation 5 [1/1] (0.00ns)   --->   "%j = alloca i32 1"   --->   Operation 5 'alloca' 'j' <Predicate = true> <Delay = 0.00>
ST_1 : Operation 6 [1/1] (0.00ns)   --->   "%i = alloca i32 1"   --->   Operation 6 'alloca' 'i' <Predicate = true> <Delay = 0.00>
ST_1 : Operation 7 [1/1] (0.00ns)   --->   "%indvar_flatten6 = alloca i32 1"   --->   Operation 7 'alloca' 'indvar_flatten6' <Predicate = true> <Delay = 0.00>
ST_1 : Operation 8 [1/1] (0.00ns)   --->   "%REG2_V_6 = alloca i32 1"   --->   Operation 8 'alloca' 'REG2_V_6' <Predicate = true> <Delay = 0.00>
ST_1 : Operation 9 [1/1] (0.00ns)   --->   "%REG2_V_7 = alloca i32 1"   --->   Operation 9 'alloca' 'REG2_V_7' <Predicate = true> <Delay = 0.00>
ST_1 : Operation 10 [1/1] (0.00ns)   --->   "%REG2_V_5 = alloca i32 1"   --->   Operation 10 'alloca' 'REG2_V_5' <Predicate = true> <Delay = 0.00>
ST_1 : Operation 11 [1/1] (0.00ns)   --->   "%REG2_V_8 = alloca i32 1"   --->   Operation 11 'alloca' 'REG2_V_8' <Predicate = true> <Delay = 0.00>
ST_1 : Operation 12 [1/1] (0.00ns)   --->   "%REG2_V_4 = alloca i32 1"   --->   Operation 12 'alloca' 'REG2_V_4' <Predicate = true> <Delay = 0.00>
ST_1 : Operation 13 [1/1] (0.00ns)   --->   "%REG2_V_9 = alloca i32 1"   --->   Operation 13 'alloca' 'REG2_V_9' <Predicate = true> <Delay = 0.00>
ST_1 : Operation 14 [1/1] (0.00ns)   --->   "%REG2_V_3 = alloca i32 1"   --->   Operation 14 'alloca' 'REG2_V_3' <Predicate = true> <Delay = 0.00>
ST_1 : Operation 15 [1/1] (0.00ns)   --->   "%REG2_V_10 = alloca i32 1"   --->   Operation 15 'alloca' 'REG2_V_10' <Predicate = true> <Delay = 0.00>
ST_1 : Operation 16 [1/1] (0.00ns)   --->   "%REG2_V_2 = alloca i32 1"   --->   Operation 16 'alloca' 'REG2_V_2' <Predicate = true> <Delay = 0.00>
ST_1 : Operation 17 [1/1] (0.00ns)   --->   "%REG2_V_11 = alloca i32 1"   --->   Operation 17 'alloca' 'REG2_V_11' <Predicate = true> <Delay = 0.00>
ST_1 : Operation 18 [1/1] (0.00ns)   --->   "%REG2_V_12 = alloca i32 1"   --->   Operation 18 'alloca' 'REG2_V_12' <Predicate = true> <Delay = 0.00>
ST_1 : Operation 19 [1/1] (0.00ns)   --->   "%REG2_V_13 = alloca i32 1"   --->   Operation 19 'alloca' 'REG2_V_13' <Predicate = true> <Delay = 0.00>
ST_1 : Operation 20 [1/1] (0.00ns)   --->   "%REG2_V_1 = alloca i32 1"   --->   Operation 20 'alloca' 'REG2_V_1' <Predicate = true> <Delay = 0.00>
ST_1 : Operation 21 [1/1] (0.00ns)   --->   "%REG2_V_14 = alloca i32 1"   --->   Operation 21 'alloca' 'REG2_V_14' <Predicate = true> <Delay = 0.00>
ST_1 : Operation 22 [1/1] (0.00ns)   --->   "%REG2_V = alloca i32 1"   --->   Operation 22 'alloca' 'REG2_V' <Predicate = true> <Delay = 0.00>
ST_1 : Operation 23 [1/1] (0.00ns)   --->   "%REG2_V_15 = alloca i32 1"   --->   Operation 23 'alloca' 'REG2_V_15' <Predicate = true> <Delay = 0.00>
ST_1 : Operation 24 [1/1] (0.00ns)   --->   "%specinterface_ln0 = specinterface void @_ssdm_op_SpecInterface, i32 %fwd_in2, void @empty_0, i32 0, i32 0, void @empty, i32 0, i32 0, void @empty, void @empty, void @empty, i32 0, i32 0, i32 0, i32 0, void @empty, void @empty, i32 4294967295, i32 0"   --->   Operation 24 'specinterface' 'specinterface_ln0' <Predicate = true> <Delay = 0.00>
ST_1 : Operation 25 [1/1] (0.42ns)   --->   "%store_ln0 = store i4 0, i4 %indvar_flatten6"   --->   Operation 25 'store' 'store_ln0' <Predicate = true> <Delay = 0.42>
ST_1 : Operation 26 [1/1] (0.42ns)   --->   "%store_ln0 = store i3 0, i3 %i"   --->   Operation 26 'store' 'store_ln0' <Predicate = true> <Delay = 0.42>
ST_1 : Operation 27 [1/1] (0.42ns)   --->   "%store_ln0 = store i3 0, i3 %j"   --->   Operation 27 'store' 'store_ln0' <Predicate = true> <Delay = 0.42>
ST_1 : Operation 28 [1/1] (0.00ns)   --->   "%br_ln0 = br void %for.inc70"   --->   Operation 28 'br' 'br_ln0' <Predicate = true> <Delay = 0.00>
ST_1 : Operation 29 [1/1] (0.00ns)   --->   "%indvar_flatten6_load = load i4 %indvar_flatten6" [Compute_block_slave/Compute_slave.cpp:60]   --->   Operation 29 'load' 'indvar_flatten6_load' <Predicate = true> <Delay = 0.00>
ST_1 : Operation 30 [1/1] (0.00ns)   --->   "%specpipeline_ln0 = specpipeline void @_ssdm_op_SpecPipeline, i32 4294967295, i32 0, i32 1, i32 0, void @p_str"   --->   Operation 30 'specpipeline' 'specpipeline_ln0' <Predicate = true> <Delay = 0.00>
ST_1 : Operation 31 [1/1] (0.72ns)   --->   "%icmp_ln60 = icmp_eq  i4 %indvar_flatten6_load, i4 8" [Compute_block_slave/Compute_slave.cpp:60]   --->   Operation 31 'icmp' 'icmp_ln60' <Predicate = true> <Delay = 0.72> <CoreInst = "Cmp">   --->   Core 9 'Cmp' <Latency = 0> <II = 1> <Delay = 0.72> <FuncUnit> <Opcode : 'icmp'> <InPorts = 2> <OutPorts = 1>
ST_1 : Operation 32 [1/1] (0.79ns)   --->   "%add_ln60 = add i4 %indvar_flatten6_load, i4 1" [Compute_block_slave/Compute_slave.cpp:60]   --->   Operation 32 'add' 'add_ln60' <Predicate = true> <Delay = 0.79> <CoreInst = "Adder">   --->   Core 1 'Adder' <Latency = 0> <II = 1> <Delay = 0.79> <FuncUnit> <Opcode : 'add' 'sub'> <InPorts = 2> <OutPorts = 1>
ST_1 : Operation 33 [1/1] (0.00ns)   --->   "%br_ln60 = br i1 %icmp_ln60, void %for.inc73, void %VITIS_LOOP_71_6.preheader.exitStub" [Compute_block_slave/Compute_slave.cpp:60]   --->   Operation 33 'br' 'br_ln60' <Predicate = true> <Delay = 0.00>
ST_1 : Operation 34 [1/1] (0.42ns)   --->   "%store_ln61 = store i4 %add_ln60, i4 %indvar_flatten6" [Compute_block_slave/Compute_slave.cpp:61]   --->   Operation 34 'store' 'store_ln61' <Predicate = (!icmp_ln60)> <Delay = 0.42>
ST_1 : Operation 108 [1/1] (0.00ns)   --->   "%REG2_V_6_load = load i16 %REG2_V_6"   --->   Operation 108 'load' 'REG2_V_6_load' <Predicate = (icmp_ln60)> <Delay = 0.00>
ST_1 : Operation 109 [1/1] (0.00ns)   --->   "%REG2_V_7_load = load i16 %REG2_V_7"   --->   Operation 109 'load' 'REG2_V_7_load' <Predicate = (icmp_ln60)> <Delay = 0.00>
ST_1 : Operation 110 [1/1] (0.00ns)   --->   "%REG2_V_5_load = load i16 %REG2_V_5"   --->   Operation 110 'load' 'REG2_V_5_load' <Predicate = (icmp_ln60)> <Delay = 0.00>
ST_1 : Operation 111 [1/1] (0.00ns)   --->   "%REG2_V_8_load = load i16 %REG2_V_8"   --->   Operation 111 'load' 'REG2_V_8_load' <Predicate = (icmp_ln60)> <Delay = 0.00>
ST_1 : Operation 112 [1/1] (0.00ns)   --->   "%REG2_V_4_load = load i16 %REG2_V_4"   --->   Operation 112 'load' 'REG2_V_4_load' <Predicate = (icmp_ln60)> <Delay = 0.00>
ST_1 : Operation 113 [1/1] (0.00ns)   --->   "%REG2_V_9_load = load i16 %REG2_V_9"   --->   Operation 113 'load' 'REG2_V_9_load' <Predicate = (icmp_ln60)> <Delay = 0.00>
ST_1 : Operation 114 [1/1] (0.00ns)   --->   "%REG2_V_3_load = load i16 %REG2_V_3"   --->   Operation 114 'load' 'REG2_V_3_load' <Predicate = (icmp_ln60)> <Delay = 0.00>
ST_1 : Operation 115 [1/1] (0.00ns)   --->   "%REG2_V_10_load = load i16 %REG2_V_10"   --->   Operation 115 'load' 'REG2_V_10_load' <Predicate = (icmp_ln60)> <Delay = 0.00>
ST_1 : Operation 116 [1/1] (0.00ns)   --->   "%REG2_V_2_load = load i16 %REG2_V_2"   --->   Operation 116 'load' 'REG2_V_2_load' <Predicate = (icmp_ln60)> <Delay = 0.00>
ST_1 : Operation 117 [1/1] (0.00ns)   --->   "%REG2_V_11_load = load i16 %REG2_V_11"   --->   Operation 117 'load' 'REG2_V_11_load' <Predicate = (icmp_ln60)> <Delay = 0.00>
ST_1 : Operation 118 [1/1] (0.00ns)   --->   "%REG2_V_12_load = load i16 %REG2_V_12"   --->   Operation 118 'load' 'REG2_V_12_load' <Predicate = (icmp_ln60)> <Delay = 0.00>
ST_1 : Operation 119 [1/1] (0.00ns)   --->   "%REG2_V_13_load = load i16 %REG2_V_13"   --->   Operation 119 'load' 'REG2_V_13_load' <Predicate = (icmp_ln60)> <Delay = 0.00>
ST_1 : Operation 120 [1/1] (0.00ns)   --->   "%REG2_V_1_load = load i16 %REG2_V_1"   --->   Operation 120 'load' 'REG2_V_1_load' <Predicate = (icmp_ln60)> <Delay = 0.00>
ST_1 : Operation 121 [1/1] (0.00ns)   --->   "%REG2_V_14_load = load i16 %REG2_V_14"   --->   Operation 121 'load' 'REG2_V_14_load' <Predicate = (icmp_ln60)> <Delay = 0.00>
ST_1 : Operation 122 [1/1] (0.00ns)   --->   "%REG2_V_load = load i16 %REG2_V"   --->   Operation 122 'load' 'REG2_V_load' <Predicate = (icmp_ln60)> <Delay = 0.00>
ST_1 : Operation 123 [1/1] (0.00ns)   --->   "%REG2_V_15_load = load i16 %REG2_V_15"   --->   Operation 123 'load' 'REG2_V_15_load' <Predicate = (icmp_ln60)> <Delay = 0.00>
ST_1 : Operation 124 [1/1] (0.00ns)   --->   "%write_ln0 = write void @_ssdm_op_Write.ap_auto.i16P0A, i16 %REG2_V_15_out, i16 %REG2_V_15_load"   --->   Operation 124 'write' 'write_ln0' <Predicate = (icmp_ln60)> <Delay = 0.00>
ST_1 : Operation 125 [1/1] (0.00ns)   --->   "%write_ln0 = write void @_ssdm_op_Write.ap_auto.i16P0A, i16 %REG2_V_out, i16 %REG2_V_load"   --->   Operation 125 'write' 'write_ln0' <Predicate = (icmp_ln60)> <Delay = 0.00>
ST_1 : Operation 126 [1/1] (0.00ns)   --->   "%write_ln0 = write void @_ssdm_op_Write.ap_auto.i16P0A, i16 %REG2_V_14_out, i16 %REG2_V_14_load"   --->   Operation 126 'write' 'write_ln0' <Predicate = (icmp_ln60)> <Delay = 0.00>
ST_1 : Operation 127 [1/1] (0.00ns)   --->   "%write_ln0 = write void @_ssdm_op_Write.ap_auto.i16P0A, i16 %REG2_V_1_out, i16 %REG2_V_1_load"   --->   Operation 127 'write' 'write_ln0' <Predicate = (icmp_ln60)> <Delay = 0.00>
ST_1 : Operation 128 [1/1] (0.00ns)   --->   "%write_ln0 = write void @_ssdm_op_Write.ap_auto.i16P0A, i16 %REG2_V_13_out, i16 %REG2_V_13_load"   --->   Operation 128 'write' 'write_ln0' <Predicate = (icmp_ln60)> <Delay = 0.00>
ST_1 : Operation 129 [1/1] (0.00ns)   --->   "%write_ln0 = write void @_ssdm_op_Write.ap_auto.i16P0A, i16 %REG2_V_12_out, i16 %REG2_V_12_load"   --->   Operation 129 'write' 'write_ln0' <Predicate = (icmp_ln60)> <Delay = 0.00>
ST_1 : Operation 130 [1/1] (0.00ns)   --->   "%write_ln0 = write void @_ssdm_op_Write.ap_auto.i16P0A, i16 %REG2_V_11_out, i16 %REG2_V_11_load"   --->   Operation 130 'write' 'write_ln0' <Predicate = (icmp_ln60)> <Delay = 0.00>
ST_1 : Operation 131 [1/1] (0.00ns)   --->   "%write_ln0 = write void @_ssdm_op_Write.ap_auto.i16P0A, i16 %REG2_V_2_out, i16 %REG2_V_2_load"   --->   Operation 131 'write' 'write_ln0' <Predicate = (icmp_ln60)> <Delay = 0.00>
ST_1 : Operation 132 [1/1] (0.00ns)   --->   "%write_ln0 = write void @_ssdm_op_Write.ap_auto.i16P0A, i16 %REG2_V_10_out, i16 %REG2_V_10_load"   --->   Operation 132 'write' 'write_ln0' <Predicate = (icmp_ln60)> <Delay = 0.00>
ST_1 : Operation 133 [1/1] (0.00ns)   --->   "%write_ln0 = write void @_ssdm_op_Write.ap_auto.i16P0A, i16 %REG2_V_3_out, i16 %REG2_V_3_load"   --->   Operation 133 'write' 'write_ln0' <Predicate = (icmp_ln60)> <Delay = 0.00>
ST_1 : Operation 134 [1/1] (0.00ns)   --->   "%write_ln0 = write void @_ssdm_op_Write.ap_auto.i16P0A, i16 %REG2_V_9_out, i16 %REG2_V_9_load"   --->   Operation 134 'write' 'write_ln0' <Predicate = (icmp_ln60)> <Delay = 0.00>
ST_1 : Operation 135 [1/1] (0.00ns)   --->   "%write_ln0 = write void @_ssdm_op_Write.ap_auto.i16P0A, i16 %REG2_V_4_out, i16 %REG2_V_4_load"   --->   Operation 135 'write' 'write_ln0' <Predicate = (icmp_ln60)> <Delay = 0.00>
ST_1 : Operation 136 [1/1] (0.00ns)   --->   "%write_ln0 = write void @_ssdm_op_Write.ap_auto.i16P0A, i16 %REG2_V_8_out, i16 %REG2_V_8_load"   --->   Operation 136 'write' 'write_ln0' <Predicate = (icmp_ln60)> <Delay = 0.00>
ST_1 : Operation 137 [1/1] (0.00ns)   --->   "%write_ln0 = write void @_ssdm_op_Write.ap_auto.i16P0A, i16 %REG2_V_5_out, i16 %REG2_V_5_load"   --->   Operation 137 'write' 'write_ln0' <Predicate = (icmp_ln60)> <Delay = 0.00>
ST_1 : Operation 138 [1/1] (0.00ns)   --->   "%write_ln0 = write void @_ssdm_op_Write.ap_auto.i16P0A, i16 %REG2_V_7_out, i16 %REG2_V_7_load"   --->   Operation 138 'write' 'write_ln0' <Predicate = (icmp_ln60)> <Delay = 0.00>
ST_1 : Operation 139 [1/1] (0.00ns)   --->   "%write_ln0 = write void @_ssdm_op_Write.ap_auto.i16P0A, i16 %REG2_V_6_out, i16 %REG2_V_6_load"   --->   Operation 139 'write' 'write_ln0' <Predicate = (icmp_ln60)> <Delay = 0.00>
ST_1 : Operation 140 [1/1] (0.00ns)   --->   "%ret_ln0 = ret"   --->   Operation 140 'ret' 'ret_ln0' <Predicate = (icmp_ln60)> <Delay = 0.00>

State 2 <SV = 1> <Delay = 1.99>
ST_2 : Operation 35 [1/1] (0.00ns)   --->   "%j_load = load i3 %j" [Compute_block_slave/Compute_slave.cpp:61]   --->   Operation 35 'load' 'j_load' <Predicate = true> <Delay = 0.00>
ST_2 : Operation 36 [1/1] (0.00ns)   --->   "%i_load = load i3 %i" [Compute_block_slave/Compute_slave.cpp:60]   --->   Operation 36 'load' 'i_load' <Predicate = true> <Delay = 0.00>
ST_2 : Operation 37 [1/1] (0.00ns)   --->   "%specloopname_ln0 = specloopname void @_ssdm_op_SpecLoopName, void @VITIS_LOOP_60_3_VITIS_LOOP_61_4_str"   --->   Operation 37 'specloopname' 'specloopname_ln0' <Predicate = true> <Delay = 0.00>
ST_2 : Operation 38 [1/1] (0.00ns)   --->   "%empty = speclooptripcount i32 @_ssdm_op_SpecLoopTripCount, i64 8, i64 8, i64 8"   --->   Operation 38 'speclooptripcount' 'empty' <Predicate = true> <Delay = 0.00>
ST_2 : Operation 39 [1/1] (0.58ns)   --->   "%icmp_ln61 = icmp_ult  i3 %j_load, i3 3" [Compute_block_slave/Compute_slave.cpp:61]   --->   Operation 39 'icmp' 'icmp_ln61' <Predicate = true> <Delay = 0.58> <CoreInst = "Cmp">   --->   Core 9 'Cmp' <Latency = 0> <II = 1> <Delay = 0.58> <FuncUnit> <Opcode : 'icmp'> <InPorts = 2> <OutPorts = 1>
ST_2 : Operation 40 [1/1] (0.20ns)   --->   "%select_ln45 = select i1 %icmp_ln61, i3 %j_load, i3 0" [Compute_block_slave/Compute_slave.cpp:45]   --->   Operation 40 'select' 'select_ln45' <Predicate = true> <Delay = 0.20> <CoreInst = "Sel">   --->   Core 73 'Sel' <Latency = 0> <II = 1> <Delay = 0.20> <FuncUnit> <Opcode : 'select'> <InPorts = 3> <OutPorts = 1>
ST_2 : Operation 41 [1/1] (0.67ns)   --->   "%add_ln60_1 = add i3 %i_load, i3 1" [Compute_block_slave/Compute_slave.cpp:60]   --->   Operation 41 'add' 'add_ln60_1' <Predicate = true> <Delay = 0.67> <CoreInst = "Adder">   --->   Core 1 'Adder' <Latency = 0> <II = 1> <Delay = 0.67> <FuncUnit> <Opcode : 'add' 'sub'> <InPorts = 2> <OutPorts = 1>
ST_2 : Operation 42 [1/1] (0.20ns)   --->   "%select_ln45_1 = select i1 %icmp_ln61, i3 %i_load, i3 %add_ln60_1" [Compute_block_slave/Compute_slave.cpp:45]   --->   Operation 42 'select' 'select_ln45_1' <Predicate = true> <Delay = 0.20> <CoreInst = "Sel">   --->   Core 73 'Sel' <Latency = 0> <II = 1> <Delay = 0.20> <FuncUnit> <Opcode : 'select'> <InPorts = 3> <OutPorts = 1>
ST_2 : Operation 43 [1/1] (0.00ns)   --->   "%trunc_ln45 = trunc i3 %select_ln45_1" [Compute_block_slave/Compute_slave.cpp:45]   --->   Operation 43 'trunc' 'trunc_ln45' <Predicate = true> <Delay = 0.00>
ST_2 : Operation 44 [1/1] (0.00ns)   --->   "%specpipeline_ln0 = specpipeline void @_ssdm_op_SpecPipeline, i32 4294967295, i32 0, i32 1, i32 0, void @p_str"   --->   Operation 44 'specpipeline' 'specpipeline_ln0' <Predicate = true> <Delay = 0.00>
ST_2 : Operation 45 [1/1] (0.00ns)   --->   "%specloopname_ln45 = specloopname void @_ssdm_op_SpecLoopName, void @empty_5" [Compute_block_slave/Compute_slave.cpp:45]   --->   Operation 45 'specloopname' 'specloopname_ln45' <Predicate = true> <Delay = 0.00>
ST_2 : Operation 46 [1/1] (1.63ns)   --->   "%p_Val2_s = read i32 @_ssdm_op_Read.ap_fifo.volatile.i32P0A, i32 %fwd_in2" [Compute_block_slave/Compute_slave.cpp:62]   --->   Operation 46 'read' 'p_Val2_s' <Predicate = true> <Delay = 1.63> <CoreInst = "FIFO">   --->   Core 78 'FIFO' <Latency = 0> <II = 1> <Delay = 1.63> <Storage> <Opcode : 'read' 'write' 'nbread' 'nbwrite'> <Ports = 0> <Width = -1> <Depth = -1> <FIFO>
ST_2 : Operation 47 [1/1] (0.00ns)   --->   "%REG2_V_16 = trunc i32 %p_Val2_s"   --->   Operation 47 'trunc' 'REG2_V_16' <Predicate = true> <Delay = 0.00>
ST_2 : Operation 48 [1/1] (0.00ns)   --->   "%trunc_ln63 = trunc i3 %select_ln45" [Compute_block_slave/Compute_slave.cpp:63]   --->   Operation 48 'trunc' 'trunc_ln63' <Predicate = true> <Delay = 0.00>
ST_2 : Operation 49 [1/1] (0.44ns)   --->   "%icmp_ln63 = icmp_eq  i2 %trunc_ln63, i2 0" [Compute_block_slave/Compute_slave.cpp:63]   --->   Operation 49 'icmp' 'icmp_ln63' <Predicate = true> <Delay = 0.44> <CoreInst = "Cmp">   --->   Core 9 'Cmp' <Latency = 0> <II = 1> <Delay = 0.44> <FuncUnit> <Opcode : 'icmp'> <InPorts = 2> <OutPorts = 1>
ST_2 : Operation 50 [1/1] (0.00ns)   --->   "%REG2_V_17 = partselect i16 @_ssdm_op_PartSelect.i16.i32.i32.i32, i32 %p_Val2_s, i32 16, i32 31"   --->   Operation 50 'partselect' 'REG2_V_17' <Predicate = true> <Delay = 0.00>
ST_2 : Operation 51 [1/1] (0.44ns)   --->   "%switch_ln63 = switch i2 %trunc_ln45, void %arrayidx623.case.3, i2 0, void %arrayidx623.case.0, i2 1, void %arrayidx623.case.1, i2 2, void %arrayidx623.case.2" [Compute_block_slave/Compute_slave.cpp:63]   --->   Operation 51 'switch' 'switch_ln63' <Predicate = true> <Delay = 0.44>
ST_2 : Operation 52 [1/1] (0.00ns)   --->   "%REG2_V_2_load_1 = load i16 %REG2_V_2" [Compute_block_slave/Compute_slave.cpp:63]   --->   Operation 52 'load' 'REG2_V_2_load_1' <Predicate = (trunc_ln45 == 2)> <Delay = 0.00>
ST_2 : Operation 53 [1/1] (0.00ns)   --->   "%REG2_V_11_load_1 = load i16 %REG2_V_11" [Compute_block_slave/Compute_slave.cpp:63]   --->   Operation 53 'load' 'REG2_V_11_load_1' <Predicate = (trunc_ln45 == 2)> <Delay = 0.00>
ST_2 : Operation 54 [1/1] (0.00ns)   --->   "%REG2_V_12_load_1 = load i16 %REG2_V_12" [Compute_block_slave/Compute_slave.cpp:63]   --->   Operation 54 'load' 'REG2_V_12_load_1' <Predicate = (trunc_ln45 == 2)> <Delay = 0.00>
ST_2 : Operation 55 [1/1] (0.00ns)   --->   "%REG2_V_13_load_1 = load i16 %REG2_V_13" [Compute_block_slave/Compute_slave.cpp:63]   --->   Operation 55 'load' 'REG2_V_13_load_1' <Predicate = (trunc_ln45 == 2)> <Delay = 0.00>
ST_2 : Operation 56 [1/1] (0.35ns)   --->   "%select_ln63_12 = select i1 %icmp_ln63, i16 %REG2_V_16, i16 %REG2_V_2_load_1" [Compute_block_slave/Compute_slave.cpp:63]   --->   Operation 56 'select' 'select_ln63_12' <Predicate = (trunc_ln45 == 2)> <Delay = 0.35> <CoreInst = "Sel">   --->   Core 73 'Sel' <Latency = 0> <II = 1> <Delay = 0.35> <FuncUnit> <Opcode : 'select'> <InPorts = 3> <OutPorts = 1>
ST_2 : Operation 57 [1/1] (0.35ns)   --->   "%select_ln63_13 = select i1 %icmp_ln63, i16 %REG2_V_12_load_1, i16 %REG2_V_16" [Compute_block_slave/Compute_slave.cpp:63]   --->   Operation 57 'select' 'select_ln63_13' <Predicate = (trunc_ln45 == 2)> <Delay = 0.35> <CoreInst = "Sel">   --->   Core 73 'Sel' <Latency = 0> <II = 1> <Delay = 0.35> <FuncUnit> <Opcode : 'select'> <InPorts = 3> <OutPorts = 1>
ST_2 : Operation 58 [1/1] (0.35ns)   --->   "%select_ln63_14 = select i1 %icmp_ln63, i16 %REG2_V_13_load_1, i16 %REG2_V_17" [Compute_block_slave/Compute_slave.cpp:63]   --->   Operation 58 'select' 'select_ln63_14' <Predicate = (trunc_ln45 == 2)> <Delay = 0.35> <CoreInst = "Sel">   --->   Core 73 'Sel' <Latency = 0> <II = 1> <Delay = 0.35> <FuncUnit> <Opcode : 'select'> <InPorts = 3> <OutPorts = 1>
ST_2 : Operation 59 [1/1] (0.35ns)   --->   "%select_ln63_15 = select i1 %icmp_ln63, i16 %REG2_V_17, i16 %REG2_V_11_load_1" [Compute_block_slave/Compute_slave.cpp:63]   --->   Operation 59 'select' 'select_ln63_15' <Predicate = (trunc_ln45 == 2)> <Delay = 0.35> <CoreInst = "Sel">   --->   Core 73 'Sel' <Latency = 0> <II = 1> <Delay = 0.35> <FuncUnit> <Opcode : 'select'> <InPorts = 3> <OutPorts = 1>
ST_2 : Operation 60 [1/1] (0.00ns)   --->   "%store_ln63 = store i16 %select_ln63_14, i16 %REG2_V_13" [Compute_block_slave/Compute_slave.cpp:63]   --->   Operation 60 'store' 'store_ln63' <Predicate = (trunc_ln45 == 2)> <Delay = 0.00>
ST_2 : Operation 61 [1/1] (0.00ns)   --->   "%store_ln63 = store i16 %select_ln63_13, i16 %REG2_V_12" [Compute_block_slave/Compute_slave.cpp:63]   --->   Operation 61 'store' 'store_ln63' <Predicate = (trunc_ln45 == 2)> <Delay = 0.00>
ST_2 : Operation 62 [1/1] (0.00ns)   --->   "%store_ln63 = store i16 %select_ln63_15, i16 %REG2_V_11" [Compute_block_slave/Compute_slave.cpp:63]   --->   Operation 62 'store' 'store_ln63' <Predicate = (trunc_ln45 == 2)> <Delay = 0.00>
ST_2 : Operation 63 [1/1] (0.00ns)   --->   "%store_ln63 = store i16 %select_ln63_12, i16 %REG2_V_2" [Compute_block_slave/Compute_slave.cpp:63]   --->   Operation 63 'store' 'store_ln63' <Predicate = (trunc_ln45 == 2)> <Delay = 0.00>
ST_2 : Operation 64 [1/1] (0.00ns)   --->   "%br_ln63 = br void %arrayidx694.exit" [Compute_block_slave/Compute_slave.cpp:63]   --->   Operation 64 'br' 'br_ln63' <Predicate = (trunc_ln45 == 2)> <Delay = 0.00>
ST_2 : Operation 65 [1/1] (0.00ns)   --->   "%REG2_V_4_load_1 = load i16 %REG2_V_4" [Compute_block_slave/Compute_slave.cpp:63]   --->   Operation 65 'load' 'REG2_V_4_load_1' <Predicate = (trunc_ln45 == 1)> <Delay = 0.00>
ST_2 : Operation 66 [1/1] (0.00ns)   --->   "%REG2_V_9_load_1 = load i16 %REG2_V_9" [Compute_block_slave/Compute_slave.cpp:63]   --->   Operation 66 'load' 'REG2_V_9_load_1' <Predicate = (trunc_ln45 == 1)> <Delay = 0.00>
ST_2 : Operation 67 [1/1] (0.00ns)   --->   "%REG2_V_3_load_1 = load i16 %REG2_V_3" [Compute_block_slave/Compute_slave.cpp:63]   --->   Operation 67 'load' 'REG2_V_3_load_1' <Predicate = (trunc_ln45 == 1)> <Delay = 0.00>
ST_2 : Operation 68 [1/1] (0.00ns)   --->   "%REG2_V_10_load_1 = load i16 %REG2_V_10" [Compute_block_slave/Compute_slave.cpp:63]   --->   Operation 68 'load' 'REG2_V_10_load_1' <Predicate = (trunc_ln45 == 1)> <Delay = 0.00>
ST_2 : Operation 69 [1/1] (0.35ns)   --->   "%select_ln63_8 = select i1 %icmp_ln63, i16 %REG2_V_16, i16 %REG2_V_4_load_1" [Compute_block_slave/Compute_slave.cpp:63]   --->   Operation 69 'select' 'select_ln63_8' <Predicate = (trunc_ln45 == 1)> <Delay = 0.35> <CoreInst = "Sel">   --->   Core 73 'Sel' <Latency = 0> <II = 1> <Delay = 0.35> <FuncUnit> <Opcode : 'select'> <InPorts = 3> <OutPorts = 1>
ST_2 : Operation 70 [1/1] (0.35ns)   --->   "%select_ln63_9 = select i1 %icmp_ln63, i16 %REG2_V_3_load_1, i16 %REG2_V_16" [Compute_block_slave/Compute_slave.cpp:63]   --->   Operation 70 'select' 'select_ln63_9' <Predicate = (trunc_ln45 == 1)> <Delay = 0.35> <CoreInst = "Sel">   --->   Core 73 'Sel' <Latency = 0> <II = 1> <Delay = 0.35> <FuncUnit> <Opcode : 'select'> <InPorts = 3> <OutPorts = 1>
ST_2 : Operation 71 [1/1] (0.35ns)   --->   "%select_ln63_10 = select i1 %icmp_ln63, i16 %REG2_V_10_load_1, i16 %REG2_V_17" [Compute_block_slave/Compute_slave.cpp:63]   --->   Operation 71 'select' 'select_ln63_10' <Predicate = (trunc_ln45 == 1)> <Delay = 0.35> <CoreInst = "Sel">   --->   Core 73 'Sel' <Latency = 0> <II = 1> <Delay = 0.35> <FuncUnit> <Opcode : 'select'> <InPorts = 3> <OutPorts = 1>
ST_2 : Operation 72 [1/1] (0.35ns)   --->   "%select_ln63_11 = select i1 %icmp_ln63, i16 %REG2_V_17, i16 %REG2_V_9_load_1" [Compute_block_slave/Compute_slave.cpp:63]   --->   Operation 72 'select' 'select_ln63_11' <Predicate = (trunc_ln45 == 1)> <Delay = 0.35> <CoreInst = "Sel">   --->   Core 73 'Sel' <Latency = 0> <II = 1> <Delay = 0.35> <FuncUnit> <Opcode : 'select'> <InPorts = 3> <OutPorts = 1>
ST_2 : Operation 73 [1/1] (0.00ns)   --->   "%store_ln63 = store i16 %select_ln63_10, i16 %REG2_V_10" [Compute_block_slave/Compute_slave.cpp:63]   --->   Operation 73 'store' 'store_ln63' <Predicate = (trunc_ln45 == 1)> <Delay = 0.00>
ST_2 : Operation 74 [1/1] (0.00ns)   --->   "%store_ln63 = store i16 %select_ln63_9, i16 %REG2_V_3" [Compute_block_slave/Compute_slave.cpp:63]   --->   Operation 74 'store' 'store_ln63' <Predicate = (trunc_ln45 == 1)> <Delay = 0.00>
ST_2 : Operation 75 [1/1] (0.00ns)   --->   "%store_ln63 = store i16 %select_ln63_11, i16 %REG2_V_9" [Compute_block_slave/Compute_slave.cpp:63]   --->   Operation 75 'store' 'store_ln63' <Predicate = (trunc_ln45 == 1)> <Delay = 0.00>
ST_2 : Operation 76 [1/1] (0.00ns)   --->   "%store_ln63 = store i16 %select_ln63_8, i16 %REG2_V_4" [Compute_block_slave/Compute_slave.cpp:63]   --->   Operation 76 'store' 'store_ln63' <Predicate = (trunc_ln45 == 1)> <Delay = 0.00>
ST_2 : Operation 77 [1/1] (0.00ns)   --->   "%br_ln63 = br void %arrayidx694.exit" [Compute_block_slave/Compute_slave.cpp:63]   --->   Operation 77 'br' 'br_ln63' <Predicate = (trunc_ln45 == 1)> <Delay = 0.00>
ST_2 : Operation 78 [1/1] (0.00ns)   --->   "%REG2_V_6_load_1 = load i16 %REG2_V_6" [Compute_block_slave/Compute_slave.cpp:63]   --->   Operation 78 'load' 'REG2_V_6_load_1' <Predicate = (trunc_ln45 == 0)> <Delay = 0.00>
ST_2 : Operation 79 [1/1] (0.00ns)   --->   "%REG2_V_7_load_1 = load i16 %REG2_V_7" [Compute_block_slave/Compute_slave.cpp:63]   --->   Operation 79 'load' 'REG2_V_7_load_1' <Predicate = (trunc_ln45 == 0)> <Delay = 0.00>
ST_2 : Operation 80 [1/1] (0.00ns)   --->   "%REG2_V_5_load_1 = load i16 %REG2_V_5" [Compute_block_slave/Compute_slave.cpp:63]   --->   Operation 80 'load' 'REG2_V_5_load_1' <Predicate = (trunc_ln45 == 0)> <Delay = 0.00>
ST_2 : Operation 81 [1/1] (0.00ns)   --->   "%REG2_V_8_load_1 = load i16 %REG2_V_8" [Compute_block_slave/Compute_slave.cpp:63]   --->   Operation 81 'load' 'REG2_V_8_load_1' <Predicate = (trunc_ln45 == 0)> <Delay = 0.00>
ST_2 : Operation 82 [1/1] (0.35ns)   --->   "%select_ln63_4 = select i1 %icmp_ln63, i16 %REG2_V_16, i16 %REG2_V_6_load_1" [Compute_block_slave/Compute_slave.cpp:63]   --->   Operation 82 'select' 'select_ln63_4' <Predicate = (trunc_ln45 == 0)> <Delay = 0.35> <CoreInst = "Sel">   --->   Core 73 'Sel' <Latency = 0> <II = 1> <Delay = 0.35> <FuncUnit> <Opcode : 'select'> <InPorts = 3> <OutPorts = 1>
ST_2 : Operation 83 [1/1] (0.35ns)   --->   "%select_ln63_5 = select i1 %icmp_ln63, i16 %REG2_V_5_load_1, i16 %REG2_V_16" [Compute_block_slave/Compute_slave.cpp:63]   --->   Operation 83 'select' 'select_ln63_5' <Predicate = (trunc_ln45 == 0)> <Delay = 0.35> <CoreInst = "Sel">   --->   Core 73 'Sel' <Latency = 0> <II = 1> <Delay = 0.35> <FuncUnit> <Opcode : 'select'> <InPorts = 3> <OutPorts = 1>
ST_2 : Operation 84 [1/1] (0.35ns)   --->   "%select_ln63_6 = select i1 %icmp_ln63, i16 %REG2_V_8_load_1, i16 %REG2_V_17" [Compute_block_slave/Compute_slave.cpp:63]   --->   Operation 84 'select' 'select_ln63_6' <Predicate = (trunc_ln45 == 0)> <Delay = 0.35> <CoreInst = "Sel">   --->   Core 73 'Sel' <Latency = 0> <II = 1> <Delay = 0.35> <FuncUnit> <Opcode : 'select'> <InPorts = 3> <OutPorts = 1>
ST_2 : Operation 85 [1/1] (0.35ns)   --->   "%select_ln63_7 = select i1 %icmp_ln63, i16 %REG2_V_17, i16 %REG2_V_7_load_1" [Compute_block_slave/Compute_slave.cpp:63]   --->   Operation 85 'select' 'select_ln63_7' <Predicate = (trunc_ln45 == 0)> <Delay = 0.35> <CoreInst = "Sel">   --->   Core 73 'Sel' <Latency = 0> <II = 1> <Delay = 0.35> <FuncUnit> <Opcode : 'select'> <InPorts = 3> <OutPorts = 1>
ST_2 : Operation 86 [1/1] (0.00ns)   --->   "%store_ln63 = store i16 %select_ln63_6, i16 %REG2_V_8" [Compute_block_slave/Compute_slave.cpp:63]   --->   Operation 86 'store' 'store_ln63' <Predicate = (trunc_ln45 == 0)> <Delay = 0.00>
ST_2 : Operation 87 [1/1] (0.00ns)   --->   "%store_ln63 = store i16 %select_ln63_5, i16 %REG2_V_5" [Compute_block_slave/Compute_slave.cpp:63]   --->   Operation 87 'store' 'store_ln63' <Predicate = (trunc_ln45 == 0)> <Delay = 0.00>
ST_2 : Operation 88 [1/1] (0.00ns)   --->   "%store_ln63 = store i16 %select_ln63_7, i16 %REG2_V_7" [Compute_block_slave/Compute_slave.cpp:63]   --->   Operation 88 'store' 'store_ln63' <Predicate = (trunc_ln45 == 0)> <Delay = 0.00>
ST_2 : Operation 89 [1/1] (0.00ns)   --->   "%store_ln63 = store i16 %select_ln63_4, i16 %REG2_V_6" [Compute_block_slave/Compute_slave.cpp:63]   --->   Operation 89 'store' 'store_ln63' <Predicate = (trunc_ln45 == 0)> <Delay = 0.00>
ST_2 : Operation 90 [1/1] (0.00ns)   --->   "%br_ln63 = br void %arrayidx694.exit" [Compute_block_slave/Compute_slave.cpp:63]   --->   Operation 90 'br' 'br_ln63' <Predicate = (trunc_ln45 == 0)> <Delay = 0.00>
ST_2 : Operation 91 [1/1] (0.00ns)   --->   "%REG2_V_1_load_1 = load i16 %REG2_V_1" [Compute_block_slave/Compute_slave.cpp:63]   --->   Operation 91 'load' 'REG2_V_1_load_1' <Predicate = (trunc_ln45 == 3)> <Delay = 0.00>
ST_2 : Operation 92 [1/1] (0.00ns)   --->   "%REG2_V_14_load_1 = load i16 %REG2_V_14" [Compute_block_slave/Compute_slave.cpp:63]   --->   Operation 92 'load' 'REG2_V_14_load_1' <Predicate = (trunc_ln45 == 3)> <Delay = 0.00>
ST_2 : Operation 93 [1/1] (0.00ns)   --->   "%REG2_V_load_1 = load i16 %REG2_V" [Compute_block_slave/Compute_slave.cpp:63]   --->   Operation 93 'load' 'REG2_V_load_1' <Predicate = (trunc_ln45 == 3)> <Delay = 0.00>
ST_2 : Operation 94 [1/1] (0.00ns)   --->   "%REG2_V_15_load_1 = load i16 %REG2_V_15" [Compute_block_slave/Compute_slave.cpp:63]   --->   Operation 94 'load' 'REG2_V_15_load_1' <Predicate = (trunc_ln45 == 3)> <Delay = 0.00>
ST_2 : Operation 95 [1/1] (0.35ns)   --->   "%select_ln63 = select i1 %icmp_ln63, i16 %REG2_V_16, i16 %REG2_V_1_load_1" [Compute_block_slave/Compute_slave.cpp:63]   --->   Operation 95 'select' 'select_ln63' <Predicate = (trunc_ln45 == 3)> <Delay = 0.35> <CoreInst = "Sel">   --->   Core 73 'Sel' <Latency = 0> <II = 1> <Delay = 0.35> <FuncUnit> <Opcode : 'select'> <InPorts = 3> <OutPorts = 1>
ST_2 : Operation 96 [1/1] (0.35ns)   --->   "%select_ln63_1 = select i1 %icmp_ln63, i16 %REG2_V_load_1, i16 %REG2_V_16" [Compute_block_slave/Compute_slave.cpp:63]   --->   Operation 96 'select' 'select_ln63_1' <Predicate = (trunc_ln45 == 3)> <Delay = 0.35> <CoreInst = "Sel">   --->   Core 73 'Sel' <Latency = 0> <II = 1> <Delay = 0.35> <FuncUnit> <Opcode : 'select'> <InPorts = 3> <OutPorts = 1>
ST_2 : Operation 97 [1/1] (0.35ns)   --->   "%select_ln63_2 = select i1 %icmp_ln63, i16 %REG2_V_15_load_1, i16 %REG2_V_17" [Compute_block_slave/Compute_slave.cpp:63]   --->   Operation 97 'select' 'select_ln63_2' <Predicate = (trunc_ln45 == 3)> <Delay = 0.35> <CoreInst = "Sel">   --->   Core 73 'Sel' <Latency = 0> <II = 1> <Delay = 0.35> <FuncUnit> <Opcode : 'select'> <InPorts = 3> <OutPorts = 1>
ST_2 : Operation 98 [1/1] (0.35ns)   --->   "%select_ln63_3 = select i1 %icmp_ln63, i16 %REG2_V_17, i16 %REG2_V_14_load_1" [Compute_block_slave/Compute_slave.cpp:63]   --->   Operation 98 'select' 'select_ln63_3' <Predicate = (trunc_ln45 == 3)> <Delay = 0.35> <CoreInst = "Sel">   --->   Core 73 'Sel' <Latency = 0> <II = 1> <Delay = 0.35> <FuncUnit> <Opcode : 'select'> <InPorts = 3> <OutPorts = 1>
ST_2 : Operation 99 [1/1] (0.00ns)   --->   "%store_ln63 = store i16 %select_ln63_2, i16 %REG2_V_15" [Compute_block_slave/Compute_slave.cpp:63]   --->   Operation 99 'store' 'store_ln63' <Predicate = (trunc_ln45 == 3)> <Delay = 0.00>
ST_2 : Operation 100 [1/1] (0.00ns)   --->   "%store_ln63 = store i16 %select_ln63_1, i16 %REG2_V" [Compute_block_slave/Compute_slave.cpp:63]   --->   Operation 100 'store' 'store_ln63' <Predicate = (trunc_ln45 == 3)> <Delay = 0.00>
ST_2 : Operation 101 [1/1] (0.00ns)   --->   "%store_ln63 = store i16 %select_ln63_3, i16 %REG2_V_14" [Compute_block_slave/Compute_slave.cpp:63]   --->   Operation 101 'store' 'store_ln63' <Predicate = (trunc_ln45 == 3)> <Delay = 0.00>
ST_2 : Operation 102 [1/1] (0.00ns)   --->   "%store_ln63 = store i16 %select_ln63, i16 %REG2_V_1" [Compute_block_slave/Compute_slave.cpp:63]   --->   Operation 102 'store' 'store_ln63' <Predicate = (trunc_ln45 == 3)> <Delay = 0.00>
ST_2 : Operation 103 [1/1] (0.00ns)   --->   "%br_ln63 = br void %arrayidx694.exit" [Compute_block_slave/Compute_slave.cpp:63]   --->   Operation 103 'br' 'br_ln63' <Predicate = (trunc_ln45 == 3)> <Delay = 0.00>
ST_2 : Operation 104 [1/1] (0.67ns)   --->   "%add_ln61 = add i3 %select_ln45, i3 2" [Compute_block_slave/Compute_slave.cpp:61]   --->   Operation 104 'add' 'add_ln61' <Predicate = true> <Delay = 0.67> <CoreInst = "Adder">   --->   Core 1 'Adder' <Latency = 0> <II = 1> <Delay = 0.67> <FuncUnit> <Opcode : 'add' 'sub'> <InPorts = 2> <OutPorts = 1>
ST_2 : Operation 105 [1/1] (0.42ns)   --->   "%store_ln61 = store i3 %select_ln45_1, i3 %i" [Compute_block_slave/Compute_slave.cpp:61]   --->   Operation 105 'store' 'store_ln61' <Predicate = true> <Delay = 0.42>
ST_2 : Operation 106 [1/1] (0.42ns)   --->   "%store_ln61 = store i3 %add_ln61, i3 %j" [Compute_block_slave/Compute_slave.cpp:61]   --->   Operation 106 'store' 'store_ln61' <Predicate = true> <Delay = 0.42>
ST_2 : Operation 107 [1/1] (0.00ns)   --->   "%br_ln61 = br void %for.inc70" [Compute_block_slave/Compute_slave.cpp:61]   --->   Operation 107 'br' 'br_ln61' <Predicate = true> <Delay = 0.00>


============================================================
+ Verbose Summary: Timing violations
============================================================
Target clock period: 10ns, clock uncertainty: 2.7ns.

 <State 1>: 1.22ns
The critical path consists of the following:
	'alloca' operation ('indvar_flatten6') [20]  (0 ns)
	'load' operation ('indvar_flatten6_load', Compute_block_slave/Compute_slave.cpp:60) on local variable 'indvar_flatten6' [43]  (0 ns)
	'add' operation ('add_ln60', Compute_block_slave/Compute_slave.cpp:60) [46]  (0.797 ns)
	'store' operation ('store_ln61', Compute_block_slave/Compute_slave.cpp:61) of variable 'add_ln60', Compute_block_slave/Compute_slave.cpp:60 on local variable 'indvar_flatten6' [124]  (0.427 ns)

 <State 2>: 1.99ns
The critical path consists of the following:
	fifo read operation ('__Val2__', Compute_block_slave/Compute_slave.cpp:62) on port 'fwd_in2' (Compute_block_slave/Compute_slave.cpp:62) [60]  (1.64 ns)
	'select' operation ('select_ln63_12', Compute_block_slave/Compute_slave.cpp:63) [71]  (0.357 ns)


============================================================
+ Verbose Summary: Binding
============================================================
N/A
* FSMD analyzer results:
  - Output states:
 - Input state : 
  - Chain level:
	State 1
	State 2


============================================================
+ Verbose Summary: Datapath Resource usage 
============================================================
N/A
