

================================================================
== Vitis HLS Report for 'compute_slave'
================================================================
* Date:           Thu Sep 10 01:51:42 2026

* Version:        2022.2 (Build 3670227 on Oct 13 2022)
* Project:        Compute_block_slave
* Solution:       solution1 (Vivado IP Flow Target)
* Product family: zynquplus
* Target device:  xczu7ev-ffvc1156-2-e


================================================================
== Performance Estimates
================================================================
+ Timing: 
    * Summary: 
    +--------+----------+----------+------------+
    |  Clock |  Target  | Estimated| Uncertainty|
    +--------+----------+----------+------------+
    |ap_clk  |  10.00 ns|  2.338 ns|     2.70 ns|
    +--------+----------+----------+------------+

+ Latency: 
    * Summary: 
    +---------+---------+----------+----------+-----+-----+---------+
    |  Latency (cycles) |  Latency (absolute) |  Interval | Pipeline|
    |   min   |   max   |    min   |    max   | min | max |   Type  |
    +---------+---------+----------+----------+-----+-----+---------+
    |       47|       47|  0.470 us|  0.470 us|   48|   48|       no|
    +---------+---------+----------+----------+-----+-----+---------+

    + Detail: 
        * Instance: 
        N/A

        * Loop: 
        N/A

============================================================
+ Verbose Summary: Synthesis Manager
============================================================
InlineROM: 1
ExposeGlobal: 0
============================================================
+ Verbose Summary: CDFG Model
============================================================
IsTopModel: 1
ResetActiveHigh: 1
IsCombinational: 0
IsDatapathOnly: 0
HasWiredReturn: 1
HasMFsm: 0
HasVarLatency: 1
IsPipeline: 0
IsRtlPipelined: 0
IsInstanceOverlapped: 0
IsDontTouch: 0
HasImplIP: 0
IsGatedGlobalClock: 0


============================================================
+ Verbose Summary: Schedule
============================================================
* Number of FSM states : 7
* Pipeline : 0
* Dataflow Pipeline: 0

* FSM state transitions: 
1 --> 2 
2 --> 3 
3 --> 4 
4 --> 5 
5 --> 6 
6 --> 7 
7 --> 

* FSM state operations: 

State 1 <SV = 0> <Delay = 0.00>
ST_1 : Operation 8 [1/1] (0.00ns)   --->   "%REG2_V_6_loc = alloca i64 1"   --->   Operation 8 'alloca' 'REG2_V_6_loc' <Predicate = true> <Delay = 0.00>
ST_1 : Operation 9 [1/1] (0.00ns)   --->   "%REG2_V_7_loc = alloca i64 1"   --->   Operation 9 'alloca' 'REG2_V_7_loc' <Predicate = true> <Delay = 0.00>
ST_1 : Operation 10 [1/1] (0.00ns)   --->   "%REG2_V_5_loc = alloca i64 1"   --->   Operation 10 'alloca' 'REG2_V_5_loc' <Predicate = true> <Delay = 0.00>
ST_1 : Operation 11 [1/1] (0.00ns)   --->   "%REG2_V_8_loc = alloca i64 1"   --->   Operation 11 'alloca' 'REG2_V_8_loc' <Predicate = true> <Delay = 0.00>
ST_1 : Operation 12 [1/1] (0.00ns)   --->   "%REG2_V_4_loc = alloca i64 1"   --->   Operation 12 'alloca' 'REG2_V_4_loc' <Predicate = true> <Delay = 0.00>
ST_1 : Operation 13 [1/1] (0.00ns)   --->   "%REG2_V_9_loc = alloca i64 1"   --->   Operation 13 'alloca' 'REG2_V_9_loc' <Predicate = true> <Delay = 0.00>
ST_1 : Operation 14 [1/1] (0.00ns)   --->   "%REG2_V_3_loc = alloca i64 1"   --->   Operation 14 'alloca' 'REG2_V_3_loc' <Predicate = true> <Delay = 0.00>
ST_1 : Operation 15 [1/1] (0.00ns)   --->   "%REG2_V_10_loc = alloca i64 1"   --->   Operation 15 'alloca' 'REG2_V_10_loc' <Predicate = true> <Delay = 0.00>
ST_1 : Operation 16 [1/1] (0.00ns)   --->   "%REG2_V_2_loc = alloca i64 1"   --->   Operation 16 'alloca' 'REG2_V_2_loc' <Predicate = true> <Delay = 0.00>
ST_1 : Operation 17 [1/1] (0.00ns)   --->   "%REG2_V_11_loc = alloca i64 1"   --->   Operation 17 'alloca' 'REG2_V_11_loc' <Predicate = true> <Delay = 0.00>
ST_1 : Operation 18 [1/1] (0.00ns)   --->   "%REG2_V_12_loc = alloca i64 1"   --->   Operation 18 'alloca' 'REG2_V_12_loc' <Predicate = true> <Delay = 0.00>
ST_1 : Operation 19 [1/1] (0.00ns)   --->   "%REG2_V_13_loc = alloca i64 1"   --->   Operation 19 'alloca' 'REG2_V_13_loc' <Predicate = true> <Delay = 0.00>
ST_1 : Operation 20 [1/1] (0.00ns)   --->   "%REG2_V_1_loc = alloca i64 1"   --->   Operation 20 'alloca' 'REG2_V_1_loc' <Predicate = true> <Delay = 0.00>
ST_1 : Operation 21 [1/1] (0.00ns)   --->   "%REG2_V_14_loc = alloca i64 1"   --->   Operation 21 'alloca' 'REG2_V_14_loc' <Predicate = true> <Delay = 0.00>
ST_1 : Operation 22 [1/1] (0.00ns)   --->   "%REG2_V_loc = alloca i64 1"   --->   Operation 22 'alloca' 'REG2_V_loc' <Predicate = true> <Delay = 0.00>
ST_1 : Operation 23 [1/1] (0.00ns)   --->   "%REG2_V_15_loc = alloca i64 1"   --->   Operation 23 'alloca' 'REG2_V_15_loc' <Predicate = true> <Delay = 0.00>
ST_1 : Operation 24 [1/1] (0.00ns)   --->   "%REG1_V_6_loc = alloca i64 1"   --->   Operation 24 'alloca' 'REG1_V_6_loc' <Predicate = true> <Delay = 0.00>
ST_1 : Operation 25 [1/1] (0.00ns)   --->   "%REG1_V_7_loc = alloca i64 1"   --->   Operation 25 'alloca' 'REG1_V_7_loc' <Predicate = true> <Delay = 0.00>
ST_1 : Operation 26 [1/1] (0.00ns)   --->   "%REG1_V_5_loc = alloca i64 1"   --->   Operation 26 'alloca' 'REG1_V_5_loc' <Predicate = true> <Delay = 0.00>
ST_1 : Operation 27 [1/1] (0.00ns)   --->   "%REG1_V_8_loc = alloca i64 1"   --->   Operation 27 'alloca' 'REG1_V_8_loc' <Predicate = true> <Delay = 0.00>
ST_1 : Operation 28 [1/1] (0.00ns)   --->   "%REG1_V_4_loc = alloca i64 1"   --->   Operation 28 'alloca' 'REG1_V_4_loc' <Predicate = true> <Delay = 0.00>
ST_1 : Operation 29 [1/1] (0.00ns)   --->   "%REG1_V_9_loc = alloca i64 1"   --->   Operation 29 'alloca' 'REG1_V_9_loc' <Predicate = true> <Delay = 0.00>
ST_1 : Operation 30 [1/1] (0.00ns)   --->   "%REG1_V_3_loc = alloca i64 1"   --->   Operation 30 'alloca' 'REG1_V_3_loc' <Predicate = true> <Delay = 0.00>
ST_1 : Operation 31 [1/1] (0.00ns)   --->   "%REG1_V_10_loc = alloca i64 1"   --->   Operation 31 'alloca' 'REG1_V_10_loc' <Predicate = true> <Delay = 0.00>
ST_1 : Operation 32 [1/1] (0.00ns)   --->   "%REG1_V_2_loc = alloca i64 1"   --->   Operation 32 'alloca' 'REG1_V_2_loc' <Predicate = true> <Delay = 0.00>
ST_1 : Operation 33 [1/1] (0.00ns)   --->   "%REG1_V_11_loc = alloca i64 1"   --->   Operation 33 'alloca' 'REG1_V_11_loc' <Predicate = true> <Delay = 0.00>
ST_1 : Operation 34 [1/1] (0.00ns)   --->   "%REG1_V_12_loc = alloca i64 1"   --->   Operation 34 'alloca' 'REG1_V_12_loc' <Predicate = true> <Delay = 0.00>
ST_1 : Operation 35 [1/1] (0.00ns)   --->   "%REG1_V_13_loc = alloca i64 1"   --->   Operation 35 'alloca' 'REG1_V_13_loc' <Predicate = true> <Delay = 0.00>
ST_1 : Operation 36 [1/1] (0.00ns)   --->   "%REG1_V_1_loc = alloca i64 1"   --->   Operation 36 'alloca' 'REG1_V_1_loc' <Predicate = true> <Delay = 0.00>
ST_1 : Operation 37 [1/1] (0.00ns)   --->   "%REG1_V_14_loc = alloca i64 1"   --->   Operation 37 'alloca' 'REG1_V_14_loc' <Predicate = true> <Delay = 0.00>
ST_1 : Operation 38 [1/1] (0.00ns)   --->   "%REG1_V_loc = alloca i64 1"   --->   Operation 38 'alloca' 'REG1_V_loc' <Predicate = true> <Delay = 0.00>
ST_1 : Operation 39 [1/1] (0.00ns)   --->   "%REG1_V_15_loc = alloca i64 1"   --->   Operation 39 'alloca' 'REG1_V_15_loc' <Predicate = true> <Delay = 0.00>
ST_1 : Operation 40 [1/1] (0.00ns)   --->   "%dummy = alloca i64 1"   --->   Operation 40 'alloca' 'dummy' <Predicate = true> <Delay = 0.00>
ST_1 : Operation 41 [1/1] (0.00ns)   --->   "%empty = wait i32 @_ssdm_op_Wait"   --->   Operation 41 'wait' 'empty' <Predicate = true> <Delay = 0.00>
ST_1 : Operation 42 [2/2] (0.00ns)   --->   "%call_ln0 = call void @compute_slave_Pipeline_VITIS_LOOP_53_1_VITIS_LOOP_54_2, i32 %fwd_in1, i16 %REG1_V_15_loc, i16 %REG1_V_loc, i16 %REG1_V_14_loc, i16 %REG1_V_1_loc, i16 %REG1_V_13_loc, i16 %REG1_V_12_loc, i16 %REG1_V_11_loc, i16 %REG1_V_2_loc, i16 %REG1_V_10_loc, i16 %REG1_V_3_loc, i16 %REG1_V_9_loc, i16 %REG1_V_4_loc, i16 %REG1_V_8_loc, i16 %REG1_V_5_loc, i16 %REG1_V_7_loc, i16 %REG1_V_6_loc"   --->   Operation 42 'call' 'call_ln0' <Predicate = true> <Delay = 0.00> <CoreType = "Generic">   --->   Core 0 '' <Latency = 0> <II = 1> <Delay = 1.00> <Generic> <Opcode : >

State 2 <SV = 1> <Delay = 1.14>
ST_2 : Operation 43 [1/2] (1.14ns)   --->   "%call_ln0 = call void @compute_slave_Pipeline_VITIS_LOOP_53_1_VITIS_LOOP_54_2, i32 %fwd_in1, i16 %REG1_V_15_loc, i16 %REG1_V_loc, i16 %REG1_V_14_loc, i16 %REG1_V_1_loc, i16 %REG1_V_13_loc, i16 %REG1_V_12_loc, i16 %REG1_V_11_loc, i16 %REG1_V_2_loc, i16 %REG1_V_10_loc, i16 %REG1_V_3_loc, i16 %REG1_V_9_loc, i16 %REG1_V_4_loc, i16 %REG1_V_8_loc, i16 %REG1_V_5_loc, i16 %REG1_V_7_loc, i16 %REG1_V_6_loc"   --->   Operation 43 'call' 'call_ln0' <Predicate = true> <Delay = 1.14> <CoreType = "Generic">   --->   Core 0 '' <Latency = 0> <II = 1> <Delay = 1.00> <Generic> <Opcode : >

State 3 <SV = 2> <Delay = 0.00>
ST_3 : Operation 44 [1/1] (0.00ns)   --->   "%empty_13 = wait i32 @_ssdm_op_Wait"   --->   Operation 44 'wait' 'empty_13' <Predicate = true> <Delay = 0.00>

State 4 <SV = 3> <Delay = 0.00>
ST_4 : Operation 45 [1/1] (0.00ns)   --->   "%empty_14 = wait i32 @_ssdm_op_Wait"   --->   Operation 45 'wait' 'empty_14' <Predicate = true> <Delay = 0.00>
ST_4 : Operation 46 [2/2] (0.00ns)   --->   "%call_ln0 = call void @compute_slave_Pipeline_VITIS_LOOP_60_3_VITIS_LOOP_61_4, i32 %fwd_in2, i16 %REG2_V_15_loc, i16 %REG2_V_loc, i16 %REG2_V_14_loc, i16 %REG2_V_1_loc, i16 %REG2_V_13_loc, i16 %REG2_V_12_loc, i16 %REG2_V_11_loc, i16 %REG2_V_2_loc, i16 %REG2_V_10_loc, i16 %REG2_V_3_loc, i16 %REG2_V_9_loc, i16 %REG2_V_4_loc, i16 %REG2_V_8_loc, i16 %REG2_V_5_loc, i16 %REG2_V_7_loc, i16 %REG2_V_6_loc"   --->   Operation 46 'call' 'call_ln0' <Predicate = true> <Delay = 0.00> <CoreType = "Generic">   --->   Core 0 '' <Latency = 0> <II = 1> <Delay = 1.00> <Generic> <Opcode : >

State 5 <SV = 4> <Delay = 1.14>
ST_5 : Operation 47 [1/2] (1.14ns)   --->   "%call_ln0 = call void @compute_slave_Pipeline_VITIS_LOOP_60_3_VITIS_LOOP_61_4, i32 %fwd_in2, i16 %REG2_V_15_loc, i16 %REG2_V_loc, i16 %REG2_V_14_loc, i16 %REG2_V_1_loc, i16 %REG2_V_13_loc, i16 %REG2_V_12_loc, i16 %REG2_V_11_loc, i16 %REG2_V_2_loc, i16 %REG2_V_10_loc, i16 %REG2_V_3_loc, i16 %REG2_V_9_loc, i16 %REG2_V_4_loc, i16 %REG2_V_8_loc, i16 %REG2_V_5_loc, i16 %REG2_V_7_loc, i16 %REG2_V_6_loc"   --->   Operation 47 'call' 'call_ln0' <Predicate = true> <Delay = 1.14> <CoreType = "Generic">   --->   Core 0 '' <Latency = 0> <II = 1> <Delay = 1.00> <Generic> <Opcode : >

State 6 <SV = 5> <Delay = 1.06>
ST_6 : Operation 48 [1/1] (0.00ns)   --->   "%REG1_V_15_loc_load = load i16 %REG1_V_15_loc"   --->   Operation 48 'load' 'REG1_V_15_loc_load' <Predicate = true> <Delay = 0.00>
ST_6 : Operation 49 [1/1] (0.00ns)   --->   "%REG1_V_loc_load = load i16 %REG1_V_loc"   --->   Operation 49 'load' 'REG1_V_loc_load' <Predicate = true> <Delay = 0.00>
ST_6 : Operation 50 [1/1] (0.00ns)   --->   "%REG1_V_14_loc_load = load i16 %REG1_V_14_loc"   --->   Operation 50 'load' 'REG1_V_14_loc_load' <Predicate = true> <Delay = 0.00>
ST_6 : Operation 51 [1/1] (0.00ns)   --->   "%REG1_V_1_loc_load = load i16 %REG1_V_1_loc"   --->   Operation 51 'load' 'REG1_V_1_loc_load' <Predicate = true> <Delay = 0.00>
ST_6 : Operation 52 [1/1] (0.00ns)   --->   "%REG1_V_13_loc_load = load i16 %REG1_V_13_loc"   --->   Operation 52 'load' 'REG1_V_13_loc_load' <Predicate = true> <Delay = 0.00>
ST_6 : Operation 53 [1/1] (0.00ns)   --->   "%REG1_V_12_loc_load = load i16 %REG1_V_12_loc"   --->   Operation 53 'load' 'REG1_V_12_loc_load' <Predicate = true> <Delay = 0.00>
ST_6 : Operation 54 [1/1] (0.00ns)   --->   "%REG1_V_11_loc_load = load i16 %REG1_V_11_loc"   --->   Operation 54 'load' 'REG1_V_11_loc_load' <Predicate = true> <Delay = 0.00>
ST_6 : Operation 55 [1/1] (0.00ns)   --->   "%REG1_V_2_loc_load = load i16 %REG1_V_2_loc"   --->   Operation 55 'load' 'REG1_V_2_loc_load' <Predicate = true> <Delay = 0.00>
ST_6 : Operation 56 [1/1] (0.00ns)   --->   "%REG1_V_10_loc_load = load i16 %REG1_V_10_loc"   --->   Operation 56 'load' 'REG1_V_10_loc_load' <Predicate = true> <Delay = 0.00>
ST_6 : Operation 57 [1/1] (0.00ns)   --->   "%REG1_V_3_loc_load = load i16 %REG1_V_3_loc"   --->   Operation 57 'load' 'REG1_V_3_loc_load' <Predicate = true> <Delay = 0.00>
ST_6 : Operation 58 [1/1] (0.00ns)   --->   "%REG1_V_9_loc_load = load i16 %REG1_V_9_loc"   --->   Operation 58 'load' 'REG1_V_9_loc_load' <Predicate = true> <Delay = 0.00>
ST_6 : Operation 59 [1/1] (0.00ns)   --->   "%REG1_V_4_loc_load = load i16 %REG1_V_4_loc"   --->   Operation 59 'load' 'REG1_V_4_loc_load' <Predicate = true> <Delay = 0.00>
ST_6 : Operation 60 [1/1] (0.00ns)   --->   "%REG1_V_8_loc_load = load i16 %REG1_V_8_loc"   --->   Operation 60 'load' 'REG1_V_8_loc_load' <Predicate = true> <Delay = 0.00>
ST_6 : Operation 61 [1/1] (0.00ns)   --->   "%REG1_V_5_loc_load = load i16 %REG1_V_5_loc"   --->   Operation 61 'load' 'REG1_V_5_loc_load' <Predicate = true> <Delay = 0.00>
ST_6 : Operation 62 [1/1] (0.00ns)   --->   "%REG1_V_7_loc_load = load i16 %REG1_V_7_loc"   --->   Operation 62 'load' 'REG1_V_7_loc_load' <Predicate = true> <Delay = 0.00>
ST_6 : Operation 63 [1/1] (0.00ns)   --->   "%REG1_V_6_loc_load = load i16 %REG1_V_6_loc"   --->   Operation 63 'load' 'REG1_V_6_loc_load' <Predicate = true> <Delay = 0.00>
ST_6 : Operation 64 [1/1] (0.00ns)   --->   "%REG2_V_15_loc_load = load i16 %REG2_V_15_loc"   --->   Operation 64 'load' 'REG2_V_15_loc_load' <Predicate = true> <Delay = 0.00>
ST_6 : Operation 65 [1/1] (0.00ns)   --->   "%REG2_V_loc_load = load i16 %REG2_V_loc"   --->   Operation 65 'load' 'REG2_V_loc_load' <Predicate = true> <Delay = 0.00>
ST_6 : Operation 66 [1/1] (0.00ns)   --->   "%REG2_V_14_loc_load = load i16 %REG2_V_14_loc"   --->   Operation 66 'load' 'REG2_V_14_loc_load' <Predicate = true> <Delay = 0.00>
ST_6 : Operation 67 [1/1] (0.00ns)   --->   "%REG2_V_1_loc_load = load i16 %REG2_V_1_loc"   --->   Operation 67 'load' 'REG2_V_1_loc_load' <Predicate = true> <Delay = 0.00>
ST_6 : Operation 68 [1/1] (0.00ns)   --->   "%REG2_V_13_loc_load = load i16 %REG2_V_13_loc"   --->   Operation 68 'load' 'REG2_V_13_loc_load' <Predicate = true> <Delay = 0.00>
ST_6 : Operation 69 [1/1] (0.00ns)   --->   "%REG2_V_12_loc_load = load i16 %REG2_V_12_loc"   --->   Operation 69 'load' 'REG2_V_12_loc_load' <Predicate = true> <Delay = 0.00>
ST_6 : Operation 70 [1/1] (0.00ns)   --->   "%REG2_V_11_loc_load = load i16 %REG2_V_11_loc"   --->   Operation 70 'load' 'REG2_V_11_loc_load' <Predicate = true> <Delay = 0.00>
ST_6 : Operation 71 [1/1] (0.00ns)   --->   "%REG2_V_2_loc_load = load i16 %REG2_V_2_loc"   --->   Operation 71 'load' 'REG2_V_2_loc_load' <Predicate = true> <Delay = 0.00>
ST_6 : Operation 72 [1/1] (0.00ns)   --->   "%REG2_V_10_loc_load = load i16 %REG2_V_10_loc"   --->   Operation 72 'load' 'REG2_V_10_loc_load' <Predicate = true> <Delay = 0.00>
ST_6 : Operation 73 [1/1] (0.00ns)   --->   "%REG2_V_3_loc_load = load i16 %REG2_V_3_loc"   --->   Operation 73 'load' 'REG2_V_3_loc_load' <Predicate = true> <Delay = 0.00>
ST_6 : Operation 74 [1/1] (0.00ns)   --->   "%REG2_V_9_loc_load = load i16 %REG2_V_9_loc"   --->   Operation 74 'load' 'REG2_V_9_loc_load' <Predicate = true> <Delay = 0.00>
ST_6 : Operation 75 [1/1] (0.00ns)   --->   "%REG2_V_4_loc_load = load i16 %REG2_V_4_loc"   --->   Operation 75 'load' 'REG2_V_4_loc_load' <Predicate = true> <Delay = 0.00>
ST_6 : Operation 76 [1/1] (0.00ns)   --->   "%REG2_V_8_loc_load = load i16 %REG2_V_8_loc"   --->   Operation 76 'load' 'REG2_V_8_loc_load' <Predicate = true> <Delay = 0.00>
ST_6 : Operation 77 [1/1] (0.00ns)   --->   "%REG2_V_5_loc_load = load i16 %REG2_V_5_loc"   --->   Operation 77 'load' 'REG2_V_5_loc_load' <Predicate = true> <Delay = 0.00>
ST_6 : Operation 78 [1/1] (0.00ns)   --->   "%REG2_V_7_loc_load = load i16 %REG2_V_7_loc"   --->   Operation 78 'load' 'REG2_V_7_loc_load' <Predicate = true> <Delay = 0.00>
ST_6 : Operation 79 [1/1] (0.00ns)   --->   "%REG2_V_6_loc_load = load i16 %REG2_V_6_loc"   --->   Operation 79 'load' 'REG2_V_6_loc_load' <Predicate = true> <Delay = 0.00>
ST_6 : Operation 80 [2/2] (1.06ns)   --->   "%call_ln0 = call void @compute_slave_Pipeline_compute_rows_VITIS_LOOP_69_5, i16 %REG1_V_6_loc_load, i16 %REG1_V_4_loc_load, i16 %REG1_V_2_loc_load, i16 %REG1_V_1_loc_load, i16 %REG2_V_6_loc_load, i16 %REG2_V_4_loc_load, i16 %REG2_V_2_loc_load, i16 %REG2_V_1_loc_load, i16 %REG1_V_7_loc_load, i16 %REG1_V_9_loc_load, i16 %REG1_V_11_loc_load, i16 %REG1_V_14_loc_load, i16 %REG2_V_7_loc_load, i16 %REG2_V_9_loc_load, i16 %REG2_V_11_loc_load, i16 %REG2_V_14_loc_load, i16 %REG1_V_5_loc_load, i16 %REG1_V_3_loc_load, i16 %REG1_V_12_loc_load, i16 %REG1_V_loc_load, i16 %REG2_V_5_loc_load, i16 %REG2_V_3_loc_load, i16 %REG2_V_12_loc_load, i16 %REG2_V_loc_load, i16 %REG1_V_8_loc_load, i16 %REG1_V_10_loc_load, i16 %REG1_V_13_loc_load, i16 %REG1_V_15_loc_load, i16 %REG2_V_8_loc_load, i16 %REG2_V_10_loc_load, i16 %REG2_V_13_loc_load, i16 %REG2_V_15_loc_load, i32 %result_out"   --->   Operation 80 'call' 'call_ln0' <Predicate = true> <Delay = 1.06> <CoreType = "Generic">   --->   Core 0 '' <Latency = 0> <II = 1> <Delay = 1.00> <Generic> <Opcode : >

State 7 <SV = 6> <Delay = 0.42>
ST_7 : Operation 81 [1/1] (0.00ns)   --->   "%spectopmodule_ln36 = spectopmodule void @_ssdm_op_SpecTopModule, void @empty_2" [Compute_block_slave/Compute_slave.cpp:36]   --->   Operation 81 'spectopmodule' 'spectopmodule_ln36' <Predicate = true> <Delay = 0.00>
ST_7 : Operation 82 [1/1] (0.00ns)   --->   "%specinterface_ln36 = specinterface void @_ssdm_op_SpecInterface, i32 0, void @empty_3, i32 0, i32 0, void @empty, i32 0, i32 0, void @empty, void @empty, void @empty, i32 0, i32 0, i32 0, i32 0, void @empty, void @empty, i32 4294967295, i32 0" [Compute_block_slave/Compute_slave.cpp:36]   --->   Operation 82 'specinterface' 'specinterface_ln36' <Predicate = true> <Delay = 0.00>
ST_7 : Operation 83 [1/1] (0.00ns)   --->   "%specinterface_ln0 = specinterface void @_ssdm_op_SpecInterface, i32 %fwd_in1, void @empty_0, i32 0, i32 0, void @empty, i32 0, i32 0, void @empty, void @empty, void @empty, i32 0, i32 0, i32 0, i32 0, void @empty, void @empty, i32 4294967295, i32 0"   --->   Operation 83 'specinterface' 'specinterface_ln0' <Predicate = true> <Delay = 0.00>
ST_7 : Operation 84 [1/1] (0.00ns)   --->   "%specbitsmap_ln0 = specbitsmap void @_ssdm_op_SpecBitsMap, i32 %fwd_in1"   --->   Operation 84 'specbitsmap' 'specbitsmap_ln0' <Predicate = true> <Delay = 0.00>
ST_7 : Operation 85 [1/1] (0.00ns)   --->   "%specinterface_ln0 = specinterface void @_ssdm_op_SpecInterface, i32 %fwd_in2, void @empty_0, i32 0, i32 0, void @empty, i32 0, i32 0, void @empty, void @empty, void @empty, i32 0, i32 0, i32 0, i32 0, void @empty, void @empty, i32 4294967295, i32 0"   --->   Operation 85 'specinterface' 'specinterface_ln0' <Predicate = true> <Delay = 0.00>
ST_7 : Operation 86 [1/1] (0.00ns)   --->   "%specbitsmap_ln0 = specbitsmap void @_ssdm_op_SpecBitsMap, i32 %fwd_in2"   --->   Operation 86 'specbitsmap' 'specbitsmap_ln0' <Predicate = true> <Delay = 0.00>
ST_7 : Operation 87 [1/1] (0.00ns)   --->   "%specinterface_ln0 = specinterface void @_ssdm_op_SpecInterface, i32 %result_out, void @empty_1, i32 0, i32 0, void @empty, i32 4294967295, i32 0, void @empty, void @empty, void @empty, i32 0, i32 0, i32 0, i32 0, void @empty, void @empty, i32 4294967295, i32 0"   --->   Operation 87 'specinterface' 'specinterface_ln0' <Predicate = true> <Delay = 0.00>
ST_7 : Operation 88 [1/1] (0.00ns)   --->   "%specbitsmap_ln0 = specbitsmap void @_ssdm_op_SpecBitsMap, i32 %result_out"   --->   Operation 88 'specbitsmap' 'specbitsmap_ln0' <Predicate = true> <Delay = 0.00>
ST_7 : Operation 89 [1/1] (0.42ns)   --->   "%store_ln48 = store i1 0, i1 %dummy" [Compute_block_slave/Compute_slave.cpp:48]   --->   Operation 89 'store' 'store_ln48' <Predicate = true> <Delay = 0.42>
ST_7 : Operation 90 [1/1] (0.00ns)   --->   "%dummy_1 = load i1 %dummy" [Compute_block_slave/Compute_slave.cpp:50]   --->   Operation 90 'load' 'dummy_1' <Predicate = true> <Delay = 0.00>
ST_7 : Operation 91 [1/1] (0.42ns)   --->   "%store_ln50 = store i1 %dummy_1, i1 %dummy" [Compute_block_slave/Compute_slave.cpp:50]   --->   Operation 91 'store' 'store_ln50' <Predicate = true> <Delay = 0.42>
ST_7 : Operation 92 [1/2] (0.00ns)   --->   "%call_ln0 = call void @compute_slave_Pipeline_compute_rows_VITIS_LOOP_69_5, i16 %REG1_V_6_loc_load, i16 %REG1_V_4_loc_load, i16 %REG1_V_2_loc_load, i16 %REG1_V_1_loc_load, i16 %REG2_V_6_loc_load, i16 %REG2_V_4_loc_load, i16 %REG2_V_2_loc_load, i16 %REG2_V_1_loc_load, i16 %REG1_V_7_loc_load, i16 %REG1_V_9_loc_load, i16 %REG1_V_11_loc_load, i16 %REG1_V_14_loc_load, i16 %REG2_V_7_loc_load, i16 %REG2_V_9_loc_load, i16 %REG2_V_11_loc_load, i16 %REG2_V_14_loc_load, i16 %REG1_V_5_loc_load, i16 %REG1_V_3_loc_load, i16 %REG1_V_12_loc_load, i16 %REG1_V_loc_load, i16 %REG2_V_5_loc_load, i16 %REG2_V_3_loc_load, i16 %REG2_V_12_loc_load, i16 %REG2_V_loc_load, i16 %REG1_V_8_loc_load, i16 %REG1_V_10_loc_load, i16 %REG1_V_13_loc_load, i16 %REG1_V_15_loc_load, i16 %REG2_V_8_loc_load, i16 %REG2_V_10_loc_load, i16 %REG2_V_13_loc_load, i16 %REG2_V_15_loc_load, i32 %result_out"   --->   Operation 92 'call' 'call_ln0' <Predicate = true> <Delay = 0.00> <CoreType = "Generic">   --->   Core 0 '' <Latency = 0> <II = 1> <Delay = 1.00> <Generic> <Opcode : >
ST_7 : Operation 93 [1/1] (0.00ns)   --->   "%ret_ln78 = ret" [Compute_block_slave/Compute_slave.cpp:78]   --->   Operation 93 'ret' 'ret_ln78' <Predicate = true> <Delay = 0.00>


============================================================
+ Verbose Summary: Timing violations
============================================================
Target clock period: 10ns, clock uncertainty: 2.7ns.

 <State 1>: 0ns
The critical path consists of the following:

 <State 2>: 1.15ns
The critical path consists of the following:
	'call' operation ('call_ln0') to 'compute_slave_Pipeline_VITIS_LOOP_53_1_VITIS_LOOP_54_2' [49]  (1.15 ns)

 <State 3>: 0ns
The critical path consists of the following:

 <State 4>: 0ns
The critical path consists of the following:

 <State 5>: 1.15ns
The critical path consists of the following:
	'call' operation ('call_ln0') to 'compute_slave_Pipeline_VITIS_LOOP_60_3_VITIS_LOOP_61_4' [68]  (1.15 ns)

 <State 6>: 1.06ns
The critical path consists of the following:
	'load' operation ('REG1_V_15_loc_load') on local variable 'REG1_V_15_loc' [50]  (0 ns)
	'call' operation ('call_ln0') to 'compute_slave_Pipeline_compute_rows_VITIS_LOOP_69_5' [85]  (1.06 ns)

 <State 7>: 0.427ns
The critical path consists of the following:
	'store' operation ('store_ln48', Compute_block_slave/Compute_slave.cpp:48) of constant 0 on local variable 'dummy' [45]  (0.427 ns)


============================================================
+ Verbose Summary: Binding
============================================================
N/A
* FSMD analyzer results:
  - Output states:
 - Input state : 
  - Chain level:
	State 1
	State 2
	State 3
	State 4
	State 5
	State 6
	State 7


============================================================
+ Verbose Summary: Datapath Resource usage 
============================================================
N/A
