

================================================================
== Vitis HLS Report for 'compute_slave'
================================================================
* Date:           Thu Sep 10 01:51:42 2026

* Version:        2022.2 (Build 3670227 on Oct 13 2022)
* Project:        Compute_block_slave
* Solution:       solution1 (Vivado IP Flow Target)
* Product family: zynquplus
* Target device:  xczu7ev-ffvc1156-2-e


================================================================
== Performance Estimates
================================================================
+ Timing: 
    * Summary: 
    +--------+----------+----------+------------+
    |  Clock |  Target  | Estimated| Uncertainty|
    +--------+----------+----------+------------+
    |ap_clk  |  10.00 ns|  2.338 ns|     2.70 ns|
    +--------+----------+----------+------------+

+ Latency: 
    * Summary: 
    +---------+---------+----------+----------+-----+-----+---------+
    |  Latency (cycles) |  Latency (absolute) |  Interval | Pipeline|
    |   min   |   max   |    min   |    max   | min | max |   Type  |
    +---------+---------+----------+----------+-----+-----+---------+
    |       47|       47|  0.470 us|  0.470 us|   48|   48|       no|
    +---------+---------+----------+----------+-----+-----+---------+

    + Detail: 
        * Instance: 
        +-------------------------------------------------------------------+--------------------------------------------------------+---------+---------+----------+----------+-----+-----+---------+
        |                                                                   |                                                        |  Latency (cycles) |  Latency (absolute) |  Interval | Pipeline|
        |                              Instance                             |                         Module                         |   min   |   max   |    min   |    max   | min | max |   Type  |
        +-------------------------------------------------------------------+--------------------------------------------------------+---------+---------+----------+----------+-----+-----+---------+
        |grp_compute_slave_Pipeline_VITIS_LOOP_53_1_VITIS_LOOP_54_2_fu_170  |compute_slave_Pipeline_VITIS_LOOP_53_1_VITIS_LOOP_54_2  |       10|       10|  0.100 us|  0.100 us|   10|   10|       no|
        |grp_compute_slave_Pipeline_VITIS_LOOP_60_3_VITIS_LOOP_61_4_fu_192  |compute_slave_Pipeline_VITIS_LOOP_60_3_VITIS_LOOP_61_4  |       10|       10|  0.100 us|  0.100 us|   10|   10|       no|
        |grp_compute_slave_Pipeline_compute_rows_VITIS_LOOP_69_5_fu_214     |compute_slave_Pipeline_compute_rows_VITIS_LOOP_69_5     |       21|       21|  0.210 us|  0.210 us|   21|   21|       no|
        +-------------------------------------------------------------------+--------------------------------------------------------+---------+---------+----------+----------+-----+-----+---------+

        * Loop: 
        N/A

============================================================
+ Verbose Summary: Synthesis Manager
============================================================
InlineROM: 1
ExposeGlobal: 0
============================================================
+ Verbose Summary: CDFG Model
============================================================
IsTopModel: 1
ResetActiveHigh: 1
IsCombinational: 0
IsDatapathOnly: 0
HasWiredReturn: 1
HasMFsm: 0
HasVarLatency: 1
IsPipeline: 0
IsRtlPipelined: 0
IsInstanceOverlapped: 0
IsDontTouch: 0
HasImplIP: 0
IsGatedGlobalClock: 0


============================================================
+ Verbose Summary: Schedule
============================================================
* Number of FSM states : 7
* Pipeline : 0
* Dataflow Pipeline: 0

* FSM state transitions: 
1 --> 2 
2 --> 3 
3 --> 4 
4 --> 5 
5 --> 6 
6 --> 7 
7 --> 

* FSM state operations: 

State 1 <SV = 0> <Delay = 0.00>
ST_1 : Operation 8 [1/1] (0.00ns)   --->   "%REG2_V_6_loc = alloca i64 1"   --->   Operation 8 'alloca' 'REG2_V_6_loc' <Predicate = true> <Delay = 0.00>
ST_1 : Operation 9 [1/1] (0.00ns)   --->   "%REG2_V_7_loc = alloca i64 1"   --->   Operation 9 'alloca' 'REG2_V_7_loc' <Predicate = true> <Delay = 0.00>
ST_1 : Operation 10 [1/1] (0.00ns)   --->   "%REG2_V_5_loc = alloca i64 1"   --->   Operation 10 'alloca' 'REG2_V_5_loc' <Predicate = true> <Delay = 0.00>
ST_1 : Operation 11 [1/1] (0.00ns)   --->   "%REG2_V_8_loc = alloca i64 1"   --->   Operation 11 'alloca' 'REG2_V_8_loc' <Predicate = true> <Delay = 0.00>
ST_1 : Operation 12 [1/1] (0.00ns)   --->   "%REG2_V_4_loc = alloca i64 1"   --->   Operation 12 'alloca' 'REG2_V_4_loc' <Predicate = true> <Delay = 0.00>
ST_1 : Operation 13 [1/1] (0.00ns)   --->   "%REG2_V_9_loc = alloca i64 1"   --->   Operation 13 'alloca' 'REG2_V_9_loc' <Predicate = true> <Delay = 0.00>
ST_1 : Operation 14 [1/1] (0.00ns)   --->   "%REG2_V_3_loc = alloca i64 1"   --->   Operation 14 'alloca' 'REG2_V_3_loc' <Predicate = true> <Delay = 0.00>
ST_1 : Operation 15 [1/1] (0.00ns)   --->   "%REG2_V_10_loc = alloca i64 1"   --->   Operation 15 'alloca' 'REG2_V_10_loc' <Predicate = true> <Delay = 0.00>
ST_1 : Operation 16 [1/1] (0.00ns)   --->   "%REG2_V_2_loc = alloca i64 1"   --->   Operation 16 'alloca' 'REG2_V_2_loc' <Predicate = true> <Delay = 0.00>
ST_1 : Operation 17 [1/1] (0.00ns)   --->   "%REG2_V_11_loc = alloca i64 1"   --->   Operation 17 'alloca' 'REG2_V_11_loc' <Predicate = true> <Delay = 0.00>
ST_1 : Operation 18 [1/1] (0.00ns)   --->   "%REG2_V_12_loc = alloca i64 1"   --->   Operation 18 'alloca' 'REG2_V_12_loc' <Predicate = true> <Delay = 0.00>
ST_1 : Operation 19 [1/1] (0.00ns)   --->   "%REG2_V_13_loc = alloca i64 1"   --->   Operation 19 'alloca' 'REG2_V_13_loc' <Predicate = true> <Delay = 0.00>
ST_1 : Operation 20 [1/1] (0.00ns)   --->   "%REG2_V_1_loc = alloca i64 1"   --->   Operation 20 'alloca' 'REG2_V_1_loc' <Predicate = true> <Delay = 0.00>
ST_1 : Operation 21 [1/1] (0.00ns)   --->   "%REG2_V_14_loc = alloca i64 1"   --->   Operation 21 'alloca' 'REG2_V_14_loc' <Predicate = true> <Delay = 0.00>
ST_1 : Operation 22 [1/1] (0.00ns)   --->   "%REG2_V_loc = alloca i64 1"   --->   Operation 22 'alloca' 'REG2_V_loc' <Predicate = true> <Delay = 0.00>
ST_1 : Operation 23 [1/1] (0.00ns)   --->   "%REG2_V_15_loc = alloca i64 1"   --->   Operation 23 'alloca' 'REG2_V_15_loc' <Predicate = true> <Delay = 0.00>
ST_1 : Operation 24 [1/1] (0.00ns)   --->   "%REG1_V_6_loc = alloca i64 1"   --->   Operation 24 'alloca' 'REG1_V_6_loc' <Predicate = true> <Delay = 0.00>
ST_1 : Operation 25 [1/1] (0.00ns)   --->   "%REG1_V_7_loc = alloca i64 1"   --->   Operation 25 'alloca' 'REG1_V_7_loc' <Predicate = true> <Delay = 0.00>
ST_1 : Operation 26 [1/1] (0.00ns)   --->   "%REG1_V_5_loc = alloca i64 1"   --->   Operation 26 'alloca' 'REG1_V_5_loc' <Predicate = true> <Delay = 0.00>
ST_1 : Operation 27 [1/1] (0.00ns)   --->   "%REG1_V_8_loc = alloca i64 1"   --->   Operation 27 'alloca' 'REG1_V_8_loc' <Predicate = true> <Delay = 0.00>
ST_1 : Operation 28 [1/1] (0.00ns)   --->   "%REG1_V_4_loc = alloca i64 1"   --->   Operation 28 'alloca' 'REG1_V_4_loc' <Predicate = true> <Delay = 0.00>
ST_1 : Operation 29 [1/1] (0.00ns)   --->   "%REG1_V_9_loc = alloca i64 1"   --->   Operation 29 'alloca' 'REG1_V_9_loc' <Predicate = true> <Delay = 0.00>
ST_1 : Operation 30 [1/1] (0.00ns)   --->   "%REG1_V_3_loc = alloca i64 1"   --->   Operation 30 'alloca' 'REG1_V_3_loc' <Predicate = true> <Delay = 0.00>
ST_1 : Operation 31 [1/1] (0.00ns)   --->   "%REG1_V_10_loc = alloca i64 1"   --->   Operation 31 'alloca' 'REG1_V_10_loc' <Predicate = true> <Delay = 0.00>
ST_1 : Operation 32 [1/1] (0.00ns)   --->   "%REG1_V_2_loc = alloca i64 1"   --->   Operation 32 'alloca' 'REG1_V_2_loc' <Predicate = true> <Delay = 0.00>
ST_1 : Operation 33 [1/1] (0.00ns)   --->   "%REG1_V_11_loc = alloca i64 1"   --->   Operation 33 'alloca' 'REG1_V_11_loc' <Predicate = true> <Delay = 0.00>
ST_1 : Operation 34 [1/1] (0.00ns)   --->   "%REG1_V_12_loc = alloca i64 1"   --->   Operation 34 'alloca' 'REG1_V_12_loc' <Predicate = true> <Delay = 0.00>
ST_1 : Operation 35 [1/1] (0.00ns)   --->   "%REG1_V_13_loc = alloca i64 1"   --->   Operation 35 'alloca' 'REG1_V_13_loc' <Predicate = true> <Delay = 0.00>
ST_1 : Operation 36 [1/1] (0.00ns)   --->   "%REG1_V_1_loc = alloca i64 1"   --->   Operation 36 'alloca' 'REG1_V_1_loc' <Predicate = true> <Delay = 0.00>
ST_1 : Operation 37 [1/1] (0.00ns)   --->   "%REG1_V_14_loc = alloca i64 1"   --->   Operation 37 'alloca' 'REG1_V_14_loc' <Predicate = true> <Delay = 0.00>
ST_1 : Operation 38 [1/1] (0.00ns)   --->   "%REG1_V_loc = alloca i64 1"   --->   Operation 38 'alloca' 'REG1_V_loc' <Predicate = true> <Delay = 0.00>
ST_1 : Operation 39 [1/1] (0.00ns)   --->   "%REG1_V_15_loc = alloca i64 1"   --->   Operation 39 'alloca' 'REG1_V_15_loc' <Predicate = true> <Delay = 0.00>
ST_1 : Operation 40 [1/1] (0.00ns)   --->   "%dummy = alloca i64 1"   --->   Operation 40 'alloca' 'dummy' <Predicate = true> <Delay = 0.00>
ST_1 : Operation 41 [1/1] (0.00ns)   --->   "%empty = wait i32 @_ssdm_op_Wait"   --->   Operation 41 'wait' 'empty' <Predicate = true> <Delay = 0.00>
ST_1 : Operation 42 [2/2] (0.00ns)   --->   "%call_ln0 = call void @compute_slave_Pipeline_VITIS_LOOP_53_1_VITIS_LOOP_54_2, i32 %fwd_in1, i16 %REG1_V_15_loc, i16 %REG1_V_loc, i16 %REG1_V_14_loc, i16 %REG1_V_1_loc, i16 %REG1_V_13_loc, i16 %REG1_V_12_loc, i16 %REG1_V_11_loc, i16 %REG1_V_2_loc, i16 %REG1_V_10_loc, i16 %REG1_V_3_loc, i16 %REG1_V_9_loc, i16 %REG1_V_4_loc, i16 %REG1_V_8_loc, i16 %REG1_V_5_loc, i16 %REG1_V_7_loc, i16 %REG1_V_6_loc"   --->   Operation 42 'call' 'call_ln0' <Predicate = true> <Delay = 0.00> <CoreType = "Generic">   --->   Core 0 '' <Latency = 0> <II = 1> <Delay = 1.00> <Generic> <Opcode : >

State 2 <SV = 1> <Delay = 1.14>
ST_2 : Operation 43 [1/2] (1.14ns)   --->   "%call_ln0 = call void @compute_slave_Pipeline_VITIS_LOOP_53_1_VITIS_LOOP_54_2, i32 %fwd_in1, i16 %REG1_V_15_loc, i16 %REG1_V_loc, i16 %REG1_V_14_loc, i16 %REG1_V_1_loc, i16 %REG1_V_13_loc, i16 %REG1_V_12_loc, i16 %REG1_V_11_loc, i16 %REG1_V_2_loc, i16 %REG1_V_10_loc, i16 %REG1_V_3_loc, i16 %REG1_V_9_loc, i16 %REG1_V_4_loc, i16 %REG1_V_8_loc, i16 %REG1_V_5_loc, i16 %REG1_V_7_loc, i16 %REG1_V_6_loc"   --->   Operation 43 'call' 'call_ln0' <Predicate = true> <Delay = 1.14> <CoreType = "Generic">   --->   Core 0 '' <Latency = 0> <II = 1> <Delay = 1.00> <Generic> <Opcode : >

State 3 <SV = 2> <Delay = 0.00>
ST_3 : Operation 44 [1/1] (0.00ns)   --->   "%empty_13 = wait i32 @_ssdm_op_Wait"   --->   Operation 44 'wait' 'empty_13' <Predicate = true> <Delay = 0.00>

State 4 <SV = 3> <Delay = 0.00>
ST_4 : Operation 45 [1/1] (0.00ns)   --->   "%empty_14 = wait i32 @_ssdm_op_Wait"   --->   Operation 45 'wait' 'empty_14' <Predicate = true> <Delay = 0.00>
ST_4 : Operation 46 [2/2] (0.00ns)   --->   "%call_ln0 = call void @compute_slave_Pipeline_VITIS_LOOP_60_3_VITIS_LOOP_61_4, i32 %fwd_in2, i16 %REG2_V_15_loc, i16 %REG2_V_loc, i16 %REG2_V_14_loc, i16 %REG2_V_1_loc, i16 %REG2_V_13_loc, i16 %REG2_V_12_loc, i16 %REG2_V_11_loc, i16 %REG2_V_2_loc, i16 %REG2_V_10_loc, i16 %REG2_V_3_loc, i16 %REG2_V_9_loc, i16 %REG2_V_4_loc, i16 %REG2_V_8_loc, i16 %REG2_V_5_loc, i16 %REG2_V_7_loc, i16 %REG2_V_6_loc"   --->   Operation 46 'call' 'call_ln0' <Predicate = true> <Delay = 0.00> <CoreType = "Generic">   --->   Core 0 '' <Latency = 0> <II = 1> <Delay = 1.00> <Generic> <Opcode : >

State 5 <SV = 4> <Delay = 1.14>
ST_5 : Operation 47 [1/2] (1.14ns)   --->   "%call_ln0 = call void @compute_slave_Pipeline_VITIS_LOOP_60_3_VITIS_LOOP_61_4, i32 %fwd_in2, i16 %REG2_V_15_loc, i16 %REG2_V_loc, i16 %REG2_V_14_loc, i16 %REG2_V_1_loc, i16 %REG2_V_13_loc, i16 %REG2_V_12_loc, i16 %REG2_V_11_loc, i16 %REG2_V_2_loc, i16 %REG2_V_10_loc, i16 %REG2_V_3_loc, i16 %REG2_V_9_loc, i16 %REG2_V_4_loc, i16 %REG2_V_8_loc, i16 %REG2_V_5_loc, i16 %REG2_V_7_loc, i16 %REG2_V_6_loc"   --->   Operation 47 'call' 'call_ln0' <Predicate = true> <Delay = 1.14> <CoreType = "Generic">   --->   Core 0 '' <Latency = 0> <II = 1> <Delay = 1.00> <Generic> <Opcode : >

State 6 <SV = 5> <Delay = 1.06>
ST_6 : Operation 48 [1/1] (0.00ns)   --->   "%REG1_V_15_loc_load = load i16 %REG1_V_15_loc"   --->   Operation 48 'load' 'REG1_V_15_loc_load' <Predicate = true> <Delay = 0.00>
ST_6 : Operation 49 [1/1] (0.00ns)   --->   "%REG1_V_loc_load = load i16 %REG1_V_loc"   --->   Operation 49 'load' 'REG1_V_loc_load' <Predicate = true> <Delay = 0.00>
ST_6 : Operation 50 [1/1] (0.00ns)   --->   "%REG1_V_14_loc_load = load i16 %REG1_V_14_loc"   --->   Operation 50 'load' 'REG1_V_14_loc_load' <Predicate = true> <Delay = 0.00>
ST_6 : Operation 51 [1/1] (0.00ns)   --->   "%REG1_V_1_loc_load = load i16 %REG1_V_1_loc"   --->   Operation 51 'load' 'REG1_V_1_loc_load' <Predicate = true> <Delay = 0.00>
ST_6 : Operation 52 [1/1] (0.00ns)   --->   "%REG1_V_13_loc_load = load i16 %REG1_V_13_loc"   --->   Operation 52 'load' 'REG1_V_13_loc_load' <Predicate = true> <Delay = 0.00>
ST_6 : Operation 53 [1/1] (0.00ns)   --->   "%REG1_V_12_loc_load = load i16 %REG1_V_12_loc"   --->   Operation 53 'load' 'REG1_V_12_loc_load' <Predicate = true> <Delay = 0.00>
ST_6 : Operation 54 [1/1] (0.00ns)   --->   "%REG1_V_11_loc_load = load i16 %REG1_V_11_loc"   --->   Operation 54 'load' 'REG1_V_11_loc_load' <Predicate = true> <Delay = 0.00>
ST_6 : Operation 55 [1/1] (0.00ns)   --->   "%REG1_V_2_loc_load = load i16 %REG1_V_2_loc"   --->   Operation 55 'load' 'REG1_V_2_loc_load' <Predicate = true> <Delay = 0.00>
ST_6 : Operation 56 [1/1] (0.00ns)   --->   "%REG1_V_10_loc_load = load i16 %REG1_V_10_loc"   --->   Operation 56 'load' 'REG1_V_10_loc_load' <Predicate = true> <Delay = 0.00>
ST_6 : Operation 57 [1/1] (0.00ns)   --->   "%REG1_V_3_loc_load = load i16 %REG1_V_3_loc"   --->   Operation 57 'load' 'REG1_V_3_loc_load' <Predicate = true> <Delay = 0.00>
ST_6 : Operation 58 [1/1] (0.00ns)   --->   "%REG1_V_9_loc_load = load i16 %REG1_V_9_loc"   --->   Operation 58 'load' 'REG1_V_9_loc_load' <Predicate = true> <Delay = 0.00>
ST_6 : Operation 59 [1/1] (0.00ns)   --->   "%REG1_V_4_loc_load = load i16 %REG1_V_4_loc"   --->   Operation 59 'load' 'REG1_V_4_loc_load' <Predicate = true> <Delay = 0.00>
ST_6 : Operation 60 [1/1] (0.00ns)   --->   "%REG1_V_8_loc_load = load i16 %REG1_V_8_loc"   --->   Operation 60 'load' 'REG1_V_8_loc_load' <Predicate = true> <Delay = 0.00>
ST_6 : Operation 61 [1/1] (0.00ns)   --->   "%REG1_V_5_loc_load = load i16 %REG1_V_5_loc"   --->   Operation 61 'load' 'REG1_V_5_loc_load' <Predicate = true> <Delay = 0.00>
ST_6 : Operation 62 [1/1] (0.00ns)   --->   "%REG1_V_7_loc_load = load i16 %REG1_V_7_loc"   --->   Operation 62 'load' 'REG1_V_7_loc_load' <Predicate = true> <Delay = 0.00>
ST_6 : Operation 63 [1/1] (0.00ns)   --->   "%REG1_V_6_loc_load = load i16 %REG1_V_6_loc"   --->   Operation 63 'load' 'REG1_V_6_loc_load' <Predicate = true> <Delay = 0.00>
ST_6 : Operation 64 [1/1] (0.00ns)   --->   "%REG2_V_15_loc_load = load i16 %REG2_V_15_loc"   --->   Operation 64 'load' 'REG2_V_15_loc_load' <Predicate = true> <Delay = 0.00>
ST_6 : Operation 65 [1/1] (0.00ns)   --->   "%REG2_V_loc_load = load i16 %REG2_V_loc"   --->   Operation 65 'load' 'REG2_V_loc_load' <Predicate = true> <Delay = 0.00>
ST_6 : Operation 66 [1/1] (0.00ns)   --->   "%REG2_V_14_loc_load = load i16 %REG2_V_14_loc"   --->   Operation 66 'load' 'REG2_V_14_loc_load' <Predicate = true> <Delay = 0.00>
ST_6 : Operation 67 [1/1] (0.00ns)   --->   "%REG2_V_1_loc_load = load i16 %REG2_V_1_loc"   --->   Operation 67 'load' 'REG2_V_1_loc_load' <Predicate = true> <Delay = 0.00>
ST_6 : Operation 68 [1/1] (0.00ns)   --->   "%REG2_V_13_loc_load = load i16 %REG2_V_13_loc"   --->   Operation 68 'load' 'REG2_V_13_loc_load' <Predicate = true> <Delay = 0.00>
ST_6 : Operation 69 [1/1] (0.00ns)   --->   "%REG2_V_12_loc_load = load i16 %REG2_V_12_loc"   --->   Operation 69 'load' 'REG2_V_12_loc_load' <Predicate = true> <Delay = 0.00>
ST_6 : Operation 70 [1/1] (0.00ns)   --->   "%REG2_V_11_loc_load = load i16 %REG2_V_11_loc"   --->   Operation 70 'load' 'REG2_V_11_loc_load' <Predicate = true> <Delay = 0.00>
ST_6 : Operation 71 [1/1] (0.00ns)   --->   "%REG2_V_2_loc_load = load i16 %REG2_V_2_loc"   --->   Operation 71 'load' 'REG2_V_2_loc_load' <Predicate = true> <Delay = 0.00>
ST_6 : Operation 72 [1/1] (0.00ns)   --->   "%REG2_V_10_loc_load = load i16 %REG2_V_10_loc"   --->   Operation 72 'load' 'REG2_V_10_loc_load' <Predicate = true> <Delay = 0.00>
ST_6 : Operation 73 [1/1] (0.00ns)   --->   "%REG2_V_3_loc_load = load i16 %REG2_V_3_loc"   --->   Operation 73 'load' 'REG2_V_3_loc_load' <Predicate = true> <Delay = 0.00>
ST_6 : Operation 74 [1/1] (0.00ns)   --->   "%REG2_V_9_loc_load = load i16 %REG2_V_9_loc"   --->   Operation 74 'load' 'REG2_V_9_loc_load' <Predicate = true> <Delay = 0.00>
ST_6 : Operation 75 [1/1] (0.00ns)   --->   "%REG2_V_4_loc_load = load i16 %REG2_V_4_loc"   --->   Operation 75 'load' 'REG2_V_4_loc_load' <Predicate = true> <Delay = 0.00>
ST_6 : Operation 76 [1/1] (0.00ns)   --->   "%REG2_V_8_loc_load = load i16 %REG2_V_8_loc"   --->   Operation 76 'load' 'REG2_V_8_loc_load' <Predicate = true> <Delay = 0.00>
ST_6 : Operation 77 [1/1] (0.00ns)   --->   "%REG2_V_5_loc_load = load i16 %REG2_V_5_loc"   --->   Operation 77 'load' 'REG2_V_5_loc_load' <Predicate = true> <Delay = 0.00>
ST_6 : Operation 78 [1/1] (0.00ns)   --->   "%REG2_V_7_loc_load = load i16 %REG2_V_7_loc"   --->   Operation 78 'load' 'REG2_V_7_loc_load' <Predicate = true> <Delay = 0.00>
ST_6 : Operation 79 [1/1] (0.00ns)   --->   "%REG2_V_6_loc_load = load i16 %REG2_V_6_loc"   --->   Operation 79 'load' 'REG2_V_6_loc_load' <Predicate = true> <Delay = 0.00>
ST_6 : Operation 80 [2/2] (1.06ns)   --->   "%call_ln0 = call void @compute_slave_Pipeline_compute_rows_VITIS_LOOP_69_5, i16 %REG1_V_6_loc_load, i16 %REG1_V_4_loc_load, i16 %REG1_V_2_loc_load, i16 %REG1_V_1_loc_load, i16 %REG2_V_6_loc_load, i16 %REG2_V_4_loc_load, i16 %REG2_V_2_loc_load, i16 %REG2_V_1_loc_load, i16 %REG1_V_7_loc_load, i16 %REG1_V_9_loc_load, i16 %REG1_V_11_loc_load, i16 %REG1_V_14_loc_load, i16 %REG2_V_7_loc_load, i16 %REG2_V_9_loc_load, i16 %REG2_V_11_loc_load, i16 %REG2_V_14_loc_load, i16 %REG1_V_5_loc_load, i16 %REG1_V_3_loc_load, i16 %REG1_V_12_loc_load, i16 %REG1_V_loc_load, i16 %REG2_V_5_loc_load, i16 %REG2_V_3_loc_load, i16 %REG2_V_12_loc_load, i16 %REG2_V_loc_load, i16 %REG1_V_8_loc_load, i16 %REG1_V_10_loc_load, i16 %REG1_V_13_loc_load, i16 %REG1_V_15_loc_load, i16 %REG2_V_8_loc_load, i16 %REG2_V_10_loc_load, i16 %REG2_V_13_loc_load, i16 %REG2_V_15_loc_load, i32 %result_out"   --->   Operation 80 'call' 'call_ln0' <Predicate = true> <Delay = 1.06> <CoreType = "Generic">   --->   Core 0 '' <Latency = 0> <II = 1> <Delay = 1.00> <Generic> <Opcode : >

State 7 <SV = 6> <Delay = 0.42>
ST_7 : Operation 81 [1/1] (0.00ns)   --->   "%spectopmodule_ln36 = spectopmodule void @_ssdm_op_SpecTopModule, void @empty_2" [Compute_block_slave/Compute_slave.cpp:36]   --->   Operation 81 'spectopmodule' 'spectopmodule_ln36' <Predicate = true> <Delay = 0.00>
ST_7 : Operation 82 [1/1] (0.00ns)   --->   "%specinterface_ln36 = specinterface void @_ssdm_op_SpecInterface, i32 0, void @empty_3, i32 0, i32 0, void @empty, i32 0, i32 0, void @empty, void @empty, void @empty, i32 0, i32 0, i32 0, i32 0, void @empty, void @empty, i32 4294967295, i32 0" [Compute_block_slave/Compute_slave.cpp:36]   --->   Operation 82 'specinterface' 'specinterface_ln36' <Predicate = true> <Delay = 0.00>
ST_7 : Operation 83 [1/1] (0.00ns)   --->   "%specinterface_ln0 = specinterface void @_ssdm_op_SpecInterface, i32 %fwd_in1, void @empty_0, i32 0, i32 0, void @empty, i32 0, i32 0, void @empty, void @empty, void @empty, i32 0, i32 0, i32 0, i32 0, void @empty, void @empty, i32 4294967295, i32 0"   --->   Operation 83 'specinterface' 'specinterface_ln0' <Predicate = true> <Delay = 0.00>
ST_7 : Operation 84 [1/1] (0.00ns)   --->   "%specbitsmap_ln0 = specbitsmap void @_ssdm_op_SpecBitsMap, i32 %fwd_in1"   --->   Operation 84 'specbitsmap' 'specbitsmap_ln0' <Predicate = true> <Delay = 0.00>
ST_7 : Operation 85 [1/1] (0.00ns)   --->   "%specinterface_ln0 = specinterface void @_ssdm_op_SpecInterface, i32 %fwd_in2, void @empty_0, i32 0, i32 0, void @empty, i32 0, i32 0, void @empty, void @empty, void @empty, i32 0, i32 0, i32 0, i32 0, void @empty, void @empty, i32 4294967295, i32 0"   --->   Operation 85 'specinterface' 'specinterface_ln0' <Predicate = true> <Delay = 0.00>
ST_7 : Operation 86 [1/1] (0.00ns)   --->   "%specbitsmap_ln0 = specbitsmap void @_ssdm_op_SpecBitsMap, i32 %fwd_in2"   --->   Operation 86 'specbitsmap' 'specbitsmap_ln0' <Predicate = true> <Delay = 0.00>
ST_7 : Operation 87 [1/1] (0.00ns)   --->   "%specinterface_ln0 = specinterface void @_ssdm_op_SpecInterface, i32 %result_out, void @empty_1, i32 0, i32 0, void @empty, i32 4294967295, i32 0, void @empty, void @empty, void @empty, i32 0, i32 0, i32 0, i32 0, void @empty, void @empty, i32 4294967295, i32 0"   --->   Operation 87 'specinterface' 'specinterface_ln0' <Predicate = true> <Delay = 0.00>
ST_7 : Operation 88 [1/1] (0.00ns)   --->   "%specbitsmap_ln0 = specbitsmap void @_ssdm_op_SpecBitsMap, i32 %result_out"   --->   Operation 88 'specbitsmap' 'specbitsmap_ln0' <Predicate = true> <Delay = 0.00>
ST_7 : Operation 89 [1/1] (0.42ns)   --->   "%store_ln48 = store i1 0, i1 %dummy" [Compute_block_slave/Compute_slave.cpp:48]   --->   Operation 89 'store' 'store_ln48' <Predicate = true> <Delay = 0.42>
ST_7 : Operation 90 [1/1] (0.00ns)   --->   "%dummy_1 = load i1 %dummy" [Compute_block_slave/Compute_slave.cpp:50]   --->   Operation 90 'load' 'dummy_1' <Predicate = true> <Delay = 0.00>
ST_7 : Operation 91 [1/1] (0.42ns)   --->   "%store_ln50 = store i1 %dummy_1, i1 %dummy" [Compute_block_slave/Compute_slave.cpp:50]   --->   Operation 91 'store' 'store_ln50' <Predicate = true> <Delay = 0.42>
ST_7 : Operation 92 [1/2] (0.00ns)   --->   "%call_ln0 = call void @compute_slave_Pipeline_compute_rows_VITIS_LOOP_69_5, i16 %REG1_V_6_loc_load, i16 %REG1_V_4_loc_load, i16 %REG1_V_2_loc_load, i16 %REG1_V_1_loc_load, i16 %REG2_V_6_loc_load, i16 %REG2_V_4_loc_load, i16 %REG2_V_2_loc_load, i16 %REG2_V_1_loc_load, i16 %REG1_V_7_loc_load, i16 %REG1_V_9_loc_load, i16 %REG1_V_11_loc_load, i16 %REG1_V_14_loc_load, i16 %REG2_V_7_loc_load, i16 %REG2_V_9_loc_load, i16 %REG2_V_11_loc_load, i16 %REG2_V_14_loc_load, i16 %REG1_V_5_loc_load, i16 %REG1_V_3_loc_load, i16 %REG1_V_12_loc_load, i16 %REG1_V_loc_load, i16 %REG2_V_5_loc_load, i16 %REG2_V_3_loc_load, i16 %REG2_V_12_loc_load, i16 %REG2_V_loc_load, i16 %REG1_V_8_loc_load, i16 %REG1_V_10_loc_load, i16 %REG1_V_13_loc_load, i16 %REG1_V_15_loc_load, i16 %REG2_V_8_loc_load, i16 %REG2_V_10_loc_load, i16 %REG2_V_13_loc_load, i16 %REG2_V_15_loc_load, i32 %result_out"   --->   Operation 92 'call' 'call_ln0' <Predicate = true> <Delay = 0.00> <CoreType = "Generic">   --->   Core 0 '' <Latency = 0> <II = 1> <Delay = 1.00> <Generic> <Opcode : >
ST_7 : Operation 93 [1/1] (0.00ns)   --->   "%ret_ln78 = ret" [Compute_block_slave/Compute_slave.cpp:78]   --->   Operation 93 'ret' 'ret_ln78' <Predicate = true> <Delay = 0.00>


============================================================
+ Verbose Summary: Binding
============================================================
STG Binding: 
---------------- STG Properties BEGIN ----------------
- Is combinational: 0
- Is one-state seq: 0
- Is datapath-only: 0
- Is pipelined: 0
- Is top level: 1
Port [ Return ] is wired: 1; IO mode=ap_ctrl_hs:ce=0
Port [ fwd_in1]:  wired=1; compound=1; hidden=0; nouse=0; global=0; static=0; extern=0; dir=0; type=3; pingpong=0; private_global=0; IO mode=ap_fifo:ce=0
Port [ fwd_in2]:  wired=1; compound=1; hidden=0; nouse=0; global=0; static=0; extern=0; dir=0; type=3; pingpong=0; private_global=0; IO mode=ap_fifo:ce=0
Port [ result_out]:  wired=1; compound=1; hidden=0; nouse=0; global=0; static=0; extern=0; dir=1; type=1; pingpong=0; private_global=0; MemPort=[03]; IO mode=ap_memory:ce=0
---------------- STG Properties END ------------------

---------------- Datapath Model BEGIN ----------------

<LifeTime>
<method=bitvector/>
REG2_V_6_loc       (alloca       ) [ 00111110]
REG2_V_7_loc       (alloca       ) [ 00111110]
REG2_V_5_loc       (alloca       ) [ 00111110]
REG2_V_8_loc       (alloca       ) [ 00111110]
REG2_V_4_loc       (alloca       ) [ 00111110]
REG2_V_9_loc       (alloca       ) [ 00111110]
REG2_V_3_loc       (alloca       ) [ 00111110]
REG2_V_10_loc      (alloca       ) [ 00111110]
REG2_V_2_loc       (alloca       ) [ 00111110]
REG2_V_11_loc      (alloca       ) [ 00111110]
REG2_V_12_loc      (alloca       ) [ 00111110]
REG2_V_13_loc      (alloca       ) [ 00111110]
REG2_V_1_loc       (alloca       ) [ 00111110]
REG2_V_14_loc      (alloca       ) [ 00111110]
REG2_V_loc         (alloca       ) [ 00111110]
REG2_V_15_loc      (alloca       ) [ 00111110]
REG1_V_6_loc       (alloca       ) [ 01111110]
REG1_V_7_loc       (alloca       ) [ 01111110]
REG1_V_5_loc       (alloca       ) [ 01111110]
REG1_V_8_loc       (alloca       ) [ 01111110]
REG1_V_4_loc       (alloca       ) [ 01111110]
REG1_V_9_loc       (alloca       ) [ 01111110]
REG1_V_3_loc       (alloca       ) [ 01111110]
REG1_V_10_loc      (alloca       ) [ 01111110]
REG1_V_2_loc       (alloca       ) [ 01111110]
REG1_V_11_loc      (alloca       ) [ 01111110]
REG1_V_12_loc      (alloca       ) [ 01111110]
REG1_V_13_loc      (alloca       ) [ 01111110]
REG1_V_1_loc       (alloca       ) [ 01111110]
REG1_V_14_loc      (alloca       ) [ 01111110]
REG1_V_loc         (alloca       ) [ 01111110]
REG1_V_15_loc      (alloca       ) [ 01111110]
dummy              (alloca       ) [ 00111111]
empty              (wait         ) [ 00000000]
call_ln0           (call         ) [ 00000000]
empty_13           (wait         ) [ 00000000]
empty_14           (wait         ) [ 00000000]
call_ln0           (call         ) [ 00000000]
REG1_V_15_loc_load (load         ) [ 00000001]
REG1_V_loc_load    (load         ) [ 00000001]
REG1_V_14_loc_load (load         ) [ 00000001]
REG1_V_1_loc_load  (load         ) [ 00000001]
REG1_V_13_loc_load (load         ) [ 00000001]
REG1_V_12_loc_load (load         ) [ 00000001]
REG1_V_11_loc_load (load         ) [ 00000001]
REG1_V_2_loc_load  (load         ) [ 00000001]
REG1_V_10_loc_load (load         ) [ 00000001]
REG1_V_3_loc_load  (load         ) [ 00000001]
REG1_V_9_loc_load  (load         ) [ 00000001]
REG1_V_4_loc_load  (load         ) [ 00000001]
REG1_V_8_loc_load  (load         ) [ 00000001]
REG1_V_5_loc_load  (load         ) [ 00000001]
REG1_V_7_loc_load  (load         ) [ 00000001]
REG1_V_6_loc_load  (load         ) [ 00000001]
REG2_V_15_loc_load (load         ) [ 00000001]
REG2_V_loc_load    (load         ) [ 00000001]
REG2_V_14_loc_load (load         ) [ 00000001]
REG2_V_1_loc_load  (load         ) [ 00000001]
REG2_V_13_loc_load (load         ) [ 00000001]
REG2_V_12_loc_load (load         ) [ 00000001]
REG2_V_11_loc_load (load         ) [ 00000001]
REG2_V_2_loc_load  (load         ) [ 00000001]
REG2_V_10_loc_load (load         ) [ 00000001]
REG2_V_3_loc_load  (load         ) [ 00000001]
REG2_V_9_loc_load  (load         ) [ 00000001]
REG2_V_4_loc_load  (load         ) [ 00000001]
REG2_V_8_loc_load  (load         ) [ 00000001]
REG2_V_5_loc_load  (load         ) [ 00000001]
REG2_V_7_loc_load  (load         ) [ 00000001]
REG2_V_6_loc_load  (load         ) [ 00000001]
spectopmodule_ln36 (spectopmodule) [ 00000000]
specinterface_ln36 (specinterface) [ 00000000]
specinterface_ln0  (specinterface) [ 00000000]
specbitsmap_ln0    (specbitsmap  ) [ 00000000]
specinterface_ln0  (specinterface) [ 00000000]
specbitsmap_ln0    (specbitsmap  ) [ 00000000]
specinterface_ln0  (specinterface) [ 00000000]
specbitsmap_ln0    (specbitsmap  ) [ 00000000]
store_ln48         (store        ) [ 00000000]
dummy_1            (load         ) [ 00000000]
store_ln50         (store        ) [ 00000000]
call_ln0           (call         ) [ 00000000]
ret_ln78           (ret          ) [ 00000000]
</LifeTime>

<model>

<comp_list>
<comp id="0" class="1000" name="fwd_in1">
<pin_list>
<pin id="1" dir="1" index="0" bw="1" slack="0"/>
</pin_list>
<bind>
<StgValue><ssdm name="fwd_in1"/></StgValue>
</bind>
</comp>

<comp id="2" class="1000" name="fwd_in2">
<pin_list>
<pin id="3" dir="1" index="0" bw="1" slack="0"/>
</pin_list>
<bind>
<StgValue><ssdm name="fwd_in2"/></StgValue>
</bind>
</comp>

<comp id="4" class="1000" name="result_out">
<pin_list>
<pin id="5" dir="1" index="0" bw="1" slack="0"/>
</pin_list>
<bind>
<StgValue><ssdm name="result_out"/><MemPortTyVec>0 3 </MemPortTyVec>
</StgValue>
</bind>
</comp>

<comp id="6" class="1001" name="const_6">
<pin_list>
<pin id="7" dir="1" index="0" bw="1" slack="0"/>
</pin_list>
<bind>
<StgValue><ssdm name=""/></StgValue>
</bind>
</comp>

<comp id="8" class="1001" name="const_8">
<pin_list>
<pin id="9" dir="1" index="0" bw="1" slack="2147483647"/>
</pin_list>
<bind>
<StgValue><ssdm name="_ssdm_op_Wait"/></StgValue>
</bind>
</comp>

<comp id="10" class="1001" name="const_10">
<pin_list>
<pin id="11" dir="1" index="0" bw="1" slack="0"/>
</pin_list>
<bind>
<StgValue><ssdm name="compute_slave_Pipeline_VITIS_LOOP_53_1_VITIS_LOOP_54_2"/></StgValue>
</bind>
</comp>

<comp id="12" class="1001" name="const_12">
<pin_list>
<pin id="13" dir="1" index="0" bw="1" slack="0"/>
</pin_list>
<bind>
<StgValue><ssdm name="compute_slave_Pipeline_VITIS_LOOP_60_3_VITIS_LOOP_61_4"/></StgValue>
</bind>
</comp>

<comp id="14" class="1001" name="const_14">
<pin_list>
<pin id="15" dir="1" index="0" bw="1" slack="0"/>
</pin_list>
<bind>
<StgValue><ssdm name="compute_slave_Pipeline_compute_rows_VITIS_LOOP_69_5"/></StgValue>
</bind>
</comp>

<comp id="16" class="1001" name="const_16">
<pin_list>
<pin id="17" dir="1" index="0" bw="1" slack="2147483647"/>
</pin_list>
<bind>
<StgValue><ssdm name="_ssdm_op_SpecTopModule"/></StgValue>
</bind>
</comp>

<comp id="18" class="1001" name="const_18">
<pin_list>
<pin id="19" dir="1" index="0" bw="1" slack="2147483647"/>
</pin_list>
<bind>
<StgValue><ssdm name="empty_2"/></StgValue>
</bind>
</comp>

<comp id="20" class="1001" name="const_20">
<pin_list>
<pin id="21" dir="1" index="0" bw="1" slack="2147483647"/>
</pin_list>
<bind>
<StgValue><ssdm name="_ssdm_op_SpecInterface"/></StgValue>
</bind>
</comp>

<comp id="22" class="1001" name="const_22">
<pin_list>
<pin id="23" dir="1" index="0" bw="1" slack="2147483647"/>
</pin_list>
<bind>
<StgValue><ssdm name=""/></StgValue>
</bind>
</comp>

<comp id="24" class="1001" name="const_24">
<pin_list>
<pin id="25" dir="1" index="0" bw="1" slack="2147483647"/>
</pin_list>
<bind>
<StgValue><ssdm name="empty_3"/></StgValue>
</bind>
</comp>

<comp id="26" class="1001" name="const_26">
<pin_list>
<pin id="27" dir="1" index="0" bw="1" slack="2147483647"/>
</pin_list>
<bind>
<StgValue><ssdm name="empty"/></StgValue>
</bind>
</comp>

<comp id="28" class="1001" name="const_28">
<pin_list>
<pin id="29" dir="1" index="0" bw="1" slack="2147483647"/>
</pin_list>
<bind>
<StgValue><ssdm name=""/></StgValue>
</bind>
</comp>

<comp id="30" class="1001" name="const_30">
<pin_list>
<pin id="31" dir="1" index="0" bw="1" slack="2147483647"/>
</pin_list>
<bind>
<StgValue><ssdm name="empty_0"/></StgValue>
</bind>
</comp>

<comp id="32" class="1001" name="const_32">
<pin_list>
<pin id="33" dir="1" index="0" bw="1" slack="2147483647"/>
</pin_list>
<bind>
<StgValue><ssdm name="_ssdm_op_SpecBitsMap"/></StgValue>
</bind>
</comp>

<comp id="34" class="1001" name="const_34">
<pin_list>
<pin id="35" dir="1" index="0" bw="1" slack="2147483647"/>
</pin_list>
<bind>
<StgValue><ssdm name="empty_1"/></StgValue>
</bind>
</comp>

<comp id="36" class="1001" name="const_36">
<pin_list>
<pin id="37" dir="1" index="0" bw="1" slack="0"/>
</pin_list>
<bind>
<StgValue><ssdm name=""/></StgValue>
</bind>
</comp>

<comp id="38" class="1004" name="REG2_V_6_loc_fu_38">
<pin_list>
<pin id="39" dir="0" index="0" bw="1" slack="0"/>
<pin id="40" dir="1" index="1" bw="16" slack="3"/>
</pin_list>
<bind>
<opcode="alloca(26) " fcode="alloca"/>
<opset="REG2_V_6_loc/1 "/>
</bind>
</comp>

<comp id="42" class="1004" name="REG2_V_7_loc_fu_42">
<pin_list>
<pin id="43" dir="0" index="0" bw="1" slack="0"/>
<pin id="44" dir="1" index="1" bw="16" slack="3"/>
</pin_list>
<bind>
<opcode="alloca(26) " fcode="alloca"/>
<opset="REG2_V_7_loc/1 "/>
</bind>
</comp>

<comp id="46" class="1004" name="REG2_V_5_loc_fu_46">
<pin_list>
<pin id="47" dir="0" index="0" bw="1" slack="0"/>
<pin id="48" dir="1" index="1" bw="16" slack="3"/>
</pin_list>
<bind>
<opcode="alloca(26) " fcode="alloca"/>
<opset="REG2_V_5_loc/1 "/>
</bind>
</comp>

<comp id="50" class="1004" name="REG2_V_8_loc_fu_50">
<pin_list>
<pin id="51" dir="0" index="0" bw="1" slack="0"/>
<pin id="52" dir="1" index="1" bw="16" slack="3"/>
</pin_list>
<bind>
<opcode="alloca(26) " fcode="alloca"/>
<opset="REG2_V_8_loc/1 "/>
</bind>
</comp>

<comp id="54" class="1004" name="REG2_V_4_loc_fu_54">
<pin_list>
<pin id="55" dir="0" index="0" bw="1" slack="0"/>
<pin id="56" dir="1" index="1" bw="16" slack="3"/>
</pin_list>
<bind>
<opcode="alloca(26) " fcode="alloca"/>
<opset="REG2_V_4_loc/1 "/>
</bind>
</comp>

<comp id="58" class="1004" name="REG2_V_9_loc_fu_58">
<pin_list>
<pin id="59" dir="0" index="0" bw="1" slack="0"/>
<pin id="60" dir="1" index="1" bw="16" slack="3"/>
</pin_list>
<bind>
<opcode="alloca(26) " fcode="alloca"/>
<opset="REG2_V_9_loc/1 "/>
</bind>
</comp>

<comp id="62" class="1004" name="REG2_V_3_loc_fu_62">
<pin_list>
<pin id="63" dir="0" index="0" bw="1" slack="0"/>
<pin id="64" dir="1" index="1" bw="16" slack="3"/>
</pin_list>
<bind>
<opcode="alloca(26) " fcode="alloca"/>
<opset="REG2_V_3_loc/1 "/>
</bind>
</comp>

<comp id="66" class="1004" name="REG2_V_10_loc_fu_66">
<pin_list>
<pin id="67" dir="0" index="0" bw="1" slack="0"/>
<pin id="68" dir="1" index="1" bw="16" slack="3"/>
</pin_list>
<bind>
<opcode="alloca(26) " fcode="alloca"/>
<opset="REG2_V_10_loc/1 "/>
</bind>
</comp>

<comp id="70" class="1004" name="REG2_V_2_loc_fu_70">
<pin_list>
<pin id="71" dir="0" index="0" bw="1" slack="0"/>
<pin id="72" dir="1" index="1" bw="16" slack="3"/>
</pin_list>
<bind>
<opcode="alloca(26) " fcode="alloca"/>
<opset="REG2_V_2_loc/1 "/>
</bind>
</comp>

<comp id="74" class="1004" name="REG2_V_11_loc_fu_74">
<pin_list>
<pin id="75" dir="0" index="0" bw="1" slack="0"/>
<pin id="76" dir="1" index="1" bw="16" slack="3"/>
</pin_list>
<bind>
<opcode="alloca(26) " fcode="alloca"/>
<opset="REG2_V_11_loc/1 "/>
</bind>
</comp>

<comp id="78" class="1004" name="REG2_V_12_loc_fu_78">
<pin_list>
<pin id="79" dir="0" index="0" bw="1" slack="0"/>
<pin id="80" dir="1" index="1" bw="16" slack="3"/>
</pin_list>
<bind>
<opcode="alloca(26) " fcode="alloca"/>
<opset="REG2_V_12_loc/1 "/>
</bind>
</comp>

<comp id="82" class="1004" name="REG2_V_13_loc_fu_82">
<pin_list>
<pin id="83" dir="0" index="0" bw="1" slack="0"/>
<pin id="84" dir="1" index="1" bw="16" slack="3"/>
</pin_list>
<bind>
<opcode="alloca(26) " fcode="alloca"/>
<opset="REG2_V_13_loc/1 "/>
</bind>
</comp>

<comp id="86" class="1004" name="REG2_V_1_loc_fu_86">
<pin_list>
<pin id="87" dir="0" index="0" bw="1" slack="0"/>
<pin id="88" dir="1" index="1" bw="16" slack="3"/>
</pin_list>
<bind>
<opcode="alloca(26) " fcode="alloca"/>
<opset="REG2_V_1_loc/1 "/>
</bind>
</comp>

<comp id="90" class="1004" name="REG2_V_14_loc_fu_90">
<pin_list>
<pin id="91" dir="0" index="0" bw="1" slack="0"/>
<pin id="92" dir="1" index="1" bw="16" slack="3"/>
</pin_list>
<bind>
<opcode="alloca(26) " fcode="alloca"/>
<opset="REG2_V_14_loc/1 "/>
</bind>
</comp>

<comp id="94" class="1004" name="REG2_V_loc_fu_94">
<pin_list>
<pin id="95" dir="0" index="0" bw="1" slack="0"/>
<pin id="96" dir="1" index="1" bw="16" slack="3"/>
</pin_list>
<bind>
<opcode="alloca(26) " fcode="alloca"/>
<opset="REG2_V_loc/1 "/>
</bind>
</comp>

<comp id="98" class="1004" name="REG2_V_15_loc_fu_98">
<pin_list>
<pin id="99" dir="0" index="0" bw="1" slack="0"/>
<pin id="100" dir="1" index="1" bw="16" slack="3"/>
</pin_list>
<bind>
<opcode="alloca(26) " fcode="alloca"/>
<opset="REG2_V_15_loc/1 "/>
</bind>
</comp>

<comp id="102" class="1004" name="REG1_V_6_loc_fu_102">
<pin_list>
<pin id="103" dir="0" index="0" bw="1" slack="0"/>
<pin id="104" dir="1" index="1" bw="16" slack="0"/>
</pin_list>
<bind>
<opcode="alloca(26) " fcode="alloca"/>
<opset="REG1_V_6_loc/1 "/>
</bind>
</comp>

<comp id="106" class="1004" name="REG1_V_7_loc_fu_106">
<pin_list>
<pin id="107" dir="0" index="0" bw="1" slack="0"/>
<pin id="108" dir="1" index="1" bw="16" slack="0"/>
</pin_list>
<bind>
<opcode="alloca(26) " fcode="alloca"/>
<opset="REG1_V_7_loc/1 "/>
</bind>
</comp>

<comp id="110" class="1004" name="REG1_V_5_loc_fu_110">
<pin_list>
<pin id="111" dir="0" index="0" bw="1" slack="0"/>
<pin id="112" dir="1" index="1" bw="16" slack="0"/>
</pin_list>
<bind>
<opcode="alloca(26) " fcode="alloca"/>
<opset="REG1_V_5_loc/1 "/>
</bind>
</comp>

<comp id="114" class="1004" name="REG1_V_8_loc_fu_114">
<pin_list>
<pin id="115" dir="0" index="0" bw="1" slack="0"/>
<pin id="116" dir="1" index="1" bw="16" slack="0"/>
</pin_list>
<bind>
<opcode="alloca(26) " fcode="alloca"/>
<opset="REG1_V_8_loc/1 "/>
</bind>
</comp>

<comp id="118" class="1004" name="REG1_V_4_loc_fu_118">
<pin_list>
<pin id="119" dir="0" index="0" bw="1" slack="0"/>
<pin id="120" dir="1" index="1" bw="16" slack="0"/>
</pin_list>
<bind>
<opcode="alloca(26) " fcode="alloca"/>
<opset="REG1_V_4_loc/1 "/>
</bind>
</comp>

<comp id="122" class="1004" name="REG1_V_9_loc_fu_122">
<pin_list>
<pin id="123" dir="0" index="0" bw="1" slack="0"/>
<pin id="124" dir="1" index="1" bw="16" slack="0"/>
</pin_list>
<bind>
<opcode="alloca(26) " fcode="alloca"/>
<opset="REG1_V_9_loc/1 "/>
</bind>
</comp>

<comp id="126" class="1004" name="REG1_V_3_loc_fu_126">
<pin_list>
<pin id="127" dir="0" index="0" bw="1" slack="0"/>
<pin id="128" dir="1" index="1" bw="16" slack="0"/>
</pin_list>
<bind>
<opcode="alloca(26) " fcode="alloca"/>
<opset="REG1_V_3_loc/1 "/>
</bind>
</comp>

<comp id="130" class="1004" name="REG1_V_10_loc_fu_130">
<pin_list>
<pin id="131" dir="0" index="0" bw="1" slack="0"/>
<pin id="132" dir="1" index="1" bw="16" slack="0"/>
</pin_list>
<bind>
<opcode="alloca(26) " fcode="alloca"/>
<opset="REG1_V_10_loc/1 "/>
</bind>
</comp>

<comp id="134" class="1004" name="REG1_V_2_loc_fu_134">
<pin_list>
<pin id="135" dir="0" index="0" bw="1" slack="0"/>
<pin id="136" dir="1" index="1" bw="16" slack="0"/>
</pin_list>
<bind>
<opcode="alloca(26) " fcode="alloca"/>
<opset="REG1_V_2_loc/1 "/>
</bind>
</comp>

<comp id="138" class="1004" name="REG1_V_11_loc_fu_138">
<pin_list>
<pin id="139" dir="0" index="0" bw="1" slack="0"/>
<pin id="140" dir="1" index="1" bw="16" slack="0"/>
</pin_list>
<bind>
<opcode="alloca(26) " fcode="alloca"/>
<opset="REG1_V_11_loc/1 "/>
</bind>
</comp>

<comp id="142" class="1004" name="REG1_V_12_loc_fu_142">
<pin_list>
<pin id="143" dir="0" index="0" bw="1" slack="0"/>
<pin id="144" dir="1" index="1" bw="16" slack="0"/>
</pin_list>
<bind>
<opcode="alloca(26) " fcode="alloca"/>
<opset="REG1_V_12_loc/1 "/>
</bind>
</comp>

<comp id="146" class="1004" name="REG1_V_13_loc_fu_146">
<pin_list>
<pin id="147" dir="0" index="0" bw="1" slack="0"/>
<pin id="148" dir="1" index="1" bw="16" slack="0"/>
</pin_list>
<bind>
<opcode="alloca(26) " fcode="alloca"/>
<opset="REG1_V_13_loc/1 "/>
</bind>
</comp>

<comp id="150" class="1004" name="REG1_V_1_loc_fu_150">
<pin_list>
<pin id="151" dir="0" index="0" bw="1" slack="0"/>
<pin id="152" dir="1" index="1" bw="16" slack="0"/>
</pin_list>
<bind>
<opcode="alloca(26) " fcode="alloca"/>
<opset="REG1_V_1_loc/1 "/>
</bind>
</comp>

<comp id="154" class="1004" name="REG1_V_14_loc_fu_154">
<pin_list>
<pin id="155" dir="0" index="0" bw="1" slack="0"/>
<pin id="156" dir="1" index="1" bw="16" slack="0"/>
</pin_list>
<bind>
<opcode="alloca(26) " fcode="alloca"/>
<opset="REG1_V_14_loc/1 "/>
</bind>
</comp>

<comp id="158" class="1004" name="REG1_V_loc_fu_158">
<pin_list>
<pin id="159" dir="0" index="0" bw="1" slack="0"/>
<pin id="160" dir="1" index="1" bw="16" slack="0"/>
</pin_list>
<bind>
<opcode="alloca(26) " fcode="alloca"/>
<opset="REG1_V_loc/1 "/>
</bind>
</comp>

<comp id="162" class="1004" name="REG1_V_15_loc_fu_162">
<pin_list>
<pin id="163" dir="0" index="0" bw="1" slack="0"/>
<pin id="164" dir="1" index="1" bw="16" slack="0"/>
</pin_list>
<bind>
<opcode="alloca(26) " fcode="alloca"/>
<opset="REG1_V_15_loc/1 "/>
</bind>
</comp>

<comp id="166" class="1004" name="dummy_fu_166">
<pin_list>
<pin id="167" dir="0" index="0" bw="1" slack="0"/>
<pin id="168" dir="1" index="1" bw="1" slack="6"/>
</pin_list>
<bind>
<opcode="alloca(26) " fcode="alloca"/>
<opset="dummy/1 "/>
</bind>
</comp>

<comp id="170" class="1004" name="grp_compute_slave_Pipeline_VITIS_LOOP_53_1_VITIS_LOOP_54_2_fu_170">
<pin_list>
<pin id="171" dir="0" index="0" bw="0" slack="0"/>
<pin id="172" dir="0" index="1" bw="32" slack="0"/>
<pin id="173" dir="0" index="2" bw="16" slack="0"/>
<pin id="174" dir="0" index="3" bw="16" slack="0"/>
<pin id="175" dir="0" index="4" bw="16" slack="0"/>
<pin id="176" dir="0" index="5" bw="16" slack="0"/>
<pin id="177" dir="0" index="6" bw="16" slack="0"/>
<pin id="178" dir="0" index="7" bw="16" slack="0"/>
<pin id="179" dir="0" index="8" bw="16" slack="0"/>
<pin id="180" dir="0" index="9" bw="16" slack="0"/>
<pin id="181" dir="0" index="10" bw="16" slack="0"/>
<pin id="182" dir="0" index="11" bw="16" slack="0"/>
<pin id="183" dir="0" index="12" bw="16" slack="0"/>
<pin id="184" dir="0" index="13" bw="16" slack="0"/>
<pin id="185" dir="0" index="14" bw="16" slack="0"/>
<pin id="186" dir="0" index="15" bw="16" slack="0"/>
<pin id="187" dir="0" index="16" bw="16" slack="0"/>
<pin id="188" dir="0" index="17" bw="16" slack="0"/>
<pin id="189" dir="1" index="18" bw="0" slack="2147483647"/>
</pin_list>
<bind>
<opcode="call(48) " fcode="call"/>
<opset="call_ln0/1 "/>
</bind>
</comp>

<comp id="192" class="1004" name="grp_compute_slave_Pipeline_VITIS_LOOP_60_3_VITIS_LOOP_61_4_fu_192">
<pin_list>
<pin id="193" dir="0" index="0" bw="0" slack="0"/>
<pin id="194" dir="0" index="1" bw="32" slack="0"/>
<pin id="195" dir="0" index="2" bw="16" slack="3"/>
<pin id="196" dir="0" index="3" bw="16" slack="3"/>
<pin id="197" dir="0" index="4" bw="16" slack="3"/>
<pin id="198" dir="0" index="5" bw="16" slack="3"/>
<pin id="199" dir="0" index="6" bw="16" slack="3"/>
<pin id="200" dir="0" index="7" bw="16" slack="3"/>
<pin id="201" dir="0" index="8" bw="16" slack="3"/>
<pin id="202" dir="0" index="9" bw="16" slack="3"/>
<pin id="203" dir="0" index="10" bw="16" slack="3"/>
<pin id="204" dir="0" index="11" bw="16" slack="3"/>
<pin id="205" dir="0" index="12" bw="16" slack="3"/>
<pin id="206" dir="0" index="13" bw="16" slack="3"/>
<pin id="207" dir="0" index="14" bw="16" slack="3"/>
<pin id="208" dir="0" index="15" bw="16" slack="3"/>
<pin id="209" dir="0" index="16" bw="16" slack="3"/>
<pin id="210" dir="0" index="17" bw="16" slack="3"/>
<pin id="211" dir="1" index="18" bw="0" slack="2147483647"/>
</pin_list>
<bind>
<opcode="call(48) " fcode="call"/>
<opset="call_ln0/4 "/>
</bind>
</comp>

<comp id="214" class="1004" name="grp_compute_slave_Pipeline_compute_rows_VITIS_LOOP_69_5_fu_214">
<pin_list>
<pin id="215" dir="0" index="0" bw="0" slack="0"/>
<pin id="216" dir="0" index="1" bw="16" slack="0"/>
<pin id="217" dir="0" index="2" bw="16" slack="0"/>
<pin id="218" dir="0" index="3" bw="16" slack="0"/>
<pin id="219" dir="0" index="4" bw="16" slack="0"/>
<pin id="220" dir="0" index="5" bw="16" slack="0"/>
<pin id="221" dir="0" index="6" bw="16" slack="0"/>
<pin id="222" dir="0" index="7" bw="16" slack="0"/>
<pin id="223" dir="0" index="8" bw="16" slack="0"/>
<pin id="224" dir="0" index="9" bw="16" slack="0"/>
<pin id="225" dir="0" index="10" bw="16" slack="0"/>
<pin id="226" dir="0" index="11" bw="16" slack="0"/>
<pin id="227" dir="0" index="12" bw="16" slack="0"/>
<pin id="228" dir="0" index="13" bw="16" slack="0"/>
<pin id="229" dir="0" index="14" bw="16" slack="0"/>
<pin id="230" dir="0" index="15" bw="16" slack="0"/>
<pin id="231" dir="0" index="16" bw="16" slack="0"/>
<pin id="232" dir="0" index="17" bw="16" slack="0"/>
<pin id="233" dir="0" index="18" bw="16" slack="0"/>
<pin id="234" dir="0" index="19" bw="16" slack="0"/>
<pin id="235" dir="0" index="20" bw="16" slack="0"/>
<pin id="236" dir="0" index="21" bw="16" slack="0"/>
<pin id="237" dir="0" index="22" bw="16" slack="0"/>
<pin id="238" dir="0" index="23" bw="16" slack="0"/>
<pin id="239" dir="0" index="24" bw="16" slack="0"/>
<pin id="240" dir="0" index="25" bw="16" slack="0"/>
<pin id="241" dir="0" index="26" bw="16" slack="0"/>
<pin id="242" dir="0" index="27" bw="16" slack="0"/>
<pin id="243" dir="0" index="28" bw="16" slack="0"/>
<pin id="244" dir="0" index="29" bw="16" slack="0"/>
<pin id="245" dir="0" index="30" bw="16" slack="0"/>
<pin id="246" dir="0" index="31" bw="16" slack="0"/>
<pin id="247" dir="0" index="32" bw="16" slack="0"/>
<pin id="248" dir="0" index="33" bw="32" slack="0"/>
<pin id="249" dir="1" index="34" bw="0" slack="2147483647"/>
</pin_list>
<bind>
<opcode="call(48) " fcode="call"/>
<opset="call_ln0/6 "/>
</bind>
</comp>

<comp id="252" class="1004" name="REG1_V_15_loc_load_load_fu_252">
<pin_list>
<pin id="253" dir="0" index="0" bw="16" slack="5"/>
<pin id="254" dir="1" index="1" bw="16" slack="0"/>
</pin_list>
<bind>
<opcode="load(27) " fcode="load"/>
<opset="REG1_V_15_loc_load/6 "/>
</bind>
</comp>

<comp id="256" class="1004" name="REG1_V_loc_load_load_fu_256">
<pin_list>
<pin id="257" dir="0" index="0" bw="16" slack="5"/>
<pin id="258" dir="1" index="1" bw="16" slack="0"/>
</pin_list>
<bind>
<opcode="load(27) " fcode="load"/>
<opset="REG1_V_loc_load/6 "/>
</bind>
</comp>

<comp id="260" class="1004" name="REG1_V_14_loc_load_load_fu_260">
<pin_list>
<pin id="261" dir="0" index="0" bw="16" slack="5"/>
<pin id="262" dir="1" index="1" bw="16" slack="0"/>
</pin_list>
<bind>
<opcode="load(27) " fcode="load"/>
<opset="REG1_V_14_loc_load/6 "/>
</bind>
</comp>

<comp id="264" class="1004" name="REG1_V_1_loc_load_load_fu_264">
<pin_list>
<pin id="265" dir="0" index="0" bw="16" slack="5"/>
<pin id="266" dir="1" index="1" bw="16" slack="0"/>
</pin_list>
<bind>
<opcode="load(27) " fcode="load"/>
<opset="REG1_V_1_loc_load/6 "/>
</bind>
</comp>

<comp id="268" class="1004" name="REG1_V_13_loc_load_load_fu_268">
<pin_list>
<pin id="269" dir="0" index="0" bw="16" slack="5"/>
<pin id="270" dir="1" index="1" bw="16" slack="0"/>
</pin_list>
<bind>
<opcode="load(27) " fcode="load"/>
<opset="REG1_V_13_loc_load/6 "/>
</bind>
</comp>

<comp id="272" class="1004" name="REG1_V_12_loc_load_load_fu_272">
<pin_list>
<pin id="273" dir="0" index="0" bw="16" slack="5"/>
<pin id="274" dir="1" index="1" bw="16" slack="0"/>
</pin_list>
<bind>
<opcode="load(27) " fcode="load"/>
<opset="REG1_V_12_loc_load/6 "/>
</bind>
</comp>

<comp id="276" class="1004" name="REG1_V_11_loc_load_load_fu_276">
<pin_list>
<pin id="277" dir="0" index="0" bw="16" slack="5"/>
<pin id="278" dir="1" index="1" bw="16" slack="0"/>
</pin_list>
<bind>
<opcode="load(27) " fcode="load"/>
<opset="REG1_V_11_loc_load/6 "/>
</bind>
</comp>

<comp id="280" class="1004" name="REG1_V_2_loc_load_load_fu_280">
<pin_list>
<pin id="281" dir="0" index="0" bw="16" slack="5"/>
<pin id="282" dir="1" index="1" bw="16" slack="0"/>
</pin_list>
<bind>
<opcode="load(27) " fcode="load"/>
<opset="REG1_V_2_loc_load/6 "/>
</bind>
</comp>

<comp id="284" class="1004" name="REG1_V_10_loc_load_load_fu_284">
<pin_list>
<pin id="285" dir="0" index="0" bw="16" slack="5"/>
<pin id="286" dir="1" index="1" bw="16" slack="0"/>
</pin_list>
<bind>
<opcode="load(27) " fcode="load"/>
<opset="REG1_V_10_loc_load/6 "/>
</bind>
</comp>

<comp id="288" class="1004" name="REG1_V_3_loc_load_load_fu_288">
<pin_list>
<pin id="289" dir="0" index="0" bw="16" slack="5"/>
<pin id="290" dir="1" index="1" bw="16" slack="0"/>
</pin_list>
<bind>
<opcode="load(27) " fcode="load"/>
<opset="REG1_V_3_loc_load/6 "/>
</bind>
</comp>

<comp id="292" class="1004" name="REG1_V_9_loc_load_load_fu_292">
<pin_list>
<pin id="293" dir="0" index="0" bw="16" slack="5"/>
<pin id="294" dir="1" index="1" bw="16" slack="0"/>
</pin_list>
<bind>
<opcode="load(27) " fcode="load"/>
<opset="REG1_V_9_loc_load/6 "/>
</bind>
</comp>

<comp id="296" class="1004" name="REG1_V_4_loc_load_load_fu_296">
<pin_list>
<pin id="297" dir="0" index="0" bw="16" slack="5"/>
<pin id="298" dir="1" index="1" bw="16" slack="0"/>
</pin_list>
<bind>
<opcode="load(27) " fcode="load"/>
<opset="REG1_V_4_loc_load/6 "/>
</bind>
</comp>

<comp id="300" class="1004" name="REG1_V_8_loc_load_load_fu_300">
<pin_list>
<pin id="301" dir="0" index="0" bw="16" slack="5"/>
<pin id="302" dir="1" index="1" bw="16" slack="0"/>
</pin_list>
<bind>
<opcode="load(27) " fcode="load"/>
<opset="REG1_V_8_loc_load/6 "/>
</bind>
</comp>

<comp id="304" class="1004" name="REG1_V_5_loc_load_load_fu_304">
<pin_list>
<pin id="305" dir="0" index="0" bw="16" slack="5"/>
<pin id="306" dir="1" index="1" bw="16" slack="0"/>
</pin_list>
<bind>
<opcode="load(27) " fcode="load"/>
<opset="REG1_V_5_loc_load/6 "/>
</bind>
</comp>

<comp id="308" class="1004" name="REG1_V_7_loc_load_load_fu_308">
<pin_list>
<pin id="309" dir="0" index="0" bw="16" slack="5"/>
<pin id="310" dir="1" index="1" bw="16" slack="0"/>
</pin_list>
<bind>
<opcode="load(27) " fcode="load"/>
<opset="REG1_V_7_loc_load/6 "/>
</bind>
</comp>

<comp id="312" class="1004" name="REG1_V_6_loc_load_load_fu_312">
<pin_list>
<pin id="313" dir="0" index="0" bw="16" slack="5"/>
<pin id="314" dir="1" index="1" bw="16" slack="0"/>
</pin_list>
<bind>
<opcode="load(27) " fcode="load"/>
<opset="REG1_V_6_loc_load/6 "/>
</bind>
</comp>

<comp id="316" class="1004" name="REG2_V_15_loc_load_load_fu_316">
<pin_list>
<pin id="317" dir="0" index="0" bw="16" slack="5"/>
<pin id="318" dir="1" index="1" bw="16" slack="0"/>
</pin_list>
<bind>
<opcode="load(27) " fcode="load"/>
<opset="REG2_V_15_loc_load/6 "/>
</bind>
</comp>

<comp id="320" class="1004" name="REG2_V_loc_load_load_fu_320">
<pin_list>
<pin id="321" dir="0" index="0" bw="16" slack="5"/>
<pin id="322" dir="1" index="1" bw="16" slack="0"/>
</pin_list>
<bind>
<opcode="load(27) " fcode="load"/>
<opset="REG2_V_loc_load/6 "/>
</bind>
</comp>

<comp id="324" class="1004" name="REG2_V_14_loc_load_load_fu_324">
<pin_list>
<pin id="325" dir="0" index="0" bw="16" slack="5"/>
<pin id="326" dir="1" index="1" bw="16" slack="0"/>
</pin_list>
<bind>
<opcode="load(27) " fcode="load"/>
<opset="REG2_V_14_loc_load/6 "/>
</bind>
</comp>

<comp id="328" class="1004" name="REG2_V_1_loc_load_load_fu_328">
<pin_list>
<pin id="329" dir="0" index="0" bw="16" slack="5"/>
<pin id="330" dir="1" index="1" bw="16" slack="0"/>
</pin_list>
<bind>
<opcode="load(27) " fcode="load"/>
<opset="REG2_V_1_loc_load/6 "/>
</bind>
</comp>

<comp id="332" class="1004" name="REG2_V_13_loc_load_load_fu_332">
<pin_list>
<pin id="333" dir="0" index="0" bw="16" slack="5"/>
<pin id="334" dir="1" index="1" bw="16" slack="0"/>
</pin_list>
<bind>
<opcode="load(27) " fcode="load"/>
<opset="REG2_V_13_loc_load/6 "/>
</bind>
</comp>

<comp id="336" class="1004" name="REG2_V_12_loc_load_load_fu_336">
<pin_list>
<pin id="337" dir="0" index="0" bw="16" slack="5"/>
<pin id="338" dir="1" index="1" bw="16" slack="0"/>
</pin_list>
<bind>
<opcode="load(27) " fcode="load"/>
<opset="REG2_V_12_loc_load/6 "/>
</bind>
</comp>

<comp id="340" class="1004" name="REG2_V_11_loc_load_load_fu_340">
<pin_list>
<pin id="341" dir="0" index="0" bw="16" slack="5"/>
<pin id="342" dir="1" index="1" bw="16" slack="0"/>
</pin_list>
<bind>
<opcode="load(27) " fcode="load"/>
<opset="REG2_V_11_loc_load/6 "/>
</bind>
</comp>

<comp id="344" class="1004" name="REG2_V_2_loc_load_load_fu_344">
<pin_list>
<pin id="345" dir="0" index="0" bw="16" slack="5"/>
<pin id="346" dir="1" index="1" bw="16" slack="0"/>
</pin_list>
<bind>
<opcode="load(27) " fcode="load"/>
<opset="REG2_V_2_loc_load/6 "/>
</bind>
</comp>

<comp id="348" class="1004" name="REG2_V_10_loc_load_load_fu_348">
<pin_list>
<pin id="349" dir="0" index="0" bw="16" slack="5"/>
<pin id="350" dir="1" index="1" bw="16" slack="0"/>
</pin_list>
<bind>
<opcode="load(27) " fcode="load"/>
<opset="REG2_V_10_loc_load/6 "/>
</bind>
</comp>

<comp id="352" class="1004" name="REG2_V_3_loc_load_load_fu_352">
<pin_list>
<pin id="353" dir="0" index="0" bw="16" slack="5"/>
<pin id="354" dir="1" index="1" bw="16" slack="0"/>
</pin_list>
<bind>
<opcode="load(27) " fcode="load"/>
<opset="REG2_V_3_loc_load/6 "/>
</bind>
</comp>

<comp id="356" class="1004" name="REG2_V_9_loc_load_load_fu_356">
<pin_list>
<pin id="357" dir="0" index="0" bw="16" slack="5"/>
<pin id="358" dir="1" index="1" bw="16" slack="0"/>
</pin_list>
<bind>
<opcode="load(27) " fcode="load"/>
<opset="REG2_V_9_loc_load/6 "/>
</bind>
</comp>

<comp id="360" class="1004" name="REG2_V_4_loc_load_load_fu_360">
<pin_list>
<pin id="361" dir="0" index="0" bw="16" slack="5"/>
<pin id="362" dir="1" index="1" bw="16" slack="0"/>
</pin_list>
<bind>
<opcode="load(27) " fcode="load"/>
<opset="REG2_V_4_loc_load/6 "/>
</bind>
</comp>

<comp id="364" class="1004" name="REG2_V_8_loc_load_load_fu_364">
<pin_list>
<pin id="365" dir="0" index="0" bw="16" slack="5"/>
<pin id="366" dir="1" index="1" bw="16" slack="0"/>
</pin_list>
<bind>
<opcode="load(27) " fcode="load"/>
<opset="REG2_V_8_loc_load/6 "/>
</bind>
</comp>

<comp id="368" class="1004" name="REG2_V_5_loc_load_load_fu_368">
<pin_list>
<pin id="369" dir="0" index="0" bw="16" slack="5"/>
<pin id="370" dir="1" index="1" bw="16" slack="0"/>
</pin_list>
<bind>
<opcode="load(27) " fcode="load"/>
<opset="REG2_V_5_loc_load/6 "/>
</bind>
</comp>

<comp id="372" class="1004" name="REG2_V_7_loc_load_load_fu_372">
<pin_list>
<pin id="373" dir="0" index="0" bw="16" slack="5"/>
<pin id="374" dir="1" index="1" bw="16" slack="0"/>
</pin_list>
<bind>
<opcode="load(27) " fcode="load"/>
<opset="REG2_V_7_loc_load/6 "/>
</bind>
</comp>

<comp id="376" class="1004" name="REG2_V_6_loc_load_load_fu_376">
<pin_list>
<pin id="377" dir="0" index="0" bw="16" slack="5"/>
<pin id="378" dir="1" index="1" bw="16" slack="0"/>
</pin_list>
<bind>
<opcode="load(27) " fcode="load"/>
<opset="REG2_V_6_loc_load/6 "/>
</bind>
</comp>

<comp id="380" class="1004" name="store_ln48_store_fu_380">
<pin_list>
<pin id="381" dir="0" index="0" bw="1" slack="0"/>
<pin id="382" dir="0" index="1" bw="1" slack="6"/>
<pin id="383" dir="1" index="2" bw="0" slack="2147483647"/>
</pin_list>
<bind>
<opcode="store(28) " fcode="store"/>
<opset="store_ln48/7 "/>
</bind>
</comp>

<comp id="385" class="1004" name="dummy_1_load_fu_385">
<pin_list>
<pin id="386" dir="0" index="0" bw="1" slack="6"/>
<pin id="387" dir="1" index="1" bw="1" slack="0"/>
</pin_list>
<bind>
<opcode="load(27) " fcode="load"/>
<opset="dummy_1/7 "/>
</bind>
</comp>

<comp id="388" class="1004" name="store_ln50_store_fu_388">
<pin_list>
<pin id="389" dir="0" index="0" bw="1" slack="0"/>
<pin id="390" dir="0" index="1" bw="1" slack="6"/>
<pin id="391" dir="1" index="2" bw="0" slack="2147483647"/>
</pin_list>
<bind>
<opcode="store(28) " fcode="store"/>
<opset="store_ln50/7 "/>
</bind>
</comp>

<comp id="393" class="1005" name="REG2_V_6_loc_reg_393">
<pin_list>
<pin id="394" dir="0" index="0" bw="16" slack="3"/>
<pin id="395" dir="1" index="1" bw="16" slack="3"/>
</pin_list>
<bind>
<opset="REG2_V_6_loc "/>
</bind>
</comp>

<comp id="399" class="1005" name="REG2_V_7_loc_reg_399">
<pin_list>
<pin id="400" dir="0" index="0" bw="16" slack="3"/>
<pin id="401" dir="1" index="1" bw="16" slack="3"/>
</pin_list>
<bind>
<opset="REG2_V_7_loc "/>
</bind>
</comp>

<comp id="405" class="1005" name="REG2_V_5_loc_reg_405">
<pin_list>
<pin id="406" dir="0" index="0" bw="16" slack="3"/>
<pin id="407" dir="1" index="1" bw="16" slack="3"/>
</pin_list>
<bind>
<opset="REG2_V_5_loc "/>
</bind>
</comp>

<comp id="411" class="1005" name="REG2_V_8_loc_reg_411">
<pin_list>
<pin id="412" dir="0" index="0" bw="16" slack="3"/>
<pin id="413" dir="1" index="1" bw="16" slack="3"/>
</pin_list>
<bind>
<opset="REG2_V_8_loc "/>
</bind>
</comp>

<comp id="417" class="1005" name="REG2_V_4_loc_reg_417">
<pin_list>
<pin id="418" dir="0" index="0" bw="16" slack="3"/>
<pin id="419" dir="1" index="1" bw="16" slack="3"/>
</pin_list>
<bind>
<opset="REG2_V_4_loc "/>
</bind>
</comp>

<comp id="423" class="1005" name="REG2_V_9_loc_reg_423">
<pin_list>
<pin id="424" dir="0" index="0" bw="16" slack="3"/>
<pin id="425" dir="1" index="1" bw="16" slack="3"/>
</pin_list>
<bind>
<opset="REG2_V_9_loc "/>
</bind>
</comp>

<comp id="429" class="1005" name="REG2_V_3_loc_reg_429">
<pin_list>
<pin id="430" dir="0" index="0" bw="16" slack="3"/>
<pin id="431" dir="1" index="1" bw="16" slack="3"/>
</pin_list>
<bind>
<opset="REG2_V_3_loc "/>
</bind>
</comp>

<comp id="435" class="1005" name="REG2_V_10_loc_reg_435">
<pin_list>
<pin id="436" dir="0" index="0" bw="16" slack="3"/>
<pin id="437" dir="1" index="1" bw="16" slack="3"/>
</pin_list>
<bind>
<opset="REG2_V_10_loc "/>
</bind>
</comp>

<comp id="441" class="1005" name="REG2_V_2_loc_reg_441">
<pin_list>
<pin id="442" dir="0" index="0" bw="16" slack="3"/>
<pin id="443" dir="1" index="1" bw="16" slack="3"/>
</pin_list>
<bind>
<opset="REG2_V_2_loc "/>
</bind>
</comp>

<comp id="447" class="1005" name="REG2_V_11_loc_reg_447">
<pin_list>
<pin id="448" dir="0" index="0" bw="16" slack="3"/>
<pin id="449" dir="1" index="1" bw="16" slack="3"/>
</pin_list>
<bind>
<opset="REG2_V_11_loc "/>
</bind>
</comp>

<comp id="453" class="1005" name="REG2_V_12_loc_reg_453">
<pin_list>
<pin id="454" dir="0" index="0" bw="16" slack="3"/>
<pin id="455" dir="1" index="1" bw="16" slack="3"/>
</pin_list>
<bind>
<opset="REG2_V_12_loc "/>
</bind>
</comp>

<comp id="459" class="1005" name="REG2_V_13_loc_reg_459">
<pin_list>
<pin id="460" dir="0" index="0" bw="16" slack="3"/>
<pin id="461" dir="1" index="1" bw="16" slack="3"/>
</pin_list>
<bind>
<opset="REG2_V_13_loc "/>
</bind>
</comp>

<comp id="465" class="1005" name="REG2_V_1_loc_reg_465">
<pin_list>
<pin id="466" dir="0" index="0" bw="16" slack="3"/>
<pin id="467" dir="1" index="1" bw="16" slack="3"/>
</pin_list>
<bind>
<opset="REG2_V_1_loc "/>
</bind>
</comp>

<comp id="471" class="1005" name="REG2_V_14_loc_reg_471">
<pin_list>
<pin id="472" dir="0" index="0" bw="16" slack="3"/>
<pin id="473" dir="1" index="1" bw="16" slack="3"/>
</pin_list>
<bind>
<opset="REG2_V_14_loc "/>
</bind>
</comp>

<comp id="477" class="1005" name="REG2_V_loc_reg_477">
<pin_list>
<pin id="478" dir="0" index="0" bw="16" slack="3"/>
<pin id="479" dir="1" index="1" bw="16" slack="3"/>
</pin_list>
<bind>
<opset="REG2_V_loc "/>
</bind>
</comp>

<comp id="483" class="1005" name="REG2_V_15_loc_reg_483">
<pin_list>
<pin id="484" dir="0" index="0" bw="16" slack="3"/>
<pin id="485" dir="1" index="1" bw="16" slack="3"/>
</pin_list>
<bind>
<opset="REG2_V_15_loc "/>
</bind>
</comp>

<comp id="489" class="1005" name="REG1_V_6_loc_reg_489">
<pin_list>
<pin id="490" dir="0" index="0" bw="16" slack="0"/>
<pin id="491" dir="1" index="1" bw="16" slack="0"/>
</pin_list>
<bind>
<opset="REG1_V_6_loc "/>
</bind>
</comp>

<comp id="495" class="1005" name="REG1_V_7_loc_reg_495">
<pin_list>
<pin id="496" dir="0" index="0" bw="16" slack="0"/>
<pin id="497" dir="1" index="1" bw="16" slack="0"/>
</pin_list>
<bind>
<opset="REG1_V_7_loc "/>
</bind>
</comp>

<comp id="501" class="1005" name="REG1_V_5_loc_reg_501">
<pin_list>
<pin id="502" dir="0" index="0" bw="16" slack="0"/>
<pin id="503" dir="1" index="1" bw="16" slack="0"/>
</pin_list>
<bind>
<opset="REG1_V_5_loc "/>
</bind>
</comp>

<comp id="507" class="1005" name="REG1_V_8_loc_reg_507">
<pin_list>
<pin id="508" dir="0" index="0" bw="16" slack="0"/>
<pin id="509" dir="1" index="1" bw="16" slack="0"/>
</pin_list>
<bind>
<opset="REG1_V_8_loc "/>
</bind>
</comp>

<comp id="513" class="1005" name="REG1_V_4_loc_reg_513">
<pin_list>
<pin id="514" dir="0" index="0" bw="16" slack="0"/>
<pin id="515" dir="1" index="1" bw="16" slack="0"/>
</pin_list>
<bind>
<opset="REG1_V_4_loc "/>
</bind>
</comp>

<comp id="519" class="1005" name="REG1_V_9_loc_reg_519">
<pin_list>
<pin id="520" dir="0" index="0" bw="16" slack="0"/>
<pin id="521" dir="1" index="1" bw="16" slack="0"/>
</pin_list>
<bind>
<opset="REG1_V_9_loc "/>
</bind>
</comp>

<comp id="525" class="1005" name="REG1_V_3_loc_reg_525">
<pin_list>
<pin id="526" dir="0" index="0" bw="16" slack="0"/>
<pin id="527" dir="1" index="1" bw="16" slack="0"/>
</pin_list>
<bind>
<opset="REG1_V_3_loc "/>
</bind>
</comp>

<comp id="531" class="1005" name="REG1_V_10_loc_reg_531">
<pin_list>
<pin id="532" dir="0" index="0" bw="16" slack="0"/>
<pin id="533" dir="1" index="1" bw="16" slack="0"/>
</pin_list>
<bind>
<opset="REG1_V_10_loc "/>
</bind>
</comp>

<comp id="537" class="1005" name="REG1_V_2_loc_reg_537">
<pin_list>
<pin id="538" dir="0" index="0" bw="16" slack="0"/>
<pin id="539" dir="1" index="1" bw="16" slack="0"/>
</pin_list>
<bind>
<opset="REG1_V_2_loc "/>
</bind>
</comp>

<comp id="543" class="1005" name="REG1_V_11_loc_reg_543">
<pin_list>
<pin id="544" dir="0" index="0" bw="16" slack="0"/>
<pin id="545" dir="1" index="1" bw="16" slack="0"/>
</pin_list>
<bind>
<opset="REG1_V_11_loc "/>
</bind>
</comp>

<comp id="549" class="1005" name="REG1_V_12_loc_reg_549">
<pin_list>
<pin id="550" dir="0" index="0" bw="16" slack="0"/>
<pin id="551" dir="1" index="1" bw="16" slack="0"/>
</pin_list>
<bind>
<opset="REG1_V_12_loc "/>
</bind>
</comp>

<comp id="555" class="1005" name="REG1_V_13_loc_reg_555">
<pin_list>
<pin id="556" dir="0" index="0" bw="16" slack="0"/>
<pin id="557" dir="1" index="1" bw="16" slack="0"/>
</pin_list>
<bind>
<opset="REG1_V_13_loc "/>
</bind>
</comp>

<comp id="561" class="1005" name="REG1_V_1_loc_reg_561">
<pin_list>
<pin id="562" dir="0" index="0" bw="16" slack="0"/>
<pin id="563" dir="1" index="1" bw="16" slack="0"/>
</pin_list>
<bind>
<opset="REG1_V_1_loc "/>
</bind>
</comp>

<comp id="567" class="1005" name="REG1_V_14_loc_reg_567">
<pin_list>
<pin id="568" dir="0" index="0" bw="16" slack="0"/>
<pin id="569" dir="1" index="1" bw="16" slack="0"/>
</pin_list>
<bind>
<opset="REG1_V_14_loc "/>
</bind>
</comp>

<comp id="573" class="1005" name="REG1_V_loc_reg_573">
<pin_list>
<pin id="574" dir="0" index="0" bw="16" slack="0"/>
<pin id="575" dir="1" index="1" bw="16" slack="0"/>
</pin_list>
<bind>
<opset="REG1_V_loc "/>
</bind>
</comp>

<comp id="579" class="1005" name="REG1_V_15_loc_reg_579">
<pin_list>
<pin id="580" dir="0" index="0" bw="16" slack="0"/>
<pin id="581" dir="1" index="1" bw="16" slack="0"/>
</pin_list>
<bind>
<opset="REG1_V_15_loc "/>
</bind>
</comp>

<comp id="585" class="1005" name="dummy_reg_585">
<pin_list>
<pin id="586" dir="0" index="0" bw="1" slack="6"/>
<pin id="587" dir="1" index="1" bw="1" slack="6"/>
</pin_list>
<bind>
<opset="dummy "/>
</bind>
</comp>

</comp_list>

<net_list>
<net id="41"><net_src comp="6" pin="0"/><net_sink comp="38" pin=0"/></net>

<net id="45"><net_src comp="6" pin="0"/><net_sink comp="42" pin=0"/></net>

<net id="49"><net_src comp="6" pin="0"/><net_sink comp="46" pin=0"/></net>

<net id="53"><net_src comp="6" pin="0"/><net_sink comp="50" pin=0"/></net>

<net id="57"><net_src comp="6" pin="0"/><net_sink comp="54" pin=0"/></net>

<net id="61"><net_src comp="6" pin="0"/><net_sink comp="58" pin=0"/></net>

<net id="65"><net_src comp="6" pin="0"/><net_sink comp="62" pin=0"/></net>

<net id="69"><net_src comp="6" pin="0"/><net_sink comp="66" pin=0"/></net>

<net id="73"><net_src comp="6" pin="0"/><net_sink comp="70" pin=0"/></net>

<net id="77"><net_src comp="6" pin="0"/><net_sink comp="74" pin=0"/></net>

<net id="81"><net_src comp="6" pin="0"/><net_sink comp="78" pin=0"/></net>

<net id="85"><net_src comp="6" pin="0"/><net_sink comp="82" pin=0"/></net>

<net id="89"><net_src comp="6" pin="0"/><net_sink comp="86" pin=0"/></net>

<net id="93"><net_src comp="6" pin="0"/><net_sink comp="90" pin=0"/></net>

<net id="97"><net_src comp="6" pin="0"/><net_sink comp="94" pin=0"/></net>

<net id="101"><net_src comp="6" pin="0"/><net_sink comp="98" pin=0"/></net>

<net id="105"><net_src comp="6" pin="0"/><net_sink comp="102" pin=0"/></net>

<net id="109"><net_src comp="6" pin="0"/><net_sink comp="106" pin=0"/></net>

<net id="113"><net_src comp="6" pin="0"/><net_sink comp="110" pin=0"/></net>

<net id="117"><net_src comp="6" pin="0"/><net_sink comp="114" pin=0"/></net>

<net id="121"><net_src comp="6" pin="0"/><net_sink comp="118" pin=0"/></net>

<net id="125"><net_src comp="6" pin="0"/><net_sink comp="122" pin=0"/></net>

<net id="129"><net_src comp="6" pin="0"/><net_sink comp="126" pin=0"/></net>

<net id="133"><net_src comp="6" pin="0"/><net_sink comp="130" pin=0"/></net>

<net id="137"><net_src comp="6" pin="0"/><net_sink comp="134" pin=0"/></net>

<net id="141"><net_src comp="6" pin="0"/><net_sink comp="138" pin=0"/></net>

<net id="145"><net_src comp="6" pin="0"/><net_sink comp="142" pin=0"/></net>

<net id="149"><net_src comp="6" pin="0"/><net_sink comp="146" pin=0"/></net>

<net id="153"><net_src comp="6" pin="0"/><net_sink comp="150" pin=0"/></net>

<net id="157"><net_src comp="6" pin="0"/><net_sink comp="154" pin=0"/></net>

<net id="161"><net_src comp="6" pin="0"/><net_sink comp="158" pin=0"/></net>

<net id="165"><net_src comp="6" pin="0"/><net_sink comp="162" pin=0"/></net>

<net id="169"><net_src comp="6" pin="0"/><net_sink comp="166" pin=0"/></net>

<net id="190"><net_src comp="10" pin="0"/><net_sink comp="170" pin=0"/></net>

<net id="191"><net_src comp="0" pin="0"/><net_sink comp="170" pin=1"/></net>

<net id="212"><net_src comp="12" pin="0"/><net_sink comp="192" pin=0"/></net>

<net id="213"><net_src comp="2" pin="0"/><net_sink comp="192" pin=1"/></net>

<net id="250"><net_src comp="14" pin="0"/><net_sink comp="214" pin=0"/></net>

<net id="251"><net_src comp="4" pin="0"/><net_sink comp="214" pin=33"/></net>

<net id="255"><net_src comp="252" pin="1"/><net_sink comp="214" pin=28"/></net>

<net id="259"><net_src comp="256" pin="1"/><net_sink comp="214" pin=20"/></net>

<net id="263"><net_src comp="260" pin="1"/><net_sink comp="214" pin=12"/></net>

<net id="267"><net_src comp="264" pin="1"/><net_sink comp="214" pin=4"/></net>

<net id="271"><net_src comp="268" pin="1"/><net_sink comp="214" pin=27"/></net>

<net id="275"><net_src comp="272" pin="1"/><net_sink comp="214" pin=19"/></net>

<net id="279"><net_src comp="276" pin="1"/><net_sink comp="214" pin=11"/></net>

<net id="283"><net_src comp="280" pin="1"/><net_sink comp="214" pin=3"/></net>

<net id="287"><net_src comp="284" pin="1"/><net_sink comp="214" pin=26"/></net>

<net id="291"><net_src comp="288" pin="1"/><net_sink comp="214" pin=18"/></net>

<net id="295"><net_src comp="292" pin="1"/><net_sink comp="214" pin=10"/></net>

<net id="299"><net_src comp="296" pin="1"/><net_sink comp="214" pin=2"/></net>

<net id="303"><net_src comp="300" pin="1"/><net_sink comp="214" pin=25"/></net>

<net id="307"><net_src comp="304" pin="1"/><net_sink comp="214" pin=17"/></net>

<net id="311"><net_src comp="308" pin="1"/><net_sink comp="214" pin=9"/></net>

<net id="315"><net_src comp="312" pin="1"/><net_sink comp="214" pin=1"/></net>

<net id="319"><net_src comp="316" pin="1"/><net_sink comp="214" pin=32"/></net>

<net id="323"><net_src comp="320" pin="1"/><net_sink comp="214" pin=24"/></net>

<net id="327"><net_src comp="324" pin="1"/><net_sink comp="214" pin=16"/></net>

<net id="331"><net_src comp="328" pin="1"/><net_sink comp="214" pin=8"/></net>

<net id="335"><net_src comp="332" pin="1"/><net_sink comp="214" pin=31"/></net>

<net id="339"><net_src comp="336" pin="1"/><net_sink comp="214" pin=23"/></net>

<net id="343"><net_src comp="340" pin="1"/><net_sink comp="214" pin=15"/></net>

<net id="347"><net_src comp="344" pin="1"/><net_sink comp="214" pin=7"/></net>

<net id="351"><net_src comp="348" pin="1"/><net_sink comp="214" pin=30"/></net>

<net id="355"><net_src comp="352" pin="1"/><net_sink comp="214" pin=22"/></net>

<net id="359"><net_src comp="356" pin="1"/><net_sink comp="214" pin=14"/></net>

<net id="363"><net_src comp="360" pin="1"/><net_sink comp="214" pin=6"/></net>

<net id="367"><net_src comp="364" pin="1"/><net_sink comp="214" pin=29"/></net>

<net id="371"><net_src comp="368" pin="1"/><net_sink comp="214" pin=21"/></net>

<net id="375"><net_src comp="372" pin="1"/><net_sink comp="214" pin=13"/></net>

<net id="379"><net_src comp="376" pin="1"/><net_sink comp="214" pin=5"/></net>

<net id="384"><net_src comp="36" pin="0"/><net_sink comp="380" pin=0"/></net>

<net id="392"><net_src comp="385" pin="1"/><net_sink comp="388" pin=0"/></net>

<net id="396"><net_src comp="38" pin="1"/><net_sink comp="393" pin=0"/></net>

<net id="397"><net_src comp="393" pin="1"/><net_sink comp="192" pin=17"/></net>

<net id="398"><net_src comp="393" pin="1"/><net_sink comp="376" pin=0"/></net>

<net id="402"><net_src comp="42" pin="1"/><net_sink comp="399" pin=0"/></net>

<net id="403"><net_src comp="399" pin="1"/><net_sink comp="192" pin=16"/></net>

<net id="404"><net_src comp="399" pin="1"/><net_sink comp="372" pin=0"/></net>

<net id="408"><net_src comp="46" pin="1"/><net_sink comp="405" pin=0"/></net>

<net id="409"><net_src comp="405" pin="1"/><net_sink comp="192" pin=15"/></net>

<net id="410"><net_src comp="405" pin="1"/><net_sink comp="368" pin=0"/></net>

<net id="414"><net_src comp="50" pin="1"/><net_sink comp="411" pin=0"/></net>

<net id="415"><net_src comp="411" pin="1"/><net_sink comp="192" pin=14"/></net>

<net id="416"><net_src comp="411" pin="1"/><net_sink comp="364" pin=0"/></net>

<net id="420"><net_src comp="54" pin="1"/><net_sink comp="417" pin=0"/></net>

<net id="421"><net_src comp="417" pin="1"/><net_sink comp="192" pin=13"/></net>

<net id="422"><net_src comp="417" pin="1"/><net_sink comp="360" pin=0"/></net>

<net id="426"><net_src comp="58" pin="1"/><net_sink comp="423" pin=0"/></net>

<net id="427"><net_src comp="423" pin="1"/><net_sink comp="192" pin=12"/></net>

<net id="428"><net_src comp="423" pin="1"/><net_sink comp="356" pin=0"/></net>

<net id="432"><net_src comp="62" pin="1"/><net_sink comp="429" pin=0"/></net>

<net id="433"><net_src comp="429" pin="1"/><net_sink comp="192" pin=11"/></net>

<net id="434"><net_src comp="429" pin="1"/><net_sink comp="352" pin=0"/></net>

<net id="438"><net_src comp="66" pin="1"/><net_sink comp="435" pin=0"/></net>

<net id="439"><net_src comp="435" pin="1"/><net_sink comp="192" pin=10"/></net>

<net id="440"><net_src comp="435" pin="1"/><net_sink comp="348" pin=0"/></net>

<net id="444"><net_src comp="70" pin="1"/><net_sink comp="441" pin=0"/></net>

<net id="445"><net_src comp="441" pin="1"/><net_sink comp="192" pin=9"/></net>

<net id="446"><net_src comp="441" pin="1"/><net_sink comp="344" pin=0"/></net>

<net id="450"><net_src comp="74" pin="1"/><net_sink comp="447" pin=0"/></net>

<net id="451"><net_src comp="447" pin="1"/><net_sink comp="192" pin=8"/></net>

<net id="452"><net_src comp="447" pin="1"/><net_sink comp="340" pin=0"/></net>

<net id="456"><net_src comp="78" pin="1"/><net_sink comp="453" pin=0"/></net>

<net id="457"><net_src comp="453" pin="1"/><net_sink comp="192" pin=7"/></net>

<net id="458"><net_src comp="453" pin="1"/><net_sink comp="336" pin=0"/></net>

<net id="462"><net_src comp="82" pin="1"/><net_sink comp="459" pin=0"/></net>

<net id="463"><net_src comp="459" pin="1"/><net_sink comp="192" pin=6"/></net>

<net id="464"><net_src comp="459" pin="1"/><net_sink comp="332" pin=0"/></net>

<net id="468"><net_src comp="86" pin="1"/><net_sink comp="465" pin=0"/></net>

<net id="469"><net_src comp="465" pin="1"/><net_sink comp="192" pin=5"/></net>

<net id="470"><net_src comp="465" pin="1"/><net_sink comp="328" pin=0"/></net>

<net id="474"><net_src comp="90" pin="1"/><net_sink comp="471" pin=0"/></net>

<net id="475"><net_src comp="471" pin="1"/><net_sink comp="192" pin=4"/></net>

<net id="476"><net_src comp="471" pin="1"/><net_sink comp="324" pin=0"/></net>

<net id="480"><net_src comp="94" pin="1"/><net_sink comp="477" pin=0"/></net>

<net id="481"><net_src comp="477" pin="1"/><net_sink comp="192" pin=3"/></net>

<net id="482"><net_src comp="477" pin="1"/><net_sink comp="320" pin=0"/></net>

<net id="486"><net_src comp="98" pin="1"/><net_sink comp="483" pin=0"/></net>

<net id="487"><net_src comp="483" pin="1"/><net_sink comp="192" pin=2"/></net>

<net id="488"><net_src comp="483" pin="1"/><net_sink comp="316" pin=0"/></net>

<net id="492"><net_src comp="102" pin="1"/><net_sink comp="489" pin=0"/></net>

<net id="493"><net_src comp="489" pin="1"/><net_sink comp="170" pin=17"/></net>

<net id="494"><net_src comp="489" pin="1"/><net_sink comp="312" pin=0"/></net>

<net id="498"><net_src comp="106" pin="1"/><net_sink comp="495" pin=0"/></net>

<net id="499"><net_src comp="495" pin="1"/><net_sink comp="170" pin=16"/></net>

<net id="500"><net_src comp="495" pin="1"/><net_sink comp="308" pin=0"/></net>

<net id="504"><net_src comp="110" pin="1"/><net_sink comp="501" pin=0"/></net>

<net id="505"><net_src comp="501" pin="1"/><net_sink comp="170" pin=15"/></net>

<net id="506"><net_src comp="501" pin="1"/><net_sink comp="304" pin=0"/></net>

<net id="510"><net_src comp="114" pin="1"/><net_sink comp="507" pin=0"/></net>

<net id="511"><net_src comp="507" pin="1"/><net_sink comp="170" pin=14"/></net>

<net id="512"><net_src comp="507" pin="1"/><net_sink comp="300" pin=0"/></net>

<net id="516"><net_src comp="118" pin="1"/><net_sink comp="513" pin=0"/></net>

<net id="517"><net_src comp="513" pin="1"/><net_sink comp="170" pin=13"/></net>

<net id="518"><net_src comp="513" pin="1"/><net_sink comp="296" pin=0"/></net>

<net id="522"><net_src comp="122" pin="1"/><net_sink comp="519" pin=0"/></net>

<net id="523"><net_src comp="519" pin="1"/><net_sink comp="170" pin=12"/></net>

<net id="524"><net_src comp="519" pin="1"/><net_sink comp="292" pin=0"/></net>

<net id="528"><net_src comp="126" pin="1"/><net_sink comp="525" pin=0"/></net>

<net id="529"><net_src comp="525" pin="1"/><net_sink comp="170" pin=11"/></net>

<net id="530"><net_src comp="525" pin="1"/><net_sink comp="288" pin=0"/></net>

<net id="534"><net_src comp="130" pin="1"/><net_sink comp="531" pin=0"/></net>

<net id="535"><net_src comp="531" pin="1"/><net_sink comp="170" pin=10"/></net>

<net id="536"><net_src comp="531" pin="1"/><net_sink comp="284" pin=0"/></net>

<net id="540"><net_src comp="134" pin="1"/><net_sink comp="537" pin=0"/></net>

<net id="541"><net_src comp="537" pin="1"/><net_sink comp="170" pin=9"/></net>

<net id="542"><net_src comp="537" pin="1"/><net_sink comp="280" pin=0"/></net>

<net id="546"><net_src comp="138" pin="1"/><net_sink comp="543" pin=0"/></net>

<net id="547"><net_src comp="543" pin="1"/><net_sink comp="170" pin=8"/></net>

<net id="548"><net_src comp="543" pin="1"/><net_sink comp="276" pin=0"/></net>

<net id="552"><net_src comp="142" pin="1"/><net_sink comp="549" pin=0"/></net>

<net id="553"><net_src comp="549" pin="1"/><net_sink comp="170" pin=7"/></net>

<net id="554"><net_src comp="549" pin="1"/><net_sink comp="272" pin=0"/></net>

<net id="558"><net_src comp="146" pin="1"/><net_sink comp="555" pin=0"/></net>

<net id="559"><net_src comp="555" pin="1"/><net_sink comp="170" pin=6"/></net>

<net id="560"><net_src comp="555" pin="1"/><net_sink comp="268" pin=0"/></net>

<net id="564"><net_src comp="150" pin="1"/><net_sink comp="561" pin=0"/></net>

<net id="565"><net_src comp="561" pin="1"/><net_sink comp="170" pin=5"/></net>

<net id="566"><net_src comp="561" pin="1"/><net_sink comp="264" pin=0"/></net>

<net id="570"><net_src comp="154" pin="1"/><net_sink comp="567" pin=0"/></net>

<net id="571"><net_src comp="567" pin="1"/><net_sink comp="170" pin=4"/></net>

<net id="572"><net_src comp="567" pin="1"/><net_sink comp="260" pin=0"/></net>

<net id="576"><net_src comp="158" pin="1"/><net_sink comp="573" pin=0"/></net>

<net id="577"><net_src comp="573" pin="1"/><net_sink comp="170" pin=3"/></net>

<net id="578"><net_src comp="573" pin="1"/><net_sink comp="256" pin=0"/></net>

<net id="582"><net_src comp="162" pin="1"/><net_sink comp="579" pin=0"/></net>

<net id="583"><net_src comp="579" pin="1"/><net_sink comp="170" pin=2"/></net>

<net id="584"><net_src comp="579" pin="1"/><net_sink comp="252" pin=0"/></net>

<net id="588"><net_src comp="166" pin="1"/><net_sink comp="585" pin=0"/></net>

<net id="589"><net_src comp="585" pin="1"/><net_sink comp="380" pin=1"/></net>

<net id="590"><net_src comp="585" pin="1"/><net_sink comp="385" pin=0"/></net>

<net id="591"><net_src comp="585" pin="1"/><net_sink comp="388" pin=1"/></net>

</net_list>

</model> 
---------------- Datapath Model END ------------------

* FSMD analyzer results:
  - Output states:
	Port: result_out | {6 7 }
 - Input state : 
	Port: compute_slave : fwd_in1 | {1 2 }
	Port: compute_slave : fwd_in2 | {4 5 }
  - Chain level:
	State 1
		call_ln0 : 1
	State 2
	State 3
	State 4
	State 5
	State 6
		call_ln0 : 1
	State 7
		store_ln50 : 1


============================================================
+ Verbose Summary: Datapath Resource usage 
============================================================

* Functional unit list:
|----------|-------------------------------------------------------------------|---------|---------|---------|---------|
| Operation|                          Functional Unit                          |   DSP   |  Delay  |    FF   |   LUT   |
|----------|-------------------------------------------------------------------|---------|---------|---------|---------|
|          | grp_compute_slave_Pipeline_VITIS_LOOP_53_1_VITIS_LOOP_54_2_fu_170 |    0    |    0    |   266   |   319   |
|   call   | grp_compute_slave_Pipeline_VITIS_LOOP_60_3_VITIS_LOOP_61_4_fu_192 |    0    |    0    |   266   |   319   |
|          |   grp_compute_slave_Pipeline_compute_rows_VITIS_LOOP_69_5_fu_214  |    4    |  3.514  |   592   |   336   |
|----------|-------------------------------------------------------------------|---------|---------|---------|---------|
|   Total  |                                                                   |    4    |  3.514  |   1124  |   974   |
|----------|-------------------------------------------------------------------|---------|---------|---------|---------|

Memories:
N/A

* Register list:
+---------------------+--------+
|                     |   FF   |
+---------------------+--------+
|REG1_V_10_loc_reg_531|   16   |
|REG1_V_11_loc_reg_543|   16   |
|REG1_V_12_loc_reg_549|   16   |
|REG1_V_13_loc_reg_555|   16   |
|REG1_V_14_loc_reg_567|   16   |
|REG1_V_15_loc_reg_579|   16   |
| REG1_V_1_loc_reg_561|   16   |
| REG1_V_2_loc_reg_537|   16   |
| REG1_V_3_loc_reg_525|   16   |
| REG1_V_4_loc_reg_513|   16   |
| REG1_V_5_loc_reg_501|   16   |
| REG1_V_6_loc_reg_489|   16   |
| REG1_V_7_loc_reg_495|   16   |
| REG1_V_8_loc_reg_507|   16   |
| REG1_V_9_loc_reg_519|   16   |
|  REG1_V_loc_reg_573 |   16   |
|REG2_V_10_loc_reg_435|   16   |
|REG2_V_11_loc_reg_447|   16   |
|REG2_V_12_loc_reg_453|   16   |
|REG2_V_13_loc_reg_459|   16   |
|REG2_V_14_loc_reg_471|   16   |
|REG2_V_15_loc_reg_483|   16   |
| REG2_V_1_loc_reg_465|   16   |
| REG2_V_2_loc_reg_441|   16   |
| REG2_V_3_loc_reg_429|   16   |
| REG2_V_4_loc_reg_417|   16   |
| REG2_V_5_loc_reg_405|   16   |
| REG2_V_6_loc_reg_393|   16   |
| REG2_V_7_loc_reg_399|   16   |
| REG2_V_8_loc_reg_411|   16   |
| REG2_V_9_loc_reg_423|   16   |
|  REG2_V_loc_reg_477 |   16   |
|    dummy_reg_585    |    1   |
+---------------------+--------+
|        Total        |   513  |
+---------------------+--------+

* Multiplexer (MUX) list: 
|--------|------|------|------|--------|
|  Comp  |  Pin | Size |  BW  | S x BW |
|--------|------|------|------|--------|
|  Total |      |      |      |    0   |
|--------|------|------|------|--------|



* Summary:
+-----------+--------+--------+--------+--------+
|           |   DSP  |  Delay |   FF   |   LUT  |
+-----------+--------+--------+--------+--------+
|  Function |    4   |    3   |  1124  |   974  |
|   Memory  |    -   |    -   |    -   |    -   |
|Multiplexer|    -   |    -   |    -   |    -   |
|  Register |    -   |    -   |   513  |    -   |
+-----------+--------+--------+--------+--------+
|   Total   |    4   |    3   |  1637  |   974  |
+-----------+--------+--------+--------+--------+
