==============================================================
Vitis HLS - High-Level Synthesis from C, C++ and OpenCL v2022.2 (64-bit)
Tool Version Limit: 2019.12
Copyright 1986-2022 Xilinx, Inc. All Rights Reserved.
==============================================================
INFO: [HLS 200-1505] Using flow_target 'vivado'
INFO: [HLS 200-435] Setting 'open_solution -flow_target vivado' configuration: config_interface -m_axi_latency=0
INFO: [HLS 200-1510] Running: set_part xczu7ev-ffvc1156-2-e 
INFO: [HLS 200-1611] Setting target device to 'xczu7ev-ffvc1156-2-e'
INFO: [HLS 200-1510] Running: create_clock -period 10 -name default 
INFO: [SYN 201-201] Setting up clock 'default' with a period of 10ns.
INFO: [HLS 200-1510] Running: csim_design 
INFO: [SIM 211-2] *************** CSIM start ***************
INFO: [SIM 211-4] CSIM will launch GCC as the compiler.
INFO: [SIM 211-1] CSim done with 0 errors.
INFO: [SIM 211-3] *************** CSIM finish ***************
INFO: [HLS 200-111] Finished Command csim_design CPU user time: 2.99 seconds. CPU system time: 0.6 seconds. Elapsed time: 3.59 seconds; current allocated memory: 0.000 MB.
INFO: [HLS 200-1510] Running: csynth_design 
INFO: [HLS 200-111] Finished File checks and directory preparation: CPU user time: 0.01 seconds. CPU system time: 0 seconds. Elapsed time: 0.01 seconds; current allocated memory: 742.438 MB.
INFO: [HLS 200-10] Analyzing design file 'Compute_block2in/Compute2in.cpp' ... 
INFO: [HLS 200-111] Finished Source Code Analysis and Preprocessing: CPU user time: 4.9 seconds. CPU system time: 0.83 seconds. Elapsed time: 5.75 seconds; current allocated memory: 744.445 MB.
INFO: [HLS 200-777] Using interface defaults for 'Vivado' flow target.
INFO: [HLS 214-291] Loop 'VITIS_LOOP_66_2' is marked as complete unroll implied by the pipeline pragma (Compute_block2in/Compute2in.cpp:66:30)
INFO: [HLS 214-291] Loop 'VITIS_LOOP_87_3' is marked as complete unroll implied by the pipeline pragma (Compute_block2in/Compute2in.cpp:87:30)
INFO: [HLS 214-291] Loop 'VITIS_LOOP_91_4' is marked as complete unroll implied by the pipeline pragma (Compute_block2in/Compute2in.cpp:91:34)
INFO: [HLS 214-186] Unrolling loop 'VITIS_LOOP_66_2' (Compute_block2in/Compute2in.cpp:66:30) in function 'compute2in' completely with a factor of 2 (Compute_block2in/Compute2in.cpp:38:0)
INFO: [HLS 214-186] Unrolling loop 'VITIS_LOOP_91_4' (Compute_block2in/Compute2in.cpp:91:34) in function 'compute2in' completely with a factor of 4 (Compute_block2in/Compute2in.cpp:38:0)
INFO: [HLS 214-248] Applying array_partition to '_ZZ10compute2inP6ap_intILi32EES1_S1_bE4REG1': Complete partitioning on dimension 1. (Compute_block2in/Compute2in.cpp:52:0)
INFO: [HLS 214-248] Applying array_partition to 'REG': Complete partitioning on dimension 1. Complete partitioning on dimension 2. (Compute_block2in/Compute2in.cpp:50:13)
INFO: [HLS 200-111] Finished Compiling Optimization and Transform: CPU user time: 3.62 seconds. CPU system time: 0.53 seconds. Elapsed time: 4.17 seconds; current allocated memory: 745.062 MB.
INFO: [HLS 200-111] Finished Checking Pragmas: CPU user time: 0 seconds. CPU system time: 0.01 seconds. Elapsed time: 0 seconds; current allocated memory: 745.062 MB.
INFO: [HLS 200-10] Starting code transformations ...
INFO: [HLS 200-111] Finished Standard Transforms: CPU user time: 0.04 seconds. CPU system time: 0 seconds. Elapsed time: 0.06 seconds; current allocated memory: 750.836 MB.
INFO: [HLS 200-10] Checking synthesizability ...
WARNING: [SYNCHK 200-24] /tools/Xilinx/Vitis_HLS/2022.2/common/technology/autopilot/ap_int_ref.h:628: Index for bit vector operation is out of bound.
INFO: [SYNCHK 200-10] 0 error(s), 1 warning(s).
INFO: [HLS 200-111] Finished Checking Synthesizability: CPU user time: 0.06 seconds. CPU system time: 0.01 seconds. Elapsed time: 0.07 seconds; current allocated memory: 756.758 MB.
INFO: [XFORM 203-502] Unrolling all sub-loops inside loop 'VITIS_LOOP_63_1' (Compute_block2in/Compute2in.cpp:65) in function 'compute2in' for pipelining.
WARNING: [HLS 200-936] Cannot unroll loop 'VITIS_LOOP_87_3' (Compute_block2in/Compute2in.cpp:87) in function 'compute2in': cannot completely unroll a loop with a variable trip count.
INFO: [XFORM 203-401] Performing if-conversion on hyperblock from (Compute_block2in/Compute2in.cpp:64:9) to (Compute_block2in/Compute2in.cpp:82:16) in function 'compute2in'... converting 5 basic blocks.
INFO: [HLS 200-111] Finished Loop, function and other optimizations: CPU user time: 0.17 seconds. CPU system time: 0.01 seconds. Elapsed time: 0.18 seconds; current allocated memory: 785.750 MB.
WARNING: [HLS 200-960] Cannot flatten loop 'VITIS_LOOP_63_1' (Compute_block2in/Compute2in.cpp:65:8) in function 'compute2in' the outer loop is not a perfect loop because there is nontrivial logic before entering the inner loop.
INFO: [HLS 200-111] Finished Architecture Synthesis: CPU user time: 0.1 seconds. CPU system time: 0 seconds. Elapsed time: 0.1 seconds; current allocated memory: 783.750 MB.
INFO: [HLS 200-10] Starting hardware synthesis ...
INFO: [HLS 200-10] Synthesizing 'compute2in' ...
INFO: [HLS 200-10] ----------------------------------------------------------------
INFO: [HLS 200-42] -- Implementing module 'compute2in' 
INFO: [HLS 200-10] ----------------------------------------------------------------
INFO: [SCHED 204-11] Starting scheduling ...
INFO: [HLS 200-486] Changing DSP latency (root=add_ln840_4) to 3 in order to utilize available DSP registers.
INFO: [HLS 200-486] Changing DSP latency (root=ret_V_1) to 3 in order to utilize available DSP registers.
INFO: [HLS 200-486] Changing DSP latency (root=ret_V_2) to 3 in order to utilize available DSP registers.
INFO: [HLS 200-486] Changing DSP latency (root=ret_V_4) to 3 in order to utilize available DSP registers.
INFO: [HLS 200-486] Changing DSP latency (root=ret_V) to 3 in order to utilize available DSP registers.
WARNING: [SCHED 204-65] Unable to satisfy pipeline directive for loop 'VITIS_LOOP_63_1': contains subloop(s) that are not unrolled or flattened.
INFO: [SCHED 204-11] Finished scheduling.
INFO: [HLS 200-111] Finished Scheduling: CPU user time: 0.21 seconds. CPU system time: 0.04 seconds. Elapsed time: 0.25 seconds; current allocated memory: 783.750 MB.
INFO: [BIND 205-100] Starting micro-architecture generation ...
INFO: [BIND 205-101] Performing variable lifetime analysis.
INFO: [BIND 205-101] Exploring resource sharing.
INFO: [BIND 205-101] Binding ...
INFO: [BIND 205-100] Finished micro-architecture generation.
INFO: [HLS 200-111] Finished Binding: CPU user time: 0.14 seconds. CPU system time: 0.01 seconds. Elapsed time: 0.15 seconds; current allocated memory: 783.750 MB.
INFO: [HLS 200-10] ----------------------------------------------------------------
INFO: [HLS 200-10] -- Generating RTL for module 'compute2in' 
INFO: [HLS 200-10] ----------------------------------------------------------------
INFO: [RTGEN 206-500] Setting interface mode on port 'compute2in/buffer_a' to 'ap_memory'.
INFO: [RTGEN 206-500] Setting interface mode on port 'compute2in/buffer_b' to 'ap_memory'.
INFO: [RTGEN 206-500] Setting interface mode on port 'compute2in/buffer_2' to 'ap_memory'.
INFO: [RTGEN 206-500] Setting interface mode on port 'compute2in/phase' to 'ap_none'.
INFO: [RTGEN 206-500] Setting interface mode on function 'compute2in' to 'ap_ctrl_hs'.
WARNING: [RTGEN 206-101] Register 'compute2in_ap_int_32_ap_int_32_ap_int_32_bool_REG1' is power-on initialization.
WARNING: [RTGEN 206-101] Register 'compute2in_ap_int_32_ap_int_32_ap_int_32_bool_REG1_5' is power-on initialization.
WARNING: [RTGEN 206-101] Register 'p_ZZ10compute2inP6ap_intILi32EES1_S1_bE4REG1_10' is power-on initialization.
WARNING: [RTGEN 206-101] Register 'p_ZZ10compute2inP6ap_intILi32EES1_S1_bE4REG1_15' is power-on initialization.
WARNING: [RTGEN 206-101] Register 'compute2in_ap_int_32_ap_int_32_ap_int_32_bool_REG1_1' is power-on initialization.
WARNING: [RTGEN 206-101] Register 'compute2in_ap_int_32_ap_int_32_ap_int_32_bool_REG1_2' is power-on initialization.
WARNING: [RTGEN 206-101] Register 'compute2in_ap_int_32_ap_int_32_ap_int_32_bool_REG1_3' is power-on initialization.
WARNING: [RTGEN 206-101] Register 'compute2in_ap_int_32_ap_int_32_ap_int_32_bool_REG1_4' is power-on initialization.
WARNING: [RTGEN 206-101] Register 'compute2in_ap_int_32_ap_int_32_ap_int_32_bool_REG1_6' is power-on initialization.
WARNING: [RTGEN 206-101] Register 'compute2in_ap_int_32_ap_int_32_ap_int_32_bool_REG1_7' is power-on initialization.
==============================================================
Vitis HLS - High-Level Synthesis from C, C++ and OpenCL v2022.2 (64-bit)
Tool Version Limit: 2019.12
Copyright 1986-2022 Xilinx, Inc. All Rights Reserved.
==============================================================
INFO: [SYN 201-201] Setting up clock 'default' with a period of 10ns.
INFO: [HLS 200-1611] Setting target device to 'xczu7ev-ffvc1156-2-e'
INFO: [HLS 200-1505] Using flow_target 'vivado'
INFO: [HLS 200-1464] Running solution command: config_interface -m_axi_latency=0
INFO: [HLS 200-1510] Running: csim_design 
INFO: [SIM 211-2] *************** CSIM start ***************
INFO: [SIM 211-4] CSIM will launch GCC as the compiler.
INFO: [SIM 211-1] CSim done with 0 errors.
INFO: [SIM 211-3] *************** CSIM finish ***************
INFO: [HLS 200-111] Finished Command csim_design CPU user time: 1.57 seconds. CPU system time: 0.48 seconds. Elapsed time: 2.05 seconds; current allocated memory: 0.000 MB.
INFO: [HLS 200-1510] Running: csynth_design 
INFO: [HLS 200-111] Finished File checks and directory preparation: CPU user time: 0 seconds. CPU system time: 0.01 seconds. Elapsed time: 0.01 seconds; current allocated memory: 742.664 MB.
INFO: [HLS 200-10] Analyzing design file 'Compute_block2in/Compute2in.cpp' ... 
INFO: [HLS 200-111] Finished Source Code Analysis and Preprocessing: CPU user time: 4.96 seconds. CPU system time: 0.9 seconds. Elapsed time: 5.89 seconds; current allocated memory: 745.004 MB.
INFO: [HLS 200-777] Using interface defaults for 'Vivado' flow target.
INFO: [HLS 214-291] Loop 'VITIS_LOOP_66_2' is marked as complete unroll implied by the pipeline pragma (Compute_block2in/Compute2in.cpp:66:30)
INFO: [HLS 214-291] Loop 'VITIS_LOOP_87_3' is marked as complete unroll implied by the pipeline pragma (Compute_block2in/Compute2in.cpp:87:30)
INFO: [HLS 214-291] Loop 'VITIS_LOOP_91_4' is marked as complete unroll implied by the pipeline pragma (Compute_block2in/Compute2in.cpp:91:34)
INFO: [HLS 214-186] Unrolling loop 'VITIS_LOOP_66_2' (Compute_block2in/Compute2in.cpp:66:30) in function 'compute2in' completely with a factor of 2 (Compute_block2in/Compute2in.cpp:38:0)
INFO: [HLS 214-186] Unrolling loop 'VITIS_LOOP_91_4' (Compute_block2in/Compute2in.cpp:91:34) in function 'compute2in' completely with a factor of 4 (Compute_block2in/Compute2in.cpp:38:0)
INFO: [HLS 214-248] Applying array_partition to '_ZZ10compute2inP6ap_intILi32EES1_S1_bE4REG1': Complete partitioning on dimension 1. (Compute_block2in/Compute2in.cpp:52:0)
INFO: [HLS 214-248] Applying array_partition to 'REG': Complete partitioning on dimension 1. Complete partitioning on dimension 2. (Compute_block2in/Compute2in.cpp:50:13)
INFO: [HLS 200-111] Finished Compiling Optimization and Transform: CPU user time: 3.85 seconds. CPU system time: 0.59 seconds. Elapsed time: 4.56 seconds; current allocated memory: 745.645 MB.
INFO: [HLS 200-111] Finished Checking Pragmas: CPU user time: 0 seconds. CPU system time: 0 seconds. Elapsed time: 0.01 seconds; current allocated memory: 745.645 MB.
INFO: [HLS 200-10] Starting code transformations ...
INFO: [HLS 200-111] Finished Standard Transforms: CPU user time: 0.06 seconds. CPU system time: 0.01 seconds. Elapsed time: 0.06 seconds; current allocated memory: 751.438 MB.
INFO: [HLS 200-10] Checking synthesizability ...
WARNING: [SYNCHK 200-24] /tools/Xilinx/Vitis_HLS/2022.2/common/technology/autopilot/ap_int_ref.h:628: Index for bit vector operation is out of bound.
INFO: [SYNCHK 200-10] 0 error(s), 1 warning(s).
INFO: [HLS 200-111] Finished Checking Synthesizability: CPU user time: 0.07 seconds. CPU system time: 0 seconds. Elapsed time: 0.07 seconds; current allocated memory: 757.344 MB.
INFO: [XFORM 203-502] Unrolling all sub-loops inside loop 'VITIS_LOOP_63_1' (Compute_block2in/Compute2in.cpp:65) in function 'compute2in' for pipelining.
WARNING: [HLS 200-936] Cannot unroll loop 'VITIS_LOOP_87_3' (Compute_block2in/Compute2in.cpp:87) in function 'compute2in': cannot completely unroll a loop with a variable trip count.
INFO: [XFORM 203-401] Performing if-conversion on hyperblock from (Compute_block2in/Compute2in.cpp:64:9) to (Compute_block2in/Compute2in.cpp:82:16) in function 'compute2in'... converting 5 basic blocks.
INFO: [HLS 200-111] Finished Loop, function and other optimizations: CPU user time: 0.18 seconds. CPU system time: 0.02 seconds. Elapsed time: 0.2 seconds; current allocated memory: 786.324 MB.
WARNING: [HLS 200-960] Cannot flatten loop 'VITIS_LOOP_63_1' (Compute_block2in/Compute2in.cpp:65:8) in function 'compute2in' the outer loop is not a perfect loop because there is nontrivial logic before entering the inner loop.
INFO: [HLS 200-111] Finished Architecture Synthesis: CPU user time: 0.1 seconds. CPU system time: 0 seconds. Elapsed time: 0.1 seconds; current allocated memory: 778.594 MB.
INFO: [HLS 200-10] Starting hardware synthesis ...
INFO: [HLS 200-10] Synthesizing 'compute2in' ...
INFO: [HLS 200-10] ----------------------------------------------------------------
INFO: [HLS 200-42] -- Implementing module 'compute2in' 
INFO: [HLS 200-10] ----------------------------------------------------------------
INFO: [SCHED 204-11] Starting scheduling ...
INFO: [HLS 200-486] Changing DSP latency (root=add_ln840_4) to 3 in order to utilize available DSP registers.
INFO: [HLS 200-486] Changing DSP latency (root=ret_V_1) to 3 in order to utilize available DSP registers.
INFO: [HLS 200-486] Changing DSP latency (root=ret_V_2) to 3 in order to utilize available DSP registers.
INFO: [HLS 200-486] Changing DSP latency (root=ret_V_4) to 3 in order to utilize available DSP registers.
INFO: [HLS 200-486] Changing DSP latency (root=ret_V) to 3 in order to utilize available DSP registers.
WARNING: [SCHED 204-65] Unable to satisfy pipeline directive for loop 'VITIS_LOOP_63_1': contains subloop(s) that are not unrolled or flattened.
INFO: [SCHED 204-11] Finished scheduling.
INFO: [HLS 200-111] Finished Scheduling: CPU user time: 0.19 seconds. CPU system time: 0.05 seconds. Elapsed time: 0.24 seconds; current allocated memory: 783.379 MB.
INFO: [BIND 205-100] Starting micro-architecture generation ...
INFO: [BIND 205-101] Performing variable lifetime analysis.
INFO: [BIND 205-101] Exploring resource sharing.
INFO: [BIND 205-101] Binding ...
INFO: [BIND 205-100] Finished micro-architecture generation.
INFO: [HLS 200-111] Finished Binding: CPU user time: 0.13 seconds. CPU system time: 0.01 seconds. Elapsed time: 0.14 seconds; current allocated memory: 783.379 MB.
INFO: [HLS 200-10] ----------------------------------------------------------------
INFO: [HLS 200-10] -- Generating RTL for module 'compute2in' 
INFO: [HLS 200-10] ----------------------------------------------------------------
INFO: [RTGEN 206-500] Setting interface mode on port 'compute2in/buffer_a' to 'ap_memory'.
INFO: [RTGEN 206-500] Setting interface mode on port 'compute2in/buffer_b' to 'ap_memory'.
INFO: [RTGEN 206-500] Setting interface mode on port 'compute2in/buffer_2' to 'ap_memory'.
INFO: [RTGEN 206-500] Setting interface mode on port 'compute2in/phase' to 'ap_none'.
INFO: [RTGEN 206-500] Setting interface mode on function 'compute2in' to 'ap_ctrl_hs'.
WARNING: [RTGEN 206-101] Register 'compute2in_ap_int_32_ap_int_32_ap_int_32_bool_REG1' is power-on initialization.
WARNING: [RTGEN 206-101] Register 'compute2in_ap_int_32_ap_int_32_ap_int_32_bool_REG1_5' is power-on initialization.
WARNING: [RTGEN 206-101] Register 'p_ZZ10compute2inP6ap_intILi32EES1_S1_bE4REG1_10' is power-on initialization.
WARNING: [RTGEN 206-101] Register 'p_ZZ10compute2inP6ap_intILi32EES1_S1_bE4REG1_15' is power-on initialization.
WARNING: [RTGEN 206-101] Register 'compute2in_ap_int_32_ap_int_32_ap_int_32_bool_REG1_1' is power-on initialization.
WARNING: [RTGEN 206-101] Register 'compute2in_ap_int_32_ap_int_32_ap_int_32_bool_REG1_2' is power-on initialization.
WARNING: [RTGEN 206-101] Register 'compute2in_ap_int_32_ap_int_32_ap_int_32_bool_REG1_3' is power-on initialization.
WARNING: [RTGEN 206-101] Register 'compute2in_ap_int_32_ap_int_32_ap_int_32_bool_REG1_4' is power-on initialization.
WARNING: [RTGEN 206-101] Register 'compute2in_ap_int_32_ap_int_32_ap_int_32_bool_REG1_6' is power-on initialization.
WARNING: [RTGEN 206-101] Register 'compute2in_ap_int_32_ap_int_32_ap_int_32_bool_REG1_7' is power-on initialization.
WARNING: [RTGEN 206-101] Register 'compute2in_ap_int_32_ap_int_32_ap_int_32_bool_REG1_8' is power-on initialization.
WARNING: [RTGEN 206-101] Register 'compute2in_ap_int_32_ap_int_32_ap_int_32_bool_REG1_9' is power-on initialization.
WARNING: [RTGEN 206-101] Register 'p_ZZ10compute2inP6ap_intILi32EES1_S1_bE4REG1_11' is power-on initialization.
WARNING: [RTGEN 206-101] Register 'p_ZZ10compute2inP6ap_intILi32EES1_S1_bE4REG1_12' is power-on initialization.
WARNING: [RTGEN 206-101] Register 'p_ZZ10compute2inP6ap_intILi32EES1_S1_bE4REG1_13' is power-on initialization.
WARNING: [RTGEN 206-101] Register 'p_ZZ10compute2inP6ap_intILi32EES1_S1_bE4REG1_14' is power-on initialization.
WARNING: [RTGEN 206-101] Port 'compute2in/buffer_b_address0' has no fanin or fanout and is left dangling.
               Please use C simulation to confirm this function argument can be read from or written to.
WARNING: [RTGEN 206-101] Setting dangling out port 'compute2in/buffer_b_address0' to 0.
WARNING: [RTGEN 206-101] Port 'compute2in/buffer_b_ce0' has no fanin or fanout and is left dangling.
               Please use C simulation to confirm this function argument can be read from or written to.
WARNING: [RTGEN 206-101] Setting dangling out port 'compute2in/buffer_b_ce0' to 0.
WARNING: [RTGEN 206-101] Port 'compute2in/buffer_b_we0' has no fanin or fanout and is left dangling.
               Please use C simulation to confirm this function argument can be read from or written to.
WARNING: [RTGEN 206-101] Setting dangling out port 'compute2in/buffer_b_we0' to 0.
WARNING: [RTGEN 206-101] Port 'compute2in/buffer_b_d0' has no fanin or fanout and is left dangling.
               Please use C simulation to confirm this function argument can be read from or written to.
WARNING: [RTGEN 206-101] Setting dangling out port 'compute2in/buffer_b_d0' to 0.
WARNING: [RTGEN 206-101] Port 'compute2in/buffer_b_q0' has no fanin or fanout and is left dangling.
               Please use C simulation to confirm this function argument can be read from or written to.
WARNING: [RTGEN 206-101] Port 'compute2in/buffer_b_address1' has no fanin or fanout and is left dangling.
               Please use C simulation to confirm this function argument can be read from or written to.
WARNING: [RTGEN 206-101] Setting dangling out port 'compute2in/buffer_b_address1' to 0.
WARNING: [RTGEN 206-101] Port 'compute2in/buffer_b_ce1' has no fanin or fanout and is left dangling.
               Please use C simulation to confirm this function argument can be read from or written to.
WARNING: [RTGEN 206-101] Setting dangling out port 'compute2in/buffer_b_ce1' to 0.
WARNING: [RTGEN 206-101] Port 'compute2in/buffer_b_we1' has no fanin or fanout and is left dangling.
               Please use C simulation to confirm this function argument can be read from or written to.
WARNING: [RTGEN 206-101] Setting dangling out port 'compute2in/buffer_b_we1' to 0.
WARNING: [RTGEN 206-101] Port 'compute2in/buffer_b_d1' has no fanin or fanout and is left dangling.
               Please use C simulation to confirm this function argument can be read from or written to.
WARNING: [RTGEN 206-101] Setting dangling out port 'compute2in/buffer_b_d1' to 0.
WARNING: [RTGEN 206-101] Port 'compute2in/buffer_b_q1' has no fanin or fanout and is left dangling.
               Please use C simulation to confirm this function argument can be read from or written to.
INFO: [RTGEN 206-100] Generating core module 'ama_addmuladd_16ns_16ns_1ns_17s_32_4_1': 1 instance(s).
INFO: [RTGEN 206-100] Generating core module 'mac_muladd_16ns_16ns_32ns_32_4_1': 2 instance(s).
INFO: [RTGEN 206-100] Generating core module 'mul_16ns_1ns_32_1_1': 2 instance(s).
INFO: [RTGEN 206-100] Generating core module 'mul_17ns_1ns_32_1_1': 2 instance(s).
INFO: [RTGEN 206-100] Generating core module 'mul_mul_16ns_16ns_32_4_1': 2 instance(s).
INFO: [RTGEN 206-100] Generating core module 'mux_124_32_1_1': 1 instance(s).
INFO: [RTGEN 206-100] Generating core module 'mux_154_32_1_1': 1 instance(s).
INFO: [RTGEN 206-100] Generating core module 'mux_32_16_1_1': 8 instance(s).
INFO: [RTGEN 206-100] Generating core module 'mux_42_32_1_1': 1 instance(s).
INFO: [RTGEN 206-100] Finished creating RTL model for 'compute2in'.
INFO: [HLS 200-111] Finished Creating RTL model: CPU user time: 0.24 seconds. CPU system time: 0.01 seconds. Elapsed time: 0.26 seconds; current allocated memory: 783.379 MB.
INFO: [HLS 200-111] Finished Generating all RTL models: CPU user time: 0.92 seconds. CPU system time: 0.04 seconds. Elapsed time: 0.97 seconds; current allocated memory: 791.199 MB.
INFO: [HLS 200-111] Finished Updating report files: CPU user time: 0.35 seconds. CPU system time: 0.01 seconds. Elapsed time: 0.37 seconds; current allocated memory: 794.367 MB.
INFO: [VHDL 208-304] Generating VHDL RTL for compute2in.
INFO: [VLOG 209-307] Generating Verilog RTL for compute2in.
INFO: [HLS 200-790] **** Loop Constraint Status: All loop constraints were satisfied.
INFO: [HLS 200-789] **** Estimated Fmax: 186.74 MHz
INFO: [HLS 200-111] Finished Command csynth_design CPU user time: 11.07 seconds. CPU system time: 1.66 seconds. Elapsed time: 12.89 seconds; current allocated memory: 51.906 MB.
INFO: [HLS 200-1510] Running: csim_design 
INFO: [SIM 211-2] *************** CSIM start ***************
INFO: [SIM 211-4] CSIM will launch GCC as the compiler.
INFO: [SIM 211-1] CSim done with 0 errors.
INFO: [SIM 211-3] *************** CSIM finish ***************
INFO: [HLS 200-111] Finished Command csim_design CPU user time: 2.95 seconds. CPU system time: 0.7 seconds. Elapsed time: 3.66 seconds; current allocated memory: 0.000 MB.
INFO: [HLS 200-1510] Running: csynth_design 
INFO: [HLS 200-111] Finished File checks and directory preparation: CPU user time: 0.01 seconds. CPU system time: 0 seconds. Elapsed time: 0.01 seconds; current allocated memory: 794.539 MB.
INFO: [HLS 200-10] Analyzing design file 'Compute_block2in/Compute2in.cpp' ... 
INFO: [HLS 200-111] Finished Source Code Analysis and Preprocessing: CPU user time: 4.95 seconds. CPU system time: 0.81 seconds. Elapsed time: 5.79 seconds; current allocated memory: 794.594 MB.
INFO: [HLS 200-777] Using interface defaults for 'Vivado' flow target.
INFO: [HLS 214-291] Loop 'VITIS_LOOP_66_2' is marked as complete unroll implied by the pipeline pragma (Compute_block2in/Compute2in.cpp:66:30)
INFO: [HLS 214-291] Loop 'VITIS_LOOP_87_3' is marked as complete unroll implied by the pipeline pragma (Compute_block2in/Compute2in.cpp:87:30)
INFO: [HLS 214-291] Loop 'VITIS_LOOP_91_4' is marked as complete unroll implied by the pipeline pragma (Compute_block2in/Compute2in.cpp:91:34)
INFO: [HLS 214-186] Unrolling loop 'VITIS_LOOP_66_2' (Compute_block2in/Compute2in.cpp:66:30) in function 'compute2in' completely with a factor of 2 (Compute_block2in/Compute2in.cpp:38:0)
INFO: [HLS 214-186] Unrolling loop 'VITIS_LOOP_91_4' (Compute_block2in/Compute2in.cpp:91:34) in function 'compute2in' completely with a factor of 4 (Compute_block2in/Compute2in.cpp:38:0)
INFO: [HLS 214-248] Applying array_partition to '_ZZ10compute2inP6ap_intILi32EES1_S1_bE4REG1': Complete partitioning on dimension 1. (Compute_block2in/Compute2in.cpp:52:0)
INFO: [HLS 214-248] Applying array_partition to 'REG': Complete partitioning on dimension 1. Complete partitioning on dimension 2. (Compute_block2in/Compute2in.cpp:50:13)
INFO: [HLS 200-111] Finished Compiling Optimization and Transform: CPU user time: 3.9 seconds. CPU system time: 0.53 seconds. Elapsed time: 4.54 seconds; current allocated memory: 794.855 MB.
INFO: [HLS 200-111] Finished Checking Pragmas: CPU user time: 0 seconds. CPU system time: 0 seconds. Elapsed time: 0 seconds; current allocated memory: 794.867 MB.
INFO: [HLS 200-10] Starting code transformations ...
INFO: [HLS 200-111] Finished Standard Transforms: CPU user time: 0.06 seconds. CPU system time: 0.01 seconds. Elapsed time: 0.07 seconds; current allocated memory: 794.871 MB.
INFO: [HLS 200-10] Checking synthesizability ...
WARNING: [SYNCHK 200-24] /tools/Xilinx/Vitis_HLS/2022.2/common/technology/autopilot/ap_int_ref.h:628: Index for bit vector operation is out of bound.
INFO: [SYNCHK 200-10] 0 error(s), 1 warning(s).
INFO: [HLS 200-111] Finished Checking Synthesizability: CPU user time: 0.08 seconds. CPU system time: 0 seconds. Elapsed time: 0.08 seconds; current allocated memory: 794.871 MB.
INFO: [XFORM 203-502] Unrolling all sub-loops inside loop 'VITIS_LOOP_63_1' (Compute_block2in/Compute2in.cpp:65) in function 'compute2in' for pipelining.
WARNING: [HLS 200-936] Cannot unroll loop 'VITIS_LOOP_87_3' (Compute_block2in/Compute2in.cpp:87) in function 'compute2in': cannot completely unroll a loop with a variable trip count.
INFO: [XFORM 203-401] Performing if-conversion on hyperblock from (Compute_block2in/Compute2in.cpp:64:9) to (Compute_block2in/Compute2in.cpp:82:16) in function 'compute2in'... converting 5 basic blocks.
INFO: [HLS 200-111] Finished Loop, function and other optimizations: CPU user time: 0.17 seconds. CPU system time: 0.03 seconds. Elapsed time: 0.21 seconds; current allocated memory: 817.062 MB.
WARNING: [HLS 200-960] Cannot flatten loop 'VITIS_LOOP_63_1' (Compute_block2in/Compute2in.cpp:65:8) in function 'compute2in' the outer loop is not a perfect loop because there is nontrivial logic before entering the inner loop.
INFO: [HLS 200-111] Finished Architecture Synthesis: CPU user time: 0.11 seconds. CPU system time: 0 seconds. Elapsed time: 0.1 seconds; current allocated memory: 817.062 MB.
INFO: [HLS 200-10] Starting hardware synthesis ...
INFO: [HLS 200-10] Synthesizing 'compute2in' ...
INFO: [HLS 200-10] ----------------------------------------------------------------
INFO: [HLS 200-42] -- Implementing module 'compute2in' 
INFO: [HLS 200-10] ----------------------------------------------------------------
INFO: [SCHED 204-11] Starting scheduling ...
INFO: [HLS 200-486] Changing DSP latency (root=add_ln840_4) to 3 in order to utilize available DSP registers.
INFO: [HLS 200-486] Changing DSP latency (root=ret_V_1) to 3 in order to utilize available DSP registers.
INFO: [HLS 200-486] Changing DSP latency (root=ret_V_2) to 3 in order to utilize available DSP registers.
INFO: [HLS 200-486] Changing DSP latency (root=ret_V_4) to 3 in order to utilize available DSP registers.
INFO: [HLS 200-486] Changing DSP latency (root=ret_V) to 3 in order to utilize available DSP registers.
WARNING: [SCHED 204-65] Unable to satisfy pipeline directive for loop 'VITIS_LOOP_63_1': contains subloop(s) that are not unrolled or flattened.
INFO: [SCHED 204-11] Finished scheduling.
INFO: [HLS 200-111] Finished Scheduling: CPU user time: 0.21 seconds. CPU system time: 0.04 seconds. Elapsed time: 0.25 seconds; current allocated memory: 817.062 MB.
INFO: [BIND 205-100] Starting micro-architecture generation ...
INFO: [BIND 205-101] Performing variable lifetime analysis.
INFO: [BIND 205-101] Exploring resource sharing.
INFO: [BIND 205-101] Binding ...
INFO: [BIND 205-100] Finished micro-architecture generation.
INFO: [HLS 200-111] Finished Binding: CPU user time: 0.14 seconds. CPU system time: 0 seconds. Elapsed time: 0.15 seconds; current allocated memory: 817.062 MB.
INFO: [HLS 200-10] ----------------------------------------------------------------
INFO: [HLS 200-10] -- Generating RTL for module 'compute2in' 
INFO: [HLS 200-10] ----------------------------------------------------------------
INFO: [RTGEN 206-500] Setting interface mode on port 'compute2in/buffer_a' to 'ap_memory'.
INFO: [RTGEN 206-500] Setting interface mode on port 'compute2in/buffer_b' to 'ap_memory'.
INFO: [RTGEN 206-500] Setting interface mode on port 'compute2in/buffer_2' to 'ap_memory'.
INFO: [RTGEN 206-500] Setting interface mode on port 'compute2in/phase' to 'ap_none'.
INFO: [RTGEN 206-500] Setting interface mode on function 'compute2in' to 'ap_ctrl_hs'.
WARNING: [RTGEN 206-101] Register 'compute2in_ap_int_32_ap_int_32_ap_int_32_bool_REG1' is power-on initialization.
WARNING: [RTGEN 206-101] Register 'compute2in_ap_int_32_ap_int_32_ap_int_32_bool_REG1_5' is power-on initialization.
WARNING: [RTGEN 206-101] Register 'p_ZZ10compute2inP6ap_intILi32EES1_S1_bE4REG1_10' is power-on initialization.
WARNING: [RTGEN 206-101] Register 'p_ZZ10compute2inP6ap_intILi32EES1_S1_bE4REG1_15' is power-on initialization.
WARNING: [RTGEN 206-101] Register 'compute2in_ap_int_32_ap_int_32_ap_int_32_bool_REG1_1' is power-on initialization.
WARNING: [RTGEN 206-101] Register 'compute2in_ap_int_32_ap_int_32_ap_int_32_bool_REG1_2' is power-on initialization.
WARNING: [RTGEN 206-101] Register 'compute2in_ap_int_32_ap_int_32_ap_int_32_bool_REG1_3' is power-on initialization.
WARNING: [RTGEN 206-101] Register 'compute2in_ap_int_32_ap_int_32_ap_int_32_bool_REG1_4' is power-on initialization.
WARNING: [RTGEN 206-101] Register 'compute2in_ap_int_32_ap_int_32_ap_int_32_bool_REG1_6' is power-on initialization.
WARNING: [RTGEN 206-101] Register 'compute2in_ap_int_32_ap_int_32_ap_int_32_bool_REG1_7' is power-on initialization.
WARNING: [RTGEN 206-101] Register 'compute2in_ap_int_32_ap_int_32_ap_int_32_bool_REG1_8' is power-on initialization.
WARNING: [RTGEN 206-101] Register 'compute2in_ap_int_32_ap_int_32_ap_int_32_bool_REG1_9' is power-on initialization.
WARNING: [RTGEN 206-101] Register 'p_ZZ10compute2inP6ap_intILi32EES1_S1_bE4REG1_11' is power-on initialization.
WARNING: [RTGEN 206-101] Register 'p_ZZ10compute2inP6ap_intILi32EES1_S1_bE4REG1_12' is power-on initialization.
WARNING: [RTGEN 206-101] Register 'p_ZZ10compute2inP6ap_intILi32EES1_S1_bE4REG1_13' is power-on initialization.
WARNING: [RTGEN 206-101] Register 'p_ZZ10compute2inP6ap_intILi32EES1_S1_bE4REG1_14' is power-on initialization.
WARNING: [RTGEN 206-101] Port 'compute2in/buffer_b_address0' has no fanin or fanout and is left dangling.
               Please use C simulation to confirm this function argument can be read from or written to.
WARNING: [RTGEN 206-101] Setting dangling out port 'compute2in/buffer_b_address0' to 0.
WARNING: [RTGEN 206-101] Port 'compute2in/buffer_b_ce0' has no fanin or fanout and is left dangling.
               Please use C simulation to confirm this function argument can be read from or written to.
WARNING: [RTGEN 206-101] Setting dangling out port 'compute2in/buffer_b_ce0' to 0.
WARNING: [RTGEN 206-101] Port 'compute2in/buffer_b_we0' has no fanin or fanout and is left dangling.
               Please use C simulation to confirm this function argument can be read from or written to.
WARNING: [RTGEN 206-101] Setting dangling out port 'compute2in/buffer_b_we0' to 0.
WARNING: [RTGEN 206-101] Port 'compute2in/buffer_b_d0' has no fanin or fanout and is left dangling.
               Please use C simulation to confirm this function argument can be read from or written to.
WARNING: [RTGEN 206-101] Setting dangling out port 'compute2in/buffer_b_d0' to 0.
WARNING: [RTGEN 206-101] Port 'compute2in/buffer_b_q0' has no fanin or fanout and is left dangling.
               Please use C simulation to confirm this function argument can be read from or written to.
WARNING: [RTGEN 206-101] Port 'compute2in/buffer_b_address1' has no fanin or fanout and is left dangling.
               Please use C simulation to confirm this function argument can be read from or written to.
WARNING: [RTGEN 206-101] Setting dangling out port 'compute2in/buffer_b_address1' to 0.
WARNING: [RTGEN 206-101] Port 'compute2in/buffer_b_ce1' has no fanin or fanout and is left dangling.
               Please use C simulation to confirm this function argument can be read from or written to.
WARNING: [RTGEN 206-101] Setting dangling out port 'compute2in/buffer_b_ce1' to 0.
WARNING: [RTGEN 206-101] Port 'compute2in/buffer_b_we1' has no fanin or fanout and is left dangling.
               Please use C simulation to confirm this function argument can be read from or written to.
WARNING: [RTGEN 206-101] Setting dangling out port 'compute2in/buffer_b_we1' to 0.
WARNING: [RTGEN 206-101] Port 'compute2in/buffer_b_d1' has no fanin or fanout and is left dangling.
               Please use C simulation to confirm this function argument can be read from or written to.
WARNING: [RTGEN 206-101] Setting dangling out port 'compute2in/buffer_b_d1' to 0.
WARNING: [RTGEN 206-101] Port 'compute2in/buffer_b_q1' has no fanin or fanout and is left dangling.
               Please use C simulation to confirm this function argument can be read from or written to.
INFO: [RTGEN 206-100] Generating core module 'ama_addmuladd_16ns_16ns_1ns_17s_32_4_1': 1 instance(s).
INFO: [RTGEN 206-100] Generating core module 'mac_muladd_16ns_16ns_32ns_32_4_1': 2 instance(s).
INFO: [RTGEN 206-100] Generating core module 'mul_16ns_1ns_32_1_1': 2 instance(s).
INFO: [RTGEN 206-100] Generating core module 'mul_17ns_1ns_32_1_1': 2 instance(s).
INFO: [RTGEN 206-100] Generating core module 'mul_mul_16ns_16ns_32_4_1': 2 instance(s).
INFO: [RTGEN 206-100] Generating core module 'mux_124_32_1_1': 1 instance(s).
INFO: [RTGEN 206-100] Generating core module 'mux_154_32_1_1': 1 instance(s).
INFO: [RTGEN 206-100] Generating core module 'mux_32_16_1_1': 8 instance(s).
INFO: [RTGEN 206-100] Generating core module 'mux_42_32_1_1': 1 instance(s).
INFO: [RTGEN 206-100] Finished creating RTL model for 'compute2in'.
INFO: [HLS 200-111] Finished Creating RTL model: CPU user time: 0.24 seconds. CPU system time: 0.01 seconds. Elapsed time: 0.26 seconds; current allocated memory: 817.062 MB.
INFO: [HLS 200-111] Finished Generating all RTL models: CPU user time: 0.92 seconds. CPU system time: 0.04 seconds. Elapsed time: 0.95 seconds; current allocated memory: 821.383 MB.
INFO: [HLS 200-111] Finished Updating report files: CPU user time: 0.4 seconds. CPU system time: 0.02 seconds. Elapsed time: 0.42 seconds; current allocated memory: 821.598 MB.
INFO: [VHDL 208-304] Generating VHDL RTL for compute2in.
INFO: [VLOG 209-307] Generating Verilog RTL for compute2in.
INFO: [HLS 200-790] **** Loop Constraint Status: All loop constraints were satisfied.
INFO: [HLS 200-789] **** Estimated Fmax: 186.74 MHz
INFO: [HLS 200-111] Finished Command csynth_design CPU user time: 11.2 seconds. CPU system time: 1.49 seconds. Elapsed time: 12.85 seconds; current allocated memory: 27.254 MB.
INFO: [HLS 200-1510] Running: csim_design 
INFO: [SIM 211-2] *************** CSIM start ***************
INFO: [SIM 211-4] CSIM will launch GCC as the compiler.
INFO: [SIM 211-1] CSim done with 0 errors.
INFO: [SIM 211-3] *************** CSIM finish ***************
INFO: [HLS 200-111] Finished Command csim_design CPU user time: 1.55 seconds. CPU system time: 0.57 seconds. Elapsed time: 2.11 seconds; current allocated memory: 0.000 MB.
INFO: [HLS 200-1510] Running: csynth_design 
INFO: [HLS 200-111] Finished File checks and directory preparation: CPU user time: 0.01 seconds. CPU system time: 0 seconds. Elapsed time: 0.01 seconds; current allocated memory: 821.793 MB.
INFO: [HLS 200-10] Analyzing design file 'Compute_block2in/Compute2in.cpp' ... 
INFO: [HLS 200-111] Finished Source Code Analysis and Preprocessing: CPU user time: 4.92 seconds. CPU system time: 0.87 seconds. Elapsed time: 5.81 seconds; current allocated memory: 821.793 MB.
INFO: [HLS 200-777] Using interface defaults for 'Vivado' flow target.
WARNING: [HLS 214-340] The resource pragma (bind_storage) on top-level function argument, in 'call' is unsupported, please use INTERFACE pragma instead (Compute_block2in/Compute2in.cpp:43:9)
WARNING: [HLS 214-340] The resource pragma (bind_storage) on top-level function argument, in 'call' is unsupported, please use INTERFACE pragma instead (Compute_block2in/Compute2in.cpp:44:9)
INFO: [HLS 214-291] Loop 'VITIS_LOOP_68_2' is marked as complete unroll implied by the pipeline pragma (Compute_block2in/Compute2in.cpp:68:30)
INFO: [HLS 214-291] Loop 'VITIS_LOOP_89_3' is marked as complete unroll implied by the pipeline pragma (Compute_block2in/Compute2in.cpp:89:30)
INFO: [HLS 214-291] Loop 'VITIS_LOOP_93_4' is marked as complete unroll implied by the pipeline pragma (Compute_block2in/Compute2in.cpp:93:34)
INFO: [HLS 214-186] Unrolling loop 'VITIS_LOOP_68_2' (Compute_block2in/Compute2in.cpp:68:30) in function 'compute2in' completely with a factor of 2 (Compute_block2in/Compute2in.cpp:38:0)
INFO: [HLS 214-186] Unrolling loop 'VITIS_LOOP_93_4' (Compute_block2in/Compute2in.cpp:93:34) in function 'compute2in' completely with a factor of 4 (Compute_block2in/Compute2in.cpp:38:0)
INFO: [HLS 214-248] Applying array_partition to '_ZZ10compute2inP6ap_intILi32EES1_S1_bE4REG1': Complete partitioning on dimension 1. (Compute_block2in/Compute2in.cpp:54:0)
INFO: [HLS 214-248] Applying array_partition to 'REG': Complete partitioning on dimension 1. Complete partitioning on dimension 2. (Compute_block2in/Compute2in.cpp:52:13)
INFO: [HLS 200-111] Finished Compiling Optimization and Transform: CPU user time: 3.95 seconds. CPU system time: 0.58 seconds. Elapsed time: 4.66 seconds; current allocated memory: 822.000 MB.
INFO: [HLS 200-111] Finished Checking Pragmas: CPU user time: 0.01 seconds. CPU system time: 0 seconds. Elapsed time: 0 seconds; current allocated memory: 822.000 MB.
INFO: [HLS 200-10] Starting code transformations ...
INFO: [HLS 200-111] Finished Standard Transforms: CPU user time: 0.06 seconds. CPU system time: 0.01 seconds. Elapsed time: 0.07 seconds; current allocated memory: 822.000 MB.
INFO: [HLS 200-10] Checking synthesizability ...
WARNING: [SYNCHK 200-24] /tools/Xilinx/Vitis_HLS/2022.2/common/technology/autopilot/ap_int_ref.h:628: Index for bit vector operation is out of bound.
INFO: [SYNCHK 200-10] 0 error(s), 1 warning(s).
INFO: [HLS 200-111] Finished Checking Synthesizability: CPU user time: 0.08 seconds. CPU system time: 0 seconds. Elapsed time: 0.09 seconds; current allocated memory: 822.000 MB.
INFO: [XFORM 203-502] Unrolling all sub-loops inside loop 'VITIS_LOOP_65_1' (Compute_block2in/Compute2in.cpp:67) in function 'compute2in' for pipelining.
WARNING: [HLS 200-936] Cannot unroll loop 'VITIS_LOOP_89_3' (Compute_block2in/Compute2in.cpp:89) in function 'compute2in': cannot completely unroll a loop with a variable trip count.
INFO: [XFORM 203-401] Performing if-conversion on hyperblock from (Compute_block2in/Compute2in.cpp:66:9) to (Compute_block2in/Compute2in.cpp:84:16) in function 'compute2in'... converting 5 basic blocks.
INFO: [HLS 200-111] Finished Loop, function and other optimizations: CPU user time: 0.19 seconds. CPU system time: 0.02 seconds. Elapsed time: 0.2 seconds; current allocated memory: 844.711 MB.
WARNING: [HLS 200-960] Cannot flatten loop 'VITIS_LOOP_65_1' (Compute_block2in/Compute2in.cpp:67:8) in function 'compute2in' the outer loop is not a perfect loop because there is nontrivial logic before entering the inner loop.
INFO: [HLS 200-111] Finished Architecture Synthesis: CPU user time: 0.1 seconds. CPU system time: 0 seconds. Elapsed time: 0.1 seconds; current allocated memory: 844.711 MB.
INFO: [HLS 200-10] Starting hardware synthesis ...
INFO: [HLS 200-10] Synthesizing 'compute2in' ...
INFO: [HLS 200-10] ----------------------------------------------------------------
INFO: [HLS 200-42] -- Implementing module 'compute2in' 
INFO: [HLS 200-10] ----------------------------------------------------------------
INFO: [SCHED 204-11] Starting scheduling ...
INFO: [HLS 200-486] Changing DSP latency (root=add_ln840_4) to 3 in order to utilize available DSP registers.
INFO: [HLS 200-486] Changing DSP latency (root=ret_V_1) to 3 in order to utilize available DSP registers.
INFO: [HLS 200-486] Changing DSP latency (root=ret_V_2) to 3 in order to utilize available DSP registers.
INFO: [HLS 200-486] Changing DSP latency (root=ret_V_4) to 3 in order to utilize available DSP registers.
INFO: [HLS 200-486] Changing DSP latency (root=ret_V) to 3 in order to utilize available DSP registers.
WARNING: [SCHED 204-65] Unable to satisfy pipeline directive for loop 'VITIS_LOOP_65_1': contains subloop(s) that are not unrolled or flattened.
INFO: [SCHED 204-11] Finished scheduling.
INFO: [HLS 200-111] Finished Scheduling: CPU user time: 0.19 seconds. CPU system time: 0.04 seconds. Elapsed time: 0.23 seconds; current allocated memory: 844.711 MB.
INFO: [BIND 205-100] Starting micro-architecture generation ...
INFO: [BIND 205-101] Performing variable lifetime analysis.
INFO: [BIND 205-101] Exploring resource sharing.
INFO: [BIND 205-101] Binding ...
INFO: [BIND 205-100] Finished micro-architecture generation.
INFO: [HLS 200-111] Finished Binding: CPU user time: 0.13 seconds. CPU system time: 0.01 seconds. Elapsed time: 0.14 seconds; current allocated memory: 844.711 MB.
INFO: [HLS 200-10] ----------------------------------------------------------------
INFO: [HLS 200-10] -- Generating RTL for module 'compute2in' 
INFO: [HLS 200-10] ----------------------------------------------------------------
INFO: [RTGEN 206-500] Setting interface mode on port 'compute2in/buffer_a' to 'ap_memory'.
INFO: [RTGEN 206-500] Setting interface mode on port 'compute2in/buffer_b' to 'ap_memory'.
INFO: [RTGEN 206-500] Setting interface mode on port 'compute2in/buffer_2' to 'ap_memory'.
INFO: [RTGEN 206-500] Setting interface mode on port 'compute2in/phase' to 'ap_none'.
INFO: [RTGEN 206-500] Setting interface mode on function 'compute2in' to 'ap_ctrl_hs'.
WARNING: [RTGEN 206-101] Register 'compute2in_ap_int_32_ap_int_32_ap_int_32_bool_REG1' is power-on initialization.
WARNING: [RTGEN 206-101] Register 'compute2in_ap_int_32_ap_int_32_ap_int_32_bool_REG1_5' is power-on initialization.
WARNING: [RTGEN 206-101] Register 'p_ZZ10compute2inP6ap_intILi32EES1_S1_bE4REG1_10' is power-on initialization.
WARNING: [RTGEN 206-101] Register 'p_ZZ10compute2inP6ap_intILi32EES1_S1_bE4REG1_15' is power-on initialization.
WARNING: [RTGEN 206-101] Register 'compute2in_ap_int_32_ap_int_32_ap_int_32_bool_REG1_1' is power-on initialization.
WARNING: [RTGEN 206-101] Register 'compute2in_ap_int_32_ap_int_32_ap_int_32_bool_REG1_2' is power-on initialization.
WARNING: [RTGEN 206-101] Register 'compute2in_ap_int_32_ap_int_32_ap_int_32_bool_REG1_3' is power-on initialization.
WARNING: [RTGEN 206-101] Register 'compute2in_ap_int_32_ap_int_32_ap_int_32_bool_REG1_4' is power-on initialization.
WARNING: [RTGEN 206-101] Register 'compute2in_ap_int_32_ap_int_32_ap_int_32_bool_REG1_6' is power-on initialization.
WARNING: [RTGEN 206-101] Register 'compute2in_ap_int_32_ap_int_32_ap_int_32_bool_REG1_7' is power-on initialization.
WARNING: [RTGEN 206-101] Register 'compute2in_ap_int_32_ap_int_32_ap_int_32_bool_REG1_8' is power-on initialization.
WARNING: [RTGEN 206-101] Register 'compute2in_ap_int_32_ap_int_32_ap_int_32_bool_REG1_9' is power-on initialization.
WARNING: [RTGEN 206-101] Register 'p_ZZ10compute2inP6ap_intILi32EES1_S1_bE4REG1_11' is power-on initialization.
WARNING: [RTGEN 206-101] Register 'p_ZZ10compute2inP6ap_intILi32EES1_S1_bE4REG1_12' is power-on initialization.
WARNING: [RTGEN 206-101] Register 'p_ZZ10compute2inP6ap_intILi32EES1_S1_bE4REG1_13' is power-on initialization.
WARNING: [RTGEN 206-101] Register 'p_ZZ10compute2inP6ap_intILi32EES1_S1_bE4REG1_14' is power-on initialization.
WARNING: [RTGEN 206-101] Port 'compute2in/buffer_b_address0' has no fanin or fanout and is left dangling.
               Please use C simulation to confirm this function argument can be read from or written to.
WARNING: [RTGEN 206-101] Setting dangling out port 'compute2in/buffer_b_address0' to 0.
WARNING: [RTGEN 206-101] Port 'compute2in/buffer_b_ce0' has no fanin or fanout and is left dangling.
               Please use C simulation to confirm this function argument can be read from or written to.
WARNING: [RTGEN 206-101] Setting dangling out port 'compute2in/buffer_b_ce0' to 0.
WARNING: [RTGEN 206-101] Port 'compute2in/buffer_b_we0' has no fanin or fanout and is left dangling.
               Please use C simulation to confirm this function argument can be read from or written to.
WARNING: [RTGEN 206-101] Setting dangling out port 'compute2in/buffer_b_we0' to 0.
WARNING: [RTGEN 206-101] Port 'compute2in/buffer_b_d0' has no fanin or fanout and is left dangling.
               Please use C simulation to confirm this function argument can be read from or written to.
WARNING: [RTGEN 206-101] Setting dangling out port 'compute2in/buffer_b_d0' to 0.
WARNING: [RTGEN 206-101] Port 'compute2in/buffer_b_q0' has no fanin or fanout and is left dangling.
               Please use C simulation to confirm this function argument can be read from or written to.
WARNING: [RTGEN 206-101] Port 'compute2in/buffer_b_address1' has no fanin or fanout and is left dangling.
               Please use C simulation to confirm this function argument can be read from or written to.
WARNING: [RTGEN 206-101] Setting dangling out port 'compute2in/buffer_b_address1' to 0.
WARNING: [RTGEN 206-101] Port 'compute2in/buffer_b_ce1' has no fanin or fanout and is left dangling.
               Please use C simulation to confirm this function argument can be read from or written to.
WARNING: [RTGEN 206-101] Setting dangling out port 'compute2in/buffer_b_ce1' to 0.
WARNING: [RTGEN 206-101] Port 'compute2in/buffer_b_we1' has no fanin or fanout and is left dangling.
               Please use C simulation to confirm this function argument can be read from or written to.
WARNING: [RTGEN 206-101] Setting dangling out port 'compute2in/buffer_b_we1' to 0.
WARNING: [RTGEN 206-101] Port 'compute2in/buffer_b_d1' has no fanin or fanout and is left dangling.
               Please use C simulation to confirm this function argument can be read from or written to.
WARNING: [RTGEN 206-101] Setting dangling out port 'compute2in/buffer_b_d1' to 0.
WARNING: [RTGEN 206-101] Port 'compute2in/buffer_b_q1' has no fanin or fanout and is left dangling.
               Please use C simulation to confirm this function argument can be read from or written to.
INFO: [RTGEN 206-100] Generating core module 'ama_addmuladd_16ns_16ns_1ns_17s_32_4_1': 1 instance(s).
INFO: [RTGEN 206-100] Generating core module 'mac_muladd_16ns_16ns_32ns_32_4_1': 2 instance(s).
INFO: [RTGEN 206-100] Generating core module 'mul_16ns_1ns_32_1_1': 2 instance(s).
INFO: [RTGEN 206-100] Generating core module 'mul_17ns_1ns_32_1_1': 2 instance(s).
INFO: [RTGEN 206-100] Generating core module 'mul_mul_16ns_16ns_32_4_1': 2 instance(s).
INFO: [RTGEN 206-100] Generating core module 'mux_124_32_1_1': 1 instance(s).
INFO: [RTGEN 206-100] Generating core module 'mux_154_32_1_1': 1 instance(s).
INFO: [RTGEN 206-100] Generating core module 'mux_32_16_1_1': 8 instance(s).
INFO: [RTGEN 206-100] Generating core module 'mux_42_32_1_1': 1 instance(s).
INFO: [RTGEN 206-100] Finished creating RTL model for 'compute2in'.
INFO: [HLS 200-111] Finished Creating RTL model: CPU user time: 0.24 seconds. CPU system time: 0.02 seconds. Elapsed time: 0.26 seconds; current allocated memory: 844.711 MB.
INFO: [HLS 200-111] Finished Generating all RTL models: CPU user time: 0.9 seconds. CPU system time: 0.04 seconds. Elapsed time: 0.95 seconds; current allocated memory: 849.047 MB.
INFO: [HLS 200-111] Finished Updating report files: CPU user time: 0.45 seconds. CPU system time: 0.02 seconds. Elapsed time: 0.48 seconds; current allocated memory: 849.258 MB.
INFO: [VHDL 208-304] Generating VHDL RTL for compute2in.
INFO: [VLOG 209-307] Generating Verilog RTL for compute2in.
INFO: [HLS 200-790] **** Loop Constraint Status: All loop constraints were satisfied.
INFO: [HLS 200-789] **** Estimated Fmax: 186.74 MHz
INFO: [HLS 200-111] Finished Command csynth_design CPU user time: 11.24 seconds. CPU system time: 1.62 seconds. Elapsed time: 13.02 seconds; current allocated memory: 27.484 MB.
INFO: [HLS 200-1510] Running: csim_design 
INFO: [SIM 211-2] *************** CSIM start ***************
INFO: [SIM 211-4] CSIM will launch GCC as the compiler.
INFO: [SIM 211-1] CSim done with 0 errors.
INFO: [SIM 211-3] *************** CSIM finish ***************
INFO: [HLS 200-111] Finished Command csim_design CPU user time: 1.67 seconds. CPU system time: 0.5 seconds. Elapsed time: 2.18 seconds; current allocated memory: 0.000 MB.
INFO: [HLS 200-1510] Running: csynth_design 
INFO: [HLS 200-111] Finished File checks and directory preparation: CPU user time: 0.01 seconds. CPU system time: 0 seconds. Elapsed time: 0.01 seconds; current allocated memory: 849.277 MB.
INFO: [HLS 200-10] Analyzing design file 'Compute_block2in/Compute2in.cpp' ... 
INFO: [HLS 200-111] Finished Source Code Analysis and Preprocessing: CPU user time: 4.87 seconds. CPU system time: 0.81 seconds. Elapsed time: 5.71 seconds; current allocated memory: 849.277 MB.
INFO: [HLS 200-777] Using interface defaults for 'Vivado' flow target.
INFO: [HLS 214-291] Loop 'VITIS_LOOP_66_2' is marked as complete unroll implied by the pipeline pragma (Compute_block2in/Compute2in.cpp:66:30)
INFO: [HLS 214-291] Loop 'VITIS_LOOP_87_3' is marked as complete unroll implied by the pipeline pragma (Compute_block2in/Compute2in.cpp:87:30)
INFO: [HLS 214-291] Loop 'VITIS_LOOP_91_4' is marked as complete unroll implied by the pipeline pragma (Compute_block2in/Compute2in.cpp:91:34)
INFO: [HLS 214-186] Unrolling loop 'VITIS_LOOP_66_2' (Compute_block2in/Compute2in.cpp:66:30) in function 'compute2in' completely with a factor of 2 (Compute_block2in/Compute2in.cpp:38:0)
INFO: [HLS 214-186] Unrolling loop 'VITIS_LOOP_91_4' (Compute_block2in/Compute2in.cpp:91:34) in function 'compute2in' completely with a factor of 4 (Compute_block2in/Compute2in.cpp:38:0)
INFO: [HLS 214-248] Applying array_partition to '_ZZ10compute2inP6ap_intILi32EES1_S1_bE4REG1': Complete partitioning on dimension 1. (Compute_block2in/Compute2in.cpp:52:0)
INFO: [HLS 214-248] Applying array_partition to 'REG': Complete partitioning on dimension 1. Complete partitioning on dimension 2. (Compute_block2in/Compute2in.cpp:50:13)
INFO: [HLS 200-111] Finished Compiling Optimization and Transform: CPU user time: 3.78 seconds. CPU system time: 0.58 seconds. Elapsed time: 4.47 seconds; current allocated memory: 849.434 MB.
INFO: [HLS 200-111] Finished Checking Pragmas: CPU user time: 0 seconds. CPU system time: 0 seconds. Elapsed time: 0 seconds; current allocated memory: 849.434 MB.
INFO: [HLS 200-10] Starting code transformations ...
INFO: [HLS 200-111] Finished Standard Transforms: CPU user time: 0.07 seconds. CPU system time: 0.01 seconds. Elapsed time: 0.08 seconds; current allocated memory: 849.434 MB.
INFO: [HLS 200-10] Checking synthesizability ...
WARNING: [SYNCHK 200-24] /tools/Xilinx/Vitis_HLS/2022.2/common/technology/autopilot/ap_int_ref.h:628: Index for bit vector operation is out of bound.
INFO: [SYNCHK 200-10] 0 error(s), 1 warning(s).
INFO: [HLS 200-111] Finished Checking Synthesizability: CPU user time: 0.08 seconds. CPU system time: 0.01 seconds. Elapsed time: 0.09 seconds; current allocated memory: 849.434 MB.
INFO: [XFORM 203-502] Unrolling all sub-loops inside loop 'VITIS_LOOP_63_1' (Compute_block2in/Compute2in.cpp:65) in function 'compute2in' for pipelining.
WARNING: [HLS 200-936] Cannot unroll loop 'VITIS_LOOP_87_3' (Compute_block2in/Compute2in.cpp:87) in function 'compute2in': cannot completely unroll a loop with a variable trip count.
INFO: [XFORM 203-401] Performing if-conversion on hyperblock from (Compute_block2in/Compute2in.cpp:64:9) to (Compute_block2in/Compute2in.cpp:82:16) in function 'compute2in'... converting 5 basic blocks.
INFO: [HLS 200-111] Finished Loop, function and other optimizations: CPU user time: 0.18 seconds. CPU system time: 0.01 seconds. Elapsed time: 0.2 seconds; current allocated memory: 871.184 MB.
WARNING: [HLS 200-960] Cannot flatten loop 'VITIS_LOOP_63_1' (Compute_block2in/Compute2in.cpp:65:8) in function 'compute2in' the outer loop is not a perfect loop because there is nontrivial logic before entering the inner loop.
INFO: [HLS 200-111] Finished Architecture Synthesis: CPU user time: 0.11 seconds. CPU system time: 0 seconds. Elapsed time: 0.11 seconds; current allocated memory: 871.184 MB.
INFO: [HLS 200-10] Starting hardware synthesis ...
INFO: [HLS 200-10] Synthesizing 'compute2in' ...
INFO: [HLS 200-10] ----------------------------------------------------------------
INFO: [HLS 200-42] -- Implementing module 'compute2in' 
INFO: [HLS 200-10] ----------------------------------------------------------------
INFO: [SCHED 204-11] Starting scheduling ...
INFO: [HLS 200-486] Changing DSP latency (root=add_ln840_4) to 3 in order to utilize available DSP registers.
INFO: [HLS 200-486] Changing DSP latency (root=ret_V_1) to 3 in order to utilize available DSP registers.
INFO: [HLS 200-486] Changing DSP latency (root=ret_V_2) to 3 in order to utilize available DSP registers.
INFO: [HLS 200-486] Changing DSP latency (root=ret_V_4) to 3 in order to utilize available DSP registers.
INFO: [HLS 200-486] Changing DSP latency (root=ret_V) to 3 in order to utilize available DSP registers.
WARNING: [SCHED 204-65] Unable to satisfy pipeline directive for loop 'VITIS_LOOP_63_1': contains subloop(s) that are not unrolled or flattened.
INFO: [SCHED 204-11] Finished scheduling.
INFO: [HLS 200-111] Finished Scheduling: CPU user time: 0.19 seconds. CPU system time: 0.05 seconds. Elapsed time: 0.24 seconds; current allocated memory: 871.184 MB.
INFO: [BIND 205-100] Starting micro-architecture generation ...
INFO: [BIND 205-101] Performing variable lifetime analysis.
INFO: [BIND 205-101] Exploring resource sharing.
INFO: [BIND 205-101] Binding ...
INFO: [BIND 205-100] Finished micro-architecture generation.
INFO: [HLS 200-111] Finished Binding: CPU user time: 0.14 seconds. CPU system time: 0.01 seconds. Elapsed time: 0.14 seconds; current allocated memory: 871.184 MB.
INFO: [HLS 200-10] ----------------------------------------------------------------
INFO: [HLS 200-10] -- Generating RTL for module 'compute2in' 
INFO: [HLS 200-10] ----------------------------------------------------------------
INFO: [RTGEN 206-500] Setting interface mode on port 'compute2in/buffer_a' to 'ap_memory'.
INFO: [RTGEN 206-500] Setting interface mode on port 'compute2in/buffer_b' to 'ap_memory'.
INFO: [RTGEN 206-500] Setting interface mode on port 'compute2in/buffer_2' to 'ap_memory'.
INFO: [RTGEN 206-500] Setting interface mode on port 'compute2in/phase' to 'ap_none'.
INFO: [RTGEN 206-500] Setting interface mode on function 'compute2in' to 'ap_ctrl_hs'.
WARNING: [RTGEN 206-101] Register 'compute2in_ap_int_32_ap_int_32_ap_int_32_bool_REG1' is power-on initialization.
WARNING: [RTGEN 206-101] Register 'compute2in_ap_int_32_ap_int_32_ap_int_32_bool_REG1_5' is power-on initialization.
WARNING: [RTGEN 206-101] Register 'p_ZZ10compute2inP6ap_intILi32EES1_S1_bE4REG1_10' is power-on initialization.
WARNING: [RTGEN 206-101] Register 'p_ZZ10compute2inP6ap_intILi32EES1_S1_bE4REG1_15' is power-on initialization.
WARNING: [RTGEN 206-101] Register 'compute2in_ap_int_32_ap_int_32_ap_int_32_bool_REG1_1' is power-on initialization.
WARNING: [RTGEN 206-101] Register 'compute2in_ap_int_32_ap_int_32_ap_int_32_bool_REG1_2' is power-on initialization.
WARNING: [RTGEN 206-101] Register 'compute2in_ap_int_32_ap_int_32_ap_int_32_bool_REG1_3' is power-on initialization.
WARNING: [RTGEN 206-101] Register 'compute2in_ap_int_32_ap_int_32_ap_int_32_bool_REG1_4' is power-on initialization.
WARNING: [RTGEN 206-101] Register 'compute2in_ap_int_32_ap_int_32_ap_int_32_bool_REG1_6' is power-on initialization.
WARNING: [RTGEN 206-101] Register 'compute2in_ap_int_32_ap_int_32_ap_int_32_bool_REG1_7' is power-on initialization.
WARNING: [RTGEN 206-101] Register 'compute2in_ap_int_32_ap_int_32_ap_int_32_bool_REG1_8' is power-on initialization.
WARNING: [RTGEN 206-101] Register 'compute2in_ap_int_32_ap_int_32_ap_int_32_bool_REG1_9' is power-on initialization.
WARNING: [RTGEN 206-101] Register 'p_ZZ10compute2inP6ap_intILi32EES1_S1_bE4REG1_11' is power-on initialization.
WARNING: [RTGEN 206-101] Register 'p_ZZ10compute2inP6ap_intILi32EES1_S1_bE4REG1_12' is power-on initialization.
WARNING: [RTGEN 206-101] Register 'p_ZZ10compute2inP6ap_intILi32EES1_S1_bE4REG1_13' is power-on initialization.
WARNING: [RTGEN 206-101] Register 'p_ZZ10compute2inP6ap_intILi32EES1_S1_bE4REG1_14' is power-on initialization.
WARNING: [RTGEN 206-101] Port 'compute2in/buffer_b_address0' has no fanin or fanout and is left dangling.
               Please use C simulation to confirm this function argument can be read from or written to.
WARNING: [RTGEN 206-101] Setting dangling out port 'compute2in/buffer_b_address0' to 0.
WARNING: [RTGEN 206-101] Port 'compute2in/buffer_b_ce0' has no fanin or fanout and is left dangling.
               Please use C simulation to confirm this function argument can be read from or written to.
WARNING: [RTGEN 206-101] Setting dangling out port 'compute2in/buffer_b_ce0' to 0.
WARNING: [RTGEN 206-101] Port 'compute2in/buffer_b_we0' has no fanin or fanout and is left dangling.
               Please use C simulation to confirm this function argument can be read from or written to.
WARNING: [RTGEN 206-101] Setting dangling out port 'compute2in/buffer_b_we0' to 0.
WARNING: [RTGEN 206-101] Port 'compute2in/buffer_b_d0' has no fanin or fanout and is left dangling.
               Please use C simulation to confirm this function argument can be read from or written to.
==============================================================
Vitis HLS - High-Level Synthesis from C, C++ and OpenCL v2022.2 (64-bit)
Tool Version Limit: 2019.12
Copyright 1986-2022 Xilinx, Inc. All Rights Reserved.
==============================================================
INFO: [SYN 201-201] Setting up clock 'default' with a period of 10ns.
INFO: [HLS 200-1611] Setting target device to 'xczu7ev-ffvc1156-2-e'
INFO: [HLS 200-1505] Using flow_target 'vivado'
INFO: [HLS 200-1464] Running solution command: config_interface -m_axi_latency=0
INFO: [HLS 200-1510] Running: csim_design 
INFO: [SIM 211-2] *************** CSIM start ***************
INFO: [SIM 211-4] CSIM will launch GCC as the compiler.
INFO: [SIM 211-1] CSim done with 0 errors.
INFO: [SIM 211-3] *************** CSIM finish ***************
INFO: [HLS 200-111] Finished Command csim_design CPU user time: 1.57 seconds. CPU system time: 0.46 seconds. Elapsed time: 2.02 seconds; current allocated memory: 0.000 MB.
INFO: [HLS 200-1510] Running: csynth_design 
INFO: [HLS 200-111] Finished File checks and directory preparation: CPU user time: 0 seconds. CPU system time: 0 seconds. Elapsed time: 0.01 seconds; current allocated memory: 746.922 MB.
INFO: [HLS 200-10] Analyzing design file 'Compute_block2in/Compute2in.cpp' ... 
INFO: [HLS 200-111] Finished Source Code Analysis and Preprocessing: CPU user time: 4.89 seconds. CPU system time: 0.81 seconds. Elapsed time: 5.73 seconds; current allocated memory: 749.172 MB.
INFO: [HLS 200-777] Using interface defaults for 'Vivado' flow target.
INFO: [HLS 214-248] Applying array_partition to '_ZZ10compute2inP6ap_intILi32EES1_S1_bE4REG1': Complete partitioning on dimension 1. (Compute_block2in/Compute2in.cpp:52:0)
INFO: [HLS 214-248] Applying array_partition to 'REG': Complete partitioning on dimension 1. Complete partitioning on dimension 2. (Compute_block2in/Compute2in.cpp:50:13)
INFO: [HLS 200-111] Finished Compiling Optimization and Transform: CPU user time: 3.69 seconds. CPU system time: 0.54 seconds. Elapsed time: 4.33 seconds; current allocated memory: 749.785 MB.
INFO: [HLS 200-111] Finished Checking Pragmas: CPU user time: 0 seconds. CPU system time: 0 seconds. Elapsed time: 0 seconds; current allocated memory: 749.785 MB.
INFO: [HLS 200-10] Starting code transformations ...
INFO: [HLS 200-111] Finished Standard Transforms: CPU user time: 0.05 seconds. CPU system time: 0.01 seconds. Elapsed time: 0.06 seconds; current allocated memory: 755.117 MB.
INFO: [HLS 200-10] Checking synthesizability ...
WARNING: [SYNCHK 200-24] /tools/Xilinx/Vitis_HLS/2022.2/common/technology/autopilot/ap_int_ref.h:628: Index for bit vector operation is out of bound.
INFO: [SYNCHK 200-10] 0 error(s), 1 warning(s).
INFO: [HLS 200-111] Finished Checking Synthesizability: CPU user time: 0.06 seconds. CPU system time: 0.01 seconds. Elapsed time: 0.07 seconds; current allocated memory: 760.902 MB.
INFO: [XFORM 203-510] Pipelining loop 'VITIS_LOOP_87_3' (Compute_block2in/Compute2in.cpp:87) in function 'compute2in' automatically.
INFO: [XFORM 203-510] Pipelining loop 'VITIS_LOOP_66_2' (Compute_block2in/Compute2in.cpp:50) in function 'compute2in' automatically.
INFO: [XFORM 203-502] Unrolling all sub-loops inside loop 'VITIS_LOOP_87_3' (Compute_block2in/Compute2in.cpp:87) in function 'compute2in' for pipelining.
INFO: [HLS 200-489] Unrolling loop 'VITIS_LOOP_91_4' (Compute_block2in/Compute2in.cpp:89) in function 'compute2in' completely with a factor of 4.
INFO: [XFORM 203-11] Balancing expressions in function 'compute2in' (Compute_block2in/Compute2in.cpp:36:35)...3 expression(s) balanced.
INFO: [HLS 200-111] Finished Loop, function and other optimizations: CPU user time: 0.18 seconds. CPU system time: 0.02 seconds. Elapsed time: 0.2 seconds; current allocated memory: 790.617 MB.
WARNING: [HLS 200-960] Cannot flatten loop 'VITIS_LOOP_63_1' (Compute_block2in/Compute2in.cpp:50:13) in function 'compute2in' more than one sub loop.
INFO: [HLS 200-111] Finished Architecture Synthesis: CPU user time: 0.14 seconds. CPU system time: 0 seconds. Elapsed time: 0.14 seconds; current allocated memory: 803.914 MB.
INFO: [HLS 200-10] Starting hardware synthesis ...
INFO: [HLS 200-10] Synthesizing 'compute2in' ...
INFO: [HLS 200-10] ----------------------------------------------------------------
INFO: [HLS 200-42] -- Implementing module 'compute2in_Pipeline_VITIS_LOOP_66_2' 
INFO: [HLS 200-10] ----------------------------------------------------------------
INFO: [SCHED 204-11] Starting scheduling ...
INFO: [HLS 200-486] Changing DSP latency (root=ret_V_3) to 3 in order to utilize available DSP registers.
INFO: [SCHED 204-61] Pipelining loop 'VITIS_LOOP_66_2'.
INFO: [HLS 200-1470] Pipelining result : Target II = NA, Final II = 1, Depth = 5, loop 'VITIS_LOOP_66_2'
INFO: [SCHED 204-11] Finished scheduling.
INFO: [HLS 200-111] Finished Scheduling: CPU user time: 0.2 seconds. CPU system time: 0.04 seconds. Elapsed time: 0.25 seconds; current allocated memory: 807.715 MB.
INFO: [BIND 205-100] Starting micro-architecture generation ...
INFO: [BIND 205-101] Performing variable lifetime analysis.
INFO: [BIND 205-101] Exploring resource sharing.
INFO: [BIND 205-101] Binding ...
INFO: [BIND 205-100] Finished micro-architecture generation.
INFO: [HLS 200-111] Finished Binding: CPU user time: 0.1 seconds. CPU system time: 0 seconds. Elapsed time: 0.1 seconds; current allocated memory: 807.715 MB.
INFO: [HLS 200-10] ----------------------------------------------------------------
INFO: [HLS 200-42] -- Implementing module 'compute2in_Pipeline_VITIS_LOOP_87_3' 
INFO: [HLS 200-10] ----------------------------------------------------------------
INFO: [SCHED 204-11] Starting scheduling ...
INFO: [HLS 200-486] Changing DSP latency (root=mul_ln1494_1) to 3 in order to utilize available DSP registers.
INFO: [HLS 200-486] Changing DSP latency (root=mul_ln1494_5) to 3 in order to utilize available DSP registers.
INFO: [HLS 200-486] Changing DSP latency (root=mul_ln1494_7) to 3 in order to utilize available DSP registers.
INFO: [HLS 200-486] Changing DSP latency (root=mul_ln1494_6) to 3 in order to utilize available DSP registers.
INFO: [HLS 200-486] Changing DSP latency (root=mul_ln1494_4) to 3 in order to utilize available DSP registers.
INFO: [HLS 200-486] Changing DSP latency (root=mul_ln1494_3) to 3 in order to utilize available DSP registers.
INFO: [HLS 200-486] Changing DSP latency (root=mul_ln1494_2) to 3 in order to utilize available DSP registers.
INFO: [HLS 200-486] Changing DSP latency (root=mul_ln1494) to 3 in order to utilize available DSP registers.
INFO: [SCHED 204-61] Pipelining loop 'VITIS_LOOP_87_3'.
WARNING: [HLS 200-880] The II Violation in module 'compute2in_Pipeline_VITIS_LOOP_87_3' (loop 'VITIS_LOOP_87_3'): Unable to enforce a carried dependence constraint (II = 1, distance = 1, offset = 1) between 'store' operation ('buffer_2_addr_1_write_ln97', Compute_block2in/Compute2in.cpp:97) of variable 'add_ln97', Compute_block2in/Compute2in.cpp:97 on array 'buffer_2' and 'store' operation ('buffer_2_addr_write_ln96', Compute_block2in/Compute2in.cpp:96) of variable 'add_ln96', Compute_block2in/Compute2in.cpp:96 on array 'buffer_2'.
INFO: [HLS 200-1470] Pipelining result : Target II = NA, Final II = 2, Depth = 7, loop 'VITIS_LOOP_87_3'
INFO: [SCHED 204-11] Finished scheduling.
INFO: [HLS 200-111] Finished Scheduling: CPU user time: 0.24 seconds. CPU system time: 0.01 seconds. Elapsed time: 0.25 seconds; current allocated memory: 809.898 MB.
INFO: [BIND 205-100] Starting micro-architecture generation ...
INFO: [BIND 205-101] Performing variable lifetime analysis.
INFO: [BIND 205-101] Exploring resource sharing.
INFO: [BIND 205-101] Binding ...
INFO: [BIND 205-100] Finished micro-architecture generation.
INFO: [HLS 200-111] Finished Binding: CPU user time: 0.07 seconds. CPU system time: 0 seconds. Elapsed time: 0.07 seconds; current allocated memory: 809.898 MB.
INFO: [HLS 200-10] ----------------------------------------------------------------
INFO: [HLS 200-42] -- Implementing module 'compute2in' 
INFO: [HLS 200-10] ----------------------------------------------------------------
INFO: [SCHED 204-11] Starting scheduling ...
INFO: [SCHED 204-11] Finished scheduling.
INFO: [HLS 200-111] Finished Scheduling: CPU user time: 0.16 seconds. CPU system time: 0.01 seconds. Elapsed time: 0.16 seconds; current allocated memory: 811.246 MB.
INFO: [BIND 205-100] Starting micro-architecture generation ...
INFO: [BIND 205-101] Performing variable lifetime analysis.
INFO: [BIND 205-101] Exploring resource sharing.
INFO: [BIND 205-101] Binding ...
INFO: [BIND 205-100] Finished micro-architecture generation.
INFO: [HLS 200-111] Finished Binding: CPU user time: 0.09 seconds. CPU system time: 0 seconds. Elapsed time: 0.1 seconds; current allocated memory: 811.246 MB.
INFO: [HLS 200-10] ----------------------------------------------------------------
INFO: [HLS 200-10] -- Generating RTL for module 'compute2in_Pipeline_VITIS_LOOP_66_2' 
INFO: [HLS 200-10] ----------------------------------------------------------------
INFO: [HLS 200-1030] Apply Unified Pipeline Control on module 'compute2in_Pipeline_VITIS_LOOP_66_2' pipeline 'VITIS_LOOP_66_2' pipeline type 'loop pipeline'
INFO: [RTGEN 206-100] Generating core module 'mac_muladd_1ns_16ns_17ns_33_4_1': 1 instance(s).
INFO: [RTGEN 206-100] Generating core module 'mul_1ns_16ns_32_1_1': 1 instance(s).
INFO: [RTGEN 206-100] Finished creating RTL model for 'compute2in_Pipeline_VITIS_LOOP_66_2'.
INFO: [HLS 200-111] Finished Creating RTL model: CPU user time: 0.21 seconds. CPU system time: 0 seconds. Elapsed time: 0.21 seconds; current allocated memory: 811.523 MB.
INFO: [HLS 200-10] ----------------------------------------------------------------
INFO: [HLS 200-10] -- Generating RTL for module 'compute2in_Pipeline_VITIS_LOOP_87_3' 
INFO: [HLS 200-10] ----------------------------------------------------------------
WARNING: [RTGEN 206-101] Register 'compute2in_ap_int_32_ap_int_32_ap_int_32_bool_REG1_1' is power-on initialization.
WARNING: [RTGEN 206-101] Register 'compute2in_ap_int_32_ap_int_32_ap_int_32_bool_REG1_2' is power-on initialization.
WARNING: [RTGEN 206-101] Register 'compute2in_ap_int_32_ap_int_32_ap_int_32_bool_REG1_3' is power-on initialization.
WARNING: [RTGEN 206-101] Register 'compute2in_ap_int_32_ap_int_32_ap_int_32_bool_REG1_4' is power-on initialization.
WARNING: [RTGEN 206-101] Register 'compute2in_ap_int_32_ap_int_32_ap_int_32_bool_REG1_6' is power-on initialization.
WARNING: [RTGEN 206-101] Register 'compute2in_ap_int_32_ap_int_32_ap_int_32_bool_REG1_7' is power-on initialization.
WARNING: [RTGEN 206-101] Register 'compute2in_ap_int_32_ap_int_32_ap_int_32_bool_REG1_8' is power-on initialization.
WARNING: [RTGEN 206-101] Register 'compute2in_ap_int_32_ap_int_32_ap_int_32_bool_REG1_9' is power-on initialization.
WARNING: [RTGEN 206-101] Register 'p_ZZ10compute2inP6ap_intILi32EES1_S1_bE4REG1_11' is power-on initialization.
WARNING: [RTGEN 206-101] Register 'p_ZZ10compute2inP6ap_intILi32EES1_S1_bE4REG1_12' is power-on initialization.
WARNING: [RTGEN 206-101] Register 'p_ZZ10compute2inP6ap_intILi32EES1_S1_bE4REG1_13' is power-on initialization.
WARNING: [RTGEN 206-101] Register 'p_ZZ10compute2inP6ap_intILi32EES1_S1_bE4REG1_14' is power-on initialization.
INFO: [HLS 200-1030] Apply Unified Pipeline Control on module 'compute2in_Pipeline_VITIS_LOOP_87_3' pipeline 'VITIS_LOOP_87_3' pipeline type 'loop pipeline'
INFO: [RTGEN 206-100] Generating core module 'mac_muladd_16ns_16ns_32ns_32_4_1': 4 instance(s).
INFO: [RTGEN 206-100] Generating core module 'mul_mul_16ns_16ns_32_4_1': 4 instance(s).
INFO: [RTGEN 206-100] Generating core module 'mux_124_32_1_1': 1 instance(s).
INFO: [RTGEN 206-100] Generating core module 'mux_154_32_1_1': 1 instance(s).
INFO: [RTGEN 206-100] Generating core module 'mux_32_16_1_1': 8 instance(s).
INFO: [RTGEN 206-100] Generating core module 'mux_42_16_1_1': 8 instance(s).
INFO: [RTGEN 206-100] Finished creating RTL model for 'compute2in_Pipeline_VITIS_LOOP_87_3'.
INFO: [HLS 200-111] Finished Creating RTL model: CPU user time: 0.41 seconds. CPU system time: 0.02 seconds. Elapsed time: 0.44 seconds; current allocated memory: 817.715 MB.
INFO: [HLS 200-10] ----------------------------------------------------------------
INFO: [HLS 200-10] -- Generating RTL for module 'compute2in' 
INFO: [HLS 200-10] ----------------------------------------------------------------
INFO: [RTGEN 206-500] Setting interface mode on port 'compute2in/buffer_a' to 'ap_memory'.
INFO: [RTGEN 206-500] Setting interface mode on port 'compute2in/buffer_b' to 'ap_memory'.
INFO: [RTGEN 206-500] Setting interface mode on port 'compute2in/buffer_2' to 'ap_memory'.
INFO: [RTGEN 206-500] Setting interface mode on port 'compute2in/phase' to 'ap_none'.
INFO: [RTGEN 206-500] Setting interface mode on function 'compute2in' to 'ap_ctrl_hs'.
WARNING: [RTGEN 206-101] Register 'compute2in_ap_int_32_ap_int_32_ap_int_32_bool_REG1' is power-on initialization.
WARNING: [RTGEN 206-101] Register 'compute2in_ap_int_32_ap_int_32_ap_int_32_bool_REG1_5' is power-on initialization.
WARNING: [RTGEN 206-101] Register 'p_ZZ10compute2inP6ap_intILi32EES1_S1_bE4REG1_10' is power-on initialization.
WARNING: [RTGEN 206-101] Register 'p_ZZ10compute2inP6ap_intILi32EES1_S1_bE4REG1_15' is power-on initialization.
WARNING: [RTGEN 206-101] Port 'compute2in/buffer_b_address0' has no fanin or fanout and is left dangling.
               Please use C simulation to confirm this function argument can be read from or written to.
WARNING: [RTGEN 206-101] Setting dangling out port 'compute2in/buffer_b_address0' to 0.
WARNING: [RTGEN 206-101] Port 'compute2in/buffer_b_ce0' has no fanin or fanout and is left dangling.
               Please use C simulation to confirm this function argument can be read from or written to.
WARNING: [RTGEN 206-101] Setting dangling out port 'compute2in/buffer_b_ce0' to 0.
WARNING: [RTGEN 206-101] Port 'compute2in/buffer_b_we0' has no fanin or fanout and is left dangling.
               Please use C simulation to confirm this function argument can be read from or written to.
WARNING: [RTGEN 206-101] Setting dangling out port 'compute2in/buffer_b_we0' to 0.
WARNING: [RTGEN 206-101] Port 'compute2in/buffer_b_d0' has no fanin or fanout and is left dangling.
               Please use C simulation to confirm this function argument can be read from or written to.
WARNING: [RTGEN 206-101] Setting dangling out port 'compute2in/buffer_b_d0' to 0.
WARNING: [RTGEN 206-101] Port 'compute2in/buffer_b_q0' has no fanin or fanout and is left dangling.
               Please use C simulation to confirm this function argument can be read from or written to.
WARNING: [RTGEN 206-101] Port 'compute2in/buffer_b_address1' has no fanin or fanout and is left dangling.
               Please use C simulation to confirm this function argument can be read from or written to.
WARNING: [RTGEN 206-101] Setting dangling out port 'compute2in/buffer_b_address1' to 0.
WARNING: [RTGEN 206-101] Port 'compute2in/buffer_b_ce1' has no fanin or fanout and is left dangling.
               Please use C simulation to confirm this function argument can be read from or written to.
WARNING: [RTGEN 206-101] Setting dangling out port 'compute2in/buffer_b_ce1' to 0.
WARNING: [RTGEN 206-101] Port 'compute2in/buffer_b_we1' has no fanin or fanout and is left dangling.
               Please use C simulation to confirm this function argument can be read from or written to.
WARNING: [RTGEN 206-101] Setting dangling out port 'compute2in/buffer_b_we1' to 0.
WARNING: [RTGEN 206-101] Port 'compute2in/buffer_b_d1' has no fanin or fanout and is left dangling.
               Please use C simulation to confirm this function argument can be read from or written to.
WARNING: [RTGEN 206-101] Setting dangling out port 'compute2in/buffer_b_d1' to 0.
WARNING: [RTGEN 206-101] Port 'compute2in/buffer_b_q1' has no fanin or fanout and is left dangling.
               Please use C simulation to confirm this function argument can be read from or written to.
INFO: [RTGEN 206-100] Generating core module 'mux_42_32_1_1': 1 instance(s).
INFO: [RTGEN 206-100] Finished creating RTL model for 'compute2in'.
INFO: [HLS 200-111] Finished Creating RTL model: CPU user time: 0.25 seconds. CPU system time: 0.02 seconds. Elapsed time: 0.27 seconds; current allocated memory: 822.629 MB.
INFO: [HLS 200-111] Finished Generating all RTL models: CPU user time: 0.65 seconds. CPU system time: 0.04 seconds. Elapsed time: 0.69 seconds; current allocated memory: 828.430 MB.
INFO: [HLS 200-111] Finished Updating report files: CPU user time: 0.36 seconds. CPU system time: 0.01 seconds. Elapsed time: 0.38 seconds; current allocated memory: 831.996 MB.
INFO: [VHDL 208-304] Generating VHDL RTL for compute2in.
INFO: [VLOG 209-307] Generating Verilog RTL for compute2in.
INFO: [HLS 200-790] **** Loop Constraint Status: All loop constraints were NOT satisfied.
INFO: [HLS 200-789] **** Estimated Fmax: 327.12 MHz
INFO: [HLS 200-111] Finished Command csynth_design CPU user time: 11.77 seconds. CPU system time: 1.54 seconds. Elapsed time: 13.47 seconds; current allocated memory: 85.309 MB.
INFO: [HLS 200-1510] Running: csim_design 
INFO: [SIM 211-2] *************** CSIM start ***************
INFO: [SIM 211-4] CSIM will launch GCC as the compiler.
INFO: [SIM 211-1] CSim done with 0 errors.
INFO: [SIM 211-3] *************** CSIM finish ***************
INFO: [HLS 200-111] Finished Command csim_design CPU user time: 1.6 seconds. CPU system time: 0.48 seconds. Elapsed time: 2.09 seconds; current allocated memory: 0.000 MB.
INFO: [HLS 200-1510] Running: csynth_design 
INFO: [HLS 200-111] Finished File checks and directory preparation: CPU user time: 0.01 seconds. CPU system time: 0 seconds. Elapsed time: 0.02 seconds; current allocated memory: 832.230 MB.
INFO: [HLS 200-10] Analyzing design file 'Compute_block2in/Compute2in.cpp' ... 
INFO: [HLS 200-111] Finished Source Code Analysis and Preprocessing: CPU user time: 4.93 seconds. CPU system time: 0.9 seconds. Elapsed time: 5.86 seconds; current allocated memory: 832.230 MB.
INFO: [HLS 200-777] Using interface defaults for 'Vivado' flow target.
INFO: [HLS 214-248] Applying array_partition to '_ZZ10compute2inP6ap_intILi32EES1_S1_bE4REG1': Complete partitioning on dimension 1. (Compute_block2in/Compute2in.cpp:52:0)
INFO: [HLS 214-248] Applying array_partition to 'REG': Complete partitioning on dimension 1. Complete partitioning on dimension 2. (Compute_block2in/Compute2in.cpp:50:13)
INFO: [HLS 200-111] Finished Compiling Optimization and Transform: CPU user time: 3.68 seconds. CPU system time: 0.57 seconds. Elapsed time: 4.31 seconds; current allocated memory: 832.387 MB.
INFO: [HLS 200-111] Finished Checking Pragmas: CPU user time: 0 seconds. CPU system time: 0 seconds. Elapsed time: 0 seconds; current allocated memory: 832.387 MB.
INFO: [HLS 200-10] Starting code transformations ...
INFO: [HLS 200-111] Finished Standard Transforms: CPU user time: 0.07 seconds. CPU system time: 0.02 seconds. Elapsed time: 0.09 seconds; current allocated memory: 832.387 MB.
INFO: [HLS 200-10] Checking synthesizability ...
WARNING: [SYNCHK 200-24] /tools/Xilinx/Vitis_HLS/2022.2/common/technology/autopilot/ap_int_ref.h:628: Index for bit vector operation is out of bound.
INFO: [SYNCHK 200-10] 0 error(s), 1 warning(s).
INFO: [HLS 200-111] Finished Checking Synthesizability: CPU user time: 0.07 seconds. CPU system time: 0 seconds. Elapsed time: 0.08 seconds; current allocated memory: 832.387 MB.
INFO: [XFORM 203-510] Pipelining loop 'VITIS_LOOP_87_3' (Compute_block2in/Compute2in.cpp:87) in function 'compute2in' automatically.
INFO: [XFORM 203-510] Pipelining loop 'VITIS_LOOP_66_2' (Compute_block2in/Compute2in.cpp:50) in function 'compute2in' automatically.
INFO: [XFORM 203-502] Unrolling all sub-loops inside loop 'VITIS_LOOP_87_3' (Compute_block2in/Compute2in.cpp:87) in function 'compute2in' for pipelining.
INFO: [HLS 200-489] Unrolling loop 'VITIS_LOOP_91_4' (Compute_block2in/Compute2in.cpp:89) in function 'compute2in' completely with a factor of 4.
INFO: [XFORM 203-11] Balancing expressions in function 'compute2in' (Compute_block2in/Compute2in.cpp:36:35)...3 expression(s) balanced.
INFO: [HLS 200-111] Finished Loop, function and other optimizations: CPU user time: 0.21 seconds. CPU system time: 0.01 seconds. Elapsed time: 0.21 seconds; current allocated memory: 832.387 MB.
WARNING: [HLS 200-960] Cannot flatten loop 'VITIS_LOOP_63_1' (Compute_block2in/Compute2in.cpp:50:13) in function 'compute2in' more than one sub loop.
INFO: [HLS 200-111] Finished Architecture Synthesis: CPU user time: 0.13 seconds. CPU system time: 0.01 seconds. Elapsed time: 0.14 seconds; current allocated memory: 841.855 MB.
INFO: [HLS 200-10] Starting hardware synthesis ...
INFO: [HLS 200-10] Synthesizing 'compute2in' ...
INFO: [HLS 200-10] ----------------------------------------------------------------
INFO: [HLS 200-42] -- Implementing module 'compute2in_Pipeline_VITIS_LOOP_66_2' 
INFO: [HLS 200-10] ----------------------------------------------------------------
INFO: [SCHED 204-11] Starting scheduling ...
INFO: [HLS 200-486] Changing DSP latency (root=ret_V_3) to 3 in order to utilize available DSP registers.
INFO: [SCHED 204-61] Pipelining loop 'VITIS_LOOP_66_2'.
INFO: [HLS 200-1470] Pipelining result : Target II = NA, Final II = 1, Depth = 5, loop 'VITIS_LOOP_66_2'
INFO: [SCHED 204-11] Finished scheduling.
INFO: [HLS 200-111] Finished Scheduling: CPU user time: 0.19 seconds. CPU system time: 0.04 seconds. Elapsed time: 0.24 seconds; current allocated memory: 845.090 MB.
INFO: [BIND 205-100] Starting micro-architecture generation ...
INFO: [BIND 205-101] Performing variable lifetime analysis.
INFO: [BIND 205-101] Exploring resource sharing.
INFO: [BIND 205-101] Binding ...
INFO: [BIND 205-100] Finished micro-architecture generation.
INFO: [HLS 200-111] Finished Binding: CPU user time: 0.09 seconds. CPU system time: 0 seconds. Elapsed time: 0.09 seconds; current allocated memory: 845.090 MB.
INFO: [HLS 200-10] ----------------------------------------------------------------
INFO: [HLS 200-42] -- Implementing module 'compute2in_Pipeline_VITIS_LOOP_87_3' 
INFO: [HLS 200-10] ----------------------------------------------------------------
INFO: [SCHED 204-11] Starting scheduling ...
INFO: [HLS 200-486] Changing DSP latency (root=mul_ln1494_1) to 3 in order to utilize available DSP registers.
INFO: [HLS 200-486] Changing DSP latency (root=mul_ln1494_5) to 3 in order to utilize available DSP registers.
INFO: [HLS 200-486] Changing DSP latency (root=mul_ln1494_7) to 3 in order to utilize available DSP registers.
INFO: [HLS 200-486] Changing DSP latency (root=mul_ln1494_6) to 3 in order to utilize available DSP registers.
INFO: [HLS 200-486] Changing DSP latency (root=mul_ln1494_4) to 3 in order to utilize available DSP registers.
INFO: [HLS 200-486] Changing DSP latency (root=mul_ln1494_3) to 3 in order to utilize available DSP registers.
INFO: [HLS 200-486] Changing DSP latency (root=mul_ln1494_2) to 3 in order to utilize available DSP registers.
INFO: [HLS 200-486] Changing DSP latency (root=mul_ln1494) to 3 in order to utilize available DSP registers.
INFO: [SCHED 204-61] Pipelining loop 'VITIS_LOOP_87_3'.
WARNING: [HLS 200-880] The II Violation in module 'compute2in_Pipeline_VITIS_LOOP_87_3' (loop 'VITIS_LOOP_87_3'): Unable to enforce a carried dependence constraint (II = 1, distance = 1, offset = 1) between 'store' operation ('buffer_2_addr_1_write_ln97', Compute_block2in/Compute2in.cpp:97) of variable 'add_ln97', Compute_block2in/Compute2in.cpp:97 on array 'buffer_2' and 'store' operation ('buffer_2_addr_write_ln96', Compute_block2in/Compute2in.cpp:96) of variable 'add_ln96', Compute_block2in/Compute2in.cpp:96 on array 'buffer_2'.
INFO: [HLS 200-1470] Pipelining result : Target II = NA, Final II = 2, Depth = 7, loop 'VITIS_LOOP_87_3'
INFO: [SCHED 204-11] Finished scheduling.
INFO: [HLS 200-111] Finished Scheduling: CPU user time: 0.25 seconds. CPU system time: 0.01 seconds. Elapsed time: 0.26 seconds; current allocated memory: 847.113 MB.
INFO: [BIND 205-100] Starting micro-architecture generation ...
INFO: [BIND 205-101] Performing variable lifetime analysis.
INFO: [BIND 205-101] Exploring resource sharing.
INFO: [BIND 205-101] Binding ...
INFO: [BIND 205-100] Finished micro-architecture generation.
INFO: [HLS 200-111] Finished Binding: CPU user time: 0.07 seconds. CPU system time: 0 seconds. Elapsed time: 0.07 seconds; current allocated memory: 847.113 MB.
INFO: [HLS 200-10] ----------------------------------------------------------------
INFO: [HLS 200-42] -- Implementing module 'compute2in' 
INFO: [HLS 200-10] ----------------------------------------------------------------
INFO: [SCHED 204-11] Starting scheduling ...
INFO: [SCHED 204-11] Finished scheduling.
INFO: [HLS 200-111] Finished Scheduling: CPU user time: 0.15 seconds. CPU system time: 0 seconds. Elapsed time: 0.16 seconds; current allocated memory: 848.602 MB.
INFO: [BIND 205-100] Starting micro-architecture generation ...
INFO: [BIND 205-101] Performing variable lifetime analysis.
INFO: [BIND 205-101] Exploring resource sharing.
INFO: [BIND 205-101] Binding ...
INFO: [BIND 205-100] Finished micro-architecture generation.
INFO: [HLS 200-111] Finished Binding: CPU user time: 0.09 seconds. CPU system time: 0 seconds. Elapsed time: 0.1 seconds; current allocated memory: 848.602 MB.
INFO: [HLS 200-10] ----------------------------------------------------------------
INFO: [HLS 200-10] -- Generating RTL for module 'compute2in_Pipeline_VITIS_LOOP_66_2' 
INFO: [HLS 200-10] ----------------------------------------------------------------
INFO: [HLS 200-1030] Apply Unified Pipeline Control on module 'compute2in_Pipeline_VITIS_LOOP_66_2' pipeline 'VITIS_LOOP_66_2' pipeline type 'loop pipeline'
INFO: [RTGEN 206-100] Generating core module 'mac_muladd_1ns_16ns_17ns_33_4_1': 1 instance(s).
INFO: [RTGEN 206-100] Generating core module 'mul_1ns_16ns_32_1_1': 1 instance(s).
INFO: [RTGEN 206-100] Finished creating RTL model for 'compute2in_Pipeline_VITIS_LOOP_66_2'.
INFO: [HLS 200-111] Finished Creating RTL model: CPU user time: 0.2 seconds. CPU system time: 0.01 seconds. Elapsed time: 0.21 seconds; current allocated memory: 848.668 MB.
INFO: [HLS 200-10] ----------------------------------------------------------------
INFO: [HLS 200-10] -- Generating RTL for module 'compute2in_Pipeline_VITIS_LOOP_87_3' 
INFO: [HLS 200-10] ----------------------------------------------------------------
WARNING: [RTGEN 206-101] Register 'compute2in_ap_int_32_ap_int_32_ap_int_32_bool_REG1_1' is power-on initialization.
WARNING: [RTGEN 206-101] Register 'compute2in_ap_int_32_ap_int_32_ap_int_32_bool_REG1_2' is power-on initialization.
WARNING: [RTGEN 206-101] Register 'compute2in_ap_int_32_ap_int_32_ap_int_32_bool_REG1_3' is power-on initialization.
WARNING: [RTGEN 206-101] Register 'compute2in_ap_int_32_ap_int_32_ap_int_32_bool_REG1_4' is power-on initialization.
WARNING: [RTGEN 206-101] Register 'compute2in_ap_int_32_ap_int_32_ap_int_32_bool_REG1_6' is power-on initialization.
WARNING: [RTGEN 206-101] Register 'compute2in_ap_int_32_ap_int_32_ap_int_32_bool_REG1_7' is power-on initialization.
WARNING: [RTGEN 206-101] Register 'compute2in_ap_int_32_ap_int_32_ap_int_32_bool_REG1_8' is power-on initialization.
WARNING: [RTGEN 206-101] Register 'compute2in_ap_int_32_ap_int_32_ap_int_32_bool_REG1_9' is power-on initialization.
WARNING: [RTGEN 206-101] Register 'p_ZZ10compute2inP6ap_intILi32EES1_S1_bE4REG1_11' is power-on initialization.
WARNING: [RTGEN 206-101] Register 'p_ZZ10compute2inP6ap_intILi32EES1_S1_bE4REG1_12' is power-on initialization.
WARNING: [RTGEN 206-101] Register 'p_ZZ10compute2inP6ap_intILi32EES1_S1_bE4REG1_13' is power-on initialization.
WARNING: [RTGEN 206-101] Register 'p_ZZ10compute2inP6ap_intILi32EES1_S1_bE4REG1_14' is power-on initialization.
INFO: [HLS 200-1030] Apply Unified Pipeline Control on module 'compute2in_Pipeline_VITIS_LOOP_87_3' pipeline 'VITIS_LOOP_87_3' pipeline type 'loop pipeline'
INFO: [RTGEN 206-100] Generating core module 'mac_muladd_16ns_16ns_32ns_32_4_1': 4 instance(s).
INFO: [RTGEN 206-100] Generating core module 'mul_mul_16ns_16ns_32_4_1': 4 instance(s).
INFO: [RTGEN 206-100] Generating core module 'mux_124_32_1_1': 1 instance(s).
INFO: [RTGEN 206-100] Generating core module 'mux_154_32_1_1': 1 instance(s).
INFO: [RTGEN 206-100] Generating core module 'mux_32_16_1_1': 8 instance(s).
INFO: [RTGEN 206-100] Generating core module 'mux_42_16_1_1': 8 instance(s).
INFO: [RTGEN 206-100] Finished creating RTL model for 'compute2in_Pipeline_VITIS_LOOP_87_3'.
INFO: [HLS 200-111] Finished Creating RTL model: CPU user time: 0.42 seconds. CPU system time: 0.02 seconds. Elapsed time: 0.44 seconds; current allocated memory: 854.812 MB.
INFO: [HLS 200-10] ----------------------------------------------------------------
INFO: [HLS 200-10] -- Generating RTL for module 'compute2in' 
INFO: [HLS 200-10] ----------------------------------------------------------------
INFO: [RTGEN 206-500] Setting interface mode on port 'compute2in/buffer_a' to 'ap_memory'.
INFO: [RTGEN 206-500] Setting interface mode on port 'compute2in/buffer_b' to 'ap_memory'.
INFO: [RTGEN 206-500] Setting interface mode on port 'compute2in/buffer_2' to 'ap_memory'.
INFO: [RTGEN 206-500] Setting interface mode on port 'compute2in/phase' to 'ap_none'.
INFO: [RTGEN 206-500] Setting interface mode on function 'compute2in' to 'ap_ctrl_hs'.
WARNING: [RTGEN 206-101] Register 'compute2in_ap_int_32_ap_int_32_ap_int_32_bool_REG1' is power-on initialization.
WARNING: [RTGEN 206-101] Register 'compute2in_ap_int_32_ap_int_32_ap_int_32_bool_REG1_5' is power-on initialization.
WARNING: [RTGEN 206-101] Register 'p_ZZ10compute2inP6ap_intILi32EES1_S1_bE4REG1_10' is power-on initialization.
WARNING: [RTGEN 206-101] Register 'p_ZZ10compute2inP6ap_intILi32EES1_S1_bE4REG1_15' is power-on initialization.
INFO: [RTGEN 206-100] Generating core module 'mux_42_32_1_1': 1 instance(s).
INFO: [RTGEN 206-100] Finished creating RTL model for 'compute2in'.
INFO: [HLS 200-111] Finished Creating RTL model: CPU user time: 0.23 seconds. CPU system time: 0.01 seconds. Elapsed time: 0.25 seconds; current allocated memory: 859.598 MB.
INFO: [HLS 200-111] Finished Generating all RTL models: CPU user time: 0.65 seconds. CPU system time: 0.04 seconds. Elapsed time: 0.7 seconds; current allocated memory: 865.320 MB.
INFO: [HLS 200-111] Finished Updating report files: CPU user time: 0.36 seconds. CPU system time: 0.02 seconds. Elapsed time: 0.38 seconds; current allocated memory: 866.145 MB.
INFO: [VHDL 208-304] Generating VHDL RTL for compute2in.
INFO: [VLOG 209-307] Generating Verilog RTL for compute2in.
INFO: [HLS 200-790] **** Loop Constraint Status: All loop constraints were NOT satisfied.
INFO: [HLS 200-789] **** Estimated Fmax: 327.12 MHz
INFO: [HLS 200-111] Finished Command csynth_design CPU user time: 11.83 seconds. CPU system time: 1.66 seconds. Elapsed time: 13.61 seconds; current allocated memory: 33.914 MB.
INFO: [HLS 200-1510] Running: open_project Compute_blockin2 
INFO: [HLS 200-10] Creating and opening project '/home/pulp1/HLS_corrected/Compute_blockin2'.
INFO: [HLS 200-1510] Running: open_solution solution1 -flow_target vivado 
INFO: [HLS 200-10] Creating and opening solution '/home/pulp1/HLS_corrected/Compute_blockin2/solution1'.
==============================================================
Vitis HLS - High-Level Synthesis from C, C++ and OpenCL v2022.2 (64-bit)
Tool Version Limit: 2019.12
Copyright 1986-2022 Xilinx, Inc. All Rights Reserved.
==============================================================
INFO: [SYN 201-201] Setting up clock 'default' with a period of 10ns.
INFO: [HLS 200-1611] Setting target device to 'xczu7ev-ffvc1156-2-e'
INFO: [HLS 200-1505] Using flow_target 'vivado'
INFO: [HLS 200-1464] Running solution command: config_interface -m_axi_latency=0
INFO: [HLS 200-1510] Running: csim_design 
INFO: [SIM 211-2] *************** CSIM start ***************
INFO: [SIM 211-4] CSIM will launch GCC as the compiler.
INFO: [SIM 211-1] CSim done with 0 errors.
INFO: [SIM 211-3] *************** CSIM finish ***************
INFO: [HLS 200-111] Finished Command csim_design CPU user time: 1.56 seconds. CPU system time: 0.5 seconds. Elapsed time: 2.06 seconds; current allocated memory: 0.000 MB.
INFO: [HLS 200-1510] Running: csynth_design 
INFO: [HLS 200-111] Finished File checks and directory preparation: CPU user time: 0 seconds. CPU system time: 0 seconds. Elapsed time: 0.01 seconds; current allocated memory: 733.676 MB.
INFO: [HLS 200-10] Analyzing design file 'Compute_block2in/Compute2in.cpp' ... 
INFO: [HLS 200-111] Finished Source Code Analysis and Preprocessing: CPU user time: 5 seconds. CPU system time: 0.8 seconds. Elapsed time: 5.83 seconds; current allocated memory: 736.004 MB.
INFO: [HLS 200-777] Using interface defaults for 'Vivado' flow target.
INFO: [HLS 214-248] Applying array_partition to '_ZZ10compute2inP6ap_intILi32EES1_S1_bE4REG1': Complete partitioning on dimension 1. (Compute_block2in/Compute2in.cpp:52:0)
INFO: [HLS 214-248] Applying array_partition to 'REG': Complete partitioning on dimension 1. Complete partitioning on dimension 2. (Compute_block2in/Compute2in.cpp:50:13)
INFO: [HLS 200-111] Finished Compiling Optimization and Transform: CPU user time: 3.79 seconds. CPU system time: 0.54 seconds. Elapsed time: 4.44 seconds; current allocated memory: 736.609 MB.
INFO: [HLS 200-111] Finished Checking Pragmas: CPU user time: 0 seconds. CPU system time: 0 seconds. Elapsed time: 0 seconds; current allocated memory: 736.609 MB.
INFO: [HLS 200-10] Starting code transformations ...
INFO: [HLS 200-111] Finished Standard Transforms: CPU user time: 0.05 seconds. CPU system time: 0.01 seconds. Elapsed time: 0.06 seconds; current allocated memory: 742.320 MB.
INFO: [HLS 200-10] Checking synthesizability ...
INFO: [HLS 200-111] Finished Checking Synthesizability: CPU user time: 0.07 seconds. CPU system time: 0 seconds. Elapsed time: 0.07 seconds; current allocated memory: 748.105 MB.
INFO: [XFORM 203-510] Pipelining loop 'VITIS_LOOP_87_3' (Compute_block2in/Compute2in.cpp:87) in function 'compute2in' automatically.
INFO: [XFORM 203-510] Pipelining loop 'VITIS_LOOP_66_2' (Compute_block2in/Compute2in.cpp:50) in function 'compute2in' automatically.
INFO: [XFORM 203-502] Unrolling all sub-loops inside loop 'VITIS_LOOP_87_3' (Compute_block2in/Compute2in.cpp:87) in function 'compute2in' for pipelining.
INFO: [HLS 200-489] Unrolling loop 'VITIS_LOOP_91_4' (Compute_block2in/Compute2in.cpp:89) in function 'compute2in' completely with a factor of 4.
INFO: [XFORM 203-11] Balancing expressions in function 'compute2in' (Compute_block2in/Compute2in.cpp:36:35)...3 expression(s) balanced.
INFO: [HLS 200-111] Finished Loop, function and other optimizations: CPU user time: 0.19 seconds. CPU system time: 0.01 seconds. Elapsed time: 0.2 seconds; current allocated memory: 777.797 MB.
WARNING: [HLS 200-960] Cannot flatten loop 'VITIS_LOOP_63_1' (Compute_block2in/Compute2in.cpp:50:13) in function 'compute2in' more than one sub loop.
INFO: [HLS 200-111] Finished Architecture Synthesis: CPU user time: 0.14 seconds. CPU system time: 0.01 seconds. Elapsed time: 0.15 seconds; current allocated memory: 791.168 MB.
INFO: [HLS 200-10] Starting hardware synthesis ...
INFO: [HLS 200-10] Synthesizing 'compute2in' ...
INFO: [HLS 200-10] ----------------------------------------------------------------
INFO: [HLS 200-42] -- Implementing module 'compute2in_Pipeline_VITIS_LOOP_66_2' 
INFO: [HLS 200-10] ----------------------------------------------------------------
INFO: [SCHED 204-11] Starting scheduling ...
INFO: [HLS 200-486] Changing DSP latency (root=ret_V_3) to 3 in order to utilize available DSP registers.
INFO: [HLS 200-486] Changing DSP latency (root=ret_V_4) to 3 in order to utilize available DSP registers.
INFO: [SCHED 204-61] Pipelining loop 'VITIS_LOOP_66_2'.
INFO: [HLS 200-1470] Pipelining result : Target II = NA, Final II = 1, Depth = 6, loop 'VITIS_LOOP_66_2'
INFO: [SCHED 204-11] Finished scheduling.
INFO: [HLS 200-111] Finished Scheduling: CPU user time: 0.19 seconds. CPU system time: 0.04 seconds. Elapsed time: 0.24 seconds; current allocated memory: 795.004 MB.
INFO: [BIND 205-100] Starting micro-architecture generation ...
INFO: [BIND 205-101] Performing variable lifetime analysis.
INFO: [BIND 205-101] Exploring resource sharing.
INFO: [BIND 205-101] Binding ...
INFO: [BIND 205-100] Finished micro-architecture generation.
INFO: [HLS 200-111] Finished Binding: CPU user time: 0.1 seconds. CPU system time: 0 seconds. Elapsed time: 0.11 seconds; current allocated memory: 795.004 MB.
INFO: [HLS 200-10] ----------------------------------------------------------------
INFO: [HLS 200-42] -- Implementing module 'compute2in_Pipeline_VITIS_LOOP_87_3' 
INFO: [HLS 200-10] ----------------------------------------------------------------
INFO: [SCHED 204-11] Starting scheduling ...
INFO: [HLS 200-486] Changing DSP latency (root=mul_ln1494_1) to 3 in order to utilize available DSP registers.
INFO: [HLS 200-486] Changing DSP latency (root=mul_ln1494_5) to 3 in order to utilize available DSP registers.
INFO: [HLS 200-486] Changing DSP latency (root=mul_ln1494_7) to 3 in order to utilize available DSP registers.
INFO: [HLS 200-486] Changing DSP latency (root=mul_ln1494_6) to 3 in order to utilize available DSP registers.
INFO: [HLS 200-486] Changing DSP latency (root=mul_ln1494_4) to 3 in order to utilize available DSP registers.
INFO: [HLS 200-486] Changing DSP latency (root=mul_ln1494_3) to 3 in order to utilize available DSP registers.
INFO: [HLS 200-486] Changing DSP latency (root=mul_ln1494_2) to 3 in order to utilize available DSP registers.
INFO: [HLS 200-486] Changing DSP latency (root=mul_ln1494) to 3 in order to utilize available DSP registers.
INFO: [SCHED 204-61] Pipelining loop 'VITIS_LOOP_87_3'.
WARNING: [HLS 200-880] The II Violation in module 'compute2in_Pipeline_VITIS_LOOP_87_3' (loop 'VITIS_LOOP_87_3'): Unable to enforce a carried dependence constraint (II = 1, distance = 1, offset = 1) between 'store' operation ('buffer_2_addr_1_write_ln97', Compute_block2in/Compute2in.cpp:97) of variable 'add_ln97', Compute_block2in/Compute2in.cpp:97 on array 'buffer_2' and 'store' operation ('buffer_2_addr_write_ln96', Compute_block2in/Compute2in.cpp:96) of variable 'add_ln96', Compute_block2in/Compute2in.cpp:96 on array 'buffer_2'.
INFO: [HLS 200-1470] Pipelining result : Target II = NA, Final II = 2, Depth = 7, loop 'VITIS_LOOP_87_3'
INFO: [SCHED 204-11] Finished scheduling.
INFO: [HLS 200-111] Finished Scheduling: CPU user time: 0.24 seconds. CPU system time: 0.02 seconds. Elapsed time: 0.25 seconds; current allocated memory: 797.203 MB.
INFO: [BIND 205-100] Starting micro-architecture generation ...
INFO: [BIND 205-101] Performing variable lifetime analysis.
INFO: [BIND 205-101] Exploring resource sharing.
INFO: [BIND 205-101] Binding ...
INFO: [BIND 205-100] Finished micro-architecture generation.
INFO: [HLS 200-111] Finished Binding: CPU user time: 0.07 seconds. CPU system time: 0 seconds. Elapsed time: 0.08 seconds; current allocated memory: 797.203 MB.
INFO: [HLS 200-10] ----------------------------------------------------------------
INFO: [HLS 200-42] -- Implementing module 'compute2in' 
INFO: [HLS 200-10] ----------------------------------------------------------------
INFO: [SCHED 204-11] Starting scheduling ...
INFO: [SCHED 204-11] Finished scheduling.
INFO: [HLS 200-111] Finished Scheduling: CPU user time: 0.16 seconds. CPU system time: 0 seconds. Elapsed time: 0.16 seconds; current allocated memory: 798.656 MB.
INFO: [BIND 205-100] Starting micro-architecture generation ...
INFO: [BIND 205-101] Performing variable lifetime analysis.
INFO: [BIND 205-101]