
****** Vitis HLS - High-Level Synthesis from C, C++ and OpenCL v2022.2 (64-bit)
  **** SW Build 3670227 on Oct 13 2022
  **** IP Build 3669848 on Fri Oct 14 08:30:02 MDT 2022
    ** Copyright 1986-2022 Xilinx, Inc. All Rights Reserved.

source /tools/Xilinx/Vitis_HLS/2022.2/scripts/vitis_hls/hls.tcl -notrace
INFO: [HLS 200-10] Running '/tools/Xilinx/Vitis_HLS/2022.2/bin/unwrapped/lnx64.o/vitis_hls'
INFO: [HLS 200-10] For user 'pulp1' on host 'pulp' (Linux_x86_64 version 4.18.0-553.137.1.el8_10.x86_64) on Thu Sep 10 14:52:14 EEST 2026
INFO: [HLS 200-10] On os Ubuntu 20.04.6 LTS
INFO: [HLS 200-10] In directory '/home/pulp1/HLS_corrected'
Sourcing Tcl script 'script.ctl'
INFO: [HLS 200-1510] Running: open_project Compute_block 
INFO: [HLS 200-10] Opening project '/home/pulp1/HLS_corrected/Compute_block'.
INFO: [HLS 200-1510] Running: open_solution solution1 -flow_target vivado 
INFO: [HLS 200-10] Opening solution '/home/pulp1/HLS_corrected/Compute_block/solution1'.
INFO: [HLS 200-1505] Using flow_target 'vivado'
Resolution: For help on HLS 200-1505 see www.xilinx.com/cgi-bin/docs/rdoc?v=2022.2;t=hls+guidance;d=200-1505.html
INFO: [HLS 200-435] Setting 'open_solution -flow_target vivado' configuration: config_interface -m_axi_latency=0
INFO: [HLS 200-1510] Running: set_part xczu7ev-ffvc1156-2-e 
INFO: [HLS 200-1611] Setting target device to 'xczu7ev-ffvc1156-2-e'
INFO: [HLS 200-1510] Running: create_clock -period 10 -name default 
INFO: [SYN 201-201] Setting up clock 'default' with a period of 10ns.
INFO: [HLS 200-1510] Running: csim_design 
Running Dispatch Server on port: 34437
INFO: [SIM 211-2] *************** CSIM start ***************
INFO: [SIM 211-4] CSIM will launch GCC as the compiler.
   Compiling ../../../Compute_test.cpp in debug mode
   Compiling ../../../Compute.cpp in debug mode
   Generating csim.exe

Result matrix (nest):
    55    100    145     58 
   130    250    370    193 
   205    400    595    328 
   280    550    820    463 

PASS: COMPUTE nest matches reference 4x5*5x4
INFO: [SIM 211-1] CSim done with 0 errors.
INFO: [SIM 211-3] *************** CSIM finish ***************
INFO: [HLS 200-111] Finished Command csim_design CPU user time: 3.16 seconds. CPU system time: 0.64 seconds. Elapsed time: 3.81 seconds; current allocated memory: 0.000 MB.
INFO: [HLS 200-1510] Running: csynth_design 
INFO: [HLS 200-111] Finished File checks and directory preparation: CPU user time: 0.01 seconds. CPU system time: 0 seconds. Elapsed time: 0.01 seconds; current allocated memory: 742.430 MB.
INFO: [HLS 200-10] Analyzing design file 'Compute_block/Compute.cpp' ... 
INFO: [HLS 200-111] Finished Source Code Analysis and Preprocessing: CPU user time: 4.85 seconds. CPU system time: 0.81 seconds. Elapsed time: 5.68 seconds; current allocated memory: 744.406 MB.
INFO: [HLS 200-777] Using interface defaults for 'Vivado' flow target.
INFO: [HLS 214-248] Applying array_partition to 'REG': Complete partitioning on dimension 1. Complete partitioning on dimension 2. (Compute_block/Compute.cpp:47:13)
INFO: [HLS 214-241] Aggregating fifo (hls::stream) variable 'fwd_out2' with compact=bit mode in 32-bits (Compute_block/Compute.cpp:36:0)
INFO: [HLS 214-241] Aggregating fifo (hls::stream) variable 'fwd_out1' with compact=bit mode in 32-bits (Compute_block/Compute.cpp:36:0)
INFO: [HLS 200-111] Finished Compiling Optimization and Transform: CPU user time: 3.69 seconds. CPU system time: 0.55 seconds. Elapsed time: 4.25 seconds; current allocated memory: 744.996 MB.
INFO: [HLS 200-111] Finished Checking Pragmas: CPU user time: 0 seconds. CPU system time: 0 seconds. Elapsed time: 0 seconds; current allocated memory: 744.996 MB.
INFO: [HLS 200-10] Starting code transformations ...
INFO: [HLS 200-111] Finished Standard Transforms: CPU user time: 0.04 seconds. CPU system time: 0.01 seconds. Elapsed time: 0.05 seconds; current allocated memory: 750.660 MB.
INFO: [HLS 200-10] Checking synthesizability ...
INFO: [HLS 200-111] Finished Checking Synthesizability: CPU user time: 0.06 seconds. CPU system time: 0 seconds. Elapsed time: 0.07 seconds; current allocated memory: 756.996 MB.
INFO: [XFORM 203-510] Pipelining loop 'VITIS_LOOP_79_2' (Compute_block/Compute.cpp:79) in function 'compute' automatically.
INFO: [XFORM 203-510] Pipelining loop 'VITIS_LOOP_60_1' (Compute_block/Compute.cpp:47) in function 'compute' automatically.
INFO: [XFORM 203-502] Unrolling all sub-loops inside loop 'VITIS_LOOP_79_2' (Compute_block/Compute.cpp:79) in function 'compute' for pipelining.
INFO: [HLS 200-489] Unrolling loop 'VITIS_LOOP_82_3' (Compute_block/Compute.cpp:80) in function 'compute' completely with a factor of 4.
INFO: [XFORM 203-11] Balancing expressions in function 'compute' (Compute_block/Compute.cpp:36:30)...6 expression(s) balanced.
INFO: [HLS 200-111] Finished Loop, function and other optimizations: CPU user time: 0.14 seconds. CPU system time: 0.02 seconds. Elapsed time: 0.15 seconds; current allocated memory: 786.441 MB.
WARNING: [HLS 200-960] Cannot flatten loop 'read_and_write_back' (Compute_block/Compute.cpp:47:13) in function 'compute' more than one sub loop.
Resolution: For help on HLS 200-960 see www.xilinx.com/cgi-bin/docs/rdoc?v=2022.2;t=hls+guidance;d=200-960.html
INFO: [HLS 200-111] Finished Architecture Synthesis: CPU user time: 0.1 seconds. CPU system time: 0 seconds. Elapsed time: 0.11 seconds; current allocated memory: 801.645 MB.
INFO: [HLS 200-10] Starting hardware synthesis ...
INFO: [HLS 200-10] Synthesizing 'compute' ...
INFO: [HLS 200-10] ----------------------------------------------------------------
INFO: [HLS 200-42] -- Implementing module 'compute_Pipeline_VITIS_LOOP_60_1' 
INFO: [HLS 200-10] ----------------------------------------------------------------
INFO: [SCHED 204-11] Starting scheduling ...
INFO: [HLS 200-486] Changing DSP latency (root=ret_V_3) to 3 in order to utilize available DSP registers.
INFO: [HLS 200-486] Changing DSP latency (root=ret_V_4) to 3 in order to utilize available DSP registers.
INFO: [SCHED 204-61] Pipelining loop 'VITIS_LOOP_60_1'.
INFO: [HLS 200-1470] Pipelining result : Target II = NA, Final II = 1, Depth = 6, loop 'VITIS_LOOP_60_1'
INFO: [SCHED 204-11] Finished scheduling.
INFO: [HLS 200-111] Finished Scheduling: CPU user time: 0.2 seconds. CPU system time: 0.04 seconds. Elapsed time: 0.24 seconds; current allocated memory: 803.719 MB.
INFO: [BIND 205-100] Starting micro-architecture generation ...
INFO: [BIND 205-101] Performing variable lifetime analysis.
INFO: [BIND 205-101] Exploring resource sharing.
INFO: [BIND 205-101] Binding ...
INFO: [BIND 205-100] Finished micro-architecture generation.
INFO: [HLS 200-111] Finished Binding: CPU user time: 0.1 seconds. CPU system time: 0 seconds. Elapsed time: 0.1 seconds; current allocated memory: 803.719 MB.
INFO: [HLS 200-10] ----------------------------------------------------------------
INFO: [HLS 200-42] -- Implementing module 'compute_Pipeline_VITIS_LOOP_79_2' 
INFO: [HLS 200-10] ----------------------------------------------------------------
INFO: [SCHED 204-11] Starting scheduling ...
INFO: [HLS 200-486] Changing DSP latency (root=mul_ln1494_7) to 3 in order to utilize available DSP registers.
INFO: [HLS 200-486] Changing DSP latency (root=mul_ln1494_1) to 3 in order to utilize available DSP registers.
INFO: [HLS 200-486] Changing DSP latency (root=mul_ln1494_6) to 3 in order to utilize available DSP registers.
INFO: [HLS 200-486] Changing DSP latency (root=mul_ln1494) to 3 in order to utilize available DSP registers.
INFO: [HLS 200-486] Changing DSP latency (root=mul_ln1494_5) to 3 in order to utilize available DSP registers.
INFO: [HLS 200-486] Changing DSP latency (root=mul_ln1494_4) to 3 in order to utilize available DSP registers.
INFO: [HLS 200-486] Changing DSP latency (root=mul_ln1494_3) to 3 in order to utilize available DSP registers.
INFO: [HLS 200-486] Changing DSP latency (root=mul_ln1494_2) to 3 in order to utilize available DSP registers.
INFO: [SCHED 204-61] Pipelining loop 'VITIS_LOOP_79_2'.
INFO: [HLS 200-1470] Pipelining result : Target II = NA, Final II = 1, Depth = 5, loop 'VITIS_LOOP_79_2'
INFO: [SCHED 204-11] Finished scheduling.
INFO: [HLS 200-111] Finished Scheduling: CPU user time: 0.2 seconds. CPU system time: 0 seconds. Elapsed time: 0.21 seconds; current allocated memory: 804.434 MB.
INFO: [BIND 205-100] Starting micro-architecture generation ...
INFO: [BIND 205-101] Performing variable lifetime analysis.
INFO: [BIND 205-101] Exploring resource sharing.
INFO: [BIND 205-101] Binding ...
INFO: [BIND 205-100] Finished micro-architecture generation.
INFO: [HLS 200-111] Finished Binding: CPU user time: 0.05 seconds. CPU system time: 0 seconds. Elapsed time: 0.05 seconds; current allocated memory: 804.434 MB.
INFO: [HLS 200-10] ----------------------------------------------------------------
INFO: [HLS 200-42] -- Implementing module 'compute' 
INFO: [HLS 200-10] ----------------------------------------------------------------
INFO: [SCHED 204-11] Starting scheduling ...
INFO: [SCHED 204-11] Finished scheduling.
INFO: [HLS 200-111] Finished Scheduling: CPU user time: 0.13 seconds. CPU system time: 0 seconds. Elapsed time: 0.13 seconds; current allocated memory: 806.070 MB.
INFO: [BIND 205-100] Starting micro-architecture generation ...
INFO: [BIND 205-101] Performing variable lifetime analysis.
INFO: [BIND 205-101] Exploring resource sharing.
INFO: [BIND 205-101] Binding ...
INFO: [BIND 205-100] Finished micro-architecture generation.
INFO: [HLS 200-111] Finished Binding: CPU user time: 0.09 seconds. CPU system time: 0 seconds. Elapsed time: 0.09 seconds; current allocated memory: 806.070 MB.
INFO: [HLS 200-10] ----------------------------------------------------------------
INFO: [HLS 200-10] -- Generating RTL for module 'compute_Pipeline_VITIS_LOOP_60_1' 
INFO: [HLS 200-10] ----------------------------------------------------------------
INFO: [HLS 200-1030] Apply Unified Pipeline Control on module 'compute_Pipeline_VITIS_LOOP_60_1' pipeline 'VITIS_LOOP_60_1' pipeline type 'loop pipeline'
INFO: [RTGEN 206-100] Generating core module 'mac_muladd_16ns_16ns_32ns_33_4_1': 1 instance(s).
INFO: [RTGEN 206-100] Generating core module 'mul_mul_16ns_16ns_32_4_1': 1 instance(s).
INFO: [RTGEN 206-100] Finished creating RTL model for 'compute_Pipeline_VITIS_LOOP_60_1'.
INFO: [HLS 200-111] Finished Creating RTL model: CPU user time: 0.2 seconds. CPU system time: 0.01 seconds. Elapsed time: 0.21 seconds; current allocated memory: 806.648 MB.
INFO: [HLS 200-10] ----------------------------------------------------------------
INFO: [HLS 200-10] -- Generating RTL for module 'compute_Pipeline_VITIS_LOOP_79_2' 
INFO: [HLS 200-10] ----------------------------------------------------------------
INFO: [HLS 200-1030] Apply Unified Pipeline Control on module 'compute_Pipeline_VITIS_LOOP_79_2' pipeline 'VITIS_LOOP_79_2' pipeline type 'loop pipeline'
INFO: [RTGEN 206-100] Generating core module 'mac_muladd_16ns_16ns_32ns_32_4_1': 4 instance(s).
INFO: [RTGEN 206-100] Generating core module 'mul_mul_16ns_16ns_32_4_1': 4 instance(s).
INFO: [RTGEN 206-100] Generating core module 'mux_32_16_1_1': 8 instance(s).
INFO: [RTGEN 206-100] Generating core module 'mux_42_16_1_1': 8 instance(s).
INFO: [RTGEN 206-100] Finished creating RTL model for 'compute_Pipeline_VITIS_LOOP_79_2'.
INFO: [HLS 200-111] Finished Creating RTL model: CPU user time: 0.41 seconds. CPU system time: 0.01 seconds. Elapsed time: 0.42 seconds; current allocated memory: 812.293 MB.
INFO: [HLS 200-10] ----------------------------------------------------------------
INFO: [HLS 200-10] -- Generating RTL for module 'compute' 
INFO: [HLS 200-10] ----------------------------------------------------------------
INFO: [RTGEN 206-500] Setting interface mode on port 'compute/buffer_1' to 'ap_memory'.
INFO: [RTGEN 206-500] Setting interface mode on port 'compute/buffer_2' to 'ap_memory'.
INFO: [RTGEN 206-500] Setting interface mode on port 'compute/phase' to 'ap_none'.
INFO: [RTGEN 206-500] Setting interface mode on port 'compute/fwd_out1' to 'ap_fifo'.
INFO: [RTGEN 206-500] Setting interface mode on port 'compute/fwd_out2' to 'ap_fifo'.
INFO: [RTGEN 206-500] Setting interface mode on function 'compute' to 'ap_ctrl_hs'.
INFO: [RTGEN 206-100] Finished creating RTL model for 'compute'.
INFO: [HLS 200-111] Finished Creating RTL model: CPU user time: 0.15 seconds. CPU system time: 0.01 seconds. Elapsed time: 0.16 seconds; current allocated memory: 815.527 MB.
INFO: [HLS 200-111] Finished Generating all RTL models: CPU user time: 0.56 seconds. CPU system time: 0.03 seconds. Elapsed time: 0.6 seconds; current allocated memory: 821.539 MB.
INFO: [HLS 200-111] Finished Updating report files: CPU user time: 0.31 seconds. CPU system time: 0.01 seconds. Elapsed time: 0.32 seconds; current allocated memory: 824.734 MB.
INFO: [VHDL 208-304] Generating VHDL RTL for compute.
INFO: [VLOG 209-307] Generating Verilog RTL for compute.
INFO: [HLS 200-790] **** Loop Constraint Status: All loop constraints were satisfied.
INFO: [HLS 200-789] **** Estimated Fmax: 427.72 MHz
INFO: [HLS 200-111] Finished Command csynth_design CPU user time: 11.29 seconds. CPU system time: 1.52 seconds. Elapsed time: 12.86 seconds; current allocated memory: 82.441 MB.
INFO: [HLS 200-112] Total CPU user time: 16.76 seconds. Total CPU system time: 2.67 seconds. Total elapsed time: 29.38 seconds; peak allocated memory: 824.871 MB.
INFO: [Common 17-206] Exiting vitis_hls at Thu Sep 10 14:52:43 2026...
