                Time          Cycles PC       Instr    Mnemonic
               65500               5 00000080 0040006f jal              x0, 4              
               66500               6 00000084 f1402573 csrrs            x10, x0, 0xf14      x10=00000000
               67500               7 00000088 01f57593 andi             x11, x10, 31        x11=00000000 x10:00000000
               68500               8 0000008c 00555513 srli             x10, x10, 0x5       x10=00000000 x10:00000000
               69500               9 0000008e 00010297 auipc            x5, 0x10000          x5=0001008e
               70500              10 00000092 01228293 addi             x5, x5, 18           x5=000100a0  x5:0001008e
               71500              11 00000096 00010317 auipc            x6, 0x10000          x6=00010096
               72500              12 0000009a 00f30313 addi             x6, x6, 15           x6=000100a5  x6:00010096
               73500              13 0000009e 0002a023 sw               x0, 0(x5)            x5:000100a0  PA:000100a0
               75500              15 000000a2 00428293 addi             x5, x5, 4            x5=000100a4  x5:000100a0
               77500              17 000000a4 fe62ede3 bltu             x5, x6, -6           x5:000100a4  x6:000100a5
               80500              20 0000009e 0002a023 sw               x0, 0(x5)            x5:000100a4  PA:000100a4
               82500              22 000000a2 00428293 addi             x5, x5, 4            x5=000100a8  x5:000100a4
               83500              23 000000a4 fe62ede3 bltu             x5, x6, -6           x5:000100a8  x6:000100a5
               84500              24 000000a8 0001f117 auipc            x2, 0x1f000          x2=0001f0a8
               85500              25 000000ac f5810113 addi             x2, x2, -168         x2=0001f000  x2:0001f0a8
               86500              26 000000b0 00000513 addi             x10, x0, 0          x10=00000000
               87500              27 000000b4 00000593 addi             x11, x0, 0          x11=00000000
               88500              28 000000b8 00000397 auipc            x7, 0x0              x7=000000b8
               89500              29 000000bc 02638393 addi             x7, x7, 38           x7=000000de  x7:000000b8
               91500              31 000000c0 000380e7 jalr             x1, x7, 0            x1=000000c4  x7:000000de
               92500              32 000000de ff010113 addi             x2, x2, -16          x2=0001eff0  x2:0001f000
               93500              33 000000e0 00012623 sw               x0, 12(x2)           x2:0001eff0  PA:0001effc
               95500              35 000000e2 001007b7 lui              x15, 0x100000       x15=00100000
               96500              36 000000e6 0047a783 lw               x15, 4(x15)         x15=00000000 x15:00100000  PA:00100004
               98500              38 000000e8 0007c063 blt              x15, x0, 0          x15:00000000
               99500              39 000000ec 00100737 lui              x14, 0x100000       x14=00100000
              100500              40 000000f0 000406b7 lui              x13, 0x40000        x13=00040000
              101500              41 000000f4 02d72a23 sw               x13, 52(x14)        x13:00040000 x14:00100000  PA:00100034
              103500              43 000000f6 000016b7 lui              x13, 0x1000         x13=00001000
              104500              44 000000f8 8cd68693 addi             x13, x13, -1843     x13=000008cd x13:00001000
              105500              45 000000fc 02d72223 sw               x13, 36(x14)        x13:000008cd x14:00100000  PA:00100024
              107500              47 000000fe 11a136b7 lui              x13, 0x11a13000     x13=11a13000
              108500              48 00000102 c0568693 addi             x13, x13, -1019     x13=11a12c05 x13:11a13000
              109500              49 00000106 02d72023 sw               x13, 32(x14)        x13:11a12c05 x14:00100000  PA:00100020
              111500              51 00000108 1c0106b7 lui              x13, 0x1c010000     x13=1c010000
              112500              52 0000010c 00068693 addi             x13, x13, 0         x13=1c010000 x13:1c010000
              113500              53 00000110 04d72023 sw               x13, 64(x14)        x13:1c010000 x14:00100000  PA:00100040
              115500              55 00000112 1c0106b7 lui              x13, 0x1c010000     x13=1c010000
              116500              56 00000116 05068693 addi             x13, x13, 80        x13=1c010050 x13:1c010000
              117500              57 0000011a 04d72223 sw               x13, 68(x14)        x13:1c010050 x14:00100000  PA:00100044
              119500              59 0000011c 1c0106b7 lui              x13, 0x1c010000     x13=1c010000
              120500              60 00000120 0a068693 addi             x13, x13, 160       x13=1c0100a0 x13:1c010000
              121500              61 00000124 04d72423 sw               x13, 72(x14)        x13:1c0100a0 x14:00100000  PA:00100048
              123500              63 00000126 1c0107b7 lui              x15, 0x1c010000     x15=1c010000
              124500              64 0000012a 02000693 addi             x13, x0, 32         x13=00000020
              126500              66 0000012e 0a078793 addi             x15, x15, 160       x15=1c0100a0 x15:1c010000
              127500              67 00000132 04d72a23 sw               x13, 84(x14)        x13:00000020 x14:00100000  PA:00100054
              129500              69 00000134 000106b7 lui              x13, 0x10000        x13=00010000
              130500              70 00000136 02072c23 sw               x0, 56(x14)         x14:00100000  PA:00100038
              132500              72 0000013a 02072823 sw               x0, 48(x14)         x14:00100000  PA:00100030
              134500              74 0000013e 02072623 sw               x0, 44(x14)         x14:00100000  PA:0010002c
              136500              76 00000142 02072423 sw               x0, 40(x14)         x14:00100000  PA:00100028
              138500              78 00000146 04f72623 sw               x15, 76(x14)        x15:1c0100a0 x14:00100000  PA:0010004c
              140500              80 00000148 04072823 sw               x0, 80(x14)         x14:00100000  PA:00100050
              142500              82 0000014c 04072e23 sw               x0, 92(x14)         x14:00100000  PA:0010005c
              144500              84 00000150 04d72c23 sw               x13, 88(x14)        x13:00010000 x14:00100000  PA:00100058
              146500              86 00000152 00072023 sw               x0, 0(x14)          x14:00100000  PA:00100000
              148500              88 00000156 10500073 wfi                                 
              364500             304 0000015a 0007a683 lw               x13, 0(x15)         x13=0000000a x15:1c0100a0  PA:1c0100a0
              366500             306 0000015c 00a00713 addi             x14, x0, 10         x14=0000000a
              368500             308 0000015e 00e68563 beq              x13, x14, 10        x13:0000000a x14:0000000a
              370500             310 00000168 0047a683 lw               x13, 4(x15)         x13=0000000e x15:1c0100a0  PA:1c0100a4
              372500             312 0000016a 00e00713 addi             x14, x0, 14         x14=0000000e
              374500             314 0000016c 00e68563 beq              x13, x14, 10        x13:0000000e x14:0000000e
              376500             316 00000176 0087a683 lw               x13, 8(x15)         x13=0000000e x15:1c0100a0  PA:1c0100a8
              378500             318 00000178 00e00713 addi             x14, x0, 14         x14=0000000e
              380500             320 0000017a 00e68563 beq              x13, x14, 10        x13:0000000e x14:0000000e
              382500             322 00000184 00c7a683 lw               x13, 12(x15)        x13=00000014 x15:1c0100a0  PA:1c0100ac
              384500             324 00000186 01400713 addi             x14, x0, 20         x14=00000014
              386500             326 00000188 00e68563 beq              x13, x14, 10        x13:00000014 x14:00000014
              388500             328 00000192 0107a683 lw               x13, 16(x15)        x13=0000001a x15:1c0100a0  PA:1c0100b0
              390500             330 00000194 01a00713 addi             x14, x0, 26         x14=0000001a
              392500             332 00000196 00e68563 beq              x13, x14, 10        x13:0000001a x14:0000001a
              394500             334 000001a0 0147a683 lw               x13, 20(x15)        x13=0000001e x15:1c0100a0  PA:1c0100b4
              396500             336 000001a2 01e00713 addi             x14, x0, 30         x14=0000001e
              398500             338 000001a4 00e68563 beq              x13, x14, 10        x13:0000001e x14:0000001e
              400500             340 000001ae 0187a683 lw               x13, 24(x15)        x13=00000026 x15:1c0100a0  PA:1c0100b8
              402500             342 000001b0 02600713 addi             x14, x0, 38         x14=00000026
              404500             344 000001b4 00e68563 beq              x13, x14, 10        x13:00000026 x14:00000026
              406500             346 000001be 01c7a683 lw               x13, 28(x15)        x13=0000002c x15:1c0100a0  PA:1c0100bc
              408500             348 000001c0 02c00713 addi             x14, x0, 44         x14=0000002c
              410500             350 000001c4 00e68563 beq              x13, x14, 10        x13:0000002c x14:0000002c
              412500             352 000001ce 0207a683 lw               x13, 32(x15)        x13=0000002a x15:1c0100a0  PA:1c0100c0
              414500             354 000001d0 02a00713 addi             x14, x0, 42         x14=0000002a
              416500             356 000001d4 00e68563 beq              x13, x14, 10        x13:0000002a x14:0000002a
              418500             358 000001de 0247a683 lw               x13, 36(x15)        x13=0000002e x15:1c0100a0  PA:1c0100c4
              420500             360 000001e0 02e00713 addi             x14, x0, 46         x14=0000002e
              422500             362 000001e4 00e68563 beq              x13, x14, 10        x13:0000002e x14:0000002e
              424500             364 000001ee 0287a683 lw               x13, 40(x15)        x13=0000003e x15:1c0100a0  PA:1c0100c8
              426500             366 000001f0 03e00713 addi             x14, x0, 62         x14=0000003e
              428500             368 000001f4 00e68563 beq              x13, x14, 10        x13:0000003e x14:0000003e
              430500             370 000001fe 02c7a683 lw               x13, 44(x15)        x13=00000044 x15:1c0100a0  PA:1c0100cc
              432500             372 00000200 04400713 addi             x14, x0, 68         x14=00000044
              434500             374 00000204 00e68563 beq              x13, x14, 10        x13:00000044 x14:00000044
              436500             376 0000020e 0307a683 lw               x13, 48(x15)        x13=0000003a x15:1c0100a0  PA:1c0100d0
              438500             378 00000210 03a00713 addi             x14, x0, 58         x14=0000003a
              440500             380 00000214 00e68563 beq              x13, x14, 10        x13:0000003a x14:0000003a
              442500             382 0000021e 0347a683 lw               x13, 52(x15)        x13=0000003e x15:1c0100a0  PA:1c0100d4
              444500             384 00000220 03e00713 addi             x14, x0, 62         x14=0000003e
              446500             386 00000224 00e68563 beq              x13, x14, 10        x13:0000003e x14:0000003e
              448500             388 0000022e 0387a683 lw               x13, 56(x15)        x13=00000056 x15:1c0100a0  PA:1c0100d8
              450500             390 00000230 05600713 addi             x14, x0, 86         x14=00000056
              452500             392 00000234 00e68563 beq              x13, x14, 10        x13:00000056 x14:00000056
              454500             394 0000023e 03c7a683 lw               x13, 60(x15)        x13=0000005c x15:1c0100a0  PA:1c0100dc
              456500             396 00000240 05c00713 addi             x14, x0, 92         x14=0000005c
              458500             398 00000244 00e68563 beq              x13, x14, 10        x13:0000005c x14:0000005c
              460500             400 0000024e 0407a683 lw               x13, 64(x15)        x13=00000005 x15:1c0100a0  PA:1c0100e0
              462500             402 00000250 00500713 addi             x14, x0, 5          x14=00000005
              464500             404 00000252 00e68563 beq              x13, x14, 10        x13:00000005 x14:00000005
              466500             406 0000025c 0447a683 lw               x13, 68(x15)        x13=00000008 x15:1c0100a0  PA:1c0100e4
              468500             408 0000025e 00800713 addi             x14, x0, 8          x14=00000008
              470500             410 00000260 00e68563 beq              x13, x14, 10        x13:00000008 x14:00000008
              472500             412 0000026a 0487a683 lw               x13, 72(x15)        x13=00000003 x15:1c0100a0  PA:1c0100e8
              474500             414 0000026c 00300713 addi             x14, x0, 3          x14=00000003
              476500             416 0000026e 00e68563 beq              x13, x14, 10        x13:00000003 x14:00000003
              478500             418 00000278 04c7a683 lw               x13, 76(x15)        x13=0000000b x15:1c0100a0  PA:1c0100ec
              480500             420 0000027a 00b00713 addi             x14, x0, 11         x14=0000000b
              482500             422 0000027c 00e68563 beq              x13, x14, 10        x13:0000000b x14:0000000b
              484500             424 00000286 0507a683 lw               x13, 80(x15)        x13=00000005 x15:1c0100a0  PA:1c0100f0
              486500             426 00000288 00500713 addi             x14, x0, 5          x14=00000005
              488500             428 0000028a 00e68563 beq              x13, x14, 10        x13:00000005 x14:00000005
              490500             430 00000294 0547a683 lw               x13, 84(x15)        x13=00000006 x15:1c0100a0  PA:1c0100f4
              492500             432 00000296 00600713 addi             x14, x0, 6          x14=00000006
              494500             434 00000298 00e68563 beq              x13, x14, 10        x13:00000006 x14:00000006
              496500             436 000002a2 0587a683 lw               x13, 88(x15)        x13=0000000e x15:1c0100a0  PA:1c0100f8
              498500             438 000002a4 00e00713 addi             x14, x0, 14         x14=0000000e
              500500             440 000002a6 00e68563 beq              x13, x14, 10        x13:0000000e x14:0000000e
              502500             442 000002b0 05c7a683 lw               x13, 92(x15)        x13=00000005 x15:1c0100a0  PA:1c0100fc
              504500             444 000002b2 00500713 addi             x14, x0, 5          x14=00000005
              506500             446 000002b4 00e68563 beq              x13, x14, 10        x13:00000005 x14:00000005
              508500             448 000002be 0607a683 lw               x13, 96(x15)        x13=0000000b x15:1c0100a0  PA:1c010100
              510500             450 000002c0 00b00713 addi             x14, x0, 11         x14=0000000b
              512500             452 000002c2 00e68563 beq              x13, x14, 10        x13:0000000b x14:0000000b
              514500             454 000002cc 0647a683 lw               x13, 100(x15)       x13=00000003 x15:1c0100a0  PA:1c010104
              516500             456 000002ce 00300713 addi             x14, x0, 3          x14=00000003
              518500             458 000002d0 00e68563 beq              x13, x14, 10        x13:00000003 x14:00000003
              520500             460 000002da 0687a683 lw               x13, 104(x15)       x13=0000000b x15:1c0100a0  PA:1c010108
              522500             462 000002dc 00b00713 addi             x14, x0, 11         x14=0000000b
              524500             464 000002de 00e68563 beq              x13, x14, 10        x13:0000000b x14:0000000b
              526500             466 000002e8 06c7a683 lw               x13, 108(x15)       x13=0000000d x15:1c0100a0  PA:1c01010c
              528500             468 000002ea 00d00713 addi             x14, x0, 13         x14=0000000d
              530500             470 000002ec 00e68563 beq              x13, x14, 10        x13:0000000d x14:0000000d
              532500             472 000002f6 0707a683 lw               x13, 112(x15)       x13=0000000b x15:1c0100a0  PA:1c010110
              534500             474 000002f8 00b00713 addi             x14, x0, 11         x14=0000000b
              536500             476 000002fa 00e68563 beq              x13, x14, 10        x13:0000000b x14:0000000b
              538500             478 00000304 0747a683 lw               x13, 116(x15)       x13=0000000c x15:1c0100a0  PA:1c010114
              540500             480 00000306 00c00713 addi             x14, x0, 12         x14=0000000c
              542500             482 00000308 00e68563 beq              x13, x14, 10        x13:0000000c x14:0000000c
              544500             484 00000312 0787a683 lw               x13, 120(x15)       x13=00000001 x15:1c0100a0  PA:1c010118
              546500             486 00000314 00100713 addi             x14, x0, 1          x14=00000001
              548500             488 00000316 00e68563 beq              x13, x14, 10        x13:00000001 x14:00000001
              550500             490 00000320 07c7a703 lw               x14, 124(x15)       x14=00000017 x15:1c0100a0  PA:1c01011c
              552500             492 00000322 01700793 addi             x15, x0, 23         x15=00000017
              554500             494 00000324 00f70563 beq              x14, x15, 10        x14:00000017 x15:00000017
              556500             496 0000032e 00c12703 lw               x14, 12(x2)         x14=00000000  x2:0001eff0  PA:0001effc
              558500             498 00000330 800007b7 lui              x15, 0x80000000     x15=80000000
              559500             499 00000334 00e7a023 sw               x14, 0(x15)         x14:00000000 x15:80000000  PA:80000000
              561500             501 00000336 00c12503 lw               x10, 12(x2)         x10=00000000  x2:0001eff0  PA:0001effc
              563500             503 00000338 01010113 addi             x2, x2, 16           x2=0001f000  x2:0001eff0
              565500             505 0000033a 00008067 jalr             x0, x1, 0            x1:000000c4
              566500             506 000000c4 00a00433 add              x8, x0, x10          x8=00000000 x10:00000000
              567500             507 000000c6 00800533 add              x10, x0, x8         x10=00000000  x8:00000000
              568500             508 000000c8 10500073 wfi                                 
