

================================================================
== Vitis HLS Report for 'compute'
================================================================
* Date:           Mon Sep 14 13:37:07 2026

* Version:        2022.2 (Build 3670227 on Oct 13 2022)
* Project:        Compute_block
* Solution:       solution1 (Vivado IP Flow Target)
* Product family: zynquplus
* Target device:  xczu7ev-ffvc1156-2-e


================================================================
== Performance Estimates
================================================================
+ Timing: 
    * Summary: 
    +--------+----------+----------+------------+
    |  Clock |  Target  | Estimated| Uncertainty|
    +--------+----------+----------+------------+
    |ap_clk  |  10.00 ns|  2.137 ns|     2.70 ns|
    +--------+----------+----------+------------+

+ Latency: 
    * Summary: 
    +---------+---------+----------+----------+-----+-----+---------+
    |  Latency (cycles) |  Latency (absolute) |  Interval | Pipeline|
    |   min   |   max   |    min   |    max   | min | max |   Type  |
    +---------+---------+----------+----------+-----+-----+---------+
    |       29|      113|  0.290 us|  1.130 us|   30|  114|       no|
    +---------+---------+----------+----------+-----+-----+---------+

    + Detail: 
        * Instance: 
        N/A

        * Loop: 
        +---------------------+---------+---------+----------+-----------+-----------+-------+----------+
        |                     |  Latency (cycles) | Iteration|  Initiation Interval  |  Trip |          |
        |      Loop Name      |   min   |   max   |  Latency |  achieved |   target  | Count | Pipelined|
        +---------------------+---------+---------+----------+-----------+-----------+-------+----------+
        |- VITIS_LOOP_85_1    |       28|      112|    7 ~ 28|          -|          -|      4|        no|
        | + VITIS_LOOP_107_3  |        0|       21|         7|          -|          -|  0 ~ 3|        no|
        +---------------------+---------+---------+----------+-----------+-----------+-------+----------+



================================================================
== Utilization Estimates
================================================================
* Summary: 
+-----------------+---------+------+--------+--------+-----+
|       Name      | BRAM_18K|  DSP |   FF   |   LUT  | URAM|
+-----------------+---------+------+--------+--------+-----+
|DSP              |        -|    12|       -|       -|    -|
|Expression       |        -|     -|       0|     768|    -|
|FIFO             |        -|     -|       -|       -|    -|
|Instance         |        -|     -|       0|     262|    -|
|Memory           |        -|     -|       -|       -|    -|
|Multiplexer      |        -|     -|       -|     246|    -|
|Register         |        -|     -|    1765|       -|    -|
+-----------------+---------+------+--------+--------+-----+
|Total            |        0|    12|    1765|    1276|    0|
+-----------------+---------+------+--------+--------+-----+
|Available        |      624|  1728|  460800|  230400|   96|
+-----------------+---------+------+--------+--------+-----+
|Utilization (%)  |        0|    ~0|      ~0|      ~0|    0|
+-----------------+---------+------+--------+--------+-----+

+ Detail: 
    * Instance: 
    +--------------------+----------------+---------+----+---+----+-----+
    |      Instance      |     Module     | BRAM_18K| DSP| FF| LUT| URAM|
    +--------------------+----------------+---------+----+---+----+-----+
    |mux_124_32_1_1_U11  |mux_124_32_1_1  |        0|   0|  0|  65|    0|
    |mux_154_32_1_1_U10  |mux_154_32_1_1  |        0|   0|  0|  65|    0|
    |mux_32_16_1_1_U2    |mux_32_16_1_1   |        0|   0|  0|  14|    0|
    |mux_32_16_1_1_U3    |mux_32_16_1_1   |        0|   0|  0|  14|    0|
    |mux_32_16_1_1_U4    |mux_32_16_1_1   |        0|   0|  0|  14|    0|
    |mux_32_16_1_1_U5    |mux_32_16_1_1   |        0|   0|  0|  14|    0|
    |mux_32_16_1_1_U6    |mux_32_16_1_1   |        0|   0|  0|  14|    0|
    |mux_32_16_1_1_U7    |mux_32_16_1_1   |        0|   0|  0|  14|    0|
    |mux_32_16_1_1_U8    |mux_32_16_1_1   |        0|   0|  0|  14|    0|
    |mux_32_16_1_1_U9    |mux_32_16_1_1   |        0|   0|  0|  14|    0|
    |mux_42_32_1_1_U1    |mux_42_32_1_1   |        0|   0|  0|  20|    0|
    +--------------------+----------------+---------+----+---+----+-----+
    |Total               |                |        0|   0|  0| 262|    0|
    +--------------------+----------------+---------+----+---+----+-----+

    * DSP: 
    +--------------------------------------+----------------------------------+--------------+
    |               Instance               |              Module              |  Expression  |
    +--------------------------------------+----------------------------------+--------------+
    |mac_muladd_16ns_16ns_32ns_32_4_1_U14  |mac_muladd_16ns_16ns_32ns_32_4_1  |  i0 + i1 * i2|
    |mac_muladd_16ns_16ns_32ns_32_4_1_U15  |mac_muladd_16ns_16ns_32ns_32_4_1  |  i0 + i1 * i2|
    |mac_muladd_16ns_16ns_32ns_32_4_1_U20  |mac_muladd_16ns_16ns_32ns_32_4_1  |  i0 + i1 * i2|
    |mac_muladd_16ns_16ns_32ns_32_4_1_U21  |mac_muladd_16ns_16ns_32ns_32_4_1  |  i0 + i1 * i2|
    |mac_muladd_16ns_16ns_32ns_32_4_1_U22  |mac_muladd_16ns_16ns_32ns_32_4_1  |  i0 + i1 * i2|
    |mac_muladd_16ns_16ns_32ns_32_4_1_U23  |mac_muladd_16ns_16ns_32ns_32_4_1  |  i0 + i1 * i2|
    |mul_mul_16ns_16ns_32_4_1_U12          |mul_mul_16ns_16ns_32_4_1          |       i0 * i1|
    |mul_mul_16ns_16ns_32_4_1_U13          |mul_mul_16ns_16ns_32_4_1          |       i0 * i1|
    |mul_mul_16ns_16ns_32_4_1_U16          |mul_mul_16ns_16ns_32_4_1          |       i0 * i1|
    |mul_mul_16ns_16ns_32_4_1_U17          |mul_mul_16ns_16ns_32_4_1          |       i0 * i1|
    |mul_mul_16ns_16ns_32_4_1_U18          |mul_mul_16ns_16ns_32_4_1          |       i0 * i1|
    |mul_mul_16ns_16ns_32_4_1_U19          |mul_mul_16ns_16ns_32_4_1          |       i0 * i1|
    +--------------------------------------+----------------------------------+--------------+

    * Memory: 
    N/A

    * FIFO: 
    N/A

    * Expression: 
    +------------------------+----------+----+---+----+------------+------------+
    |      Variable Name     | Operation| DSP| FF| LUT| Bitwidth P0| Bitwidth P1|
    +------------------------+----------+----+---+----+------------+------------+
    |add_ln102_1_fu_774_p2   |         +|   0|  0|  32|          32|          32|
    |add_ln102_fu_779_p2     |         +|   0|  0|  32|          32|          32|
    |add_ln107_fu_807_p2     |         +|   0|  0|   9|           2|           1|
    |add_ln116_1_fu_1227_p2  |         +|   0|  0|  32|          32|          32|
    |add_ln116_fu_1232_p2    |         +|   0|  0|  32|          32|          32|
    |add_ln117_1_fu_1344_p2  |         +|   0|  0|  32|          32|          32|
    |add_ln117_fu_1348_p2    |         +|   0|  0|  32|          32|          32|
    |add_ln121_fu_1033_p2    |         +|   0|  0|  12|           4|           4|
    |add_ln186_1_fu_1049_p2  |         +|   0|  0|  39|          32|          32|
    |add_ln186_2_fu_1268_p2  |         +|   0|  0|  39|          32|          32|
    |add_ln186_fu_728_p2     |         +|   0|  0|  39|          32|          32|
    |add_ln85_fu_340_p2      |         +|   0|  0|  10|           3|           1|
    |icmp_ln107_fu_802_p2    |      icmp|   0|  0|   8|           3|           3|
    |icmp_ln85_fu_334_p2     |      icmp|   0|  0|   9|           3|           4|
    |icmp_ln95_1_fu_604_p2   |      icmp|   0|  0|   8|           2|           1|
    |icmp_ln95_2_fu_666_p2   |      icmp|   0|  0|   8|           2|           1|
    |icmp_ln95_fu_542_p2     |      icmp|   0|  0|   8|           2|           3|
    |or_ln90_fu_357_p2       |        or|   0|  0|   3|           3|           1|
    |REG_V_56_fu_548_p3      |    select|   0|  0|  16|           1|          16|
    |REG_V_57_fu_555_p3      |    select|   0|  0|  16|           1|          16|
    |REG_V_58_fu_562_p3      |    select|   0|  0|  16|           1|          16|
    |REG_V_59_fu_569_p3      |    select|   0|  0|  16|           1|          16|
    |REG_V_60_fu_576_p3      |    select|   0|  0|  16|           1|          16|
    |REG_V_61_fu_583_p3      |    select|   0|  0|  16|           1|          16|
    |REG_V_62_fu_590_p3      |    select|   0|  0|  16|           1|          16|
    |REG_V_63_fu_597_p3      |    select|   0|  0|  16|           1|          16|
    |REG_V_64_fu_610_p3      |    select|   0|  0|  16|           1|          16|
    |REG_V_65_fu_617_p3      |    select|   0|  0|  16|           1|          16|
    |REG_V_66_fu_624_p3      |    select|   0|  0|  16|           1|          16|
    |REG_V_67_fu_631_p3      |    select|   0|  0|  16|           1|          16|
    |REG_V_68_fu_638_p3      |    select|   0|  0|  16|           1|          16|
    |REG_V_69_fu_645_p3      |    select|   0|  0|  16|           1|          16|
    |REG_V_70_fu_652_p3      |    select|   0|  0|  16|           1|          16|
    |REG_V_71_fu_659_p3      |    select|   0|  0|  16|           1|          16|
    |REG_V_72_fu_672_p3      |    select|   0|  0|  16|           1|          16|
    |REG_V_73_fu_679_p3      |    select|   0|  0|  16|           1|          16|
    |REG_V_74_fu_686_p3      |    select|   0|  0|  16|           1|          16|
    |REG_V_75_fu_693_p3      |    select|   0|  0|  16|           1|          16|
    |REG_V_76_fu_700_p3      |    select|   0|  0|  16|           1|          16|
    |REG_V_77_fu_707_p3      |    select|   0|  0|  16|           1|          16|
    |REG_V_78_fu_714_p3      |    select|   0|  0|  16|           1|          16|
    |REG_V_79_fu_721_p3      |    select|   0|  0|  16|           1|          16|
    +------------------------+----------+----+---+----+------------+------------+
    |Total                   |          |   0|  0| 768|         336|         691|
    +------------------------+----------+----+---+----+------------+------------+

    * Multiplexer: 
    +-------------------------------------------------+----+-----------+-----+-----------+
    |                       Name                      | LUT| Input Size| Bits| Total Bits|
    +-------------------------------------------------+----+-----------+-----+-----------+
    |ap_NS_fsm                                        |  65|         15|    1|         15|
    |buffer_2_address0                                |  20|          4|    4|         16|
    |buffer_2_d0                                      |  20|          4|   32|        128|
    |com_reg_302                                      |   9|          2|    2|          4|
    |compute_ap_int_64_ap_int_32_bool_REG1            |  14|          3|   32|         96|
    |compute_ap_int_64_ap_int_32_bool_REG1_1          |   9|          2|   32|         64|
    |compute_ap_int_64_ap_int_32_bool_REG1_2          |   9|          2|   32|         64|
    |compute_ap_int_64_ap_int_32_bool_REG1_3          |   9|          2|   32|         64|
    |compute_ap_int_64_ap_int_32_bool_REG1_4          |   9|          2|   32|         64|
    |compute_ap_int_64_ap_int_32_bool_REG1_5          |  14|          3|   32|         96|
    |compute_ap_int_64_ap_int_32_bool_REG1_6          |   9|          2|   32|         64|
    |compute_ap_int_64_ap_int_32_bool_REG1_7          |   9|          2|   32|         64|
    |compute_ap_int_64_ap_int_32_bool_REG1_8          |   9|          2|   32|         64|
    |compute_ap_int_64_ap_int_32_bool_REG1_9          |   9|          2|   32|         64|
    |i_fu_142                                         |   9|          2|    3|          6|
    |p_ZZ7computeP6ap_intILi64EEPS_ILi32EEbE4REG1_10  |  14|          3|   32|         96|
    |p_ZZ7computeP6ap_intILi64EEPS_ILi32EEbE4REG1_11  |   9|          2|   32|         64|
    +-------------------------------------------------+----+-----------+-----+-----------+
    |Total                                            | 246|         54|  426|       1033|
    +-------------------------------------------------+----+-----------+-----+-----------+

    * Register: 
    +-------------------------------------------------+----+----+-----+-----------+
    |                       Name                      | FF | LUT| Bits| Const Bits|
    +-------------------------------------------------+----+----+-----+-----------+
    |REG_V_1_fu_150                                   |  16|   0|   16|          0|
    |REG_V_2_fu_154                                   |  16|   0|   16|          0|
    |REG_V_31_fu_174                                  |  16|   0|   16|          0|
    |REG_V_32_fu_178                                  |  16|   0|   16|          0|
    |REG_V_33_fu_182                                  |  16|   0|   16|          0|
    |REG_V_34_fu_186                                  |  16|   0|   16|          0|
    |REG_V_35_fu_190                                  |  16|   0|   16|          0|
    |REG_V_36_fu_194                                  |  16|   0|   16|          0|
    |REG_V_37_fu_198                                  |  16|   0|   16|          0|
    |REG_V_38_fu_202                                  |  16|   0|   16|          0|
    |REG_V_39_fu_206                                  |  16|   0|   16|          0|
    |REG_V_3_fu_158                                   |  16|   0|   16|          0|
    |REG_V_40_fu_210                                  |  16|   0|   16|          0|
    |REG_V_41_fu_214                                  |  16|   0|   16|          0|
    |REG_V_42_fu_218                                  |  16|   0|   16|          0|
    |REG_V_43_fu_222                                  |  16|   0|   16|          0|
    |REG_V_44_fu_226                                  |  16|   0|   16|          0|
    |REG_V_45_fu_230                                  |  16|   0|   16|          0|
    |REG_V_46_fu_234                                  |  16|   0|   16|          0|
    |REG_V_47_fu_238                                  |  16|   0|   16|          0|
    |REG_V_4_fu_162                                   |  16|   0|   16|          0|
    |REG_V_56_reg_1741                                |  16|   0|   16|          0|
    |REG_V_57_reg_1747                                |  16|   0|   16|          0|
    |REG_V_58_reg_1753                                |  16|   0|   16|          0|
    |REG_V_59_reg_1759                                |  16|   0|   16|          0|
    |REG_V_5_fu_166                                   |  16|   0|   16|          0|
    |REG_V_60_reg_1765                                |  16|   0|   16|          0|
    |REG_V_61_reg_1771                                |  16|   0|   16|          0|
    |REG_V_62_reg_1777                                |  16|   0|   16|          0|
    |REG_V_63_reg_1783                                |  16|   0|   16|          0|
    |REG_V_64_reg_1789                                |  16|   0|   16|          0|
    |REG_V_65_reg_1795                                |  16|   0|   16|          0|
    |REG_V_66_reg_1801                                |  16|   0|   16|          0|
    |REG_V_67_reg_1807                                |  16|   0|   16|          0|
    |REG_V_68_reg_1813                                |  16|   0|   16|          0|
    |REG_V_69_reg_1819                                |  16|   0|   16|          0|
    |REG_V_6_fu_170                                   |  16|   0|   16|          0|
    |REG_V_70_reg_1825                                |  16|   0|   16|          0|
    |REG_V_71_reg_1831                                |  16|   0|   16|          0|
    |REG_V_72_reg_1837                                |  16|   0|   16|          0|
    |REG_V_73_reg_1843                                |  16|   0|   16|          0|
    |REG_V_74_reg_1849                                |  16|   0|   16|          0|
    |REG_V_75_reg_1855                                |  16|   0|   16|          0|
    |REG_V_76_reg_1861                                |  16|   0|   16|          0|
    |REG_V_77_reg_1867                                |  16|   0|   16|          0|
    |REG_V_78_reg_1873                                |  16|   0|   16|          0|
    |REG_V_79_reg_1879                                |  16|   0|   16|          0|
    |REG_V_fu_146                                     |  16|   0|   16|          0|
    |add_ln107_reg_1888                               |   2|   0|    2|          0|
    |add_ln121_1_reg_1999                             |   4|   0|    4|          0|
    |add_ln840_5_reg_1985                             |  32|   0|   32|          0|
    |add_ln85_reg_1597                                |   3|   0|    3|          0|
    |ap_CS_fsm                                        |  14|   0|   14|          0|
    |com_reg_302                                      |   2|   0|    2|          0|
    |compute_ap_int_64_ap_int_32_bool_REG1            |  32|   0|   32|          0|
    |compute_ap_int_64_ap_int_32_bool_REG1_1          |  32|   0|   32|          0|
    |compute_ap_int_64_ap_int_32_bool_REG1_2          |  32|   0|   32|          0|
    |compute_ap_int_64_ap_int_32_bool_REG1_3          |  32|   0|   32|          0|
    |compute_ap_int_64_ap_int_32_bool_REG1_4          |  32|   0|   32|          0|
    |compute_ap_int_64_ap_int_32_bool_REG1_5          |  32|   0|   32|          0|
    |compute_ap_int_64_ap_int_32_bool_REG1_6          |  32|   0|   32|          0|
    |compute_ap_int_64_ap_int_32_bool_REG1_7          |  32|   0|   32|          0|
    |compute_ap_int_64_ap_int_32_bool_REG1_8          |  32|   0|   32|          0|
    |compute_ap_int_64_ap_int_32_bool_REG1_9          |  32|   0|   32|          0|
    |i_fu_142                                         |   3|   0|    3|          0|
    |lhs_5_reg_1908                                   |  16|   0|   16|          0|
    |lhs_6_reg_1918                                   |  16|   0|   16|          0|
    |p_ZZ7computeP6ap_intILi64EEPS_ILi32EEbE4REG1_10  |  32|   0|   32|          0|
    |p_ZZ7computeP6ap_intILi64EEPS_ILi32EEbE4REG1_11  |  32|   0|   32|          0|
    |p_ZZ7computeP6ap_intILi64EEPS_ILi32EEbE4REG1_12  |  32|   0|   32|          0|
    |p_ZZ7computeP6ap_intILi64EEPS_ILi32EEbE4REG1_13  |  32|   0|   32|          0|
    |p_ZZ7computeP6ap_intILi64EEPS_ILi32EEbE4REG1_14  |  32|   0|   32|          0|
    |p_ZZ7computeP6ap_intILi64EEPS_ILi32EEbE4REG1_15  |  32|   0|   32|          0|
    |ret_V_10_reg_1963                                |  32|   0|   32|          0|
    |ret_V_11_reg_1969                                |  32|   0|   32|          0|
    |rhs_5_reg_1903                                   |  16|   0|   16|          0|
    |rhs_6_reg_1913                                   |  16|   0|   16|          0|
    |tmp_3_reg_2003                                   |  32|   0|   32|          0|
    |trunc_ln90_reg_1735                              |   2|   0|    2|          0|
    |v0_V_1_reg_1654                                  |  16|   0|   16|          0|
    |v0_V_reg_1612                                    |  16|   0|   16|          0|
    |v1_V_1_reg_1662                                  |  16|   0|   16|          0|
    |v1_V_reg_1620                                    |  16|   0|   16|          0|
    |v2_V_1_reg_1669                                  |  16|   0|   16|          0|
    |v2_V_reg_1627                                    |  16|   0|   16|          0|
    |v3_V_1_reg_1677                                  |  16|   0|   16|          0|
    |v3_V_reg_1635                                    |  16|   0|   16|          0|
    |zext_ln120_reg_1994                              |   4|   0|   64|         60|
    |zext_ln186_1_reg_1702                            |  16|   0|   32|         16|
    |zext_ln186_2_reg_1642                            |  16|   0|   32|         16|
    |zext_ln186_3_reg_1648                            |  16|   0|   32|         16|
    |zext_ln186_4_reg_1708                            |  16|   0|   32|         16|
    |zext_ln186_5_reg_1714                            |  16|   0|   32|         16|
    |zext_ln186_6_reg_1684                            |  16|   0|   32|         16|
    |zext_ln186_7_reg_1690                            |  16|   0|   32|         16|
    |zext_ln186_reg_1696                              |  16|   0|   32|         16|
    |zext_ln85_reg_1730                               |   3|   0|    4|          1|
    +-------------------------------------------------+----+----+-----+-----------+
    |Total                                            |1765|   0| 1954|        189|
    +-------------------------------------------------+----+----+-----+-----------+



================================================================
== Interface
================================================================
* Summary: 
+-------------------+-----+-----+------------+--------------+--------------+
|     RTL Ports     | Dir | Bits|  Protocol  | Source Object|    C Type    |
+-------------------+-----+-----+------------+--------------+--------------+
|ap_clk             |   in|    1|  ap_ctrl_hs|       compute|  return value|
|ap_rst             |   in|    1|  ap_ctrl_hs|       compute|  return value|
|ap_start           |   in|    1|  ap_ctrl_hs|       compute|  return value|
|ap_done            |  out|    1|  ap_ctrl_hs|       compute|  return value|
|ap_idle            |  out|    1|  ap_ctrl_hs|       compute|  return value|
|ap_ready           |  out|    1|  ap_ctrl_hs|       compute|  return value|
|buffer_1_address0  |  out|    3|   ap_memory|      buffer_1|         array|
|buffer_1_ce0       |  out|    1|   ap_memory|      buffer_1|         array|
|buffer_1_q0        |   in|   64|   ap_memory|      buffer_1|         array|
|buffer_1_address1  |  out|    3|   ap_memory|      buffer_1|         array|
|buffer_1_ce1       |  out|    1|   ap_memory|      buffer_1|         array|
|buffer_1_q1        |   in|   64|   ap_memory|      buffer_1|         array|
|buffer_2_address0  |  out|    4|   ap_memory|      buffer_2|         array|
|buffer_2_ce0       |  out|    1|   ap_memory|      buffer_2|         array|
|buffer_2_we0       |  out|    1|   ap_memory|      buffer_2|         array|
|buffer_2_d0        |  out|   32|   ap_memory|      buffer_2|         array|
|phase              |   in|    1|     ap_none|         phase|        scalar|
+-------------------+-----+-----+------------+--------------+--------------+

