

================================================================
== Vitis HLS Report for 'compute_Pipeline_VITIS_LOOP_62_2'
================================================================
* Date:           Thu Sep 10 22:43:37 2026

* Version:        2022.2 (Build 3670227 on Oct 13 2022)
* Project:        Compute_block
* Solution:       solution1 (Vivado IP Flow Target)
* Product family: zynquplus
* Target device:  xczu7ev-ffvc1156-2-e


================================================================
== Performance Estimates
================================================================
+ Timing: 
    * Summary: 
    +--------+----------+----------+------------+
    |  Clock |  Target  | Estimated| Uncertainty|
    +--------+----------+----------+------------+
    |ap_clk  |  10.00 ns|  2.313 ns|     2.70 ns|
    +--------+----------+----------+------------+

+ Latency: 
    * Summary: 
    +---------+---------+-----------+-----------+-----+-----+---------+
    |  Latency (cycles) |   Latency (absolute)  |  Interval | Pipeline|
    |   min   |   max   |    min    |    max    | min | max |   Type  |
    +---------+---------+-----------+-----------+-----+-----+---------+
    |        9|        9|  90.000 ns|  90.000 ns|    9|    9|       no|
    +---------+---------+-----------+-----------+-----+-----+---------+

    + Detail: 
        * Instance: 
        N/A

        * Loop: 
        +-------------------+---------+---------+----------+-----------+-----------+------+----------+
        |                   |  Latency (cycles) | Iteration|  Initiation Interval  | Trip |          |
        |     Loop Name     |   min   |   max   |  Latency |  achieved |   target  | Count| Pipelined|
        +-------------------+---------+---------+----------+-----------+-----------+------+----------+
        |- VITIS_LOOP_62_2  |        7|        7|         6|          1|          1|     2|       yes|
        +-------------------+---------+---------+----------+-----------+-----------+------+----------+



================================================================
== Utilization Estimates
================================================================
* Summary: 
+-----------------+---------+------+--------+--------+-----+
|       Name      | BRAM_18K|  DSP |   FF   |   LUT  | URAM|
+-----------------+---------+------+--------+--------+-----+
|DSP              |        -|     2|       -|       -|    -|
|Expression       |        -|     -|       0|     584|    -|
|FIFO             |        -|     -|       -|       -|    -|
|Instance         |        -|     -|       -|       -|    -|
|Memory           |        -|     -|       -|       -|    -|
|Multiplexer      |        -|     -|       -|     351|    -|
|Register         |        -|     -|     658|      32|    -|
+-----------------+---------+------+--------+--------+-----+
|Total            |        0|     2|     658|     967|    0|
+-----------------+---------+------+--------+--------+-----+
|Available        |      624|  1728|  460800|  230400|   96|
+-----------------+---------+------+--------+--------+-----+
|Utilization (%)  |        0|    ~0|      ~0|      ~0|    0|
+-----------------+---------+------+--------+--------+-----+

+ Detail: 
    * Instance: 
    N/A

    * DSP: 
    +-------------------------------------+----------------------------------+--------------+
    |               Instance              |              Module              |  Expression  |
    +-------------------------------------+----------------------------------+--------------+
    |mac_muladd_16ns_16ns_32ns_33_4_1_U2  |mac_muladd_16ns_16ns_32ns_33_4_1  |  i0 + i1 * i2|
    |mul_mul_16ns_16ns_32_4_1_U1          |mul_mul_16ns_16ns_32_4_1          |       i0 * i1|
    +-------------------------------------+----------------------------------+--------------+

    * Memory: 
    N/A

    * FIFO: 
    N/A

    * Expression: 
    +----------------------------------+----------+----+---+----+------------+------------+
    |           Variable Name          | Operation| DSP| FF| LUT| Bitwidth P0| Bitwidth P1|
    +----------------------------------+----------+----+---+----+------------+------------+
    |add_ln62_fu_973_p2                |         +|   0|  0|   9|           2|           1|
    |self_sum_V_3_fu_1561_p2           |         +|   0|  0|  41|          34|          34|
    |ap_block_pp0_stage0_01001         |       and|   0|  0|   2|           1|           1|
    |ap_condition_1026                 |       and|   0|  0|   2|           1|           1|
    |ap_condition_1029                 |       and|   0|  0|   2|           1|           1|
    |ap_condition_1032                 |       and|   0|  0|   2|           1|           1|
    |ap_condition_1035                 |       and|   0|  0|   2|           1|           1|
    |icmp_ln62_fu_967_p2               |      icmp|   0|  0|   8|           2|           3|
    |ap_block_state2_pp0_stage0_iter1  |        or|   0|  0|   2|           1|           1|
    |REG_V_65_fu_1419_p3               |    select|   0|  0|  16|           1|          16|
    |REG_V_71_fu_1299_p3               |    select|   0|  0|  16|           1|          16|
    |REG_V_72_fu_1179_p3               |    select|   0|  0|  16|           1|          16|
    |REG_V_75_fu_1059_p3               |    select|   0|  0|  16|           1|          16|
    |REG_V_76_fu_1066_p3               |    select|   0|  0|  16|           1|          16|
    |REG_V_77_fu_1094_p3               |    select|   0|  0|  16|           1|          16|
    |REG_V_78_fu_1087_p3               |    select|   0|  0|  16|           1|          16|
    |REG_V_79_fu_1080_p3               |    select|   0|  0|  16|           1|          16|
    |REG_V_80_fu_1073_p3               |    select|   0|  0|  16|           1|          16|
    |p_Repl2_1_fu_1306_p3              |    select|   0|  0|  16|           1|          16|
    |p_Repl2_2_fu_1186_p3              |    select|   0|  0|  16|           1|          16|
    |p_Repl2_s_fu_1426_p3              |    select|   0|  0|  16|           1|          16|
    |select_ln69_1_fu_1440_p3          |    select|   0|  0|  16|           1|          16|
    |select_ln69_2_fu_1313_p3          |    select|   0|  0|  16|           1|          16|
    |select_ln69_3_fu_1320_p3          |    select|   0|  0|  16|           1|          16|
    |select_ln69_4_fu_1193_p3          |    select|   0|  0|  16|           1|          16|
    |select_ln69_5_fu_1200_p3          |    select|   0|  0|  16|           1|          16|
    |select_ln69_fu_1433_p3            |    select|   0|  0|  16|           1|          16|
    |select_ln70_1_fu_1454_p3          |    select|   0|  0|  16|           1|          16|
    |select_ln70_2_fu_1327_p3          |    select|   0|  0|  16|           1|          16|
    |select_ln70_3_fu_1334_p3          |    select|   0|  0|  16|           1|          16|
    |select_ln70_4_fu_1207_p3          |    select|   0|  0|  16|           1|          16|
    |select_ln70_5_fu_1214_p3          |    select|   0|  0|  16|           1|          16|
    |select_ln70_fu_1447_p3            |    select|   0|  0|  16|           1|          16|
    |select_ln71_1_fu_1468_p3          |    select|   0|  0|  16|           1|          16|
    |select_ln71_2_fu_1341_p3          |    select|   0|  0|  16|           1|          16|
    |select_ln71_3_fu_1348_p3          |    select|   0|  0|  16|           1|          16|
    |select_ln71_4_fu_1221_p3          |    select|   0|  0|  16|           1|          16|
    |select_ln71_5_fu_1228_p3          |    select|   0|  0|  16|           1|          16|
    |select_ln71_6_fu_1101_p3          |    select|   0|  0|  16|           1|          16|
    |select_ln71_7_fu_1108_p3          |    select|   0|  0|  16|           1|          16|
    |select_ln71_fu_1461_p3            |    select|   0|  0|  16|           1|          16|
    |ap_enable_pp0                     |       xor|   0|  0|   2|           1|           2|
    +----------------------------------+----------+----+---+----+------------+------------+
    |Total                             |          |   0|  0| 584|          77|         558|
    +----------------------------------+----------+----+---+----+------------+------------+

    * Multiplexer: 
    +----------------------------------+----+-----------+-----+-----------+
    |               Name               | LUT| Input Size| Bits| Total Bits|
    +----------------------------------+----+-----------+-----+-----------+
    |REG_V_32_fu_210                   |   9|          2|   16|         32|
    |REG_V_33_fu_214                   |   9|          2|   16|         32|
    |REG_V_34_fu_218                   |   9|          2|   16|         32|
    |REG_V_35_fu_222                   |   9|          2|   16|         32|
    |REG_V_36_fu_226                   |   9|          2|   16|         32|
    |REG_V_37_fu_230                   |   9|          2|   16|         32|
    |REG_V_38_fu_234                   |   9|          2|   16|         32|
    |REG_V_39_fu_238                   |   9|          2|   16|         32|
    |REG_V_40_fu_242                   |   9|          2|   16|         32|
    |REG_V_41_fu_246                   |   9|          2|   16|         32|
    |REG_V_42_fu_250                   |   9|          2|   16|         32|
    |REG_V_43_fu_254                   |   9|          2|   16|         32|
    |REG_V_44_fu_258                   |   9|          2|   16|         32|
    |REG_V_45_fu_262                   |   9|          2|   16|         32|
    |REG_V_46_fu_266                   |   9|          2|   16|         32|
    |REG_V_47_fu_270                   |   9|          2|   16|         32|
    |REG_V_48_fu_274                   |   9|          2|   16|         32|
    |REG_V_49_fu_278                   |   9|          2|   16|         32|
    |REG_V_50_fu_282                   |   9|          2|   16|         32|
    |REG_V_51_fu_286                   |   9|          2|   16|         32|
    |REG_V_52_fu_290                   |   9|          2|   16|         32|
    |REG_V_53_fu_294                   |   9|          2|   16|         32|
    |REG_V_54_fu_298                   |   9|          2|   16|         32|
    |REG_V_55_fu_302                   |   9|          2|   16|         32|
    |REG_V_56_fu_306                   |   9|          2|   16|         32|
    |REG_V_57_fu_310                   |   9|          2|   16|         32|
    |REG_V_58_fu_314                   |   9|          2|   16|         32|
    |REG_V_59_fu_318                   |   9|          2|   16|         32|
    |REG_V_60_fu_322                   |   9|          2|   16|         32|
    |REG_V_61_fu_326                   |   9|          2|   16|         32|
    |REG_V_62_fu_330                   |   9|          2|   16|         32|
    |REG_V_63_fu_334                   |   9|          2|   16|         32|
    |ap_done_int                       |   9|          2|    1|          2|
    |ap_loop_exit_ready_pp0_iter5_reg  |   9|          2|    1|          2|
    |ap_sig_allocacmp_fe_1             |   9|          2|    2|          4|
    |fe_fu_206                         |   9|          2|    2|          4|
    |fwd_out1_blk_n                    |   9|          2|    1|          2|
    |fwd_out2_blk_n                    |   9|          2|    1|          2|
    |self_sum_V_fu_202                 |   9|          2|   34|         68|
    +----------------------------------+----+-----------+-----+-----------+
    |Total                             | 351|         78|  554|       1108|
    +----------------------------------+----+-----------+-----+-----------+

    * Register: 
    +----------------------------------+----+----+-----+-----------+
    |               Name               | FF | LUT| Bits| Const Bits|
    +----------------------------------+----+----+-----+-----------+
    |REG_V_32_fu_210                   |  16|   0|   16|          0|
    |REG_V_33_fu_214                   |  16|   0|   16|          0|
    |REG_V_34_fu_218                   |  16|   0|   16|          0|
    |REG_V_35_fu_222                   |  16|   0|   16|          0|
    |REG_V_36_fu_226                   |  16|   0|   16|          0|
    |REG_V_37_fu_230                   |  16|   0|   16|          0|
    |REG_V_38_fu_234                   |  16|   0|   16|          0|
    |REG_V_39_fu_238                   |  16|   0|   16|          0|
    |REG_V_40_fu_242                   |  16|   0|   16|          0|
    |REG_V_41_fu_246                   |  16|   0|   16|          0|
    |REG_V_42_fu_250                   |  16|   0|   16|          0|
    |REG_V_43_fu_254                   |  16|   0|   16|          0|
    |REG_V_44_fu_258                   |  16|   0|   16|          0|
    |REG_V_45_fu_262                   |  16|   0|   16|          0|
    |REG_V_46_fu_266                   |  16|   0|   16|          0|
    |REG_V_47_fu_270                   |  16|   0|   16|          0|
    |REG_V_48_fu_274                   |  16|   0|   16|          0|
    |REG_V_49_fu_278                   |  16|   0|   16|          0|
    |REG_V_50_fu_282                   |  16|   0|   16|          0|
    |REG_V_51_fu_286                   |  16|   0|   16|          0|
    |REG_V_52_fu_290                   |  16|   0|   16|          0|
    |REG_V_53_fu_294                   |  16|   0|   16|          0|
    |REG_V_54_fu_298                   |  16|   0|   16|          0|
    |REG_V_55_fu_302                   |  16|   0|   16|          0|
    |REG_V_56_fu_306                   |  16|   0|   16|          0|
    |REG_V_57_fu_310                   |  16|   0|   16|          0|
    |REG_V_58_fu_314                   |  16|   0|   16|          0|
    |REG_V_59_fu_318                   |  16|   0|   16|          0|
    |REG_V_60_fu_322                   |  16|   0|   16|          0|
    |REG_V_61_fu_326                   |  16|   0|   16|          0|
    |REG_V_62_fu_330                   |  16|   0|   16|          0|
    |REG_V_63_fu_334                   |  16|   0|   16|          0|
    |ap_CS_fsm                         |   1|   0|    1|          0|
    |ap_done_reg                       |   1|   0|    1|          0|
    |ap_enable_reg_pp0_iter1           |   1|   0|    1|          0|
    |ap_enable_reg_pp0_iter2           |   1|   0|    1|          0|
    |ap_enable_reg_pp0_iter3           |   1|   0|    1|          0|
    |ap_enable_reg_pp0_iter4           |   1|   0|    1|          0|
    |ap_enable_reg_pp0_iter5           |   1|   0|    1|          0|
    |ap_loop_exit_ready_pp0_iter1_reg  |   1|   0|    1|          0|
    |ap_loop_exit_ready_pp0_iter2_reg  |   1|   0|    1|          0|
    |ap_loop_exit_ready_pp0_iter3_reg  |   1|   0|    1|          0|
    |ap_loop_exit_ready_pp0_iter4_reg  |   1|   0|    1|          0|
    |ap_loop_exit_ready_pp0_iter5_reg  |   1|   0|    1|          0|
    |fe_fu_206                         |   2|   0|    2|          0|
    |icmp_ln62_reg_1990                |   1|   0|    1|          0|
    |lhs_reg_2035                      |  16|   0|   16|          0|
    |rhs_reg_2040                      |  16|   0|   16|          0|
    |self_sum_V_fu_202                 |  34|   0|   34|          0|
    |trunc_ln63_reg_1994               |   1|   0|    1|          0|
    |icmp_ln62_reg_1990                |  64|  32|    1|          0|
    +----------------------------------+----+----+-----+-----------+
    |Total                             | 658|  32|  595|          0|
    +----------------------------------+----+----+-----+-----------+



================================================================
== Interface
================================================================
* Summary: 
+-----------------------+-----+-----+------------+----------------------------------+--------------+
|       RTL Ports       | Dir | Bits|  Protocol  |           Source Object          |    C Type    |
+-----------------------+-----+-----+------------+----------------------------------+--------------+
|ap_clk                 |   in|    1|  ap_ctrl_hs|  compute_Pipeline_VITIS_LOOP_62_2|  return value|
|ap_rst                 |   in|    1|  ap_ctrl_hs|  compute_Pipeline_VITIS_LOOP_62_2|  return value|
|ap_start               |   in|    1|  ap_ctrl_hs|  compute_Pipeline_VITIS_LOOP_62_2|  return value|
|ap_done                |  out|    1|  ap_ctrl_hs|  compute_Pipeline_VITIS_LOOP_62_2|  return value|
|ap_idle                |  out|    1|  ap_ctrl_hs|  compute_Pipeline_VITIS_LOOP_62_2|  return value|
|ap_ready               |  out|    1|  ap_ctrl_hs|  compute_Pipeline_VITIS_LOOP_62_2|  return value|
|fwd_out1_din           |  out|   32|     ap_fifo|                          fwd_out1|       pointer|
|fwd_out1_full_n        |   in|    1|     ap_fifo|                          fwd_out1|       pointer|
|fwd_out1_write         |  out|    1|     ap_fifo|                          fwd_out1|       pointer|
|fwd_out2_din           |  out|   32|     ap_fifo|                          fwd_out2|       pointer|
|fwd_out2_full_n        |   in|    1|     ap_fifo|                          fwd_out2|       pointer|
|fwd_out2_write         |  out|    1|     ap_fifo|                          fwd_out2|       pointer|
|REG_V_31               |   in|   16|     ap_none|                          REG_V_31|        scalar|
|REG_V_30               |   in|   16|     ap_none|                          REG_V_30|        scalar|
|REG_V_29               |   in|   16|     ap_none|                          REG_V_29|        scalar|
|REG_V_28               |   in|   16|     ap_none|                          REG_V_28|        scalar|
|REG_V_27               |   in|   16|     ap_none|                          REG_V_27|        scalar|
|REG_V_26               |   in|   16|     ap_none|                          REG_V_26|        scalar|
|REG_V_25               |   in|   16|     ap_none|                          REG_V_25|        scalar|
|REG_V_24               |   in|   16|     ap_none|                          REG_V_24|        scalar|
|REG_V_23               |   in|   16|     ap_none|                          REG_V_23|        scalar|
|REG_V_22               |   in|   16|     ap_none|                          REG_V_22|        scalar|
|REG_V_21               |   in|   16|     ap_none|                          REG_V_21|        scalar|
|REG_V_20               |   in|   16|     ap_none|                          REG_V_20|        scalar|
|REG_V_19               |   in|   16|     ap_none|                          REG_V_19|        scalar|
|REG_V_18               |   in|   16|     ap_none|                          REG_V_18|        scalar|
|REG_V_17               |   in|   16|     ap_none|                          REG_V_17|        scalar|
|REG_V_16               |   in|   16|     ap_none|                          REG_V_16|        scalar|
|REG_V_15               |   in|   16|     ap_none|                          REG_V_15|        scalar|
|REG_V_14               |   in|   16|     ap_none|                          REG_V_14|        scalar|
|REG_V_13               |   in|   16|     ap_none|                          REG_V_13|        scalar|
|REG_V_12               |   in|   16|     ap_none|                          REG_V_12|        scalar|
|REG_V_11               |   in|   16|     ap_none|                          REG_V_11|        scalar|
|REG_V_10               |   in|   16|     ap_none|                          REG_V_10|        scalar|
|REG_V_9                |   in|   16|     ap_none|                           REG_V_9|        scalar|
|REG_V_8                |   in|   16|     ap_none|                           REG_V_8|        scalar|
|REG_V_7                |   in|   16|     ap_none|                           REG_V_7|        scalar|
|REG_V_6                |   in|   16|     ap_none|                           REG_V_6|        scalar|
|REG_V_5                |   in|   16|     ap_none|                           REG_V_5|        scalar|
|REG_V_4                |   in|   16|     ap_none|                           REG_V_4|        scalar|
|REG_V_3                |   in|   16|     ap_none|                           REG_V_3|        scalar|
|REG_V_2                |   in|   16|     ap_none|                           REG_V_2|        scalar|
|REG_V_1                |   in|   16|     ap_none|                           REG_V_1|        scalar|
|REG_V                  |   in|   16|     ap_none|                             REG_V|        scalar|
|i_cast                 |   in|    2|     ap_none|                            i_cast|        scalar|
|buffer_1_address0      |  out|    3|   ap_memory|                          buffer_1|         array|
|buffer_1_ce0           |  out|    1|   ap_memory|                          buffer_1|         array|
|buffer_1_q0            |   in|   64|   ap_memory|                          buffer_1|         array|
|REG_V_63_out           |  out|   16|      ap_vld|                      REG_V_63_out|       pointer|
|REG_V_63_out_ap_vld    |  out|    1|      ap_vld|                      REG_V_63_out|       pointer|
|REG_V_62_out           |  out|   16|      ap_vld|                      REG_V_62_out|       pointer|
|REG_V_62_out_ap_vld    |  out|    1|      ap_vld|                      REG_V_62_out|       pointer|
|REG_V_61_out           |  out|   16|      ap_vld|                      REG_V_61_out|       pointer|
|REG_V_61_out_ap_vld    |  out|    1|      ap_vld|                      REG_V_61_out|       pointer|
|REG_V_60_out           |  out|   16|      ap_vld|                      REG_V_60_out|       pointer|
|REG_V_60_out_ap_vld    |  out|    1|      ap_vld|                      REG_V_60_out|       pointer|
|REG_V_59_out           |  out|   16|      ap_vld|                      REG_V_59_out|       pointer|
|REG_V_59_out_ap_vld    |  out|    1|      ap_vld|                      REG_V_59_out|       pointer|
|REG_V_58_out           |  out|   16|      ap_vld|                      REG_V_58_out|       pointer|
|REG_V_58_out_ap_vld    |  out|    1|      ap_vld|                      REG_V_58_out|       pointer|
|REG_V_57_out           |  out|   16|      ap_vld|                      REG_V_57_out|       pointer|
|REG_V_57_out_ap_vld    |  out|    1|      ap_vld|                      REG_V_57_out|       pointer|
|REG_V_56_out           |  out|   16|      ap_vld|                      REG_V_56_out|       pointer|
|REG_V_56_out_ap_vld    |  out|    1|      ap_vld|                      REG_V_56_out|       pointer|
|REG_V_55_out           |  out|   16|      ap_vld|                      REG_V_55_out|       pointer|
|REG_V_55_out_ap_vld    |  out|    1|      ap_vld|                      REG_V_55_out|       pointer|
|REG_V_54_out           |  out|   16|      ap_vld|                      REG_V_54_out|       pointer|
|REG_V_54_out_ap_vld    |  out|    1|      ap_vld|                      REG_V_54_out|       pointer|
|REG_V_53_out           |  out|   16|      ap_vld|                      REG_V_53_out|       pointer|
|REG_V_53_out_ap_vld    |  out|    1|      ap_vld|                      REG_V_53_out|       pointer|
|REG_V_52_out           |  out|   16|      ap_vld|                      REG_V_52_out|       pointer|
|REG_V_52_out_ap_vld    |  out|    1|      ap_vld|                      REG_V_52_out|       pointer|
|REG_V_51_out           |  out|   16|      ap_vld|                      REG_V_51_out|       pointer|
|REG_V_51_out_ap_vld    |  out|    1|      ap_vld|                      REG_V_51_out|       pointer|
|REG_V_50_out           |  out|   16|      ap_vld|                      REG_V_50_out|       pointer|
|REG_V_50_out_ap_vld    |  out|    1|      ap_vld|                      REG_V_50_out|       pointer|
|REG_V_49_out           |  out|   16|      ap_vld|                      REG_V_49_out|       pointer|
|REG_V_49_out_ap_vld    |  out|    1|      ap_vld|                      REG_V_49_out|       pointer|
|REG_V_48_out           |  out|   16|      ap_vld|                      REG_V_48_out|       pointer|
|REG_V_48_out_ap_vld    |  out|    1|      ap_vld|                      REG_V_48_out|       pointer|
|REG_V_47_out           |  out|   16|      ap_vld|                      REG_V_47_out|       pointer|
|REG_V_47_out_ap_vld    |  out|    1|      ap_vld|                      REG_V_47_out|       pointer|
|REG_V_46_out           |  out|   16|      ap_vld|                      REG_V_46_out|       pointer|
|REG_V_46_out_ap_vld    |  out|    1|      ap_vld|                      REG_V_46_out|       pointer|
|REG_V_45_out           |  out|   16|      ap_vld|                      REG_V_45_out|       pointer|
|REG_V_45_out_ap_vld    |  out|    1|      ap_vld|                      REG_V_45_out|       pointer|
|REG_V_44_out           |  out|   16|      ap_vld|                      REG_V_44_out|       pointer|
|REG_V_44_out_ap_vld    |  out|    1|      ap_vld|                      REG_V_44_out|       pointer|
|REG_V_43_out           |  out|   16|      ap_vld|                      REG_V_43_out|       pointer|
|REG_V_43_out_ap_vld    |  out|    1|      ap_vld|                      REG_V_43_out|       pointer|
|REG_V_42_out           |  out|   16|      ap_vld|                      REG_V_42_out|       pointer|
|REG_V_42_out_ap_vld    |  out|    1|      ap_vld|                      REG_V_42_out|       pointer|
|REG_V_41_out           |  out|   16|      ap_vld|                      REG_V_41_out|       pointer|
|REG_V_41_out_ap_vld    |  out|    1|      ap_vld|                      REG_V_41_out|       pointer|
|REG_V_40_out           |  out|   16|      ap_vld|                      REG_V_40_out|       pointer|
|REG_V_40_out_ap_vld    |  out|    1|      ap_vld|                      REG_V_40_out|       pointer|
|REG_V_39_out           |  out|   16|      ap_vld|                      REG_V_39_out|       pointer|
|REG_V_39_out_ap_vld    |  out|    1|      ap_vld|                      REG_V_39_out|       pointer|
|REG_V_38_out           |  out|   16|      ap_vld|                      REG_V_38_out|       pointer|
|REG_V_38_out_ap_vld    |  out|    1|      ap_vld|                      REG_V_38_out|       pointer|
|REG_V_37_out           |  out|   16|      ap_vld|                      REG_V_37_out|       pointer|
|REG_V_37_out_ap_vld    |  out|    1|      ap_vld|                      REG_V_37_out|       pointer|
|REG_V_36_out           |  out|   16|      ap_vld|                      REG_V_36_out|       pointer|
|REG_V_36_out_ap_vld    |  out|    1|      ap_vld|                      REG_V_36_out|       pointer|
|REG_V_35_out           |  out|   16|      ap_vld|                      REG_V_35_out|       pointer|
|REG_V_35_out_ap_vld    |  out|    1|      ap_vld|                      REG_V_35_out|       pointer|
|REG_V_34_out           |  out|   16|      ap_vld|                      REG_V_34_out|       pointer|
|REG_V_34_out_ap_vld    |  out|    1|      ap_vld|                      REG_V_34_out|       pointer|
|REG_V_33_out           |  out|   16|      ap_vld|                      REG_V_33_out|       pointer|
|REG_V_33_out_ap_vld    |  out|    1|      ap_vld|                      REG_V_33_out|       pointer|
|REG_V_32_out           |  out|   16|      ap_vld|                      REG_V_32_out|       pointer|
|REG_V_32_out_ap_vld    |  out|    1|      ap_vld|                      REG_V_32_out|       pointer|
|self_sum_V_out         |  out|   32|      ap_vld|                    self_sum_V_out|       pointer|
|self_sum_V_out_ap_vld  |  out|    1|      ap_vld|                    self_sum_V_out|       pointer|
+-----------------------+-----+-----+------------+----------------------------------+--------------+

