

================================================================
== Synthesis Summary Report of 'compute'
================================================================
+ General Information: 
    * Date:           Thu Sep 10 22:43:38 2026
    * Version:        2022.2 (Build 3670227 on Oct 13 2022)
    * Project:        Compute_block
    * Solution:       solution1 (Vivado IP Flow Target)
    * Product family: zynquplus
    * Target device:  xczu7ev-ffvc1156-2-e
    

+ Performance & Resource Estimates: 
    
    PS: '+' for module; 'o' for loop; '*' for dataflow
    +--------------------------------------+------+------+---------+-----------+----------+---------+------+----------+------+----------+------------+------------+-----+
    |                Modules               | Issue|      | Latency |  Latency  | Iteration|         | Trip |          |      |          |            |            |     |
    |                & Loops               | Type | Slack| (cycles)|    (ns)   |  Latency | Interval| Count| Pipelined| BRAM |    DSP   |     FF     |     LUT    | URAM|
    +--------------------------------------+------+------+---------+-----------+----------+---------+------+----------+------+----------+------------+------------+-----+
    |+ compute                             |     -|  4.99|      105|  1.050e+03|         -|      106|     -|        no|     -|  10 (~0%)|  2355 (~0%)|  2119 (~0%)|    -|
    | o VITIS_LOOP_60_1                    |     -|  7.30|      104|  1.040e+03|        26|        -|     4|        no|     -|         -|           -|           -|    -|
    |  + compute_Pipeline_VITIS_LOOP_62_2  |     -|  4.99|        9|     90.000|         -|        9|     -|        no|     -|   2 (~0%)|   658 (~0%)|   967 (~0%)|    -|
    |   o VITIS_LOOP_62_2                  |     -|  7.30|        7|     70.000|         6|        1|     2|       yes|     -|         -|           -|           -|    -|
    |  + compute_Pipeline_VITIS_LOOP_81_3  |     -|  5.06|       12|    120.000|         -|       12|     -|        no|     -|   8 (~0%)|  1002 (~0%)|   891 (~0%)|    -|
    |   o VITIS_LOOP_81_3                  |    II|  7.30|       10|    100.000|         7|        2|     3|       yes|     -|         -|           -|           -|    -|
    +--------------------------------------+------+------+---------+-----------+----------+---------+------+----------+------+----------+------------+------------+-----+


================================================================
== HW Interfaces
================================================================
* AP_FIFO
+-----------+------------+
| Interface | Data Width |
+-----------+------------+
| fwd_out1  | 32         |
| fwd_out2  | 32         |
+-----------+------------+

* AP_MEMORY
+-------------------+----------+
| Interface         | Bitwidth |
+-------------------+----------+
| buffer_1_address0 | 3        |
| buffer_1_q0       | 64       |
| buffer_2_address0 | 4        |
| buffer_2_d0       | 32       |
+-------------------+----------+

* Other Ports
+-----------+---------+----------+
| Interface | Mode    | Bitwidth |
+-----------+---------+----------+
| phase     | ap_none | 1        |
+-----------+---------+----------+

* TOP LEVEL CONTROL
+-----------+------------+-----------------------------------+
| Interface | Type       | Ports                             |
+-----------+------------+-----------------------------------+
| ap_clk    | clock      | ap_clk                            |
| ap_rst    | reset      | ap_rst                            |
| ap_ctrl   | ap_ctrl_hs | ap_done ap_idle ap_ready ap_start |
+-----------+------------+-----------------------------------+


================================================================
== SW I/O Information
================================================================
* Top Function Arguments
+----------+-----------+-------------------------+
| Argument | Direction | Datatype                |
+----------+-----------+-------------------------+
| buffer_1 | in        | ap_int<64>*             |
| buffer_2 | out       | ap_int<32>*             |
| phase    | in        | bool                    |
| fwd_out1 | out       | stream<ap_uint<32>, 0>& |
| fwd_out2 | out       | stream<ap_uint<32>, 0>& |
+----------+-----------+-------------------------+

* SW-to-HW Mapping
+----------+-------------------+-----------+----------+
| Argument | HW Interface      | HW Type   | HW Usage |
+----------+-------------------+-----------+----------+
| buffer_1 | buffer_1_address0 | port      | offset   |
| buffer_1 | buffer_1_ce0      | port      |          |
| buffer_1 | buffer_1_q0       | port      |          |
| buffer_2 | buffer_2_address0 | port      | offset   |
| buffer_2 | buffer_2_ce0      | port      |          |
| buffer_2 | buffer_2_we0      | port      |          |
| buffer_2 | buffer_2_d0       | port      |          |
| phase    | phase             | port      |          |
| fwd_out1 | fwd_out1          | interface |          |
| fwd_out2 | fwd_out2          | interface |          |
+----------+-------------------+-----------+----------+


================================================================
== M_AXI Burst Information
================================================================
 Note: All burst requests might be further partitioned into multiple requests during RTL generation based on max_read_burst_length or max_write_burst_length settings.

  No burst in design

================================================================
== Bind Op Report
================================================================
+-----------------------------------------+-----+--------+--------------+-----+--------+---------+
| Name                                    | DSP | Pragma | Variable     | Op  | Impl   | Latency |
+-----------------------------------------+-----+--------+--------------+-----+--------+---------+
| + compute                               | 10  |        |              |     |        |         |
|   add_ln60_1_fu_579_p2                  | -   |        | add_ln60_1   | add | fabric | 0       |
|   add_ln77_fu_870_p2                    | -   |        | add_ln77     | add | fabric | 0       |
|   add_ln60_fu_888_p2                    | -   |        | add_ln60     | add | fabric | 0       |
|  + compute_Pipeline_VITIS_LOOP_62_2     | 2   |        |              |     |        |         |
|    add_ln62_fu_973_p2                   | -   |        | add_ln62     | add | fabric | 0       |
|    mac_muladd_16ns_16ns_32ns_33_4_1_U2  | 1   |        | ret_V_3      | mul | dsp48  | 3       |
|    mul_mul_16ns_16ns_32_4_1_U1          | 1   |        | ret_V_4      | mul | dsp48  | 3       |
|    mac_muladd_16ns_16ns_32ns_33_4_1_U2  | 1   |        | ret_V        | add | dsp48  | 3       |
|    self_sum_V_3_fu_1561_p2              | -   |        | self_sum_V_3 | add | fabric | 0       |
|  + compute_Pipeline_VITIS_LOOP_81_3     | 8   |        |              |     |        |         |
|    add_ln81_fu_451_p2                   | -   |        | add_ln81     | add | fabric | 0       |
|    mul_mul_16ns_16ns_32_4_1_U92         | 1   |        | mul_ln1494   | mul | dsp48  | 3       |
|    mac_muladd_16ns_16ns_32ns_32_4_1_U99 | 1   |        | mul_ln1494_1 | mul | dsp48  | 3       |
|    mul_mul_16ns_16ns_32_4_1_U93         | 1   |        | mul_ln1494_2 | mul | dsp48  | 3       |
|    mul_mul_16ns_16ns_32_4_1_U94         | 1   |        | mul_ln1494_3 | mul | dsp48  | 3       |
|    mac_muladd_16ns_16ns_32ns_32_4_1_U96 | 1   |        | mul_ln1494_4 | mul | dsp48  | 3       |
|    mac_muladd_16ns_16ns_32ns_32_4_1_U97 | 1   |        | mul_ln1494_5 | mul | dsp48  | 3       |
|    mac_muladd_16ns_16ns_32ns_32_4_1_U98 | 1   |        | mul_ln1494_6 | mul | dsp48  | 3       |
|    mac_muladd_16ns_16ns_32ns_32_4_1_U96 | 1   |        | add_ln89_1   | add | dsp48  | 3       |
|    mac_muladd_16ns_16ns_32ns_32_4_1_U98 | 1   |        | add_ln89_2   | add | dsp48  | 3       |
|    add_ln89_3_fu_697_p2                 | -   |        | add_ln89_3   | add | fabric | 0       |
|    mul_mul_16ns_16ns_32_4_1_U95         | 1   |        | mul_ln1494_7 | mul | dsp48  | 3       |
|    mac_muladd_16ns_16ns_32ns_32_4_1_U97 | 1   |        | add_ln840    | add | dsp48  | 3       |
|    mac_muladd_16ns_16ns_32ns_32_4_1_U99 | 1   |        | add_ln840_1  | add | dsp48  | 3       |
|    add_ln93_fu_915_p2                   | -   |        | add_ln93     | add | fabric | 0       |
|    add_ln186_fu_925_p2                  | -   |        | add_ln186    | add | fabric | 0       |
|    add_ln89_fu_902_p2                   | -   |        | add_ln89     | add | fabric | 0       |
+-----------------------------------------+-----+--------+--------------+-----+--------+---------+


================================================================
== Bind Storage Report
================================================================
  No bind storage info in design

================================================================
== Pragma Report
================================================================
* Valid Pragma Syntax
+-----------------+------------------------------+---------------------------------------------------+
| Type            | Options                      | Location                                          |
+-----------------+------------------------------+---------------------------------------------------+
| interface       | ap_ctrl_hs port=return       | Compute_block/Compute.cpp:37 in compute, return   |
| interface       | ap_memory port=buffer_1      | Compute_block/Compute.cpp:38 in compute, buffer_1 |
| interface       | ap_memory port=buffer_2      | Compute_block/Compute.cpp:39 in compute, buffer_2 |
| interface       | ap_fifo port=fwd_out1        | Compute_block/Compute.cpp:40 in compute, fwd_out1 |
| interface       | ap_fifo port=fwd_out2        | Compute_block/Compute.cpp:41 in compute, fwd_out2 |
| array_partition | variable=REG complete dim=0  | Compute_block/Compute.cpp:51 in compute, REG      |
| array_partition | variable=REG1 complete dim=0 | Compute_block/Compute.cpp:52 in compute, REG1     |
+-----------------+------------------------------+---------------------------------------------------+


