In file included from Control/control.cpp:1:
In file included from Control/control.h:20:
In file included from /tools/Xilinx/Vitis_HLS/2022.2/common/technology/autopilot/ap_int.h:12:
/tools/Xilinx/Vitis_HLS/2022.2/common/technology/autopilot/ap_int_ref.h:678:9: warning: HLS pragma dump _XLX_SEP_ PragmaIsValid=1_XLX_SEP_ PragmaType=unroll_XLX_SEP_ PragmaContext=_XLX_SEP_ PragmaFunction=and_reduce_XLX_SEP_ PragmaOptions=_XLX_SEP_ [-Wdump-hls-pragmas]
#pragma HLS unroll
        ^
/tools/Xilinx/Vitis_HLS/2022.2/common/technology/autopilot/ap_int_ref.h:692:9: warning: HLS pragma dump _XLX_SEP_ PragmaIsValid=1_XLX_SEP_ PragmaType=unroll_XLX_SEP_ PragmaContext=_XLX_SEP_ PragmaFunction=or_reduce_XLX_SEP_ PragmaOptions=_XLX_SEP_ [-Wdump-hls-pragmas]
#pragma HLS unroll
        ^
/tools/Xilinx/Vitis_HLS/2022.2/common/technology/autopilot/ap_int_ref.h:706:9: warning: HLS pragma dump _XLX_SEP_ PragmaIsValid=1_XLX_SEP_ PragmaType=unroll_XLX_SEP_ PragmaContext=_XLX_SEP_ PragmaFunction=xor_reduce_XLX_SEP_ PragmaOptions=_XLX_SEP_ [-Wdump-hls-pragmas]
#pragma HLS unroll
        ^
/tools/Xilinx/Vitis_HLS/2022.2/scripts/builtin.tcl:692:9: warning: HLS pragma dump _XLX_SEP_ PragmaIsValid=1_XLX_SEP_ PragmaType=top_XLX_SEP_ PragmaContext=directive_XLX_SEP_ PragmaFunction=cont_XLX_SEP_ PragmaOptions=name=cont_XLX_SEP_ [-Wdump-hls-pragmas]
#pragma HLSDIRECTIVE TOP name=cont
        ^
Control/control.cpp:43:9: warning: HLS pragma dump _XLX_SEP_ PragmaIsValid=1_XLX_SEP_ PragmaType=interface_XLX_SEP_ PragmaContext=_XLX_SEP_ PragmaFunction=cont_XLX_SEP_ PragmaOptions=ap_ctrl_none port=return_XLX_SEP_ [-Wdump-hls-pragmas]
#pragma HLS INTERFACE ap_ctrl_none port=return
        ^
Control/control.cpp:45:9: warning: HLS pragma dump _XLX_SEP_ PragmaIsValid=1_XLX_SEP_ PragmaType=interface_XLX_SEP_ PragmaContext=_XLX_SEP_ PragmaFunction=cont_XLX_SEP_ PragmaOptions=ap_none port=a_i_XLX_SEP_ [-Wdump-hls-pragmas]
#pragma HLS INTERFACE ap_none port=a_i
        ^
Control/control.cpp:46:9: warning: HLS pragma dump _XLX_SEP_ PragmaIsValid=1_XLX_SEP_ PragmaType=disaggregate_XLX_SEP_ PragmaContext=_XLX_SEP_ PragmaFunction=cont_XLX_SEP_ PragmaOptions=variable=a_i_XLX_SEP_ [-Wdump-hls-pragmas]
#pragma HLS disaggregate variable=a_i
        ^
Control/control.cpp:47:9: warning: HLS pragma dump _XLX_SEP_ PragmaIsValid=1_XLX_SEP_ PragmaType=interface_XLX_SEP_ PragmaContext=_XLX_SEP_ PragmaFunction=cont_XLX_SEP_ PragmaOptions=ap_none port=b_i_XLX_SEP_ [-Wdump-hls-pragmas]
#pragma HLS INTERFACE ap_none port=b_i
        ^
Control/control.cpp:48:9: warning: HLS pragma dump _XLX_SEP_ PragmaIsValid=1_XLX_SEP_ PragmaType=disaggregate_XLX_SEP_ PragmaContext=_XLX_SEP_ PragmaFunction=cont_XLX_SEP_ PragmaOptions=variable=b_i_XLX_SEP_ [-Wdump-hls-pragmas]
#pragma HLS disaggregate variable=b_i
        ^
Control/control.cpp:49:9: warning: HLS pragma dump _XLX_SEP_ PragmaIsValid=1_XLX_SEP_ PragmaType=interface_XLX_SEP_ PragmaContext=_XLX_SEP_ PragmaFunction=cont_XLX_SEP_ PragmaOptions=ap_none port=c_i_XLX_SEP_ [-Wdump-hls-pragmas]
#pragma HLS INTERFACE ap_none port=c_i
        ^
Control/control.cpp:50:9: warning: HLS pragma dump _XLX_SEP_ PragmaIsValid=1_XLX_SEP_ PragmaType=disaggregate_XLX_SEP_ PragmaContext=_XLX_SEP_ PragmaFunction=cont_XLX_SEP_ PragmaOptions=variable=c_i_XLX_SEP_ [-Wdump-hls-pragmas]
#pragma HLS disaggregate variable=c_i
        ^
Control/control.cpp:51:9: warning: HLS pragma dump _XLX_SEP_ PragmaIsValid=1_XLX_SEP_ PragmaType=interface_XLX_SEP_ PragmaContext=_XLX_SEP_ PragmaFunction=cont_XLX_SEP_ PragmaOptions=ap_none port=d_o_XLX_SEP_ [-Wdump-hls-pragmas]
#pragma HLS INTERFACE ap_none port=d_o
        ^
Control/control.cpp:52:9: warning: HLS pragma dump _XLX_SEP_ PragmaIsValid=1_XLX_SEP_ PragmaType=disaggregate_XLX_SEP_ PragmaContext=_XLX_SEP_ PragmaFunction=cont_XLX_SEP_ PragmaOptions=variable=d_o_XLX_SEP_ [-Wdump-hls-pragmas]
#pragma HLS disaggregate variable=d_o
        ^
Control/control.cpp:54:9: warning: HLS pragma dump _XLX_SEP_ PragmaIsValid=1_XLX_SEP_ PragmaType=interface_XLX_SEP_ PragmaContext=_XLX_SEP_ PragmaFunction=cont_XLX_SEP_ PragmaOptions=ap_fifo port=buffer_1_rd_XLX_SEP_ [-Wdump-hls-pragmas]
#pragma HLS INTERFACE ap_fifo port=buffer_1_rd
        ^
Control/control.cpp:55:9: warning: HLS pragma dump _XLX_SEP_ PragmaIsValid=1_XLX_SEP_ PragmaType=interface_XLX_SEP_ PragmaContext=_XLX_SEP_ PragmaFunction=cont_XLX_SEP_ PragmaOptions=ap_fifo port=buffer_1_rd1_XLX_SEP_ [-Wdump-hls-pragmas]
#pragma HLS INTERFACE ap_fifo port=buffer_1_rd1
        ^
Control/control.cpp:56:9: warning: HLS pragma dump _XLX_SEP_ PragmaIsValid=1_XLX_SEP_ PragmaType=interface_XLX_SEP_ PragmaContext=_XLX_SEP_ PragmaFunction=cont_XLX_SEP_ PragmaOptions=ap_fifo port=buffer_1_rd2_XLX_SEP_ [-Wdump-hls-pragmas]
#pragma HLS INTERFACE ap_fifo port=buffer_1_rd2
        ^
Control/control.cpp:57:9: warning: HLS pragma dump _XLX_SEP_ PragmaIsValid=1_XLX_SEP_ PragmaType=interface_XLX_SEP_ PragmaContext=_XLX_SEP_ PragmaFunction=cont_XLX_SEP_ PragmaOptions=ap_fifo port=buffer_1_rd3_XLX_SEP_ [-Wdump-hls-pragmas]
#pragma HLS INTERFACE ap_fifo port=buffer_1_rd3
        ^
Control/control.cpp:58:9: warning: HLS pragma dump _XLX_SEP_ PragmaIsValid=1_XLX_SEP_ PragmaType=interface_XLX_SEP_ PragmaContext=_XLX_SEP_ PragmaFunction=cont_XLX_SEP_ PragmaOptions=ap_memory port=buffer_1_wr_XLX_SEP_ [-Wdump-hls-pragmas]
#pragma HLS INTERFACE ap_memory port=buffer_1_wr
        ^
Control/control.cpp:59:9: warning: HLS pragma dump _XLX_SEP_ PragmaIsValid=1_XLX_SEP_ PragmaType=interface_XLX_SEP_ PragmaContext=_XLX_SEP_ PragmaFunction=cont_XLX_SEP_ PragmaOptions=ap_memory port=buffer_1_wr1_XLX_SEP_ [-Wdump-hls-pragmas]
#pragma HLS INTERFACE ap_memory port=buffer_1_wr1
        ^
Control/control.cpp:60:9: warning: HLS pragma dump _XLX_SEP_ PragmaIsValid=1_XLX_SEP_ PragmaType=interface_XLX_SEP_ PragmaContext=_XLX_SEP_ PragmaFunction=cont_XLX_SEP_ PragmaOptions=ap_none port=compute_start1_XLX_SEP_ [-Wdump-hls-pragmas]
#pragma HLS INTERFACE ap_none port=compute_start1
        ^
Control/control.cpp:61:9: warning: HLS pragma dump _XLX_SEP_ PragmaIsValid=1_XLX_SEP_ PragmaType=interface_XLX_SEP_ PragmaContext=_XLX_SEP_ PragmaFunction=cont_XLX_SEP_ PragmaOptions=ap_none port=compute_done1_XLX_SEP_ [-Wdump-hls-pragmas]
#pragma HLS INTERFACE ap_none port=compute_done1
        ^
Control/control.cpp:62:9: warning: HLS pragma dump _XLX_SEP_ PragmaIsValid=1_XLX_SEP_ PragmaType=interface_XLX_SEP_ PragmaContext=_XLX_SEP_ PragmaFunction=cont_XLX_SEP_ PragmaOptions=ap_none port=compute_start2_XLX_SEP_ [-Wdump-hls-pragmas]
#pragma HLS INTERFACE ap_none port=compute_start2
        ^
Control/control.cpp:63:9: warning: HLS pragma dump _XLX_SEP_ PragmaIsValid=1_XLX_SEP_ PragmaType=interface_XLX_SEP_ PragmaContext=_XLX_SEP_ PragmaFunction=cont_XLX_SEP_ PragmaOptions=ap_none port=compute_done2_XLX_SEP_ [-Wdump-hls-pragmas]
#pragma HLS INTERFACE ap_none port=compute_done2
        ^
Control/control.cpp:64:9: warning: HLS pragma dump _XLX_SEP_ PragmaIsValid=1_XLX_SEP_ PragmaType=interface_XLX_SEP_ PragmaContext=_XLX_SEP_ PragmaFunction=cont_XLX_SEP_ PragmaOptions=ap_none port=slave_start1_XLX_SEP_ [-Wdump-hls-pragmas]
#pragma HLS INTERFACE ap_none port=slave_start1
        ^
Control/control.cpp:65:9: warning: HLS pragma dump _XLX_SEP_ PragmaIsValid=1_XLX_SEP_ PragmaType=interface_XLX_SEP_ PragmaContext=_XLX_SEP_ PragmaFunction=cont_XLX_SEP_ PragmaOptions=ap_none port=slave_done1_XLX_SEP_ [-Wdump-hls-pragmas]
#pragma HLS INTERFACE ap_none port=slave_done1
        ^
Control/control.cpp:66:9: warning: HLS pragma dump _XLX_SEP_ PragmaIsValid=1_XLX_SEP_ PragmaType=interface_XLX_SEP_ PragmaContext=_XLX_SEP_ PragmaFunction=cont_XLX_SEP_ PragmaOptions=ap_none port=slave_start2_XLX_SEP_ [-Wdump-hls-pragmas]
#pragma HLS INTERFACE ap_none port=slave_start2
        ^
Control/control.cpp:67:9: warning: HLS pragma dump _XLX_SEP_ PragmaIsValid=1_XLX_SEP_ PragmaType=interface_XLX_SEP_ PragmaContext=_XLX_SEP_ PragmaFunction=cont_XLX_SEP_ PragmaOptions=ap_none port=slave_done2_XLX_SEP_ [-Wdump-hls-pragmas]
#pragma HLS INTERFACE ap_none port=slave_done2
        ^
Control/control.cpp:114:12: warning: enumeration values 'WAIT_MPE1', 'WAIT_MPE2', and 'PIP_1' not handled in switch [-Wswitch]
    switch(state){
           ^
Control/control.cpp:25:41: warning: unused parameter 'function' [-Wunused-parameter]
          bool clear, bool enable, bool function, bool start,
                                        ^
Control/control.cpp:25:56: warning: unused parameter 'start' [-Wunused-parameter]
          bool clear, bool enable, bool function, bool start,
                                                       ^
30 warnings generated.
