/home/pulp1/HLS_corrected/Control/solution1/.autopilot/db/control.pp.0.cpp:31953:7: warning: Added loop label VITIS_LOOP_1211_1:   [xilinx-label-all-loops]
      for (i = 0; i < __N - 1; ++i) {
      ^~~
      VITIS_LOOP_1211_1: 
/home/pulp1/HLS_corrected/Control/solution1/.autopilot/db/control.pp.0.cpp:31953:7: note: FIX-IT applied suggested code changes
/home/pulp1/HLS_corrected/Control/solution1/.autopilot/db/control.pp.0.cpp:32927:5: warning: Added loop label VITIS_LOOP_676_1:   [xilinx-label-all-loops]
    for (unsigned i = low; i != high; ++i) {
    ^~~
    VITIS_LOOP_676_1: 
/home/pulp1/HLS_corrected/Control/solution1/.autopilot/db/control.pp.0.cpp:32927:5: note: FIX-IT applied suggested code changes
/home/pulp1/HLS_corrected/Control/solution1/.autopilot/db/control.pp.0.cpp:32941:5: warning: Added loop label VITIS_LOOP_690_1:   [xilinx-label-all-loops]
    for (unsigned i = low; i != high; ++i) {
    ^~~
    VITIS_LOOP_690_1: 
/home/pulp1/HLS_corrected/Control/solution1/.autopilot/db/control.pp.0.cpp:32941:5: note: FIX-IT applied suggested code changes
/home/pulp1/HLS_corrected/Control/solution1/.autopilot/db/control.pp.0.cpp:32955:5: warning: Added loop label VITIS_LOOP_704_1:   [xilinx-label-all-loops]
    for (unsigned i = low; i != high; ++i) {
    ^~~
    VITIS_LOOP_704_1: 
/home/pulp1/HLS_corrected/Control/solution1/.autopilot/db/control.pp.0.cpp:32955:5: note: FIX-IT applied suggested code changes
/home/pulp1/HLS_corrected/Control/solution1/.autopilot/db/control.pp.0.cpp:34566:7: warning: Added loop label VITIS_LOOP_1245_1:   [xilinx-label-all-loops]
      for (i = 0; i < __N - 1; ++i) {
      ^~~
      VITIS_LOOP_1245_1: 
/home/pulp1/HLS_corrected/Control/solution1/.autopilot/db/control.pp.0.cpp:34566:7: note: FIX-IT applied suggested code changes
