Thu Sep 10 01:51:19 2026: Running xcd server. This server was NOT built by gradle, but presumably rdi.
Thu Sep 10 01:51:19 2026: Server was asked to start on port: '39479'
Thu Sep 10 01:51:19 2026: Server is using token UUID: 'bfa3537d-aa1e-49da-bc2f-80be05e090aa'
Thu Sep 10 01:51:19 2026: SESSION_MGR: creating session with session uuid: '6d04a3e9-ade5-4ab9-8d63-1f78fcd2ec76' and name 'default'
Thu Sep 10 01:51:19 2026: Attempting to start server on port '39479'
Thu Sep 10 01:51:19 2026: XCD main fifo: created main fifo '/tmp/xcdmainbfa3537d-aa1e-49da-bc2f-80be05e090aa', fd read = 12
Thu Sep 10 01:51:19 2026: Running Dispatch Server
Thu Sep 10 01:51:19 2026: Version 2.2.0
Thu Sep 10 01:51:28 2026: Dispatch Server: Accepted socket connection from client
Thu Sep 10 01:51:28 2026: Starting Socket connection
Thu Sep 10 01:51:28 2026: EXCHANGE_TOKEN received, server token: bfa3537d-aa1e-49da-bc2f-80be05e090aa, passed token: bfa3537d-aa1e-49da-bc2f-80be05e090aa
Thu Sep 10 01:51:28 2026: SESSION_MGR: creating session with session uuid: 'bd1b08d2-4405-42a5-bd02-34e875a22068' and name 'vitis_hls'
Thu Sep 10 01:51:28 2026: KERNEL_SVC: creating session with uuid: 'bd1b08d2-4405-42a5-bd02-34e875a22068' and name 'vitis_hls'
Thu Sep 10 01:51:28 2026: GUIDANCE_SMGR: creating guidance session with uuid: 'bd1b08d2-4405-42a5-bd02-34e875a22068' and name 'vitis_hls'
Thu Sep 10 01:51:44 2026: STOP_SERVER received, server token: bfa3537d-aa1e-49da-bc2f-80be05e090aa, passed token: bfa3537d-aa1e-49da-bc2f-80be05e090aa
Thu Sep 10 01:51:44 2026: Socket received request to stop server.
Thu Sep 10 01:51:44 2026: Dispatch Server: do_await_stop
Thu Sep 10 01:51:44 2026: Dispatch Server: stopping mainFifo_
Thu Sep 10 01:51:44 2026: XCD main fifo: Stopping
Thu Sep 10 01:51:44 2026: XCD main fifo: do_read error code: Operation canceled
Thu Sep 10 01:51:44 2026: XCD main fifo: bytes_transferred: 0
Thu Sep 10 01:51:44 2026: SERVER: destructor for server bound to port 39479
Thu Sep 10 01:51:44 2026: XCD main fifo: Good unlink of /tmp/xcdmainbfa3537d-aa1e-49da-bc2f-80be05e090aa
Thu Sep 10 01:51:44 2026: Server exiting with status 0.
Thu Sep 10 01:51:44 2026: Closing log file.
