==============================================================
Vitis HLS - High-Level Synthesis from C, C++ and OpenCL v2022.2 (64-bit)
Tool Version Limit: 2019.12
Copyright 1986-2022 Xilinx, Inc. All Rights Reserved.
==============================================================
INFO: [HLS 200-1505] Using flow_target 'vivado'
INFO: [HLS 200-435] Setting 'open_solution -flow_target vivado' configuration: config_interface -m_axi_latency=0
INFO: [HLS 200-1510] Running: set_part xczu7ev-ffvc1156-2-e 
INFO: [HLS 200-1611] Setting target device to 'xczu7ev-ffvc1156-2-e'
INFO: [HLS 200-1510] Running: create_clock -period 10 -name default 
INFO: [SYN 201-201] Setting up clock 'default' with a period of 10ns.
INFO: [HLS 200-1510] Running: csim_design 
INFO: [SIM 211-2] *************** CSIM start ***************
INFO: [SIM 211-4] CSIM will launch GCC as the compiler.
INFO: [SIM 211-1] CSim done with 0 errors.
INFO: [SIM 211-3] *************** CSIM finish ***************
INFO: [HLS 200-111] Finished Command csim_design CPU user time: 3 seconds. CPU system time: 0.54 seconds. Elapsed time: 3.55 seconds; current allocated memory: 0.000 MB.
INFO: [HLS 200-1510] Running: csynth_design 
INFO: [HLS 200-111] Finished File checks and directory preparation: CPU user time: 0 seconds. CPU system time: 0 seconds. Elapsed time: 0.01 seconds; current allocated memory: 742.434 MB.
INFO: [HLS 200-10] Analyzing design file 'Compute_block_slave/Compute_slave.cpp' ... 
INFO: [HLS 200-111] Finished Source Code Analysis and Preprocessing: CPU user time: 4.91 seconds. CPU system time: 0.72 seconds. Elapsed time: 5.64 seconds; current allocated memory: 744.520 MB.
INFO: [HLS 200-777] Using interface defaults for 'Vivado' flow target.
INFO: [HLS 214-248] Applying array_partition to 'REG1': Complete partitioning on dimension 1. Complete partitioning on dimension 2. (Compute_block_slave/Compute_slave.cpp:43:13)
INFO: [HLS 214-248] Applying array_partition to 'REG2': Complete partitioning on dimension 1. Complete partitioning on dimension 2. (Compute_block_slave/Compute_slave.cpp:45:13)
INFO: [HLS 214-241] Aggregating fifo (hls::stream) variable 'fwd_in2' with compact=bit mode in 32-bits (Compute_block_slave/Compute_slave.cpp:36:0)
INFO: [HLS 214-241] Aggregating fifo (hls::stream) variable 'fwd_in1' with compact=bit mode in 32-bits (Compute_block_slave/Compute_slave.cpp:36:0)
INFO: [HLS 200-111] Finished Compiling Optimization and Transform: CPU user time: 3.71 seconds. CPU system time: 0.47 seconds. Elapsed time: 4.2 seconds; current allocated memory: 745.066 MB.
INFO: [HLS 200-111] Finished Checking Pragmas: CPU user time: 0 seconds. CPU system time: 0 seconds. Elapsed time: 0 seconds; current allocated memory: 745.066 MB.
INFO: [HLS 200-10] Starting code transformations ...
INFO: [HLS 200-111] Finished Standard Transforms: CPU user time: 0.04 seconds. CPU system time: 0.01 seconds. Elapsed time: 0.04 seconds; current allocated memory: 749.879 MB.
INFO: [HLS 200-10] Checking synthesizability ...
INFO: [HLS 200-111] Finished Checking Synthesizability: CPU user time: 0.05 seconds. CPU system time: 0 seconds. Elapsed time: 0.06 seconds; current allocated memory: 755.250 MB.
INFO: [XFORM 203-510] Pipelining loop 'VITIS_LOOP_54_2' (Compute_block_slave/Compute_slave.cpp:43) in function 'compute_slave' automatically.
INFO: [XFORM 203-510] Pipelining loop 'VITIS_LOOP_61_4' (Compute_block_slave/Compute_slave.cpp:45) in function 'compute_slave' automatically.
INFO: [XFORM 203-510] Pipelining loop 'VITIS_LOOP_69_5' (Compute_block_slave/Compute_slave.cpp:70) in function 'compute_slave' automatically.
INFO: [XFORM 203-502] Unrolling all sub-loops inside loop 'VITIS_LOOP_69_5' (Compute_block_slave/Compute_slave.cpp:70) in function 'compute_slave' for pipelining.
INFO: [HLS 200-489] Unrolling loop 'VITIS_LOOP_71_6' (Compute_block_slave/Compute_slave.cpp:70) in function 'compute_slave' completely with a factor of 4.
INFO: [XFORM 203-11] Balancing expressions in function 'compute_slave' (Compute_block_slave/Compute_slave.cpp:36:26)...3 expression(s) balanced.
INFO: [HLS 200-111] Finished Loop, function and other optimizations: CPU user time: 0.13 seconds. CPU system time: 0.01 seconds. Elapsed time: 0.14 seconds; current allocated memory: 783.234 MB.
INFO: [XFORM 203-541] Flattening a loop nest 'VITIS_LOOP_53_1' (Compute_block_slave/Compute_slave.cpp:43:13) in function 'compute_slave'.
INFO: [XFORM 203-541] Flattening a loop nest 'VITIS_LOOP_60_3' (Compute_block_slave/Compute_slave.cpp:45:13) in function 'compute_slave'.
INFO: [XFORM 203-541] Flattening a loop nest 'compute_rows' (Compute_block_slave/Compute_slave.cpp:68:14) in function 'compute_slave'.
INFO: [HLS 200-111] Finished Architecture Synthesis: CPU user time: 0.08 seconds. CPU system time: 0.01 seconds. Elapsed time: 0.09 seconds; current allocated memory: 806.484 MB.
INFO: [HLS 200-10] Starting hardware synthesis ...
INFO: [HLS 200-10] Synthesizing 'compute_slave' ...
INFO: [HLS 200-10] ----------------------------------------------------------------
INFO: [HLS 200-42] -- Implementing module 'compute_slave_Pipeline_VITIS_LOOP_53_1_VITIS_LOOP_54_2' 
INFO: [HLS 200-10] ----------------------------------------------------------------
INFO: [SCHED 204-11] Starting scheduling ...
INFO: [SCHED 204-61] Pipelining loop 'VITIS_LOOP_53_1_VITIS_LOOP_54_2'.
INFO: [HLS 200-1470] Pipelining result : Target II = NA, Final II = 1, Depth = 2, loop 'VITIS_LOOP_53_1_VITIS_LOOP_54_2'
INFO: [SCHED 204-11] Finished scheduling.
INFO: [HLS 200-111] Finished Scheduling: CPU user time: 0.1 seconds. CPU system time: 0.03 seconds. Elapsed time: 0.13 seconds; current allocated memory: 807.301 MB.
INFO: [BIND 205-100] Starting micro-architecture generation ...
INFO: [BIND 205-101] Performing variable lifetime analysis.
INFO: [BIND 205-101] Exploring resource sharing.
INFO: [BIND 205-101] Binding ...
INFO: [BIND 205-100] Finished micro-architecture generation.
INFO: [HLS 200-111] Finished Binding: CPU user time: 0.05 seconds. CPU system time: 0 seconds. Elapsed time: 0.05 seconds; current allocated memory: 807.301 MB.
INFO: [HLS 200-10] ----------------------------------------------------------------
INFO: [HLS 200-42] -- Implementing module 'compute_slave_Pipeline_VITIS_LOOP_60_3_VITIS_LOOP_61_4' 
INFO: [HLS 200-10] ----------------------------------------------------------------
INFO: [SCHED 204-11] Starting scheduling ...
INFO: [SCHED 204-61] Pipelining loop 'VITIS_LOOP_60_3_VITIS_LOOP_61_4'.
INFO: [HLS 200-1470] Pipelining result : Target II = NA, Final II = 1, Depth = 2, loop 'VITIS_LOOP_60_3_VITIS_LOOP_61_4'
INFO: [SCHED 204-11] Finished scheduling.
INFO: [HLS 200-111] Finished Scheduling: CPU user time: 0.15 seconds. CPU system time: 0 seconds. Elapsed time: 0.16 seconds; current allocated memory: 808.184 MB.
INFO: [BIND 205-100] Starting micro-architecture generation ...
INFO: [BIND 205-101] Performing variable lifetime analysis.
INFO: [BIND 205-101] Exploring resource sharing.
INFO: [BIND 205-101] Binding ...
INFO: [BIND 205-100] Finished micro-architecture generation.
INFO: [HLS 200-111] Finished Binding: CPU user time: 0.05 seconds. CPU system time: 0.01 seconds. Elapsed time: 0.05 seconds; current allocated memory: 808.184 MB.
INFO: [HLS 200-10] ----------------------------------------------------------------
INFO: [HLS 200-42] -- Implementing module 'compute_slave_Pipeline_compute_rows_VITIS_LOOP_69_5' 
INFO: [HLS 200-10] ----------------------------------------------------------------
INFO: [SCHED 204-11] Starting scheduling ...
INFO: [HLS 200-486] Changing DSP latency (root=mul_ln1494_3) to 3 in order to utilize available DSP registers.
INFO: [HLS 200-486] Changing DSP latency (root=mul_ln1494) to 3 in order to utilize available DSP registers.
INFO: [HLS 200-486] Changing DSP latency (root=mul_ln1494_2) to 3 in order to utilize available DSP registers.
INFO: [HLS 200-486] Changing DSP latency (root=mul_ln1494_1) to 3 in order to utilize available DSP registers.
INFO: [SCHED 204-61] Pipelining loop 'compute_rows_VITIS_LOOP_69_5'.
INFO: [HLS 200-1470] Pipelining result : Target II = NA, Final II = 1, Depth = 5, loop 'compute_rows_VITIS_LOOP_69_5'
INFO: [SCHED 204-11] Finished scheduling.
INFO: [HLS 200-111] Finished Scheduling: CPU user time: 0.14 seconds. CPU system time: 0 seconds. Elapsed time: 0.15 seconds; current allocated memory: 808.469 MB.
INFO: [BIND 205-100] Starting micro-architecture generation ...
INFO: 