

================================================================
== Vitis HLS Report for 'compute2in_Pipeline_VITIS_LOOP_87_3'
================================================================
* Date:           Mon Sep 14 03:39:06 2026

* Version:        2022.2 (Build 3670227 on Oct 13 2022)
* Project:        Compute_block2in
* Solution:       solution1 (Vivado IP Flow Target)
* Product family: zynquplus
* Target device:  xczu7ev-ffvc1156-2-e


================================================================
== Performance Estimates
================================================================
+ Timing: 
    * Summary: 
    +--------+----------+----------+------------+
    |  Clock |  Target  | Estimated| Uncertainty|
    +--------+----------+----------+------------+
    |ap_clk  |  10.00 ns|  2.240 ns|     2.70 ns|
    +--------+----------+----------+------------+

+ Latency: 
    * Summary: 
    +---------+---------+-----------+----------+-----+-----+---------+
    |  Latency (cycles) |  Latency (absolute)  |  Interval | Pipeline|
    |   min   |   max   |    min    |    max   | min | max |   Type  |
    +---------+---------+-----------+----------+-----+-----+---------+
    |        2|       12|  20.000 ns|  0.120 us|    2|   12|       no|
    +---------+---------+-----------+----------+-----+-----+---------+

    + Detail: 
        * Instance: 
        N/A

        * Loop: 
        +-------------------+---------+---------+----------+-----------+-----------+-------+----------+
        |                   |  Latency (cycles) | Iteration|  Initiation Interval  |  Trip |          |
        |     Loop Name     |   min   |   max   |  Latency |  achieved |   target  | Count | Pipelined|
        +-------------------+---------+---------+----------+-----------+-----------+-------+----------+
        |- VITIS_LOOP_87_3  |        0|       10|         7|          2|          1|  0 ~ 3|       yes|
        +-------------------+---------+---------+----------+-----------+-----------+-------+----------+



================================================================
== Utilization Estimates
================================================================
* Summary: 
+-----------------+---------+------+--------+--------+-----+
|       Name      | BRAM_18K|  DSP |   FF   |   LUT  | URAM|
+-----------------+---------+------+--------+--------+-----+
|DSP              |        -|     8|       -|       -|    -|
|Expression       |        -|     -|       0|     220|    -|
|FIFO             |        -|     -|       -|       -|    -|
|Instance         |        -|     -|       0|     402|    -|
|Memory           |        -|     -|       -|       -|    -|
|Multiplexer      |        -|     -|       -|     237|    -|
|Register         |        -|     -|    1002|      32|    -|
+-----------------+---------+------+--------+--------+-----+
|Total            |        0|     8|    1002|     891|    0|
+-----------------+---------+------+--------+--------+-----+
|Available        |      624|  1728|  460800|  230400|   96|
+-----------------+---------+------+--------+--------+-----+
|Utilization (%)  |        0|    ~0|      ~0|      ~0|    0|
+-----------------+---------+------+--------+--------+-----+

+ Detail: 
    * Instance: 
    +--------------------+----------------+---------+----+---+----+-----+
    |      Instance      |     Module     | BRAM_18K| DSP| FF| LUT| URAM|
    +--------------------+----------------+---------+----+---+----+-----+
    |mux_124_32_1_1_U91  |mux_124_32_1_1  |        0|   0|  0|  65|    0|
    |mux_154_32_1_1_U90  |mux_154_32_1_1  |        0|   0|  0|  65|    0|
    |mux_32_16_1_1_U75   |mux_32_16_1_1   |        0|   0|  0|  14|    0|
    |mux_32_16_1_1_U77   |mux_32_16_1_1   |        0|   0|  0|  14|    0|
    |mux_32_16_1_1_U78   |mux_32_16_1_1   |        0|   0|  0|  14|    0|
    |mux_32_16_1_1_U80   |mux_32_16_1_1   |        0|   0|  0|  14|    0|
    |mux_32_16_1_1_U84   |mux_32_16_1_1   |        0|   0|  0|  14|    0|
    |mux_32_16_1_1_U85   |mux_32_16_1_1   |        0|   0|  0|  14|    0|
    |mux_32_16_1_1_U88   |mux_32_16_1_1   |        0|   0|  0|  14|    0|
    |mux_32_16_1_1_U89   |mux_32_16_1_1   |        0|   0|  0|  14|    0|
    |mux_42_16_1_1_U74   |mux_42_16_1_1   |        0|   0|  0|  20|    0|
    |mux_42_16_1_1_U76   |mux_42_16_1_1   |        0|   0|  0|  20|    0|
    |mux_42_16_1_1_U79   |mux_42_16_1_1   |        0|   0|  0|  20|    0|
    |mux_42_16_1_1_U81   |mux_42_16_1_1   |        0|   0|  0|  20|    0|
    |mux_42_16_1_1_U82   |mux_42_16_1_1   |        0|   0|  0|  20|    0|
    |mux_42_16_1_1_U83   |mux_42_16_1_1   |        0|   0|  0|  20|    0|
    |mux_42_16_1_1_U86   |mux_42_16_1_1   |        0|   0|  0|  20|    0|
    |mux_42_16_1_1_U87   |mux_42_16_1_1   |        0|   0|  0|  20|    0|
    +--------------------+----------------+---------+----+---+----+-----+
    |Total               |                |        0|   0|  0| 402|    0|
    +--------------------+----------------+---------+----+---+----+-----+

    * DSP: 
    +--------------------------------------+----------------------------------+--------------+
    |               Instance               |              Module              |  Expression  |
    +--------------------------------------+----------------------------------+--------------+
    |mac_muladd_16ns_16ns_32ns_32_4_1_U96  |mac_muladd_16ns_16ns_32ns_32_4_1  |  i0 + i1 * i2|
    |mac_muladd_16ns_16ns_32ns_32_4_1_U97  |mac_muladd_16ns_16ns_32ns_32_4_1  |  i0 + i1 * i2|
    |mac_muladd_16ns_16ns_32ns_32_4_1_U98  |mac_muladd_16ns_16ns_32ns_32_4_1  |  i0 + i1 * i2|
    |mac_muladd_16ns_16ns_32ns_32_4_1_U99  |mac_muladd_16ns_16ns_32ns_32_4_1  |  i0 + i1 * i2|
    |mul_mul_16ns_16ns_32_4_1_U92          |mul_mul_16ns_16ns_32_4_1          |       i0 * i1|
    |mul_mul_16ns_16ns_32_4_1_U93          |mul_mul_16ns_16ns_32_4_1          |       i0 * i1|
    |mul_mul_16ns_16ns_32_4_1_U94          |mul_mul_16ns_16ns_32_4_1          |       i0 * i1|
    |mul_mul_16ns_16ns_32_4_1_U95          |mul_mul_16ns_16ns_32_4_1          |       i0 * i1|
    +--------------------------------------+----------------------------------+--------------+

    * Memory: 
    N/A

    * FIFO: 
    N/A

    * Expression: 
    +-----------------------+----------+----+---+----+------------+------------+
    |     Variable Name     | Operation| DSP| FF| LUT| Bitwidth P0| Bitwidth P1|
    +-----------------------+----------+----+---+----+------------+------------+
    |add_ln100_fu_915_p2    |         +|   0|  0|  12|           4|           4|
    |add_ln186_fu_925_p2    |         +|   0|  0|  39|          32|          32|
    |add_ln87_fu_451_p2     |         +|   0|  0|   9|           2|           1|
    |add_ln96_3_fu_697_p2   |         +|   0|  0|  39|          32|          32|
    |add_ln96_fu_902_p2     |         +|   0|  0|  39|          32|          32|
    |add_ln97_1_fu_1018_p2  |         +|   0|  0|  32|          32|          32|
    |add_ln97_fu_1023_p2    |         +|   0|  0|  32|          32|          32|
    |ap_condition_855       |       and|   0|  0|   2|           1|           1|
    |ap_condition_866       |       and|   0|  0|   2|           1|           1|
    |ap_condition_883       |       and|   0|  0|   2|           1|           1|
    |ap_condition_887       |       and|   0|  0|   2|           1|           1|
    |icmp_ln87_fu_445_p2    |      icmp|   0|  0|   8|           3|           3|
    |ap_enable_pp0          |       xor|   0|  0|   2|           1|           2|
    +-----------------------+----------+----+---+----+------------+------------+
    |Total                  |          |   0|  0| 220|         174|         174|
    +-----------------------+----------+----+---+----+------------+------------+

    * Multiplexer: 
    +--------------------------------------------------------+----+-----------+-----+-----------+
    |                          Name                          | LUT| Input Size| Bits| Total Bits|
    +--------------------------------------------------------+----+-----------+-----+-----------+
    |ap_NS_fsm                                               |  14|          3|    1|          3|
    |ap_done_int                                             |   9|          2|    1|          2|
    |ap_enable_reg_pp0_iter0                                 |   9|          2|    1|          2|
    |ap_enable_reg_pp0_iter1                                 |   9|          2|    1|          2|
    |ap_enable_reg_pp0_iter3                                 |   9|          2|    1|          2|
    |ap_loop_exit_ready_pp0_iter1_reg                        |   9|          2|    1|          2|
    |ap_loop_exit_ready_pp0_iter2_reg                        |   9|          2|    1|          2|
    |ap_sig_allocacmp_com_1                                  |   9|          2|    2|          4|
    |buffer_2_address0                                       |  14|          3|    4|         12|
    |buffer_2_d0                                             |  14|          3|   32|         96|
    |com_fu_182                                              |   9|          2|    2|          4|
    |compute2in_ap_int_32_ap_int_32_ap_int_32_bool_REG1_1    |   9|          2|   32|         64|
    |compute2in_ap_int_32_ap_int_32_ap_int_32_bool_REG1_2    |   9|          2|   32|         64|
    |compute2in_ap_int_32_ap_int_32_ap_int_32_bool_REG1_3    |   9|          2|   32|         64|
    |compute2in_ap_int_32_ap_int_32_ap_int_32_bool_REG1_4    |   9|          2|   32|         64|
    |compute2in_ap_int_32_ap_int_32_ap_int_32_bool_REG1_5_o  |  14|          3|   32|         96|
    |compute2in_ap_int_32_ap_int_32_ap_int_32_bool_REG1_6    |   9|          2|   32|         64|
    |compute2in_ap_int_32_ap_int_32_ap_int_32_bool_REG1_7    |   9|          2|   32|         64|
    |compute2in_ap_int_32_ap_int_32_ap_int_32_bool_REG1_8    |   9|          2|   32|         64|
    |compute2in_ap_int_32_ap_int_32_ap_int_32_bool_REG1_9    |   9|          2|   32|         64|
    |compute2in_ap_int_32_ap_int_32_ap_int_32_bool_REG1_o    |  14|          3|   32|         96|
    |p_ZZ10compute2inP6ap_intILi32EES1_S1_bE4REG1_10_o       |  14|          3|   32|         96|
    |p_ZZ10compute2inP6ap_intILi32EES1_S1_bE4REG1_11         |   9|          2|   32|         64|
    +--------------------------------------------------------+----+-----------+-----+-----------+
    |Total                                                   | 237|         52|  431|        995|
    +--------------------------------------------------------+----+-----------+-----+-----------+

    * Register: 
    +--------------------------------------------------------------------+----+----+-----+-----------+
    |                                Name                                | FF | LUT| Bits| Const Bits|
    +--------------------------------------------------------------------+----+----+-----+-----------+
    |add_ln100_1_reg_1371                                                |   4|   0|    4|          0|
    |add_ln840_reg_1360                                                  |  32|   0|   32|          0|
    |add_ln96_3_reg_1355                                                 |  32|   0|   32|          0|
    |add_ln_reg_1365                                                     |   4|   0|    4|          0|
    |ap_CS_fsm                                                           |   2|   0|    2|          0|
    |ap_done_reg                                                         |   1|   0|    1|          0|
    |ap_enable_reg_pp0_iter0_reg                                         |   1|   0|    1|          0|
    |ap_enable_reg_pp0_iter1                                             |   1|   0|    1|          0|
    |ap_enable_reg_pp0_iter2                                             |   1|   0|    1|          0|
    |ap_enable_reg_pp0_iter3                                             |   1|   0|    1|          0|
    |ap_loop_exit_ready_pp0_iter1_reg                                    |   1|   0|    1|          0|
    |ap_loop_exit_ready_pp0_iter2_reg                                    |   1|   0|    1|          0|
    |com_1_reg_1234                                                      |   2|   0|    2|          0|
    |com_fu_182                                                          |   2|   0|    2|          0|
    |compute2in_ap_int_32_ap_int_32_ap_int_32_bool_REG1_1                |  32|   0|   32|          0|
    |compute2in_ap_int_32_ap_int_32_ap_int_32_bool_REG1_1_load_reg_1381  |  32|   0|   32|          0|
    |compute2in_ap_int_32_ap_int_32_ap_int_32_bool_REG1_2                |  32|   0|   32|          0|
    |compute2in_ap_int_32_ap_int_32_ap_int_32_bool_REG1_2_load_reg_1386  |  32|   0|   32|          0|
    |compute2in_ap_int_32_ap_int_32_ap_int_32_bool_REG1_3                |  32|   0|   32|          0|
    |compute2in_ap_int_32_ap_int_32_ap_int_32_bool_REG1_3_load_reg_1391  |  32|   0|   32|          0|
    |compute2in_ap_int_32_ap_int_32_ap_int_32_bool_REG1_4                |  32|   0|   32|          0|
    |compute2in_ap_int_32_ap_int_32_ap_int_32_bool_REG1_4_load_reg_1396  |  32|   0|   32|          0|
    |compute2in_ap_int_32_ap_int_32_ap_int_32_bool_REG1_5_load_reg_1401  |  32|   0|   32|          0|
    |compute2in_ap_int_32_ap_int_32_ap_int_32_bool_REG1_6                |  32|   0|   32|          0|
    |compute2in_ap_int_32_ap_int_32_ap_int_32_bool_REG1_6_load_reg_1406  |  32|   0|   32|          0|
    |compute2in_ap_int_32_ap_int_32_ap_int_32_bool_REG1_7                |  32|   0|   32|          0|
    |compute2in_ap_int_32_ap_int_32_ap_int_32_bool_REG1_7_load_reg_1411  |  32|   0|   32|          0|
    |compute2in_ap_int_32_ap_int_32_ap_int_32_bool_REG1_8                |  32|   0|   32|          0|
    |compute2in_ap_int_32_ap_int_32_ap_int_32_bool_REG1_8_load_reg_1416  |  32|   0|   32|          0|
    |compute2in_ap_int_32_ap_int_32_ap_int_32_bool_REG1_9                |  32|   0|   32|          0|
    |compute2in_ap_int_32_ap_int_32_ap_int_32_bool_REG1_9_load_reg_1421  |  32|   0|   32|          0|
    |compute2in_ap_int_32_ap_int_32_ap_int_32_bool_REG1_load_reg_1376    |  32|   0|   32|          0|
    |compute2in_ap_int_32_ap_int_32_ap_int_32_bool_REG1_reg_1431         |  32|   0|   32|          0|
    |icmp_ln87_reg_1245                                                  |   1|   0|    1|          0|
    |icmp_ln87_reg_1245_pp0_iter1_reg                                    |   1|   0|    1|          0|
    |mul_ln1494_7_reg_1349                                               |  32|   0|   32|          0|
    |mul_ln1494_7_reg_1349_pp0_iter2_reg                                 |  32|   0|   32|          0|
    |p_ZZ10compute2inP6ap_intILi32EES1_S1_bE4REG1_10_load_reg_1426       |  32|   0|   32|          0|
    |p_ZZ10compute2inP6ap_intILi32EES1_S1_bE4REG1_11                     |  32|   0|   32|          0|
    |p_ZZ10compute2inP6ap_intILi32EES1_S1_bE4REG1_12                     |  32|   0|   32|          0|
    |p_ZZ10compute2inP6ap_intILi32EES1_S1_bE4REG1_13                     |  32|   0|   32|          0|
    |p_ZZ10compute2inP6ap_intILi32EES1_S1_bE4REG1_14                     |  32|   0|   32|          0|
    |tmp_3_reg_1289                                                      |  16|   0|   16|          0|
    |zext_ln63_cast_reg_1229                                             |   3|   0|    4|          1|
    |com_1_reg_1234                                                      |  64|  32|    2|          0|
    +--------------------------------------------------------------------+----+----+-----+-----------+
    |Total                                                               |1002|  32|  941|          1|
    +--------------------------------------------------------------------+----+----+-----+-----------+



================================================================
== Interface
================================================================
* Summary: 
+---------------------------------------------------------------+-----+-----+------------+------------------------------------------------------+--------------+
|                           RTL Ports                           | Dir | Bits|  Protocol  |                     Source Object                    |    C Type    |
+---------------------------------------------------------------+-----+-----+------------+------------------------------------------------------+--------------+
|ap_clk                                                         |   in|    1|  ap_ctrl_hs|                   compute2in_Pipeline_VITIS_LOOP_87_3|  return value|
|ap_rst                                                         |   in|    1|  ap_ctrl_hs|                   compute2in_Pipeline_VITIS_LOOP_87_3|  return value|
|ap_start                                                       |   in|    1|  ap_ctrl_hs|                   compute2in_Pipeline_VITIS_LOOP_87_3|  return value|
|ap_done                                                        |  out|    1|  ap_ctrl_hs|                   compute2in_Pipeline_VITIS_LOOP_87_3|  return value|
|ap_idle                                                        |  out|    1|  ap_ctrl_hs|                   compute2in_Pipeline_VITIS_LOOP_87_3|  return value|
|ap_ready                                                       |  out|    1|  ap_ctrl_hs|                   compute2in_Pipeline_VITIS_LOOP_87_3|  return value|
|i                                                              |   in|    3|     ap_none|                                                     i|        scalar|
|buffer_2_address0                                              |  out|    4|   ap_memory|                                              buffer_2|         array|
|buffer_2_ce0                                                   |  out|    1|   ap_memory|                                              buffer_2|         array|
|buffer_2_we0                                                   |  out|    1|   ap_memory|                                              buffer_2|         array|
|buffer_2_d0                                                    |  out|   32|   ap_memory|                                              buffer_2|         array|
|REG_V_32_reload                                                |   in|   16|     ap_none|                                       REG_V_32_reload|        scalar|
|REG_V_40_reload                                                |   in|   16|     ap_none|                                       REG_V_40_reload|        scalar|
|REG_V_48_reload                                                |   in|   16|     ap_none|                                       REG_V_48_reload|        scalar|
|REG_V_56_reload                                                |   in|   16|     ap_none|                                       REG_V_56_reload|        scalar|
|indvars_iv424                                                  |   in|    2|     ap_none|                                         indvars_iv424|        scalar|
|REG_V_36_reload                                                |   in|   16|     ap_none|                                       REG_V_36_reload|        scalar|
|REG_V_44_reload                                                |   in|   16|     ap_none|                                       REG_V_44_reload|        scalar|
|REG_V_52_reload                                                |   in|   16|     ap_none|                                       REG_V_52_reload|        scalar|
|REG_V_60_reload                                                |   in|   16|     ap_none|                                       REG_V_60_reload|        scalar|
|REG_V_33_reload                                                |   in|   16|     ap_none|                                       REG_V_33_reload|        scalar|
|REG_V_41_reload                                                |   in|   16|     ap_none|                                       REG_V_41_reload|        scalar|
|REG_V_49_reload                                                |   in|   16|     ap_none|                                       REG_V_49_reload|        scalar|
|REG_V_57_reload                                                |   in|   16|     ap_none|                                       REG_V_57_reload|        scalar|
|REG_V_37_reload                                                |   in|   16|     ap_none|                                       REG_V_37_reload|        scalar|
|REG_V_45_reload                                                |   in|   16|     ap_none|                                       REG_V_45_reload|        scalar|
|REG_V_53_reload                                                |   in|   16|     ap_none|                                       REG_V_53_reload|        scalar|
|REG_V_61_reload                                                |   in|   16|     ap_none|                                       REG_V_61_reload|        scalar|
|REG_V_34_reload                                                |   in|   16|     ap_none|                                       REG_V_34_reload|        scalar|
|REG_V_42_reload                                                |   in|   16|     ap_none|                                       REG_V_42_reload|        scalar|
|REG_V_50_reload                                                |   in|   16|     ap_none|                                       REG_V_50_reload|        scalar|
|REG_V_58_reload                                                |   in|   16|     ap_none|                                       REG_V_58_reload|        scalar|
|REG_V_38_reload                                                |   in|   16|     ap_none|                                       REG_V_38_reload|        scalar|
|REG_V_46_reload                                                |   in|   16|     ap_none|                                       REG_V_46_reload|        scalar|
|REG_V_54_reload                                                |   in|   16|     ap_none|                                       REG_V_54_reload|        scalar|
|REG_V_62_reload                                                |   in|   16|     ap_none|                                       REG_V_62_reload|        scalar|
|REG_V_35_reload                                                |   in|   16|     ap_none|                                       REG_V_35_reload|        scalar|
|REG_V_43_reload                                                |   in|   16|     ap_none|                                       REG_V_43_reload|        scalar|
|REG_V_51_reload                                                |   in|   16|     ap_none|                                       REG_V_51_reload|        scalar|
|REG_V_59_reload                                                |   in|   16|     ap_none|                                       REG_V_59_reload|        scalar|
|REG_V_39_reload                                                |   in|   16|     ap_none|                                       REG_V_39_reload|        scalar|
|REG_V_47_reload                                                |   in|   16|     ap_none|                                       REG_V_47_reload|        scalar|
|REG_V_55_reload                                                |   in|   16|     ap_none|                                       REG_V_55_reload|        scalar|
|REG_V_63_reload                                                |   in|   16|     ap_none|                                       REG_V_63_reload|        scalar|
|tmp_7                                                          |   in|    2|     ap_none|                                                 tmp_7|        scalar|
|zext_ln63                                                      |   in|    3|     ap_none|                                             zext_ln63|        scalar|
|phase                                                          |   in|    1|     ap_none|                                                 phase|        scalar|
|compute2in_ap_int_32_ap_int_32_ap_int_32_bool_REG1_i           |   in|   32|     ap_ovld|    compute2in_ap_int_32_ap_int_32_ap_int_32_bool_REG1|       pointer|
|compute2in_ap_int_32_ap_int_32_ap_int_32_bool_REG1_o           |  out|   32|     ap_ovld|    compute2in_ap_int_32_ap_int_32_ap_int_32_bool_REG1|       pointer|
|compute2in_ap_int_32_ap_int_32_ap_int_32_bool_REG1_o_ap_vld    |  out|    1|     ap_ovld|    compute2in_ap_int_32_ap_int_32_ap_int_32_bool_REG1|       pointer|
|compute2in_ap_int_32_ap_int_32_ap_int_32_bool_REG1_5_i         |   in|   32|     ap_ovld|  compute2in_ap_int_32_ap_int_32_ap_int_32_bool_REG1_5|       pointer|
|compute2in_ap_int_32_ap_int_32_ap_int_32_bool_REG1_5_o         |  out|   32|     ap_ovld|  compute2in_ap_int_32_ap_int_32_ap_int_32_bool_REG1_5|       pointer|
|compute2in_ap_int_32_ap_int_32_ap_int_32_bool_REG1_5_o_ap_vld  |  out|    1|     ap_ovld|  compute2in_ap_int_32_ap_int_32_ap_int_32_bool_REG1_5|       pointer|
|p_ZZ10compute2inP6ap_intILi32EES1_S1_bE4REG1_10_i              |   in|   32|     ap_ovld|       p_ZZ10compute2inP6ap_intILi32EES1_S1_bE4REG1_10|       pointer|
|p_ZZ10compute2inP6ap_intILi32EES1_S1_bE4REG1_10_o              |  out|   32|     ap_ovld|       p_ZZ10compute2inP6ap_intILi32EES1_S1_bE4REG1_10|       pointer|
|p_ZZ10compute2inP6ap_intILi32EES1_S1_bE4REG1_10_o_ap_vld       |  out|    1|     ap_ovld|       p_ZZ10compute2inP6ap_intILi32EES1_S1_bE4REG1_10|       pointer|
+---------------------------------------------------------------+-----+-----+------------+------------------------------------------------------+--------------+

