

================================================================
== Vitis HLS Report for 'compute2in_Pipeline_VITIS_LOOP_66_2'
================================================================
* Date:           Mon Sep 14 03:39:05 2026

* Version:        2022.2 (Build 3670227 on Oct 13 2022)
* Project:        Compute_block2in
* Solution:       solution1 (Vivado IP Flow Target)
* Product family: zynquplus
* Target device:  xczu7ev-ffvc1156-2-e


================================================================
== Performance Estimates
================================================================
+ Timing: 
    * Summary: 
    +--------+----------+----------+------------+
    |  Clock |  Target  | Estimated| Uncertainty|
    +--------+----------+----------+------------+
    |ap_clk  |  10.00 ns|  2.092 ns|     2.70 ns|
    +--------+----------+----------+------------+

+ Latency: 
    * Summary: 
    +---------+---------+-----------+-----------+-----+-----+---------+
    |  Latency (cycles) |   Latency (absolute)  |  Interval | Pipeline|
    |   min   |   max   |    min    |    max    | min | max |   Type  |
    +---------+---------+-----------+-----------+-----+-----+---------+
    |        9|        9|  90.000 ns|  90.000 ns|    9|    9|       no|
    +---------+---------+-----------+-----------+-----+-----+---------+

    + Detail: 
        * Instance: 
        N/A

        * Loop: 
        +-------------------+---------+---------+----------+-----------+-----------+------+----------+
        |                   |  Latency (cycles) | Iteration|  Initiation Interval  | Trip |          |
        |     Loop Name     |   min   |   max   |  Latency |  achieved |   target  | Count| Pipelined|
        +-------------------+---------+---------+----------+-----------+-----------+------+----------+
        |- VITIS_LOOP_66_2  |        7|        7|         6|          1|          1|     2|       yes|
        +-------------------+---------+---------+----------+-----------+-----------+------+----------+



================================================================
== Utilization Estimates
================================================================
* Summary: 
+-----------------+---------+------+--------+--------+-----+
|       Name      | BRAM_18K|  DSP |   FF   |   LUT  | URAM|
+-----------------+---------+------+--------+--------+-----+
|DSP              |        -|     2|       -|       -|    -|
|Expression       |        -|     -|       0|     590|    -|
|FIFO             |        -|     -|       -|       -|    -|
|Instance         |        -|     -|       -|       -|    -|
|Memory           |        -|     -|       -|       -|    -|
|Multiplexer      |        -|     -|       -|     333|    -|
|Register         |        -|     -|     658|      32|    -|
+-----------------+---------+------+--------+--------+-----+
|Total            |        0|     2|     658|     955|    0|
+-----------------+---------+------+--------+--------+-----+
|Available        |      624|  1728|  460800|  230400|   96|
+-----------------+---------+------+--------+--------+-----+
|Utilization (%)  |        0|    ~0|      ~0|      ~0|    0|
+-----------------+---------+------+--------+--------+-----+

+ Detail: 
    * Instance: 
    N/A

    * DSP: 
    +-------------------------------------+----------------------------------+--------------+
    |               Instance              |              Module              |  Expression  |
    +-------------------------------------+----------------------------------+--------------+
    |mac_muladd_16ns_16ns_32ns_33_4_1_U2  |mac_muladd_16ns_16ns_32ns_33_4_1  |  i0 + i1 * i2|
    |mul_mul_16ns_16ns_32_4_1_U1          |mul_mul_16ns_16ns_32_4_1          |       i0 * i1|
    +-------------------------------------+----------------------------------+--------------+

    * Memory: 
    N/A

    * FIFO: 
    N/A

    * Expression: 
    +--------------------------+----------+----+---+----+------------+------------+
    |       Variable Name      | Operation| DSP| FF| LUT| Bitwidth P0| Bitwidth P1|
    +--------------------------+----------+----+---+----+------------+------------+
    |add_ln66_fu_964_p2        |         +|   0|  0|   9|           2|           1|
    |add_ln68_fu_974_p2        |         +|   0|  0|  10|           3|           3|
    |self_sum_V_3_fu_1531_p2   |         +|   0|  0|  41|          34|          34|
    |ap_condition_1001         |       and|   0|  0|   2|           1|           1|
    |ap_condition_1004         |       and|   0|  0|   2|           1|           1|
    |ap_condition_995          |       and|   0|  0|   2|           1|           1|
    |ap_condition_998          |       and|   0|  0|   2|           1|           1|
    |icmp_ln66_fu_958_p2       |      icmp|   0|  0|   8|           2|           3|
    |REG_V_65_fu_1407_p3       |    select|   0|  0|  16|           1|          16|
    |REG_V_66_fu_1414_p3       |    select|   0|  0|  16|           1|          16|
    |REG_V_72_fu_1287_p3       |    select|   0|  0|  16|           1|          16|
    |REG_V_73_fu_1294_p3       |    select|   0|  0|  16|           1|          16|
    |REG_V_74_fu_1167_p3       |    select|   0|  0|  16|           1|          16|
    |REG_V_75_fu_1174_p3       |    select|   0|  0|  16|           1|          16|
    |REG_V_78_fu_1047_p3       |    select|   0|  0|  16|           1|          16|
    |REG_V_79_fu_1054_p3       |    select|   0|  0|  16|           1|          16|
    |REG_V_80_fu_1082_p3       |    select|   0|  0|  16|           1|          16|
    |REG_V_81_fu_1075_p3       |    select|   0|  0|  16|           1|          16|
    |REG_V_82_fu_1068_p3       |    select|   0|  0|  16|           1|          16|
    |REG_V_83_fu_1061_p3       |    select|   0|  0|  16|           1|          16|
    |select_ln75_1_fu_1428_p3  |    select|   0|  0|  16|           1|          16|
    |select_ln75_2_fu_1301_p3  |    select|   0|  0|  16|           1|          16|
    |select_ln75_3_fu_1308_p3  |    select|   0|  0|  16|           1|          16|
    |select_ln75_4_fu_1181_p3  |    select|   0|  0|  16|           1|          16|
    |select_ln75_5_fu_1188_p3  |    select|   0|  0|  16|           1|          16|
    |select_ln75_fu_1421_p3    |    select|   0|  0|  16|           1|          16|
    |select_ln76_1_fu_1442_p3  |    select|   0|  0|  16|           1|          16|
    |select_ln76_2_fu_1315_p3  |    select|   0|  0|  16|           1|          16|
    |select_ln76_3_fu_1322_p3  |    select|   0|  0|  16|           1|          16|
    |select_ln76_4_fu_1195_p3  |    select|   0|  0|  16|           1|          16|
    |select_ln76_5_fu_1202_p3  |    select|   0|  0|  16|           1|          16|
    |select_ln76_fu_1435_p3    |    select|   0|  0|  16|           1|          16|
    |select_ln77_1_fu_1456_p3  |    select|   0|  0|  16|           1|          16|
    |select_ln77_2_fu_1329_p3  |    select|   0|  0|  16|           1|          16|
    |select_ln77_3_fu_1336_p3  |    select|   0|  0|  16|           1|          16|
    |select_ln77_4_fu_1209_p3  |    select|   0|  0|  16|           1|          16|
    |select_ln77_5_fu_1216_p3  |    select|   0|  0|  16|           1|          16|
    |select_ln77_6_fu_1089_p3  |    select|   0|  0|  16|           1|          16|
    |select_ln77_7_fu_1096_p3  |    select|   0|  0|  16|           1|          16|
    |select_ln77_fu_1449_p3    |    select|   0|  0|  16|           1|          16|
    |ap_enable_pp0             |       xor|   0|  0|   2|           1|           2|
    +--------------------------+----------+----+---+----+------------+------------+
    |Total                     |          |   0|  0| 590|          78|         559|
    +--------------------------+----------+----+---+----+------------+------------+

    * Multiplexer: 
    +----------------------------------+----+-----------+-----+-----------+
    |               Name               | LUT| Input Size| Bits| Total Bits|
    +----------------------------------+----+-----------+-----+-----------+
    |REG_V_32_fu_196                   |   9|          2|   16|         32|
    |REG_V_33_fu_200                   |   9|          2|   16|         32|
    |REG_V_34_fu_204                   |   9|          2|   16|         32|
    |REG_V_35_fu_208                   |   9|          2|   16|         32|
    |REG_V_36_fu_212                   |   9|          2|   16|         32|
    |REG_V_37_fu_216                   |   9|          2|   16|         32|
    |REG_V_38_fu_220                   |   9|          2|   16|         32|
    |REG_V_39_fu_224                   |   9|          2|   16|         32|
    |REG_V_40_fu_228                   |   9|          2|   16|         32|
    |REG_V_41_fu_232                   |   9|          2|   16|         32|
    |REG_V_42_fu_236                   |   9|          2|   16|         32|
    |REG_V_43_fu_240                   |   9|          2|   16|         32|
    |REG_V_44_fu_244                   |   9|          2|   16|         32|
    |REG_V_45_fu_248                   |   9|          2|   16|         32|
    |REG_V_46_fu_252                   |   9|          2|   16|         32|
    |REG_V_47_fu_256                   |   9|          2|   16|         32|
    |REG_V_48_fu_260                   |   9|          2|   16|         32|
    |REG_V_49_fu_264                   |   9|          2|   16|         32|
    |REG_V_50_fu_268                   |   9|          2|   16|         32|
    |REG_V_51_fu_272                   |   9|          2|   16|         32|
    |REG_V_52_fu_276                   |   9|          2|   16|         32|
    |REG_V_53_fu_280                   |   9|          2|   16|         32|
    |REG_V_54_fu_284                   |   9|          2|   16|         32|
    |REG_V_55_fu_288                   |   9|          2|   16|         32|
    |REG_V_56_fu_292                   |   9|          2|   16|         32|
    |REG_V_57_fu_296                   |   9|          2|   16|         32|
    |REG_V_58_fu_300                   |   9|          2|   16|         32|
    |REG_V_59_fu_304                   |   9|          2|   16|         32|
    |REG_V_60_fu_308                   |   9|          2|   16|         32|
    |REG_V_61_fu_312                   |   9|          2|   16|         32|
    |REG_V_62_fu_316                   |   9|          2|   16|         32|
    |REG_V_63_fu_320                   |   9|          2|   16|         32|
    |ap_done_int                       |   9|          2|    1|          2|
    |ap_loop_exit_ready_pp0_iter5_reg  |   9|          2|    1|          2|
    |ap_sig_allocacmp_fe_1             |   9|          2|    2|          4|
    |fe_fu_192                         |   9|          2|    2|          4|
    |self_sum_V_fu_188                 |   9|          2|   34|         68|
    +----------------------------------+----+-----------+-----+-----------+
    |Total                             | 333|         74|  552|       1104|
    +----------------------------------+----+-----------+-----+-----------+

    * Register: 
    +----------------------------------+----+----+-----+-----------+
    |               Name               | FF | LUT| Bits| Const Bits|
    +----------------------------------+----+----+-----+-----------+
    |REG_V_32_fu_196                   |  16|   0|   16|          0|
    |REG_V_33_fu_200                   |  16|   0|   16|          0|
    |REG_V_34_fu_204                   |  16|   0|   16|          0|
    |REG_V_35_fu_208                   |  16|   0|   16|          0|
    |REG_V_36_fu_212                   |  16|   0|   16|          0|
    |REG_V_37_fu_216                   |  16|   0|   16|          0|
    |REG_V_38_fu_220                   |  16|   0|   16|          0|
    |REG_V_39_fu_224                   |  16|   0|   16|          0|
    |REG_V_40_fu_228                   |  16|   0|   16|          0|
    |REG_V_41_fu_232                   |  16|   0|   16|          0|
    |REG_V_42_fu_236                   |  16|   0|   16|          0|
    |REG_V_43_fu_240                   |  16|   0|   16|          0|
    |REG_V_44_fu_244                   |  16|   0|   16|          0|
    |REG_V_45_fu_248                   |  16|   0|   16|          0|
    |REG_V_46_fu_252                   |  16|   0|   16|          0|
    |REG_V_47_fu_256                   |  16|   0|   16|          0|
    |REG_V_48_fu_260                   |  16|   0|   16|          0|
    |REG_V_49_fu_264                   |  16|   0|   16|          0|
    |REG_V_50_fu_268                   |  16|   0|   16|          0|
    |REG_V_51_fu_272                   |  16|   0|   16|          0|
    |REG_V_52_fu_276                   |  16|   0|   16|          0|
    |REG_V_53_fu_280                   |  16|   0|   16|          0|
    |REG_V_54_fu_284                   |  16|   0|   16|          0|
    |REG_V_55_fu_288                   |  16|   0|   16|          0|
    |REG_V_56_fu_292                   |  16|   0|   16|          0|
    |REG_V_57_fu_296                   |  16|   0|   16|          0|
    |REG_V_58_fu_300                   |  16|   0|   16|          0|
    |REG_V_59_fu_304                   |  16|   0|   16|          0|
    |REG_V_60_fu_308                   |  16|   0|   16|          0|
    |REG_V_61_fu_312                   |  16|   0|   16|          0|
    |REG_V_62_fu_316                   |  16|   0|   16|          0|
    |REG_V_63_fu_320                   |  16|   0|   16|          0|
    |ap_CS_fsm                         |   1|   0|    1|          0|
    |ap_done_reg                       |   1|   0|    1|          0|
    |ap_enable_reg_pp0_iter1           |   1|   0|    1|          0|
    |ap_enable_reg_pp0_iter2           |   1|   0|    1|          0|
    |ap_enable_reg_pp0_iter3           |   1|   0|    1|          0|
    |ap_enable_reg_pp0_iter4           |   1|   0|    1|          0|
    |ap_enable_reg_pp0_iter5           |   1|   0|    1|          0|
    |ap_loop_exit_ready_pp0_iter1_reg  |   1|   0|    1|          0|
    |ap_loop_exit_ready_pp0_iter2_reg  |   1|   0|    1|          0|
    |ap_loop_exit_ready_pp0_iter3_reg  |   1|   0|    1|          0|
    |ap_loop_exit_ready_pp0_iter4_reg  |   1|   0|    1|          0|
    |ap_loop_exit_ready_pp0_iter5_reg  |   1|   0|    1|          0|
    |fe_fu_192                         |   2|   0|    2|          0|
    |icmp_ln66_reg_1960                |   1|   0|    1|          0|
    |lhs_reg_2010                      |  16|   0|   16|          0|
    |rhs_reg_2015                      |  16|   0|   16|          0|
    |self_sum_V_fu_188                 |  34|   0|   34|          0|
    |trunc_ln74_reg_1974               |   1|   0|    1|          0|
    |icmp_ln66_reg_1960                |  64|  32|    1|          0|
    +----------------------------------+----+----+-----+-----------+
    |Total                             | 658|  32|  595|          0|
    +----------------------------------+----+----+-----+-----------+



================================================================
== Interface
================================================================
* Summary: 
+-----------------------+-----+-----+------------+-------------------------------------+--------------+
|       RTL Ports       | Dir | Bits|  Protocol  |            Source Object            |    C Type    |
+-----------------------+-----+-----+------------+-------------------------------------+--------------+
|ap_clk                 |   in|    1|  ap_ctrl_hs|  compute2in_Pipeline_VITIS_LOOP_66_2|  return value|
|ap_rst                 |   in|    1|  ap_ctrl_hs|  compute2in_Pipeline_VITIS_LOOP_66_2|  return value|
|ap_start               |   in|    1|  ap_ctrl_hs|  compute2in_Pipeline_VITIS_LOOP_66_2|  return value|
|ap_done                |  out|    1|  ap_ctrl_hs|  compute2in_Pipeline_VITIS_LOOP_66_2|  return value|
|ap_idle                |  out|    1|  ap_ctrl_hs|  compute2in_Pipeline_VITIS_LOOP_66_2|  return value|
|ap_ready               |  out|    1|  ap_ctrl_hs|  compute2in_Pipeline_VITIS_LOOP_66_2|  return value|
|REG_V_31               |   in|   16|     ap_none|                             REG_V_31|        scalar|
|REG_V_30               |   in|   16|     ap_none|                             REG_V_30|        scalar|
|REG_V_29               |   in|   16|     ap_none|                             REG_V_29|        scalar|
|REG_V_28               |   in|   16|     ap_none|                             REG_V_28|        scalar|
|REG_V_27               |   in|   16|     ap_none|                             REG_V_27|        scalar|
|REG_V_26               |   in|   16|     ap_none|                             REG_V_26|        scalar|
|REG_V_25               |   in|   16|     ap_none|                             REG_V_25|        scalar|
|REG_V_24               |   in|   16|     ap_none|                             REG_V_24|        scalar|
|REG_V_23               |   in|   16|     ap_none|                             REG_V_23|        scalar|
|REG_V_22               |   in|   16|     ap_none|                             REG_V_22|        scalar|
|REG_V_21               |   in|   16|     ap_none|                             REG_V_21|        scalar|
|REG_V_20               |   in|   16|     ap_none|                             REG_V_20|        scalar|
|REG_V_19               |   in|   16|     ap_none|                             REG_V_19|        scalar|
|REG_V_18               |   in|   16|     ap_none|                             REG_V_18|        scalar|
|REG_V_17               |   in|   16|     ap_none|                             REG_V_17|        scalar|
|REG_V_16               |   in|   16|     ap_none|                             REG_V_16|        scalar|
|REG_V_15               |   in|   16|     ap_none|                             REG_V_15|        scalar|
|REG_V_14               |   in|   16|     ap_none|                             REG_V_14|        scalar|
|REG_V_13               |   in|   16|     ap_none|                             REG_V_13|        scalar|
|REG_V_12               |   in|   16|     ap_none|                             REG_V_12|        scalar|
|REG_V_11               |   in|   16|     ap_none|                             REG_V_11|        scalar|
|REG_V_10               |   in|   16|     ap_none|                             REG_V_10|        scalar|
|REG_V_9                |   in|   16|     ap_none|                              REG_V_9|        scalar|
|REG_V_8                |   in|   16|     ap_none|                              REG_V_8|        scalar|
|REG_V_7                |   in|   16|     ap_none|                              REG_V_7|        scalar|
|REG_V_6                |   in|   16|     ap_none|                              REG_V_6|        scalar|
|REG_V_5                |   in|   16|     ap_none|                              REG_V_5|        scalar|
|REG_V_4                |   in|   16|     ap_none|                              REG_V_4|        scalar|
|REG_V_3                |   in|   16|     ap_none|                              REG_V_3|        scalar|
|REG_V_2                |   in|   16|     ap_none|                              REG_V_2|        scalar|
|REG_V_1                |   in|   16|     ap_none|                              REG_V_1|        scalar|
|REG_V                  |   in|   16|     ap_none|                                REG_V|        scalar|
|tmp_8                  |   in|    3|     ap_none|                                tmp_8|        scalar|
|buffer_a_address0      |  out|    3|   ap_memory|                             buffer_a|         array|
|buffer_a_ce0           |  out|    1|   ap_memory|                             buffer_a|         array|
|buffer_a_q0            |   in|   32|   ap_memory|                             buffer_a|         array|
|buffer_b_address0      |  out|    3|   ap_memory|                             buffer_b|         array|
|buffer_b_ce0           |  out|    1|   ap_memory|                             buffer_b|         array|
|buffer_b_q0            |   in|   32|   ap_memory|                             buffer_b|         array|
|tmp_7                  |   in|    2|     ap_none|                                tmp_7|        scalar|
|REG_V_63_out           |  out|   16|      ap_vld|                         REG_V_63_out|       pointer|
|REG_V_63_out_ap_vld    |  out|    1|      ap_vld|                         REG_V_63_out|       pointer|
|REG_V_62_out           |  out|   16|      ap_vld|                         REG_V_62_out|       pointer|
|REG_V_62_out_ap_vld    |  out|    1|      ap_vld|                         REG_V_62_out|       pointer|
|REG_V_61_out           |  out|   16|      ap_vld|                         REG_V_61_out|       pointer|
|REG_V_61_out_ap_vld    |  out|    1|      ap_vld|                         REG_V_61_out|       pointer|
|REG_V_60_out           |  out|   16|      ap_vld|                         REG_V_60_out|       pointer|
|REG_V_60_out_ap_vld    |  out|    1|      ap_vld|                         REG_V_60_out|       pointer|
|REG_V_59_out           |  out|   16|      ap_vld|                         REG_V_59_out|       pointer|
|REG_V_59_out_ap_vld    |  out|    1|      ap_vld|                         REG_V_59_out|       pointer|
|REG_V_58_out           |  out|   16|      ap_vld|                         REG_V_58_out|       pointer|
|REG_V_58_out_ap_vld    |  out|    1|      ap_vld|                         REG_V_58_out|       pointer|
|REG_V_57_out           |  out|   16|      ap_vld|                         REG_V_57_out|       pointer|
|REG_V_57_out_ap_vld    |  out|    1|      ap_vld|                         REG_V_57_out|       pointer|
|REG_V_56_out           |  out|   16|      ap_vld|                         REG_V_56_out|       pointer|
|REG_V_56_out_ap_vld    |  out|    1|      ap_vld|                         REG_V_56_out|       pointer|
|REG_V_55_out           |  out|   16|      ap_vld|                         REG_V_55_out|       pointer|
|REG_V_55_out_ap_vld    |  out|    1|      ap_vld|                         REG_V_55_out|       pointer|
|REG_V_54_out           |  out|   16|      ap_vld|                         REG_V_54_out|       pointer|
|REG_V_54_out_ap_vld    |  out|    1|      ap_vld|                         REG_V_54_out|       pointer|
|REG_V_53_out           |  out|   16|      ap_vld|                         REG_V_53_out|       pointer|
|REG_V_53_out_ap_vld    |  out|    1|      ap_vld|                         REG_V_53_out|       pointer|
|REG_V_52_out           |  out|   16|      ap_vld|                         REG_V_52_out|       pointer|
|REG_V_52_out_ap_vld    |  out|    1|      ap_vld|                         REG_V_52_out|       pointer|
|REG_V_51_out           |  out|   16|      ap_vld|                         REG_V_51_out|       pointer|
|REG_V_51_out_ap_vld    |  out|    1|      ap_vld|                         REG_V_51_out|       pointer|
|REG_V_50_out           |  out|   16|      ap_vld|                         REG_V_50_out|       pointer|
|REG_V_50_out_ap_vld    |  out|    1|      ap_vld|                         REG_V_50_out|       pointer|
|REG_V_49_out           |  out|   16|      ap_vld|                         REG_V_49_out|       pointer|
|REG_V_49_out_ap_vld    |  out|    1|      ap_vld|                         REG_V_49_out|       pointer|
|REG_V_48_out           |  out|   16|      ap_vld|                         REG_V_48_out|       pointer|
|REG_V_48_out_ap_vld    |  out|    1|      ap_vld|                         REG_V_48_out|       pointer|
|REG_V_47_out           |  out|   16|      ap_vld|                         REG_V_47_out|       pointer|
|REG_V_47_out_ap_vld    |  out|    1|      ap_vld|                         REG_V_47_out|       pointer|
|REG_V_46_out           |  out|   16|      ap_vld|                         REG_V_46_out|       pointer|
|REG_V_46_out_ap_vld    |  out|    1|      ap_vld|                         REG_V_46_out|       pointer|
|REG_V_45_out           |  out|   16|      ap_vld|                         REG_V_45_out|       pointer|
|REG_V_45_out_ap_vld    |  out|    1|      ap_vld|                         REG_V_45_out|       pointer|
|REG_V_44_out           |  out|   16|      ap_vld|                         REG_V_44_out|       pointer|
|REG_V_44_out_ap_vld    |  out|    1|      ap_vld|                         REG_V_44_out|       pointer|
|REG_V_43_out           |  out|   16|      ap_vld|                         REG_V_43_out|       pointer|
|REG_V_43_out_ap_vld    |  out|    1|      ap_vld|                         REG_V_43_out|       pointer|
|REG_V_42_out           |  out|   16|      ap_vld|                         REG_V_42_out|       pointer|
|REG_V_42_out_ap_vld    |  out|    1|      ap_vld|                         REG_V_42_out|       pointer|
|REG_V_41_out           |  out|   16|      ap_vld|                         REG_V_41_out|       pointer|
|REG_V_41_out_ap_vld    |  out|    1|      ap_vld|                         REG_V_41_out|       pointer|
|REG_V_40_out           |  out|   16|      ap_vld|                         REG_V_40_out|       pointer|
|REG_V_40_out_ap_vld    |  out|    1|      ap_vld|                         REG_V_40_out|       pointer|
|REG_V_39_out           |  out|   16|      ap_vld|                         REG_V_39_out|       pointer|
|REG_V_39_out_ap_vld    |  out|    1|      ap_vld|                         REG_V_39_out|       pointer|
|REG_V_38_out           |  out|   16|      ap_vld|                         REG_V_38_out|       pointer|
|REG_V_38_out_ap_vld    |  out|    1|      ap_vld|                         REG_V_38_out|       pointer|
|REG_V_37_out           |  out|   16|      ap_vld|                         REG_V_37_out|       pointer|
|REG_V_37_out_ap_vld    |  out|    1|      ap_vld|                         REG_V_37_out|       pointer|
|REG_V_36_out           |  out|   16|      ap_vld|                         REG_V_36_out|       pointer|
|REG_V_36_out_ap_vld    |  out|    1|      ap_vld|                         REG_V_36_out|       pointer|
|REG_V_35_out           |  out|   16|      ap_vld|                         REG_V_35_out|       pointer|
|REG_V_35_out_ap_vld    |  out|    1|      ap_vld|                         REG_V_35_out|       pointer|
|REG_V_34_out           |  out|   16|      ap_vld|                         REG_V_34_out|       pointer|
|REG_V_34_out_ap_vld    |  out|    1|      ap_vld|                         REG_V_34_out|       pointer|
|REG_V_33_out           |  out|   16|      ap_vld|                         REG_V_33_out|       pointer|
|REG_V_33_out_ap_vld    |  out|    1|      ap_vld|                         REG_V_33_out|       pointer|
|REG_V_32_out           |  out|   16|      ap_vld|                         REG_V_32_out|       pointer|
|REG_V_32_out_ap_vld    |  out|    1|      ap_vld|                         REG_V_32_out|       pointer|
|self_sum_V_out         |  out|   32|      ap_vld|                       self_sum_V_out|       pointer|
|self_sum_V_out_ap_vld  |  out|    1|      ap_vld|                       self_sum_V_out|       pointer|
+-----------------------+-----+-----+------------+-------------------------------------+--------------+

