

================================================================
== Vitis HLS Report for 'compute2in'
================================================================
* Date:           Mon Sep 14 03:39:06 2026

* Version:        2022.2 (Build 3670227 on Oct 13 2022)
* Project:        Compute_block2in
* Solution:       solution1 (Vivado IP Flow Target)
* Product family: zynquplus
* Target device:  xczu7ev-ffvc1156-2-e


================================================================
== Performance Estimates
================================================================
+ Timing: 
    * Summary: 
    +--------+----------+----------+------------+
    |  Clock |  Target  | Estimated| Uncertainty|
    +--------+----------+----------+------------+
    |ap_clk  |  10.00 ns|  2.240 ns|     2.70 ns|
    +--------+----------+----------+------------+

+ Latency: 
    * Summary: 
    +---------+---------+----------+----------+-----+-----+---------+
    |  Latency (cycles) |  Latency (absolute) |  Interval | Pipeline|
    |   min   |   max   |    min   |    max   | min | max |   Type  |
    +---------+---------+----------+----------+-----+-----+---------+
    |       65|      105|  0.650 us|  1.050 us|   66|  106|       no|
    +---------+---------+----------+----------+-----+-----+---------+

    + Detail: 
        * Instance: 
        +------------------------------------------------+-------------------------------------+---------+---------+-----------+-----------+-----+-----+---------+
        |                                                |                                     |  Latency (cycles) |   Latency (absolute)  |  Interval | Pipeline|
        |                    Instance                    |                Module               |   min   |   max   |    min    |    max    | min | max |   Type  |
        +------------------------------------------------+-------------------------------------+---------+---------+-----------+-----------+-----+-----+---------+
        |grp_compute2in_Pipeline_VITIS_LOOP_66_2_fu_389  |compute2in_Pipeline_VITIS_LOOP_66_2  |        9|        9|  90.000 ns|  90.000 ns|    9|    9|       no|
        |grp_compute2in_Pipeline_VITIS_LOOP_87_3_fu_464  |compute2in_Pipeline_VITIS_LOOP_87_3  |        2|       12|  20.000 ns|   0.120 us|    2|   12|       no|
        +------------------------------------------------+-------------------------------------+---------+---------+-----------+-----------+-----+-----+---------+

        * Loop: 
        +-------------------+---------+---------+----------+-----------+-----------+------+----------+
        |                   |  Latency (cycles) | Iteration|  Initiation Interval  | Trip |          |
        |     Loop Name     |   min   |   max   |  Latency |  achieved |   target  | Count| Pipelined|
        +-------------------+---------+---------+----------+-----------+-----------+------+----------+
        |- VITIS_LOOP_63_1  |       64|      104|   16 ~ 26|          -|          -|     4|        no|
        +-------------------+---------+---------+----------+-----------+-----------+------+----------+



================================================================
== Utilization Estimates
================================================================
* Summary: 
+-----------------+---------+------+--------+--------+-----+
|       Name      | BRAM_18K|  DSP |   FF   |   LUT  | URAM|
+-----------------+---------+------+--------+--------+-----+
|DSP              |        -|     -|       -|       -|    -|
|Expression       |        -|     -|       0|      67|    -|
|FIFO             |        -|     -|       -|       -|    -|
|Instance         |        -|    10|    1660|    1866|    -|
|Memory           |        -|     -|       -|       -|    -|
|Multiplexer      |        -|     -|       -|     156|    -|
|Register         |        -|     -|     697|       -|    -|
+-----------------+---------+------+--------+--------+-----+
|Total            |        0|    10|    2357|    2089|    0|
+-----------------+---------+------+--------+--------+-----+
|Available        |      624|  1728|  460800|  230400|   96|
+-----------------+---------+------+--------+--------+-----+
|Utilization (%)  |        0|    ~0|      ~0|      ~0|    0|
+-----------------+---------+------+--------+--------+-----+

+ Detail: 
    * Instance: 
    +------------------------------------------------+-------------------------------------+---------+----+------+-----+-----+
    |                    Instance                    |                Module               | BRAM_18K| DSP|  FF  | LUT | URAM|
    +------------------------------------------------+-------------------------------------+---------+----+------+-----+-----+
    |grp_compute2in_Pipeline_VITIS_LOOP_66_2_fu_389  |compute2in_Pipeline_VITIS_LOOP_66_2  |        0|   2|   658|  955|    0|
    |grp_compute2in_Pipeline_VITIS_LOOP_87_3_fu_464  |compute2in_Pipeline_VITIS_LOOP_87_3  |        0|   8|  1002|  891|    0|
    |mux_42_32_1_1_U146                              |mux_42_32_1_1                        |        0|   0|     0|   20|    0|
    +------------------------------------------------+-------------------------------------+---------+----+------+-----+-----+
    |Total                                           |                                     |        0|  10|  1660| 1866|    0|
    +------------------------------------------------+-------------------------------------+---------+----+------+-----+-----+

    * DSP: 
    N/A

    * Memory: 
    N/A

    * FIFO: 
    N/A

    * Expression: 
    +----------------------+----------+----+---+----+------------+------------+
    |     Variable Name    | Operation| DSP| FF| LUT| Bitwidth P0| Bitwidth P1|
    +----------------------+----------+----+---+----+------------+------------+
    |add_ln63_1_fu_572_p2  |         +|   0|  0|   9|           2|           1|
    |add_ln63_fu_888_p2    |         +|   0|  0|  10|           3|           1|
    |add_ln83_fu_870_p2    |         +|   0|  0|  39|          32|          32|
    |icmp_ln63_fu_566_p2   |      icmp|   0|  0|   9|           3|           4|
    +----------------------+----------+----+---+----+------------+------------+
    |Total                 |          |   0|  0|  67|          40|          38|
    +----------------------+----------+----+---+----+------------+------------+

    * Multiplexer: 
    +------------------------------------------------------+----+-----------+-----+-----------+
    |                         Name                         | LUT| Input Size| Bits| Total Bits|
    +------------------------------------------------------+----+-----------+-----+-----------+
    |ap_NS_fsm                                             |  37|          7|    1|          7|
    |ap_sig_allocacmp_dummy_1                              |   9|          2|    1|          2|
    |buffer_2_address0                                     |  14|          3|    4|         12|
    |buffer_2_ce0                                          |  14|          3|    1|          3|
    |buffer_2_d0                                           |  14|          3|   32|         96|
    |buffer_2_we0                                          |  14|          3|    1|          3|
    |compute2in_ap_int_32_ap_int_32_ap_int_32_bool_REG1    |   9|          2|   32|         64|
    |compute2in_ap_int_32_ap_int_32_ap_int_32_bool_REG1_5  |   9|          2|   32|         64|
    |dummy_fu_366                                          |   9|          2|    1|          2|
    |i_fu_98                                               |   9|          2|    3|          6|
    |indvars_iv424_fu_230                                  |   9|          2|    2|          4|
    |p_ZZ10compute2inP6ap_intILi32EES1_S1_bE4REG1_10       |   9|          2|   32|         64|
    +------------------------------------------------------+----+-----------+-----+-----------+
    |Total                                                 | 156|         33|  142|        327|
    +------------------------------------------------------+----+-----------+-----+-----------+

    * Register: 
    +-------------------------------------------------------------+----+----+-----+-----------+
    |                             Name                            | FF | LUT| Bits| Const Bits|
    +-------------------------------------------------------------+----+----+-----+-----------+
    |REG_V_10_fu_142                                              |  16|   0|   16|          0|
    |REG_V_11_fu_146                                              |  16|   0|   16|          0|
    |REG_V_12_fu_150                                              |  16|   0|   16|          0|
    |REG_V_13_fu_154                                              |  16|   0|   16|          0|
    |REG_V_14_fu_158                                              |  16|   0|   16|          0|
    |REG_V_15_fu_162                                              |  16|   0|   16|          0|
    |REG_V_16_fu_166                                              |  16|   0|   16|          0|
    |REG_V_17_fu_170                                              |  16|   0|   16|          0|
    |REG_V_18_fu_174                                              |  16|   0|   16|          0|
    |REG_V_19_fu_178                                              |  16|   0|   16|          0|
    |REG_V_1_fu_106                                               |  16|   0|   16|          0|
    |REG_V_20_fu_182                                              |  16|   0|   16|          0|
    |REG_V_21_fu_186                                              |  16|   0|   16|          0|
    |REG_V_22_fu_190                                              |  16|   0|   16|          0|
    |REG_V_23_fu_194                                              |  16|   0|   16|          0|
    |REG_V_24_fu_198                                              |  16|   0|   16|          0|
    |REG_V_25_fu_202                                              |  16|   0|   16|          0|
    |REG_V_26_fu_206                                              |  16|   0|   16|          0|
    |REG_V_27_fu_210                                              |  16|   0|   16|          0|
    |REG_V_28_fu_214                                              |  16|   0|   16|          0|
    |REG_V_29_fu_218                                              |  16|   0|   16|          0|
    |REG_V_2_fu_110                                               |  16|   0|   16|          0|
    |REG_V_30_fu_222                                              |  16|   0|   16|          0|
    |REG_V_31_fu_226                                              |  16|   0|   16|          0|
    |REG_V_3_fu_114                                               |  16|   0|   16|          0|
    |REG_V_4_fu_118                                               |  16|   0|   16|          0|
    |REG_V_5_fu_122                                               |  16|   0|   16|          0|
    |REG_V_6_fu_126                                               |  16|   0|   16|          0|
    |REG_V_7_fu_130                                               |  16|   0|   16|          0|
    |REG_V_8_fu_134                                               |  16|   0|   16|          0|
    |REG_V_9_fu_138                                               |  16|   0|   16|          0|
    |REG_V_fu_102                                                 |  16|   0|   16|          0|
    |add_ln63_1_reg_1492                                          |   2|   0|    2|          0|
    |ap_CS_fsm                                                    |   6|   0|    6|          0|
    |compute2in_ap_int_32_ap_int_32_ap_int_32_bool_REG1           |  32|   0|   32|          0|
    |compute2in_ap_int_32_ap_int_32_ap_int_32_bool_REG1_5         |  32|   0|   32|          0|
    |dummy_fu_366                                                 |   1|   0|    1|          0|
    |empty_19_reg_1593                                            |   2|   0|    2|          0|
    |empty_20_reg_1602                                            |   2|   0|    3|          1|
    |grp_compute2in_Pipeline_VITIS_LOOP_66_2_fu_389_ap_start_reg  |   1|   0|    1|          0|
    |grp_compute2in_Pipeline_VITIS_LOOP_87_3_fu_464_ap_start_reg  |   1|   0|    1|          0|
    |i_1_reg_1478                                                 |   3|   0|    3|          0|
    |i_fu_98                                                      |   3|   0|    3|          0|
    |indvars_iv424_fu_230                                         |   2|   0|    2|          0|
    |indvars_iv424_load_reg_1484                                  |   2|   0|    2|          0|
    |p_ZZ10compute2inP6ap_intILi32EES1_S1_bE4REG1_10              |  32|   0|   32|          0|
    |p_ZZ10compute2inP6ap_intILi32EES1_S1_bE4REG1_15              |  32|   0|   32|          0|
    |self_sum_V_loc_fu_234                                        |  32|   0|   32|          0|
    +-------------------------------------------------------------+----+----+-----+-----------+
    |Total                                                        | 697|   0|  698|          1|
    +-------------------------------------------------------------+----+----+-----+-----------+



================================================================
== Interface
================================================================
* Summary: 
+-------------------+-----+-----+------------+--------------+--------------+
|     RTL Ports     | Dir | Bits|  Protocol  | Source Object|    C Type    |
+-------------------+-----+-----+------------+--------------+--------------+
|ap_clk             |   in|    1|  ap_ctrl_hs|    compute2in|  return value|
|ap_rst             |   in|    1|  ap_ctrl_hs|    compute2in|  return value|
|ap_start           |   in|    1|  ap_ctrl_hs|    compute2in|  return value|
|ap_done            |  out|    1|  ap_ctrl_hs|    compute2in|  return value|
|ap_idle            |  out|    1|  ap_ctrl_hs|    compute2in|  return value|
|ap_ready           |  out|    1|  ap_ctrl_hs|    compute2in|  return value|
|buffer_a_address0  |  out|    3|   ap_memory|      buffer_a|         array|
|buffer_a_ce0       |  out|    1|   ap_memory|      buffer_a|         array|
|buffer_a_q0        |   in|   32|   ap_memory|      buffer_a|         array|
|buffer_b_address0  |  out|    3|   ap_memory|      buffer_b|         array|
|buffer_b_ce0       |  out|    1|   ap_memory|      buffer_b|         array|
|buffer_b_q0        |   in|   32|   ap_memory|      buffer_b|         array|
|buffer_2_address0  |  out|    4|   ap_memory|      buffer_2|         array|
|buffer_2_ce0       |  out|    1|   ap_memory|      buffer_2|         array|
|buffer_2_we0       |  out|    1|   ap_memory|      buffer_2|         array|
|buffer_2_d0        |  out|   32|   ap_memory|      buffer_2|         array|
|phase              |   in|    1|     ap_none|         phase|        scalar|
+-------------------+-----+-----+------------+--------------+--------------+

