

================================================================
== Synthesis Summary Report of 'compute2in'
================================================================
+ General Information: 
    * Date:           Mon Sep 14 03:39:06 2026
    * Version:        2022.2 (Build 3670227 on Oct 13 2022)
    * Project:        Compute_block2in
    * Solution:       solution1 (Vivado IP Flow Target)
    * Product family: zynquplus
    * Target device:  xczu7ev-ffvc1156-2-e
    

+ Performance & Resource Estimates: 
    
    PS: '+' for module; 'o' for loop; '*' for dataflow
    +-----------------------------------------+------+------+---------+-----------+----------+---------+------+----------+------+----------+------------+------------+-----+
    |                 Modules                 | Issue|      | Latency |  Latency  | Iteration|         | Trip |          |      |          |            |            |     |
    |                 & Loops                 | Type | Slack| (cycles)|    (ns)   |  Latency | Interval| Count| Pipelined| BRAM |    DSP   |     FF     |     LUT    | URAM|
    +-----------------------------------------+------+------+---------+-----------+----------+---------+------+----------+------+----------+------------+------------+-----+
    |+ compute2in                             |     -|  5.06|      105|  1.050e+03|         -|      106|     -|        no|     -|  10 (~0%)|  2357 (~0%)|  2089 (~0%)|    -|
    | o VITIS_LOOP_63_1                       |     -|  7.30|      104|  1.040e+03|        26|        -|     4|        no|     -|         -|           -|           -|    -|
    |  + compute2in_Pipeline_VITIS_LOOP_66_2  |     -|  5.21|        9|     90.000|         -|        9|     -|        no|     -|   2 (~0%)|   658 (~0%)|   955 (~0%)|    -|
    |   o VITIS_LOOP_66_2                     |     -|  7.30|        7|     70.000|         6|        1|     2|       yes|     -|         -|           -|           -|    -|
    |  + compute2in_Pipeline_VITIS_LOOP_87_3  |     -|  5.06|       12|    120.000|         -|       12|     -|        no|     -|   8 (~0%)|  1002 (~0%)|   891 (~0%)|    -|
    |   o VITIS_LOOP_87_3                     |    II|  7.30|       10|    100.000|         7|        2|     3|       yes|     -|         -|           -|           -|    -|
    +-----------------------------------------+------+------+---------+-----------+----------+---------+------+----------+------+----------+------------+------------+-----+


================================================================
== HW Interfaces
================================================================
* AP_MEMORY
+-------------------+----------+
| Interface         | Bitwidth |
+-------------------+----------+
| buffer_2_address0 | 4        |
| buffer_2_d0       | 32       |
| buffer_a_address0 | 3        |
| buffer_a_q0       | 32       |
| buffer_b_address0 | 3        |
| buffer_b_q0       | 32       |
+-------------------+----------+

* Other Ports
+-----------+---------+----------+
| Interface | Mode    | Bitwidth |
+-----------+---------+----------+
| phase     | ap_none | 1        |
+-----------+---------+----------+

* TOP LEVEL CONTROL
+-----------+------------+-----------------------------------+
| Interface | Type       | Ports                             |
+-----------+------------+-----------------------------------+
| ap_clk    | clock      | ap_clk                            |
| ap_rst    | reset      | ap_rst                            |
| ap_ctrl   | ap_ctrl_hs | ap_done ap_idle ap_ready ap_start |
+-----------+------------+-----------------------------------+


================================================================
== SW I/O Information
================================================================
* Top Function Arguments
+----------+-----------+-------------+
| Argument | Direction | Datatype    |
+----------+-----------+-------------+
| buffer_a | in        | ap_int<32>* |
| buffer_b | in        | ap_int<32>* |
| buffer_2 | out       | ap_int<32>* |
| phase    | in        | bool        |
+----------+-----------+-------------+

* SW-to-HW Mapping
+----------+-------------------+---------+----------+
| Argument | HW Interface      | HW Type | HW Usage |
+----------+-------------------+---------+----------+
| buffer_a | buffer_a_address0 | port    | offset   |
| buffer_a | buffer_a_ce0      | port    |          |
| buffer_a | buffer_a_q0       | port    |          |
| buffer_b | buffer_b_address0 | port    | offset   |
| buffer_b | buffer_b_ce0      | port    |          |
| buffer_b | buffer_b_q0       | port    |          |
| buffer_2 | buffer_2_address0 | port    | offset   |
| buffer_2 | buffer_2_ce0      | port    |          |
| buffer_2 | buffer_2_we0      | port    |          |
| buffer_2 | buffer_2_d0       | port    |          |
| phase    | phase             | port    |          |
+----------+-------------------+---------+----------+


================================================================
== M_AXI Burst Information
================================================================
 Note: All burst requests might be further partitioned into multiple requests during RTL generation based on max_read_burst_length or max_write_burst_length settings.

  No burst in design

================================================================
== Bind Op Report
================================================================
+-----------------------------------------+-----+--------+--------------+-----+--------+---------+
| Name                                    | DSP | Pragma | Variable     | Op  | Impl   | Latency |
+-----------------------------------------+-----+--------+--------------+-----+--------+---------+
| + compute2in                            | 10  |        |              |     |        |         |
|   add_ln63_1_fu_572_p2                  | -   |        | add_ln63_1   | add | fabric | 0       |
|   add_ln83_fu_870_p2                    | -   |        | add_ln83     | add | fabric | 0       |
|   add_ln63_fu_888_p2                    | -   |        | add_ln63     | add | fabric | 0       |
|  + compute2in_Pipeline_VITIS_LOOP_66_2  | 2   |        |              |     |        |         |
|    add_ln66_fu_964_p2                   | -   |        | add_ln66     | add | fabric | 0       |
|    add_ln68_fu_974_p2                   | -   |        | add_ln68     | add | fabric | 0       |
|    mac_muladd_16ns_16ns_32ns_33_4_1_U2  | 1   |        | ret_V_3      | mul | dsp48  | 3       |
|    mul_mul_16ns_16ns_32_4_1_U1          | 1   |        | ret_V_4      | mul | dsp48  | 3       |
|    mac_muladd_16ns_16ns_32ns_33_4_1_U2  | 1   |        | ret_V        | add | dsp48  | 3       |
|    self_sum_V_3_fu_1531_p2              | -   |        | self_sum_V_3 | add | fabric | 0       |
|  + compute2in_Pipeline_VITIS_LOOP_87_3  | 8   |        |              |     |        |         |
|    add_ln87_fu_451_p2                   | -   |        | add_ln87     | add | fabric | 0       |
|    mul_mul_16ns_16ns_32_4_1_U92         | 1   |        | mul_ln1494   | mul | dsp48  | 3       |
|    mac_muladd_16ns_16ns_32ns_32_4_1_U99 | 1   |        | mul_ln1494_1 | mul | dsp48  | 3       |
|    mul_mul_16ns_16ns_32_4_1_U93         | 1   |        | mul_ln1494_2 | mul | dsp48  | 3       |
|    mul_mul_16ns_16ns_32_4_1_U94         | 1   |        | mul_ln1494_3 | mul | dsp48  | 3       |
|    mac_muladd_16ns_16ns_32ns_32_4_1_U96 | 1   |        | mul_ln1494_4 | mul | dsp48  | 3       |
|    mac_muladd_16ns_16ns_32ns_32_4_1_U97 | 1   |        | mul_ln1494_5 | mul | dsp48  | 3       |
|    mac_muladd_16ns_16ns_32ns_32_4_1_U98 | 1   |        | mul_ln1494_6 | mul | dsp48  | 3       |
|    mac_muladd_16ns_16ns_32ns_32_4_1_U96 | 1   |        | add_ln96_1   | add | dsp48  | 3       |
|    mac_muladd_16ns_16ns_32ns_32_4_1_U98 | 1   |        | add_ln96_2   | add | dsp48  | 3       |
|    add_ln96_3_fu_697_p2                 | -   |        | add_ln96_3   | add | fabric | 0       |
|    mul_mul_16ns_16ns_32_4_1_U95         | 1   |        | mul_ln1494_7 | mul | dsp48  | 3       |
|    mac_muladd_16ns_16ns_32ns_32_4_1_U97 | 1   |        | add_ln840    | add | dsp48  | 3       |
|    mac_muladd_16ns_16ns_32ns_32_4_1_U99 | 1   |        | add_ln840_1  | add | dsp48  | 3       |
|    add_ln100_fu_915_p2                  | -   |        | add_ln100    | add | fabric | 0       |
|    add_ln186_fu_925_p2                  | -   |        | add_ln186    | add | fabric | 0       |
|    add_ln96_fu_902_p2                   | -   |        | add_ln96     | add | fabric | 0       |
+-----------------------------------------+-----+--------+--------------+-----+--------+---------+


================================================================
== Bind Storage Report
================================================================
  No bind storage info in design

================================================================
== Pragma Report
================================================================
* Valid Pragma Syntax
+-----------------+------------------------------+------------------------------------------------------------+
| Type            | Options                      | Location                                                   |
+-----------------+------------------------------+------------------------------------------------------------+
| interface       | ap_ctrl_hs port=return       | Compute_block2in/Compute2in.cpp:39 in compute2in, return   |
| interface       | ap_memory port=buffer_a      | Compute_block2in/Compute2in.cpp:40 in compute2in, buffer_a |
| interface       | ap_memory port=buffer_b      | Compute_block2in/Compute2in.cpp:41 in compute2in, buffer_b |
| interface       | ap_memory port=buffer_2      | Compute_block2in/Compute2in.cpp:42 in compute2in, buffer_2 |
| array_partition | variable=REG complete dim=0  | Compute_block2in/Compute2in.cpp:54 in compute2in, REG      |
| array_partition | variable=REG1 complete dim=0 | Compute_block2in/Compute2in.cpp:55 in compute2in, REG1     |
+-----------------+------------------------------+------------------------------------------------------------+


