

================================================================
== Synthesis Summary Report of 'cont'
================================================================
+ General Information: 
    * Date:           Mon Sep 14 14:04:03 2026
    * Version:        2022.2 (Build 3670227 on Oct 13 2022)
    * Project:        Control
    * Solution:       solution1 (Vivado IP Flow Target)
    * Product family: zynquplus
    * Target device:  xczu7ev-ffvc1156-2-e
    

+ Performance & Resource Estimates: 
    
    PS: '+' for module; 'o' for loop; '*' for dataflow
    +--------+------+------+---------+--------+----------+---------+------+----------+------+----+-----------+-----------+-----+
    | Modules| Issue|      | Latency | Latency| Iteration|         | Trip |          |      |    |           |           |     |
    | & Loops| Type | Slack| (cycles)|  (ns)  |  Latency | Interval| Count| Pipelined| BRAM | DSP|     FF    |    LUT    | URAM|
    +--------+------+------+---------+--------+----------+---------+------+----------+------+----+-----------+-----------+-----+
    |+ cont  |     -|  4.06|        0|   0.000|         -|        1|     -|        no|     -|   -|  291 (~0%)|  888 (~0%)|    -|
    +--------+------+------+---------+--------+----------+---------+------+----------+------+----+-----------+-----------+-----+


================================================================
== HW Interfaces
================================================================
* AP_FIFO
+--------------+------------+
| Interface    | Data Width |
+--------------+------------+
| buffer_1_rd  | 32         |
| buffer_1_rd1 | 32         |
| buffer_1_rd2 | 32         |
| buffer_1_rd3 | 32         |
+--------------+------------+

* AP_MEMORY
+------------------------+----------+
| Interface              | Bitwidth |
+------------------------+----------+
| buffer_1_wr1_address0  | 5        |
| buffer_1_wr1_d0        | 64       |
| buffer_1_wr2a_address0 | 5        |
| buffer_1_wr2a_d0       | 32       |
| buffer_1_wr2b_address0 | 5        |
| buffer_1_wr2b_d0       | 32       |
| buffer_1_wr3a_address0 | 5        |
| buffer_1_wr3a_d0       | 32       |
| buffer_1_wr3b_address0 | 5        |
| buffer_1_wr3b_d0       | 32       |
| buffer_1_wr_address0   | 5        |
| buffer_1_wr_d0         | 64       |
+------------------------+----------+

* Other Ports
+----------------+---------+----------+
| Interface      | Mode    | Bitwidth |
+----------------+---------+----------+
| a_i_data       | ap_none | 32       |
| a_i_ready      | ap_none | 1        |
| a_i_strb       | ap_none | 4        |
| a_i_valid      | ap_none | 1        |
| b_i_data       | ap_none | 32       |
| b_i_ready      | ap_none | 1        |
| b_i_strb       | ap_none | 4        |
| b_i_valid      | ap_none | 1        |
| c_i_data       | ap_none | 32       |
| c_i_ready      | ap_none | 1        |
| c_i_strb       | ap_none | 4        |
| c_i_valid      | ap_none | 1        |
| clear          | ap_none | 1        |
| compute_done1  | ap_none | 1        |
| compute_done2  | ap_none | 1        |
| compute_start1 | ap_none | 1        |
| compute_start2 | ap_none | 1        |
| d_o_data       | ap_none | 32       |
| d_o_ready      | ap_none | 1        |
| d_o_strb       | ap_none | 4        |
| d_o_valid      | ap_none | 1        |
| enable         | ap_none | 1        |
| f_cnt          | ap_vld  | 11       |
| f_valid        | ap_vld  | 1        |
| function_r     | ap_none | 1        |
| len            | ap_none | 11       |
| phase1         | ap_vld  | 1        |
| phase2         | ap_vld  | 1        |
| shift          | ap_none | 5        |
| slave_done1    | ap_none | 1        |
| slave_done2    | ap_none | 1        |
| slave_start1   | ap_none | 1        |
| slave_start2   | ap_none | 1        |
| start_r        | ap_none | 1        |
+----------------+---------+----------+

* TOP LEVEL CONTROL
+-----------+--------------+--------+
| Interface | Type         | Ports  |
+-----------+--------------+--------+
| ap_clk    | clock        | ap_clk |
| ap_rst    | reset        | ap_rst |
| ap_ctrl   | ap_ctrl_none |        |
+-----------+--------------+--------+


================================================================
== SW I/O Information
================================================================
* Top Function Arguments
+----------------+-----------+-------------------------+
| Argument       | Direction | Datatype                |
+----------------+-----------+-------------------------+
| a_i            | inout     | hs_is_t*                |
| b_i            | inout     | hs_is_t*                |
| c_i            | out       | hs_is_t*                |
| d_o            | inout     | hs_is_t*                |
| clear          | in        | bool                    |
| enable         | in        | bool                    |
| function       | in        | bool                    |
| start          | in        | bool                    |
| shift          | in        | ap_uint<5>              |
| len            | in        | ap_uint<11>             |
| f_cnt          | out       | ap_uint<11>*            |
| f_valid        | out       | bool*                   |
| buffer_1_rd    | in        | stream<ap_uint<32>, 0>& |
| buffer_1_rd1   | in        | stream<ap_uint<32>, 0>& |
| buffer_1_rd2   | in        | stream<ap_uint<32>, 0>& |
| buffer_1_rd3   | in        | stream<ap_uint<32>, 0>& |
| buffer_1_wr    | out       | ap_int<64>*             |
| buffer_1_wr1   | out       | ap_int<64>*             |
| buffer_1_wr2a  | out       | ap_int<32>*             |
| buffer_1_wr2b  | out       | ap_int<32>*             |
| buffer_1_wr3a  | out       | ap_int<32>*             |
| buffer_1_wr3b  | out       | ap_int<32>*             |
| compute_start1 | out       | bool*                   |
| compute_done1  | in        | bool                    |
| compute_start2 | out       | bool*                   |
| compute_done2  | in        | bool                    |
| slave_start1   | out       | bool*                   |
| slave_done1    | in        | bool                    |
| slave_start2   | out       | bool*                   |
| slave_done2    | in        | bool                    |
| phase1         | out       | bool*                   |
| phase2         | out       | bool*                   |
+----------------+-----------+-------------------------+

* SW-to-HW Mapping
+----------------+------------------------+-----------+----------+
| Argument       | HW Interface           | HW Type   | HW Usage |
+----------------+------------------------+-----------+----------+
| a_i            | a_i_valid              | port      |          |
| a_i            | a_i_ready              | port      |          |
| a_i            | a_i_data               | port      |          |
| a_i            | a_i_strb               | port      |          |
| b_i            | b_i_valid              | port      |          |
| b_i            | b_i_ready              | port      |          |
| b_i            | b_i_data               | port      |          |
| b_i            | b_i_strb               | port      |          |
| c_i            | c_i_valid              | port      |          |
| c_i            | c_i_ready              | port      |          |
| c_i            | c_i_data               | port      |          |
| c_i            | c_i_strb               | port      |          |
| d_o            | d_o_valid              | port      |          |
| d_o            | d_o_ready              | port      |          |
| d_o            | d_o_data               | port      |          |
| d_o            | d_o_strb               | port      |          |
| clear          | clear                  | port      |          |
| enable         | enable                 | port      |          |
| function       | function_r             | port      |          |
| start          | start_r                | port      |          |
| shift          | shift                  | port      |          |
| len            | len                    | port      |          |
| f_cnt          | f_cnt                  | port      |          |
| f_cnt          | f_cnt_ap_vld           | port      |          |
| f_valid        | f_valid                | port      |          |
| f_valid        | f_valid_ap_vld         | port      |          |
| buffer_1_rd    | buffer_1_rd            | interface |          |
| buffer_1_rd1   | buffer_1_rd1           | interface |          |
| buffer_1_rd2   | buffer_1_rd2           | interface |          |
| buffer_1_rd3   | buffer_1_rd3           | interface |          |
| buffer_1_wr    | buffer_1_wr_address0   | port      | offset   |
| buffer_1_wr    | buffer_1_wr_ce0        | port      |          |
| buffer_1_wr    | buffer_1_wr_we0        | port      |          |
| buffer_1_wr    | buffer_1_wr_d0         | port      |          |
| buffer_1_wr1   | buffer_1_wr1_address0  | port      | offset   |
| buffer_1_wr1   | buffer_1_wr1_ce0       | port      |          |
| buffer_1_wr1   | buffer_1_wr1_we0       | port      |          |
| buffer_1_wr1   | buffer_1_wr1_d0        | port      |          |
| buffer_1_wr2a  | buffer_1_wr2a_address0 | port      | offset   |
| buffer_1_wr2a  | buffer_1_wr2a_ce0      | port      |          |
| buffer_1_wr2a  | buffer_1_wr2a_we0      | port      |          |
| buffer_1_wr2a  | buffer_1_wr2a_d0       | port      |          |
| buffer_1_wr2b  | buffer_1_wr2b_address0 | port      | offset   |
| buffer_1_wr2b  | buffer_1_wr2b_ce0      | port      |          |
| buffer_1_wr2b  | buffer_1_wr2b_we0      | port      |          |
| buffer_1_wr2b  | buffer_1_wr2b_d0       | port      |          |
| buffer_1_wr3a  | buffer_1_wr3a_address0 | port      | offset   |
| buffer_1_wr3a  | buffer_1_wr3a_ce0      | port      |          |
| buffer_1_wr3a  | buffer_1_wr3a_we0      | port      |          |
| buffer_1_wr3a  | buffer_1_wr3a_d0       | port      |          |
| buffer_1_wr3b  | buffer_1_wr3b_address0 | port      | offset   |
| buffer_1_wr3b  | buffer_1_wr3b_ce0      | port      |          |
| buffer_1_wr3b  | buffer_1_wr3b_we0      | port      |          |
| buffer_1_wr3b  | buffer_1_wr3b_d0       | port      |          |
| compute_start1 | compute_start1         | port      |          |
| compute_done1  | compute_done1          | port      |          |
| compute_start2 | compute_start2         | port      |          |
| compute_done2  | compute_done2          | port      |          |
| slave_start1   | slave_start1           | port      |          |
| slave_done1    | slave_done1            | port      |          |
| slave_start2   | slave_start2           | port      |          |
| slave_done2    | slave_done2            | port      |          |
| phase1         | phase1                 | port      |          |
| phase1         | phase1_ap_vld          | port      |          |
| phase2         | phase2                 | port      |          |
| phase2         | phase2_ap_vld          | port      |          |
+----------------+------------------------+-----------+----------+


================================================================
== Bind Op Report
================================================================
+------------------------+-----+--------+-------------+-----+--------+---------+
| Name                   | DSP | Pragma | Variable    | Op  | Impl   | Latency |
+------------------------+-----+--------+-------------+-----+--------+---------+
| + cont                 | 0   |        |             |     |        |         |
|   grp_fu_784_p2        | -   |        | add_ln840_5 | add | fabric | 0       |
|   grp_fu_793_p2        | -   |        | add_ln279   | add | fabric | 0       |
|   grp_fu_784_p2        | -   |        | add_ln840_4 | add | fabric | 0       |
|   grp_fu_793_p2        | -   |        | add_ln272   | add | fabric | 0       |
|   grp_fu_784_p2        | -   |        | add_ln840_1 | add | fabric | 0       |
|   grp_fu_793_p2        | -   |        | add_ln265   | add | fabric | 0       |
|   grp_fu_784_p2        | -   |        | add_ln840   | add | fabric | 0       |
|   grp_fu_793_p2        | -   |        | add_ln258   | add | fabric | 0       |
|   add_ln175_fu_1226_p2 | -   |        | add_ln175   | add | fabric | 0       |
|   add_ln176_fu_1247_p2 | -   |        | add_ln176   | add | fabric | 0       |
|   add_ln177_fu_1268_p2 | -   |        | add_ln177   | add | fabric | 0       |
|   grp_fu_808_p2        | -   |        | add_ln840_3 | add | fabric | 0       |
|   add_ln157_fu_1356_p2 | -   |        | add_ln157   | add | fabric | 0       |
|   add_ln158_fu_1377_p2 | -   |        | add_ln158   | add | fabric | 0       |
|   add_ln159_fu_1398_p2 | -   |        | add_ln159   | add | fabric | 0       |
|   grp_fu_808_p2        | -   |        | add_ln840_2 | add | fabric | 0       |
+------------------------+-----+--------+-------------+-----+--------+---------+


================================================================
== Bind Storage Report
================================================================
  No bind storage info in design

================================================================
== Pragma Report
================================================================
* Valid Pragma Syntax
+--------------+-----------------------------+------------------------------------------------+
| Type         | Options                     | Location                                       |
+--------------+-----------------------------+------------------------------------------------+
| interface    | ap_ctrl_none port=return    | Control/control.cpp:43 in cont, return         |
| interface    | ap_none port=a_i            | Control/control.cpp:45 in cont, a_i            |
| disaggregate | variable=a_i                | Control/control.cpp:46 in cont, a_i            |
| interface    | ap_none port=b_i            | Control/control.cpp:47 in cont, b_i            |
| disaggregate | variable=b_i                | Control/control.cpp:48 in cont, b_i            |
| interface    | ap_none port=c_i            | Control/control.cpp:49 in cont, c_i            |
| disaggregate | variable=c_i                | Control/control.cpp:50 in cont, c_i            |
| interface    | ap_none port=d_o            | Control/control.cpp:51 in cont, d_o            |
| disaggregate | variable=d_o                | Control/control.cpp:52 in cont, d_o            |
| interface    | ap_fifo port=buffer_1_rd    | Control/control.cpp:54 in cont, buffer_1_rd    |
| interface    | ap_fifo port=buffer_1_rd1   | Control/control.cpp:55 in cont, buffer_1_rd1   |
| interface    | ap_fifo port=buffer_1_rd2   | Control/control.cpp:56 in cont, buffer_1_rd2   |
| interface    | ap_fifo port=buffer_1_rd3   | Control/control.cpp:57 in cont, buffer_1_rd3   |
| interface    | ap_memory port=buffer_1_wr  | Control/control.cpp:58 in cont, buffer_1_wr    |
| interface    | ap_memory port=buffer_1_wr1 | Control/control.cpp:59 in cont, buffer_1_wr1   |
| interface    | ap_none port=compute_start1 | Control/control.cpp:60 in cont, compute_start1 |
| interface    | ap_none port=compute_done1  | Control/control.cpp:61 in cont, compute_done1  |
| interface    | ap_none port=compute_start2 | Control/control.cpp:62 in cont, compute_start2 |
| interface    | ap_none port=compute_done2  | Control/control.cpp:63 in cont, compute_done2  |
| interface    | ap_none port=slave_start1   | Control/control.cpp:64 in cont, slave_start1   |
| interface    | ap_none port=slave_done1    | Control/control.cpp:65 in cont, slave_done1    |
| interface    | ap_none port=slave_start2   | Control/control.cpp:66 in cont, slave_start2   |
| interface    | ap_none port=slave_done2    | Control/control.cpp:67 in cont, slave_done2    |
+--------------+-----------------------------+------------------------------------------------+


