

================================================================
== Vitis HLS Report for 'compute_slave'
================================================================
* Date:           Thu Sep 10 01:51:43 2026

* Version:        2022.2 (Build 3670227 on Oct 13 2022)
* Project:        Compute_block_slave
* Solution:       solution1 (Vivado IP Flow Target)
* Product family: zynquplus
* Target device:  xczu7ev-ffvc1156-2-e


================================================================
== Performance Estimates
================================================================
+ Timing: 
    * Summary: 
    +--------+----------+----------+------------+
    |  Clock |  Target  | Estimated| Uncertainty|
    +--------+----------+----------+------------+
    |ap_clk  |  10.00 ns|  2.338 ns|     2.70 ns|
    +--------+----------+----------+------------+

+ Latency: 
    * Summary: 
    +---------+---------+----------+----------+-----+-----+---------+
    |  Latency (cycles) |  Latency (absolute) |  Interval | Pipeline|
    |   min   |   max   |    min   |    max   | min | max |   Type  |
    +---------+---------+----------+----------+-----+-----+---------+
    |       47|       47|  0.470 us|  0.470 us|   48|   48|       no|
    +---------+---------+----------+----------+-----+-----+---------+

    + Detail: 
        * Instance: 
        +-------------------------------------------------------------------+--------------------------------------------------------+---------+---------+----------+----------+-----+-----+---------+
        |                                                                   |                                                        |  Latency (cycles) |  Latency (absolute) |  Interval | Pipeline|
        |                              Instance                             |                         Module                         |   min   |   max   |    min   |    max   | min | max |   Type  |
        +-------------------------------------------------------------------+--------------------------------------------------------+---------+---------+----------+----------+-----+-----+---------+
        |grp_compute_slave_Pipeline_VITIS_LOOP_53_1_VITIS_LOOP_54_2_fu_170  |compute_slave_Pipeline_VITIS_LOOP_53_1_VITIS_LOOP_54_2  |       10|       10|  0.100 us|  0.100 us|   10|   10|       no|
        |grp_compute_slave_Pipeline_VITIS_LOOP_60_3_VITIS_LOOP_61_4_fu_192  |compute_slave_Pipeline_VITIS_LOOP_60_3_VITIS_LOOP_61_4  |       10|       10|  0.100 us|  0.100 us|   10|   10|       no|
        |grp_compute_slave_Pipeline_compute_rows_VITIS_LOOP_69_5_fu_214     |compute_slave_Pipeline_compute_rows_VITIS_LOOP_69_5     |       21|       21|  0.210 us|  0.210 us|   21|   21|       no|
        +-------------------------------------------------------------------+--------------------------------------------------------+---------+---------+----------+----------+-----+-----+---------+

        * Loop: 
        N/A



================================================================
== Utilization Estimates
================================================================
* Summary: 
+-----------------+---------+------+--------+--------+-----+
|       Name      | BRAM_18K|  DSP |   FF   |   LUT  | URAM|
+-----------------+---------+------+--------+--------+-----+
|DSP              |        -|     -|       -|       -|    -|
|Expression       |        -|     -|       -|       -|    -|
|FIFO             |        -|     -|       -|       -|    -|
|Instance         |        -|     4|     690|    1166|    -|
|Memory           |        -|     -|       -|       -|    -|
|Multiplexer      |        -|     -|       -|      79|    -|
|Register         |        -|     -|      11|       -|    -|
+-----------------+---------+------+--------+--------+-----+
|Total            |        0|     4|     701|    1245|    0|
+-----------------+---------+------+--------+--------+-----+
|Available        |      624|  1728|  460800|  230400|   96|
+-----------------+---------+------+--------+--------+-----+
|Utilization (%)  |        0|    ~0|      ~0|      ~0|    0|
+-----------------+---------+------+--------+--------+-----+

+ Detail: 
    * Instance: 
    +-------------------------------------------------------------------+--------------------------------------------------------+---------+----+-----+-----+-----+
    |                              Instance                             |                         Module                         | BRAM_18K| DSP|  FF | LUT | URAM|
    +-------------------------------------------------------------------+--------------------------------------------------------+---------+----+-----+-----+-----+
    |grp_compute_slave_Pipeline_VITIS_LOOP_53_1_VITIS_LOOP_54_2_fu_170  |compute_slave_Pipeline_VITIS_LOOP_53_1_VITIS_LOOP_54_2  |        0|   0|  269|  386|    0|
    |grp_compute_slave_Pipeline_VITIS_LOOP_60_3_VITIS_LOOP_61_4_fu_192  |compute_slave_Pipeline_VITIS_LOOP_60_3_VITIS_LOOP_61_4  |        0|   0|  269|  386|    0|
    |grp_compute_slave_Pipeline_compute_rows_VITIS_LOOP_69_5_fu_214     |compute_slave_Pipeline_compute_rows_VITIS_LOOP_69_5     |        0|   4|  152|  394|    0|
    +-------------------------------------------------------------------+--------------------------------------------------------+---------+----+-----+-----+-----+
    |Total                                                              |                                                        |        0|   4|  690| 1166|    0|
    +-------------------------------------------------------------------+--------------------------------------------------------+---------+----+-----+-----+-----+

    * DSP: 
    N/A

    * Memory: 
    N/A

    * FIFO: 
    N/A

    * Expression: 
    N/A

    * Multiplexer: 
    +--------------------------+----+-----------+-----+-----------+
    |           Name           | LUT| Input Size| Bits| Total Bits|
    +--------------------------+----+-----------+-----+-----------+
    |ap_NS_fsm                 |  43|          8|    1|          8|
    |ap_sig_allocacmp_dummy_1  |   9|          2|    1|          2|
    |dummy_fu_166              |   9|          2|    1|          2|
    |fwd_in1_read              |   9|          2|    1|          2|
    |fwd_in2_read              |   9|          2|    1|          2|
    +--------------------------+----+-----------+-----+-----------+
    |Total                     |  79|         16|    5|         16|
    +--------------------------+----+-----------+-----+-----------+

    * Register: 
    +--------------------------------------------------------------------------------+---+----+-----+-----------+
    |                                      Name                                      | FF| LUT| Bits| Const Bits|
    +--------------------------------------------------------------------------------+---+----+-----+-----------+
    |ap_CS_fsm                                                                       |  7|   0|    7|          0|
    |dummy_fu_166                                                                    |  1|   0|    1|          0|
    |grp_compute_slave_Pipeline_VITIS_LOOP_53_1_VITIS_LOOP_54_2_fu_170_ap_start_reg  |  1|   0|    1|          0|
    |grp_compute_slave_Pipeline_VITIS_LOOP_60_3_VITIS_LOOP_61_4_fu_192_ap_start_reg  |  1|   0|    1|          0|
    |grp_compute_slave_Pipeline_compute_rows_VITIS_LOOP_69_5_fu_214_ap_start_reg     |  1|   0|    1|          0|
    +--------------------------------------------------------------------------------+---+----+-----+-----------+
    |Total                                                                           | 11|   0|   11|          0|
    +--------------------------------------------------------------------------------+---+----+-----+-----------+



================================================================
== Interface
================================================================
* Summary: 
+---------------------+-----+-----+------------+---------------+--------------+
|      RTL Ports      | Dir | Bits|  Protocol  | Source Object |    C Type    |
+---------------------+-----+-----+------------+---------------+--------------+
|ap_clk               |   in|    1|  ap_ctrl_hs|  compute_slave|  return value|
|ap_rst               |   in|    1|  ap_ctrl_hs|  compute_slave|  return value|
|ap_start             |   in|    1|  ap_ctrl_hs|  compute_slave|  return value|
|ap_done              |  out|    1|  ap_ctrl_hs|  compute_slave|  return value|
|ap_idle              |  out|    1|  ap_ctrl_hs|  compute_slave|  return value|
|ap_ready             |  out|    1|  ap_ctrl_hs|  compute_slave|  return value|
|fwd_in1_dout         |   in|   32|     ap_fifo|        fwd_in1|       pointer|
|fwd_in1_empty_n      |   in|    1|     ap_fifo|        fwd_in1|       pointer|
|fwd_in1_read         |  out|    1|     ap_fifo|        fwd_in1|       pointer|
|fwd_in2_dout         |   in|   32|     ap_fifo|        fwd_in2|       pointer|
|fwd_in2_empty_n      |   in|    1|     ap_fifo|        fwd_in2|       pointer|
|fwd_in2_read         |  out|    1|     ap_fifo|        fwd_in2|       pointer|
|result_out_address0  |  out|    4|   ap_memory|     result_out|         array|
|result_out_ce0       |  out|    1|   ap_memory|     result_out|         array|
|result_out_we0       |  out|    1|   ap_memory|     result_out|         array|
|result_out_d0        |  out|   32|   ap_memory|     result_out|         array|
+---------------------+-----+-----+------------+---------------+--------------+

