

================================================================
== Vitis HLS Report for 'compute_slave_Pipeline_compute_rows_VITIS_LOOP_69_5'
================================================================
* Date:           Thu Sep 10 01:51:43 2026

* Version:        2022.2 (Build 3670227 on Oct 13 2022)
* Project:        Compute_block_slave
* Solution:       solution1 (Vivado IP Flow Target)
* Product family: zynquplus
* Target device:  xczu7ev-ffvc1156-2-e


================================================================
== Performance Estimates
================================================================
+ Timing: 
    * Summary: 
    +--------+----------+----------+------------+
    |  Clock |  Target  | Estimated| Uncertainty|
    +--------+----------+----------+------------+
    |ap_clk  |  10.00 ns|  2.338 ns|     2.70 ns|
    +--------+----------+----------+------------+

+ Latency: 
    * Summary: 
    +---------+---------+----------+----------+-----+-----+---------+
    |  Latency (cycles) |  Latency (absolute) |  Interval | Pipeline|
    |   min   |   max   |    min   |    max   | min | max |   Type  |
    +---------+---------+----------+----------+-----+-----+---------+
    |       21|       21|  0.210 us|  0.210 us|   21|   21|       no|
    +---------+---------+----------+----------+-----+-----+---------+

    + Detail: 
        * Instance: 
        N/A

        * Loop: 
        +--------------------------------+---------+---------+----------+-----------+-----------+------+----------+
        |                                |  Latency (cycles) | Iteration|  Initiation Interval  | Trip |          |
        |            Loop Name           |   min   |   max   |  Latency |  achieved |   target  | Count| Pipelined|
        +--------------------------------+---------+---------+----------+-----------+-----------+------+----------+
        |- compute_rows_VITIS_LOOP_69_5  |       19|       19|         5|          1|          1|    16|       yes|
        +--------------------------------+---------+---------+----------+-----------+-----------+------+----------+



================================================================
== Utilization Estimates
================================================================
* Summary: 
+-----------------+---------+------+--------+--------+-----+
|       Name      | BRAM_18K|  DSP |   FF   |   LUT  | URAM|
+-----------------+---------+------+--------+--------+-----+
|DSP              |        -|     4|       -|       -|    -|
|Expression       |        -|     -|       0|      98|    -|
|FIFO             |        -|     -|       -|       -|    -|
|Instance         |        -|     -|       0|     160|    -|
|Memory           |        -|     -|       -|       -|    -|
|Multiplexer      |        -|     -|       -|      72|    -|
|Register         |        -|     -|     152|      64|    -|
+-----------------+---------+------+--------+--------+-----+
|Total            |        0|     4|     152|     394|    0|
+-----------------+---------+------+--------+--------+-----+
|Available        |      624|  1728|  460800|  230400|   96|
+-----------------+---------+------+--------+--------+-----+
|Utilization (%)  |        0|    ~0|      ~0|      ~0|    0|
+-----------------+---------+------+--------+--------+-----+

+ Detail: 
    * Instance: 
    +-------------------+---------------+---------+----+---+----+-----+
    |      Instance     |     Module    | BRAM_18K| DSP| FF| LUT| URAM|
    +-------------------+---------------+---------+----+---+----+-----+
    |mux_42_16_1_1_U35  |mux_42_16_1_1  |        0|   0|  0|  20|    0|
    |mux_42_16_1_1_U36  |mux_42_16_1_1  |        0|   0|  0|  20|    0|
    |mux_42_16_1_1_U37  |mux_42_16_1_1  |        0|   0|  0|  20|    0|
    |mux_42_16_1_1_U38  |mux_42_16_1_1  |        0|   0|  0|  20|    0|
    |mux_42_16_1_1_U39  |mux_42_16_1_1  |        0|   0|  0|  20|    0|
    |mux_42_16_1_1_U40  |mux_42_16_1_1  |        0|   0|  0|  20|    0|
    |mux_42_16_1_1_U41  |mux_42_16_1_1  |        0|   0|  0|  20|    0|
    |mux_42_16_1_1_U42  |mux_42_16_1_1  |        0|   0|  0|  20|    0|
    +-------------------+---------------+---------+----+---+----+-----+
    |Total              |               |        0|   0|  0| 160|    0|
    +-------------------+---------------+---------+----+---+----+-----+

    * DSP: 
    +--------------------------------------+----------------------------------+--------------+
    |               Instance               |              Module              |  Expression  |
    +--------------------------------------+----------------------------------+--------------+
    |mac_muladd_16ns_16ns_32ns_32_4_1_U45  |mac_muladd_16ns_16ns_32ns_32_4_1  |  i0 + i1 * i2|
    |mac_muladd_16ns_16ns_32ns_32_4_1_U46  |mac_muladd_16ns_16ns_32ns_32_4_1  |  i0 + i1 * i2|
    |mul_mul_16ns_16ns_32_4_1_U43          |mul_mul_16ns_16ns_32_4_1          |       i0 * i1|
    |mul_mul_16ns_16ns_32_4_1_U44          |mul_mul_16ns_16ns_32_4_1          |       i0 * i1|
    +--------------------------------------+----------------------------------+--------------+

    * Memory: 
    N/A

    * FIFO: 
    N/A

    * Expression: 
    +-------------------------+----------+----+---+----+------------+------------+
    |      Variable Name      | Operation| DSP| FF| LUT| Bitwidth P0| Bitwidth P1|
    +-------------------------+----------+----+---+----+------------+------------+
    |add_ln68_1_fu_379_p2     |         +|   0|  0|  10|           3|           1|
    |add_ln68_fu_353_p2       |         +|   0|  0|  12|           5|           1|
    |add_ln69_fu_473_p2       |         +|   0|  0|  10|           3|           1|
    |result_out_d0            |         +|   0|  0|  39|          32|          32|
    |icmp_ln68_fu_347_p2      |      icmp|   0|  0|  10|           5|           6|
    |icmp_ln69_fu_365_p2      |      icmp|   0|  0|   9|           3|           4|
    |select_ln68_1_fu_385_p3  |    select|   0|  0|   3|           1|           3|
    |select_ln68_fu_371_p3    |    select|   0|  0|   3|           1|           1|
    |ap_enable_pp0            |       xor|   0|  0|   2|           1|           2|
    +-------------------------+----------+----+---+----+------------+------------+
    |Total                    |          |   0|  0|  98|          54|          51|
    +-------------------------+----------+----+---+----+------------+------------+

    * Multiplexer: 
    +----------------------------------------+----+-----------+-----+-----------+
    |                  Name                  | LUT| Input Size| Bits| Total Bits|
    +----------------------------------------+----+-----------+-----+-----------+
    |ap_done_int                             |   9|          2|    1|          2|
    |ap_enable_reg_pp0_iter1                 |   9|          2|    1|          2|
    |ap_sig_allocacmp_com_load               |   9|          2|    3|          6|
    |ap_sig_allocacmp_i_load                 |   9|          2|    3|          6|
    |ap_sig_allocacmp_indvar_flatten13_load  |   9|          2|    5|         10|
    |com_fu_112                              |   9|          2|    3|          6|
    |i_fu_116                                |   9|          2|    3|          6|
    |indvar_flatten13_fu_120                 |   9|          2|    5|         10|
    +----------------------------------------+----+-----------+-----+-----------+
    |Total                                   |  72|         16|   24|         48|
    +----------------------------------------+----+-----------+-----+-----------+

    * Register: 
    +----------------------------------+----+----+-----+-----------+
    |               Name               | FF | LUT| Bits| Const Bits|
    +----------------------------------+----+----+-----+-----------+
    |ap_CS_fsm                         |   1|   0|    1|          0|
    |ap_done_reg                       |   1|   0|    1|          0|
    |ap_enable_reg_pp0_iter1           |   1|   0|    1|          0|
    |ap_enable_reg_pp0_iter2           |   1|   0|    1|          0|
    |ap_enable_reg_pp0_iter3           |   1|   0|    1|          0|
    |ap_enable_reg_pp0_iter4           |   1|   0|    1|          0|
    |ap_loop_exit_ready_pp0_iter1_reg  |   1|   0|    1|          0|
    |ap_loop_exit_ready_pp0_iter2_reg  |   1|   0|    1|          0|
    |ap_loop_exit_ready_pp0_iter3_reg  |   1|   0|    1|          0|
    |com_fu_112                        |   3|   0|    3|          0|
    |empty_12_reg_704                  |   2|   0|    2|          0|
    |i_fu_116                          |   3|   0|    3|          0|
    |indvar_flatten13_fu_120           |   5|   0|    5|          0|
    |trunc_ln68_reg_697                |   2|   0|    2|          0|
    |empty_12_reg_704                  |  64|  32|    2|          0|
    |trunc_ln68_reg_697                |  64|  32|    2|          0|
    +----------------------------------+----+----+-----+-----------+
    |Total                             | 152|  64|   28|          0|
    +----------------------------------+----+----+-----+-----------+



================================================================
== Interface
================================================================
* Summary: 
+---------------------+-----+-----+------------+-----------------------------------------------------+--------------+
|      RTL Ports      | Dir | Bits|  Protocol  |                    Source Object                    |    C Type    |
+---------------------+-----+-----+------------+-----------------------------------------------------+--------------+
|ap_clk               |   in|    1|  ap_ctrl_hs|  compute_slave_Pipeline_compute_rows_VITIS_LOOP_69_5|  return value|
|ap_rst               |   in|    1|  ap_ctrl_hs|  compute_slave_Pipeline_compute_rows_VITIS_LOOP_69_5|  return value|
|ap_start             |   in|    1|  ap_ctrl_hs|  compute_slave_Pipeline_compute_rows_VITIS_LOOP_69_5|  return value|
|ap_done              |  out|    1|  ap_ctrl_hs|  compute_slave_Pipeline_compute_rows_VITIS_LOOP_69_5|  return value|
|ap_idle              |  out|    1|  ap_ctrl_hs|  compute_slave_Pipeline_compute_rows_VITIS_LOOP_69_5|  return value|
|ap_ready             |  out|    1|  ap_ctrl_hs|  compute_slave_Pipeline_compute_rows_VITIS_LOOP_69_5|  return value|
|REG1_V_6_reload      |   in|   16|     ap_none|                                      REG1_V_6_reload|        scalar|
|REG1_V_4_reload      |   in|   16|     ap_none|                                      REG1_V_4_reload|        scalar|
|REG1_V_2_reload      |   in|   16|     ap_none|                                      REG1_V_2_reload|        scalar|
|REG1_V_1_reload      |   in|   16|     ap_none|                                      REG1_V_1_reload|        scalar|
|REG2_V_6_reload      |   in|   16|     ap_none|                                      REG2_V_6_reload|        scalar|
|REG2_V_4_reload      |   in|   16|     ap_none|                                      REG2_V_4_reload|        scalar|
|REG2_V_2_reload      |   in|   16|     ap_none|                                      REG2_V_2_reload|        scalar|
|REG2_V_1_reload      |   in|   16|     ap_none|                                      REG2_V_1_reload|        scalar|
|REG1_V_7_reload      |   in|   16|     ap_none|                                      REG1_V_7_reload|        scalar|
|REG1_V_9_reload      |   in|   16|     ap_none|                                      REG1_V_9_reload|        scalar|
|REG1_V_11_reload     |   in|   16|     ap_none|                                     REG1_V_11_reload|        scalar|
|REG1_V_14_reload     |   in|   16|     ap_none|                                     REG1_V_14_reload|        scalar|
|REG2_V_7_reload      |   in|   16|     ap_none|                                      REG2_V_7_reload|        scalar|
|REG2_V_9_reload      |   in|   16|     ap_none|                                      REG2_V_9_reload|        scalar|
|REG2_V_11_reload     |   in|   16|     ap_none|                                     REG2_V_11_reload|        scalar|
|REG2_V_14_reload     |   in|   16|     ap_none|                                     REG2_V_14_reload|        scalar|
|REG1_V_5_reload      |   in|   16|     ap_none|                                      REG1_V_5_reload|        scalar|
|REG1_V_3_reload      |   in|   16|     ap_none|                                      REG1_V_3_reload|        scalar|
|REG1_V_12_reload     |   in|   16|     ap_none|                                     REG1_V_12_reload|        scalar|
|REG1_V_reload        |   in|   16|     ap_none|                                        REG1_V_reload|        scalar|
|REG2_V_5_reload      |   in|   16|     ap_none|                                      REG2_V_5_reload|        scalar|
|REG2_V_3_reload      |   in|   16|     ap_none|                                      REG2_V_3_reload|        scalar|
|REG2_V_12_reload     |   in|   16|     ap_none|                                     REG2_V_12_reload|        scalar|
|REG2_V_reload        |   in|   16|     ap_none|                                        REG2_V_reload|        scalar|
|REG1_V_8_reload      |   in|   16|     ap_none|                                      REG1_V_8_reload|        scalar|
|REG1_V_10_reload     |   in|   16|     ap_none|                                     REG1_V_10_reload|        scalar|
|REG1_V_13_reload     |   in|   16|     ap_none|                                     REG1_V_13_reload|        scalar|
|REG1_V_15_reload     |   in|   16|     ap_none|                                     REG1_V_15_reload|        scalar|
|REG2_V_8_reload      |   in|   16|     ap_none|                                      REG2_V_8_reload|        scalar|
|REG2_V_10_reload     |   in|   16|     ap_none|                                     REG2_V_10_reload|        scalar|
|REG2_V_13_reload     |   in|   16|     ap_none|                                     REG2_V_13_reload|        scalar|
|REG2_V_15_reload     |   in|   16|     ap_none|                                     REG2_V_15_reload|        scalar|
|result_out_address0  |  out|    4|   ap_memory|                                           result_out|         array|
|result_out_ce0       |  out|    1|   ap_memory|                                           result_out|         array|
|result_out_we0       |  out|    1|   ap_memory|                                           result_out|         array|
|result_out_d0        |  out|   32|   ap_memory|                                           result_out|         array|
+---------------------+-----+-----+------------+-----------------------------------------------------+--------------+

