

================================================================
== Vitis HLS Report for 'compute_slave_Pipeline_VITIS_LOOP_60_3_VITIS_LOOP_61_4'
================================================================
* Date:           Thu Sep 10 01:51:43 2026

* Version:        2022.2 (Build 3670227 on Oct 13 2022)
* Project:        Compute_block_slave
* Solution:       solution1 (Vivado IP Flow Target)
* Product family: zynquplus
* Target device:  xczu7ev-ffvc1156-2-e


================================================================
== Performance Estimates
================================================================
+ Timing: 
    * Summary: 
    +--------+----------+----------+------------+
    |  Clock |  Target  | Estimated| Uncertainty|
    +--------+----------+----------+------------+
    |ap_clk  |  10.00 ns|  1.993 ns|     2.70 ns|
    +--------+----------+----------+------------+

+ Latency: 
    * Summary: 
    +---------+---------+----------+----------+-----+-----+---------+
    |  Latency (cycles) |  Latency (absolute) |  Interval | Pipeline|
    |   min   |   max   |    min   |    max   | min | max |   Type  |
    +---------+---------+----------+----------+-----+-----+---------+
    |       10|       10|  0.100 us|  0.100 us|   10|   10|       no|
    +---------+---------+----------+----------+-----+-----+---------+

    + Detail: 
        * Instance: 
        N/A

        * Loop: 
        +-----------------------------------+---------+---------+----------+-----------+-----------+------+----------+
        |                                   |  Latency (cycles) | Iteration|  Initiation Interval  | Trip |          |
        |             Loop Name             |   min   |   max   |  Latency |  achieved |   target  | Count| Pipelined|
        +-----------------------------------+---------+---------+----------+-----------+-----------+------+----------+
        |- VITIS_LOOP_60_3_VITIS_LOOP_61_4  |        8|        8|         2|          1|          1|     8|       yes|
        +-----------------------------------+---------+---------+----------+-----------+-----------+------+----------+



================================================================
== Utilization Estimates
================================================================
* Summary: 
+-----------------+---------+------+--------+--------+-----+
|       Name      | BRAM_18K|  DSP |   FF   |   LUT  | URAM|
+-----------------+---------+------+--------+--------+-----+
|DSP              |        -|     -|       -|       -|    -|
|Expression       |        -|     -|       0|     323|    -|
|FIFO             |        -|     -|       -|       -|    -|
|Instance         |        -|     -|       -|       -|    -|
|Memory           |        -|     -|       -|       -|    -|
|Multiplexer      |        -|     -|       -|      63|    -|
|Register         |        -|     -|     269|       -|    -|
+-----------------+---------+------+--------+--------+-----+
|Total            |        0|     0|     269|     386|    0|
+-----------------+---------+------+--------+--------+-----+
|Available        |      624|  1728|  460800|  230400|   96|
+-----------------+---------+------+--------+--------+-----+
|Utilization (%)  |        0|     0|      ~0|      ~0|    0|
+-----------------+---------+------+--------+--------+-----+

+ Detail: 
    * Instance: 
    N/A

    * DSP: 
    N/A

    * Memory: 
    N/A

    * FIFO: 
    N/A

    * Expression: 
    +---------------------------+----------+----+---+----+------------+------------+
    |       Variable Name       | Operation| DSP| FF| LUT| Bitwidth P0| Bitwidth P1|
    +---------------------------+----------+----+---+----+------------+------------+
    |add_ln60_1_fu_339_p2       |         +|   0|  0|  10|           3|           1|
    |add_ln60_fu_308_p2         |         +|   0|  0|  12|           4|           1|
    |add_ln61_fu_637_p2         |         +|   0|  0|  10|           3|           2|
    |ap_block_pp0_stage0_01001  |       and|   0|  0|   2|           1|           1|
    |icmp_ln60_fu_302_p2        |      icmp|   0|  0|   9|           4|           5|
    |icmp_ln61_fu_325_p2        |      icmp|   0|  0|   8|           3|           2|
    |icmp_ln63_fu_365_p2        |      icmp|   0|  0|   8|           2|           1|
    |select_ln45_1_fu_345_p3    |    select|   0|  0|   3|           1|           3|
    |select_ln45_fu_331_p3      |    select|   0|  0|   3|           1|           3|
    |select_ln63_10_fu_473_p3   |    select|   0|  0|  16|           1|          16|
    |select_ln63_11_fu_481_p3   |    select|   0|  0|  16|           1|          16|
    |select_ln63_12_fu_393_p3   |    select|   0|  0|  16|           1|          16|
    |select_ln63_13_fu_401_p3   |    select|   0|  0|  16|           1|          16|
    |select_ln63_14_fu_409_p3   |    select|   0|  0|  16|           1|          16|
    |select_ln63_15_fu_417_p3   |    select|   0|  0|  16|           1|          16|
    |select_ln63_1_fu_593_p3    |    select|   0|  0|  16|           1|          16|
    |select_ln63_2_fu_601_p3    |    select|   0|  0|  16|           1|          16|
    |select_ln63_3_fu_609_p3    |    select|   0|  0|  16|           1|          16|
    |select_ln63_4_fu_521_p3    |    select|   0|  0|  16|           1|          16|
    |select_ln63_5_fu_529_p3    |    select|   0|  0|  16|           1|          16|
    |select_ln63_6_fu_537_p3    |    select|   0|  0|  16|           1|          16|
    |select_ln63_7_fu_545_p3    |    select|   0|  0|  16|           1|          16|
    |select_ln63_8_fu_457_p3    |    select|   0|  0|  16|           1|          16|
    |select_ln63_9_fu_465_p3    |    select|   0|  0|  16|           1|          16|
    |select_ln63_fu_585_p3      |    select|   0|  0|  16|           1|          16|
    |ap_enable_pp0              |       xor|   0|  0|   2|           1|           2|
    +---------------------------+----------+----+---+----+------------+------------+
    |Total                      |          |   0|  0| 323|          39|         277|
    +---------------------------+----------+----+---+----+------------+------------+

    * Multiplexer: 
    +---------------------------------------+----+-----------+-----+-----------+
    |                  Name                 | LUT| Input Size| Bits| Total Bits|
    +---------------------------------------+----+-----------+-----+-----------+
    |ap_done_int                            |   9|          2|    1|          2|
    |ap_enable_reg_pp0_iter1                |   9|          2|    1|          2|
    |ap_sig_allocacmp_indvar_flatten6_load  |   9|          2|    4|          8|
    |fwd_in2_blk_n                          |   9|          2|    1|          2|
    |i_fu_94                                |   9|          2|    3|          6|
    |indvar_flatten6_fu_98                  |   9|          2|    4|          8|
    |j_fu_90                                |   9|          2|    3|          6|
    +---------------------------------------+----+-----------+-----+-----------+
    |Total                                  |  63|         14|   17|         34|
    +---------------------------------------+----+-----------+-----+-----------+

    * Register: 
    +-------------------------+----+----+-----+-----------+
    |           Name          | FF | LUT| Bits| Const Bits|
    +-------------------------+----+----+-----+-----------+
    |REG2_V_10_fu_130         |  16|   0|   16|          0|
    |REG2_V_11_fu_138         |  16|   0|   16|          0|
    |REG2_V_12_fu_142         |  16|   0|   16|          0|
    |REG2_V_13_fu_146         |  16|   0|   16|          0|
    |REG2_V_14_fu_154         |  16|   0|   16|          0|
    |REG2_V_15_fu_162         |  16|   0|   16|          0|
    |REG2_V_1_fu_150          |  16|   0|   16|          0|
    |REG2_V_2_fu_134          |  16|   0|   16|          0|
    |REG2_V_3_fu_126          |  16|   0|   16|          0|
    |REG2_V_4_fu_118          |  16|   0|   16|          0|
    |REG2_V_5_fu_110          |  16|   0|   16|          0|
    |REG2_V_6_fu_102          |  16|   0|   16|          0|
    |REG2_V_7_fu_106          |  16|   0|   16|          0|
    |REG2_V_8_fu_114          |  16|   0|   16|          0|
    |REG2_V_9_fu_122          |  16|   0|   16|          0|
    |REG2_V_fu_158            |  16|   0|   16|          0|
    |ap_CS_fsm                |   1|   0|    1|          0|
    |ap_done_reg              |   1|   0|    1|          0|
    |ap_enable_reg_pp0_iter1  |   1|   0|    1|          0|
    |i_fu_94                  |   3|   0|    3|          0|
    |indvar_flatten6_fu_98    |   4|   0|    4|          0|
    |j_fu_90                  |   3|   0|    3|          0|
    +-------------------------+----+----+-----+-----------+
    |Total                    | 269|   0|  269|          0|
    +-------------------------+----+----+-----+-----------+



================================================================
== Interface
================================================================
* Summary: 
+----------------------+-----+-----+------------+--------------------------------------------------------+--------------+
|       RTL Ports      | Dir | Bits|  Protocol  |                      Source Object                     |    C Type    |
+----------------------+-----+-----+------------+--------------------------------------------------------+--------------+
|ap_clk                |   in|    1|  ap_ctrl_hs|  compute_slave_Pipeline_VITIS_LOOP_60_3_VITIS_LOOP_61_4|  return value|
|ap_rst                |   in|    1|  ap_ctrl_hs|  compute_slave_Pipeline_VITIS_LOOP_60_3_VITIS_LOOP_61_4|  return value|
|ap_start              |   in|    1|  ap_ctrl_hs|  compute_slave_Pipeline_VITIS_LOOP_60_3_VITIS_LOOP_61_4|  return value|
|ap_done               |  out|    1|  ap_ctrl_hs|  compute_slave_Pipeline_VITIS_LOOP_60_3_VITIS_LOOP_61_4|  return value|
|ap_idle               |  out|    1|  ap_ctrl_hs|  compute_slave_Pipeline_VITIS_LOOP_60_3_VITIS_LOOP_61_4|  return value|
|ap_ready              |  out|    1|  ap_ctrl_hs|  compute_slave_Pipeline_VITIS_LOOP_60_3_VITIS_LOOP_61_4|  return value|
|fwd_in2_dout          |   in|   32|     ap_fifo|                                                 fwd_in2|       pointer|
|fwd_in2_empty_n       |   in|    1|     ap_fifo|                                                 fwd_in2|       pointer|
|fwd_in2_read          |  out|    1|     ap_fifo|                                                 fwd_in2|       pointer|
|REG2_V_15_out         |  out|   16|      ap_vld|                                           REG2_V_15_out|       pointer|
|REG2_V_15_out_ap_vld  |  out|    1|      ap_vld|                                           REG2_V_15_out|       pointer|
|REG2_V_out            |  out|   16|      ap_vld|                                              REG2_V_out|       pointer|
|REG2_V_out_ap_vld     |  out|    1|      ap_vld|                                              REG2_V_out|       pointer|
|REG2_V_14_out         |  out|   16|      ap_vld|                                           REG2_V_14_out|       pointer|
|REG2_V_14_out_ap_vld  |  out|    1|      ap_vld|                                           REG2_V_14_out|       pointer|
|REG2_V_1_out          |  out|   16|      ap_vld|                                            REG2_V_1_out|       pointer|
|REG2_V_1_out_ap_vld   |  out|    1|      ap_vld|                                            REG2_V_1_out|       pointer|
|REG2_V_13_out         |  out|   16|      ap_vld|                                           REG2_V_13_out|       pointer|
|REG2_V_13_out_ap_vld  |  out|    1|      ap_vld|                                           REG2_V_13_out|       pointer|
|REG2_V_12_out         |  out|   16|      ap_vld|                                           REG2_V_12_out|       pointer|
|REG2_V_12_out_ap_vld  |  out|    1|      ap_vld|                                           REG2_V_12_out|       pointer|
|REG2_V_11_out         |  out|   16|      ap_vld|                                           REG2_V_11_out|       pointer|
|REG2_V_11_out_ap_vld  |  out|    1|      ap_vld|                                           REG2_V_11_out|       pointer|
|REG2_V_2_out          |  out|   16|      ap_vld|                                            REG2_V_2_out|       pointer|
|REG2_V_2_out_ap_vld   |  out|    1|      ap_vld|                                            REG2_V_2_out|       pointer|
|REG2_V_10_out         |  out|   16|      ap_vld|                                           REG2_V_10_out|       pointer|
|REG2_V_10_out_ap_vld  |  out|    1|      ap_vld|                                           REG2_V_10_out|       pointer|
|REG2_V_3_out          |  out|   16|      ap_vld|                                            REG2_V_3_out|       pointer|
|REG2_V_3_out_ap_vld   |  out|    1|      ap_vld|                                            REG2_V_3_out|       pointer|
|REG2_V_9_out          |  out|   16|      ap_vld|                                            REG2_V_9_out|       pointer|
|REG2_V_9_out_ap_vld   |  out|    1|      ap_vld|                                            REG2_V_9_out|       pointer|
|REG2_V_4_out          |  out|   16|      ap_vld|                                            REG2_V_4_out|       pointer|
|REG2_V_4_out_ap_vld   |  out|    1|      ap_vld|                                            REG2_V_4_out|       pointer|
|REG2_V_8_out          |  out|   16|      ap_vld|                                            REG2_V_8_out|       pointer|
|REG2_V_8_out_ap_vld   |  out|    1|      ap_vld|                                            REG2_V_8_out|       pointer|
|REG2_V_5_out          |  out|   16|      ap_vld|                                            REG2_V_5_out|       pointer|
|REG2_V_5_out_ap_vld   |  out|    1|      ap_vld|                                            REG2_V_5_out|       pointer|
|REG2_V_7_out          |  out|   16|      ap_vld|                                            REG2_V_7_out|       pointer|
|REG2_V_7_out_ap_vld   |  out|    1|      ap_vld|                                            REG2_V_7_out|       pointer|
|REG2_V_6_out          |  out|   16|      ap_vld|                                            REG2_V_6_out|       pointer|
|REG2_V_6_out_ap_vld   |  out|    1|      ap_vld|                                            REG2_V_6_out|       pointer|
+----------------------+-----+-----+------------+--------------------------------------------------------+--------------+

