

================================================================
== Synthesis Summary Report of 'compute_slave'
================================================================
+ General Information: 
    * Date:           Thu Sep 10 01:51:43 2026
    * Version:        2022.2 (Build 3670227 on Oct 13 2022)
    * Project:        Compute_block_slave
    * Solution:       solution1 (Vivado IP Flow Target)
    * Product family: zynquplus
    * Target device:  xczu7ev-ffvc1156-2-e
    

+ Performance & Resource Estimates: 
    
    PS: '+' for module; 'o' for loop; '*' for dataflow
    +-----------------------------------------------------------+------+------+---------+---------+----------+---------+------+----------+------+---------+-----------+------------+-----+
    |                          Modules                          | Issue|      | Latency | Latency | Iteration|         | Trip |          |      |         |           |            |     |
    |                          & Loops                          | Type | Slack| (cycles)|   (ns)  |  Latency | Interval| Count| Pipelined| BRAM |   DSP   |     FF    |     LUT    | URAM|
    +-----------------------------------------------------------+------+------+---------+---------+----------+---------+------+----------+------+---------+-----------+------------+-----+
    |+ compute_slave                                            |     -|  4.96|       47|  470.000|         -|       48|     -|        no|     -|  4 (~0%)|  701 (~0%)|  1245 (~0%)|    -|
    | + compute_slave_Pipeline_VITIS_LOOP_53_1_VITIS_LOOP_54_2  |     -|  5.31|       10|  100.000|         -|       10|     -|        no|     -|        -|  269 (~0%)|   386 (~0%)|    -|
    |  o VITIS_LOOP_53_1_VITIS_LOOP_54_2                        |     -|  7.30|        8|   80.000|         2|        1|     8|       yes|     -|        -|          -|           -|    -|
    | + compute_slave_Pipeline_VITIS_LOOP_60_3_VITIS_LOOP_61_4  |     -|  5.31|       10|  100.000|         -|       10|     -|        no|     -|        -|  269 (~0%)|   386 (~0%)|    -|
    |  o VITIS_LOOP_60_3_VITIS_LOOP_61_4                        |     -|  7.30|        8|   80.000|         2|        1|     8|       yes|     -|        -|          -|           -|    -|
    | + compute_slave_Pipeline_compute_rows_VITIS_LOOP_69_5     |     -|  4.96|       21|  210.000|         -|       21|     -|        no|     -|  4 (~0%)|  152 (~0%)|   394 (~0%)|    -|
    |  o compute_rows_VITIS_LOOP_69_5                           |     -|  7.30|       19|  190.000|         5|        1|    16|       yes|     -|        -|          -|           -|    -|
    +-----------------------------------------------------------+------+------+---------+---------+----------+---------+------+----------+------+---------+-----------+------------+-----+


================================================================
== HW Interfaces
================================================================
* AP_FIFO
+-----------+------------+
| Interface | Data Width |
+-----------+------------+
| fwd_in1   | 32         |
| fwd_in2   | 32         |
+-----------+------------+

* AP_MEMORY
+---------------------+----------+
| Interface           | Bitwidth |
+---------------------+----------+
| result_out_address0 | 4        |
| result_out_d0       | 32       |
+---------------------+----------+

* TOP LEVEL CONTROL
+-----------+------------+-----------------------------------+
| Interface | Type       | Ports                             |
+-----------+------------+-----------------------------------+
| ap_clk    | clock      | ap_clk                            |
| ap_rst    | reset      | ap_rst                            |
| ap_ctrl   | ap_ctrl_hs | ap_done ap_idle ap_ready ap_start |
+-----------+------------+-----------------------------------+


================================================================
== SW I/O Information
================================================================
* Top Function Arguments
+------------+-----------+-------------------------+
| Argument   | Direction | Datatype                |
+------------+-----------+-------------------------+
| fwd_in1    | in        | stream<ap_uint<32>, 0>& |
| fwd_in2    | in        | stream<ap_uint<32>, 0>& |
| result_out | out       | ap_int<32>*             |
+------------+-----------+-------------------------+

* SW-to-HW Mapping
+------------+---------------------+-----------+----------+
| Argument   | HW Interface        | HW Type   | HW Usage |
+------------+---------------------+-----------+----------+
| fwd_in1    | fwd_in1             | interface |          |
| fwd_in2    | fwd_in2             | interface |          |
| result_out | result_out_address0 | port      | offset   |
| result_out | result_out_ce0      | port      |          |
| result_out | result_out_we0      | port      |          |
| result_out | result_out_d0       | port      |          |
+------------+---------------------+-----------+----------+


================================================================
== M_AXI Burst Information
================================================================
 Note: All burst requests might be further partitioned into multiple requests during RTL generation based on max_read_burst_length or max_write_burst_length settings.

  No burst in design

================================================================
== Bind Op Report
================================================================
+-----------------------------------------------------------+-----+--------+--------------+-----+--------+---------+
| Name                                                      | DSP | Pragma | Variable     | Op  | Impl   | Latency |
+-----------------------------------------------------------+-----+--------+--------------+-----+--------+---------+
| + compute_slave                                           | 4   |        |              |     |        |         |
|  + compute_slave_Pipeline_VITIS_LOOP_53_1_VITIS_LOOP_54_2 | 0   |        |              |     |        |         |
|    add_ln53_fu_308_p2                                     | -   |        | add_ln53     | add | fabric | 0       |
|    add_ln53_1_fu_339_p2                                   | -   |        | add_ln53_1   | add | fabric | 0       |
|    add_ln54_fu_637_p2                                     | -   |        | add_ln54     | add | fabric | 0       |
|  + compute_slave_Pipeline_VITIS_LOOP_60_3_VITIS_LOOP_61_4 | 0   |        |              |     |        |         |
|    add_ln60_fu_308_p2                                     | -   |        | add_ln60     | add | fabric | 0       |
|    add_ln60_1_fu_339_p2                                   | -   |        | add_ln60_1   | add | fabric | 0       |
|    add_ln61_fu_637_p2                                     | -   |        | add_ln61     | add | fabric | 0       |
|  + compute_slave_Pipeline_compute_rows_VITIS_LOOP_69_5    | 4   |        |              |     |        |         |
|    add_ln68_fu_353_p2                                     | -   |        | add_ln68     | add | fabric | 0       |
|    add_ln68_1_fu_379_p2                                   | -   |        | add_ln68_1   | add | fabric | 0       |
|    mac_muladd_16ns_16ns_32ns_32_4_1_U45                   | 1   |        | mul_ln1494   | mul | dsp48  | 3       |
|    mul_mul_16ns_16ns_32_4_1_U43                           | 1   |        | mul_ln1494_1 | mul | dsp48  | 3       |
|    mul_mul_16ns_16ns_32_4_1_U44                           | 1   |        | mul_ln1494_2 | mul | dsp48  | 3       |
|    mac_muladd_16ns_16ns_32ns_32_4_1_U46                   | 1   |        | mul_ln1494_3 | mul | dsp48  | 3       |
|    mac_muladd_16ns_16ns_32ns_32_4_1_U45                   | 1   |        | add_ln74     | add | dsp48  | 3       |
|    mac_muladd_16ns_16ns_32ns_32_4_1_U46                   | 1   |        | add_ln74_1   | add | dsp48  | 3       |
|    result_out_d0                                          | -   |        | add_ln74_2   | add | fabric | 0       |
|    add_ln69_fu_473_p2                                     | -   |        | add_ln69     | add | fabric | 0       |
+-----------------------------------------------------------+-----+--------+--------------+-----+--------+---------+


================================================================
== Bind Storage Report
================================================================
  No bind storage info in design

================================================================
== Pragma Report
================================================================
* Valid Pragma Syntax
+-----------------+------------------------------+-----------------------------------------------------------------------+
| Type            | Options                      | Location                                                              |
+-----------------+------------------------------+-----------------------------------------------------------------------+
| interface       | ap_ctrl_hs port=return       | Compute_block_slave/Compute_slave.cpp:37 in compute_slave, return     |
| interface       | ap_fifo port=fwd_in1         | Compute_block_slave/Compute_slave.cpp:38 in compute_slave, fwd_in1    |
| interface       | ap_fifo port=fwd_in2         | Compute_block_slave/Compute_slave.cpp:39 in compute_slave, fwd_in2    |
| interface       | ap_memory port=result_out    | Compute_block_slave/Compute_slave.cpp:40 in compute_slave, result_out |
| array_partition | variable=REG1 complete dim=0 | Compute_block_slave/Compute_slave.cpp:46 in compute_slave, REG1       |
| array_partition | variable=REG2 complete dim=0 | Compute_block_slave/Compute_slave.cpp:47 in compute_slave, REG2       |
+-----------------+------------------------------+-----------------------------------------------------------------------+


